78.96.119.121 - - [14/Jun/2010:00:00:17 -0700] "GET www.blackstardojo.org/login.php HTTP/1.0" 200 21224 "http://www.blackstardojo.org/login.php" "Opera/9.00 (Windows NT 4.0; U; en)"
78.96.119.121 - - [14/Jun/2010:00:00:19 -0700] "POST www.blackstardojo.org/login.php HTTP/1.0" 200 20576 "http://www.blackstardojo.org/login.php" "Opera/9.00 (Windows NT 4.0; U; en)"
78.96.119.121 - - [14/Jun/2010:00:00:25 -0700] "GET www.blackstardojo.org/login.php?redirect= HTTP/1.0" 200 21224 "http://www.blackstardojo.org/login.php?redirect=" "Opera/9.00 (Windows NT 4.0; U; en)"
78.96.119.121 - - [14/Jun/2010:00:00:27 -0700] "GET www.blackstardojo.org/profile.php?mode=editprofile HTTP/1.0" 302 39 "http://www.blackstardojo.org/profile.php?mode=editprofile" "Opera/9.00 (Windows NT 4.0; U; en)"
78.96.119.121 - - [14/Jun/2010:00:00:32 -0700] "GET www.blackstardojo.org/index.php HTTP/1.0" 200 65649 "http://www.blackstardojo.org/index.php" "Opera/9.00 (Windows NT 4.0; U; en)"
58.69.92.105 - - [14/Jun/2010:00:00:33 -0700] "GET www.blackstardojo.org/shop/images/Pokeball.gif HTTP/1.1" 304 - "http://fuckyeahpokememe.tumblr.com/page/63" "Mozilla/4.0 (compatible; MSIE 8.0; Windows NT 6.1; Trident/4.0; GTB6.3; SLCC2; .NET CLR 2.0.50727; .NET CLR 3.5.30729; .NET CLR 3.0.30729; Media Center PC 6.0; .NET CLR 3.5.21022; InfoPath.2; Media Center PC 5.0; OfficeLiveConnector.1.5; OfficeLivePatch.1.3; SLCC1; Tablet PC 2.0)"
78.96.119.121 - - [14/Jun/2010:00:00:37 -0700] "GET www.blackstardojo.org/viewforum.php?f=5 HTTP/1.0" 200 88082 "http://www.blackstardojo.org/viewforum.php?f=5" "Opera/9.00 (Windows NT 4.0; U; en)"
78.96.119.121 - - [14/Jun/2010:00:00:39 -0700] "GET www.blackstardojo.org/posting.php?mode=newtopic&f=5 HTTP/1.0" 302 39 "http://www.blackstardojo.org/posting.php?mode=newtopic&f=5" "Opera/9.00 (Windows NT 4.0; U; en)"
78.96.119.121 - - [14/Jun/2010:00:00:42 -0700] "GET www.blackstardojo.org/login.php?redirect=posting.php&mode=newtopic&f=5 HTTP/1.0" 200 21253 "http://www.blackstardojo.org/login.php?redirect=posting.php&mode=newtopic&f=5" "Opera/9.00 (Windows NT 4.0; U; en)"
83.19.113.18 - - [14/Jun/2010:00:00:46 -0700] "GET www.blackstardojo.org/shop/images/Pokeball.gif HTTP/1.1" 200 314 "http://fuckyeahpokememe.tumblr.com/" "Mozilla/5.0 (Windows; U; Windows NT 6.0; pl; rv:1.9.2.3) Gecko/20100401 Firefox/3.6.3 (.NET CLR 3.5.30729)"
78.96.119.121 - - [14/Jun/2010:00:00:48 -0700] "POST www.blackstardojo.org/login.php HTTP/1.0" 200 20634 "http://www.blackstardojo.org/login.php?redirect=posting.php&mode=newtopic&f=5" "Opera/9.00 (Windows NT 4.0; U; en)"
78.96.119.121 - - [14/Jun/2010:00:00:51 -0700] "GET www.blackstardojo.org/login.php?redirect=posting.php&mode=newtopic&f=5 HTTP/1.0" 200 21253 "http://www.blackstardojo.org/login.php?redirect=posting.php&mode=newtopic&f=5" "Opera/9.00 (Windows NT 4.0; U; en)"
78.96.119.121 - - [14/Jun/2010:00:00:56 -0700] "GET www.blackstardojo.org/index.php HTTP/1.0" 200 65649 "http://www.blackstardojo.org/index.php" "Opera/9.00 (Windows NT 4.0; U; en)"
78.96.119.121 - - [14/Jun/2010:00:00:59 -0700] "GET www.blackstardojo.org/login.php?redirect=posting.php&mode=newtopic&f=5 HTTP/1.0" 200 21253 "http://www.blackstardojo.org/login.php?redirect=posting.php&mode=newtopic&f=5" "Opera/9.00 (Windows NT 4.0; U; en)"
78.96.119.121 - - [14/Jun/2010:00:01:02 -0700] "POST www.blackstardojo.org/login.php HTTP/1.0" 200 20634 "http://www.blackstardojo.org/login.php?redirect=posting.php&mode=newtopic&f=5" "Opera/9.00 (Windows NT 4.0; U; en)"
78.96.119.121 - - [14/Jun/2010:00:01:04 -0700] "GET www.blackstardojo.org/login.php?redirect=posting.php&mode=newtopic&f=5 HTTP/1.0" 200 21253 "http://www.blackstardojo.org/login.php?redirect=posting.php&mode=newtopic&f=5" "Opera/9.00 (Windows NT 4.0; U; en)"
78.96.119.121 - - [14/Jun/2010:00:01:09 -0700] "GET www.blackstardojo.org/index.php HTTP/1.0" 200 65649 "http://www.blackstardojo.org/index.php" "Opera/9.00 (Windows NT 4.0; U; en)"
78.96.119.121 - - [14/Jun/2010:00:01:11 -0700] "GET www.blackstardojo.org/login.php?redirect=posting.php&mode=newtopic&f=5 HTTP/1.0" 200 21253 "http://www.blackstardojo.org/login.php?redirect=posting.php&mode=newtopic&f=5" "Opera/9.00 (Windows NT 4.0; U; en)"
71.172.48.24 - - [14/Jun/2010:00:01:12 -0700] "GET www.blackstardojo.org/shop/images/Pokeball.gif HTTP/1.1" 200 314 "http://fuckyeahpokememe.tumblr.com/page/86" "Mozilla/5.0 (Windows; U; Windows NT 6.0; en-US; rv:1.9.2.3) Gecko/20100401 Firefox/3.6.3 ( .NET CLR 3.5.30729)"
78.96.119.121 - - [14/Jun/2010:00:01:14 -0700] "POST www.blackstardojo.org/login.php HTTP/1.0" 200 20634 "http://www.blackstardojo.org/login.php?redirect=posting.php&mode=newtopic&f=5" "Opera/9.00 (Windows NT 4.0; U; en)"
78.96.119.121 - - [14/Jun/2010:00:01:17 -0700] "GET www.blackstardojo.org/login.php?redirect=posting.php&mode=newtopic&f=5 HTTP/1.0" 200 21253 "http://www.blackstardojo.org/login.php?redirect=posting.php&mode=newtopic&f=5" "Opera/9.00 (Windows NT 4.0; U; en)"
78.96.119.121 - - [14/Jun/2010:00:01:21 -0700] "GET www.blackstardojo.org/index.php HTTP/1.0" 200 65649 "http://www.blackstardojo.org/index.php" "Opera/9.00 (Windows NT 4.0; U; en)"
67.195.111.226 - - [14/Jun/2010:00:01:22 -0700] "GET www.blackstardojo.org/profile.php?mode=viewprofile&u=105 HTTP/1.0" 200 38809 "-" "Mozilla/5.0 (compatible; Yahoo! Slurp/3.0; http://help.yahoo.com/help/us/ysearch/slurp)"
78.96.119.121 - - [14/Jun/2010:00:01:23 -0700] "GET www.blackstardojo.org/login.php?redirect=posting.php&mode=newtopic&f=5 HTTP/1.0" 200 21253 "http://www.blackstardojo.org/login.php?redirect=posting.php&mode=newtopic&f=5" "Opera/9.00 (Windows NT 4.0; U; en)"
78.96.119.121 - - [14/Jun/2010:00:01:26 -0700] "POST www.blackstardojo.org/login.php HTTP/1.0" 200 20634 "http://www.blackstardojo.org/login.php?redirect=posting.php&mode=newtopic&f=5" "Opera/9.00 (Windows NT 4.0; U; en)"
58.69.92.105 - - [14/Jun/2010:00:01:28 -0700] "GET www.blackstardojo.org/shop/images/Pokeball.gif HTTP/1.1" 304 - "http://fuckyeahpokememe.tumblr.com/page/64" "Mozilla/4.0 (compatible; MSIE 8.0; Windows NT 6.1; Trident/4.0; GTB6.3; SLCC2; .NET CLR 2.0.50727; .NET CLR 3.5.30729; .NET CLR 3.0.30729; Media Center PC 6.0; .NET CLR 3.5.21022; InfoPath.2; Media Center PC 5.0; OfficeLiveConnector.1.5; OfficeLivePatch.1.3; SLCC1; Tablet PC 2.0)"
78.96.119.121 - - [14/Jun/2010:00:01:32 -0700] "GET www.blackstardojo.org/login.php?redirect=posting.php&mode=newtopic&f=5 HTTP/1.0" 200 21253 "http://www.blackstardojo.org/login.php?redirect=posting.php&mode=newtopic&f=5" "Opera/9.00 (Windows NT 4.0; U; en)"
78.96.119.121 - - [14/Jun/2010:00:01:37 -0700] "GET www.blackstardojo.org/index.php HTTP/1.0" 200 65649 "http://www.blackstardojo.org/index.php" "Opera/9.00 (Windows NT 4.0; U; en)"
78.96.119.121 - - [14/Jun/2010:00:01:40 -0700] "GET www.blackstardojo.org/login.php?redirect=posting.php&mode=newtopic&f=5 HTTP/1.0" 200 21253 "http://www.blackstardojo.org/login.php?redirect=posting.php&mode=newtopic&f=5" "Opera/9.00 (Windows NT 4.0; U; en)"
78.96.119.121 - - [14/Jun/2010:00:01:47 -0700] "POST www.blackstardojo.org/login.php HTTP/1.0" 200 20634 "http://www.blackstardojo.org/login.php?redirect=posting.php&mode=newtopic&f=5" "Opera/9.00 (Windows NT 4.0; U; en)"
78.96.119.121 - - [14/Jun/2010:00:01:50 -0700] "GET www.blackstardojo.org/login.php?redirect=posting.php&mode=newtopic&f=5 HTTP/1.0" 200 21253 "http://www.blackstardojo.org/login.php?redirect=posting.php&mode=newtopic&f=5" "Opera/9.00 (Windows NT 4.0; U; en)"
69.234.17.8 - - [14/Jun/2010:00:01:57 -0700] "GET www.blackstardojo.org/shop/images/Pokeball.gif HTTP/1.1" 200 314 "http://fuckyeahpokememe.tumblr.com/" "Mozilla/5.0 (Windows; U; Windows NT 6.0; en-US) AppleWebKit/533.4 (KHTML, like Gecko) Chrome/5.0.375.70 Safari/533.4"
80.212.246.29 - - [14/Jun/2010:00:01:59 -0700] "GET www.blackstardojo.org/shop/images/Pokeball.gif HTTP/1.1" 200 314 "http://fuckyeahpokememe.tumblr.com/" "Mozilla/5.0 (Windows; U; Windows NT 5.1; nb-NO; rv:1.9.1.9) Gecko/20100315 Firefox/3.5.9 (.NET CLR 3.5.30729)"
78.96.119.121 - - [14/Jun/2010:00:02:16 -0700] "GET www.blackstardojo.org/login.php?redirect=posting.php&mode=newtopic&f=5 HTTP/1.0" 200 21253 "http://www.blackstardojo.org/login.php?redirect=posting.php&mode=newtopic&f=5" "Opera/9.00 (Windows NT 4.0; U; en)"
202.156.10.14 - - [14/Jun/2010:00:02:17 -0700] "GET www.blackstardojo.org/shop/images/Pokeball.gif HTTP/1.1" 304 - "http://fuckyeahpokememe.tumblr.com/" "Mozilla/5.0 (Windows; U; Windows NT 6.1; en-US) AppleWebKit/533.4 (KHTML, like Gecko) Chrome/5.0.375.70 Safari/533.4"
78.96.119.121 - - [14/Jun/2010:00:02:19 -0700] "POST www.blackstardojo.org/login.php HTTP/1.0" 200 20634 "http://www.blackstardojo.org/login.php?redirect=posting.php&mode=newtopic&f=5" "Opera/9.00 (Windows NT 4.0; U; en)"
78.96.119.121 - - [14/Jun/2010:00:02:22 -0700] "GET www.blackstardojo.org/login.php?redirect=posting.php&mode=newtopic&f=5 HTTP/1.0" 200 21253 "http://www.blackstardojo.org/login.php?redirect=posting.php&mode=newtopic&f=5" "Opera/9.00 (Windows NT 4.0; U; en)"
58.69.92.105 - - [14/Jun/2010:00:02:23 -0700] "GET www.blackstardojo.org/shop/images/Pokeball.gif HTTP/1.1" 304 - "http://fuckyeahpokememe.tumblr.com/page/65" "Mozilla/4.0 (compatible; MSIE 8.0; Windows NT 6.1; Trident/4.0; GTB6.3; SLCC2; .NET CLR 2.0.50727; .NET CLR 3.5.30729; .NET CLR 3.0.30729; Media Center PC 6.0; .NET CLR 3.5.21022; InfoPath.2; Media Center PC 5.0; OfficeLiveConnector.1.5; OfficeLivePatch.1.3; SLCC1; Tablet PC 2.0)"
78.96.119.121 - - [14/Jun/2010:00:02:29 -0700] "GET www.blackstardojo.org/index.php HTTP/1.0" 200 65649 "http://www.blackstardojo.org/index.php" "Opera/9.00 (Windows NT 4.0; U; en)"
78.96.119.121 - - [14/Jun/2010:00:02:32 -0700] "GET www.blackstardojo.org/login.php?redirect=posting.php&mode=newtopic&f=5 HTTP/1.0" 200 21253 "http://www.blackstardojo.org/login.php?redirect=posting.php&mode=newtopic&f=5" "Opera/9.00 (Windows NT 4.0; U; en)"
211.114.53.158 - - [14/Jun/2010:00:02:40 -0700] "GET www.blackstardojo.org/shop/images/Pokeball.gif HTTP/1.1" 200 314 "http://fuckyeahpokememe.tumblr.com/" "Mozilla/5.0 (Windows; U; Windows NT 5.1; en-US; rv:1.9.2) Gecko/20100115 Firefox/3.6"
67.195.111.226 - - [14/Jun/2010:00:04:00 -0700] "GET www.blackstardojo.org/privmsg.php?mode=post&u=40 HTTP/1.0" 302 39 "-" "Mozilla/5.0 (compatible; Yahoo! Slurp/3.0; http://help.yahoo.com/help/us/ysearch/slurp)"
74.118.192.14 - - [14/Jun/2010:00:04:01 -0700] "GET www.blackstardojo.org/index.php HTTP/1.0" 200 73310 "http://www.blackstardojo.org/index.php" "Mozilla/4.0 (compatible; MSIE 5.0; Windows 2000) Opera 6.0 [en]"
67.195.111.226 - - [14/Jun/2010:00:04:02 -0700] "GET www.blackstardojo.org/login.php?redirect=privmsg.php&folder=inbox&mode=post&u=40&sid=f6bc0f6aa9d1adfc9e48f03ed5cf29db HTTP/1.0" 200 22245 "-" "Mozilla/5.0 (compatible; Yahoo! Slurp/3.0; http://help.yahoo.com/help/us/ysearch/slurp)"
60.241.79.142 - - [14/Jun/2010:00:04:13 -0700] "GET www.blackstardojo.org/shop/images/Pokeball.gif HTTP/1.1" 200 314 "http://fuckyeahpokememe.tumblr.com/" "Mozilla/5.0 (Windows; U; Windows NT 6.0; en-US) AppleWebKit/533.4 (KHTML, like Gecko) Chrome/5.0.375.70 Safari/533.4"
69.110.64.99 - - [14/Jun/2010:00:04:24 -0700] "GET www.blackstardojo.org/shop/images/Pokeball.gif HTTP/1.1" 200 314 "http://fuckyeahpokememe.tumblr.com/post/696629619/the-world-as-we-know-it-by-ian-omalley" "Mozilla/5.0 (Windows; U; Windows NT 6.0; en-US) AppleWebKit/533.4 (KHTML, like Gecko) Chrome/5.0.375.70 Safari/533.4"
74.118.192.14 - - [14/Jun/2010:00:04:29 -0700] "GET www.blackstardojo.org/viewforum.php?f=16&sid=9f7a8a91d5641280c544e1a928dccef3 HTTP/1.0" 200 94084 "http://www.blackstardojo.org/viewforum.php?f=16&sid=9f7a8a91d5641280c544e1a928dccef3" "Mozilla/4.0 (compatible; MSIE 5.0; Windows 2000) Opera 6.0 [en]"
74.118.192.14 - - [14/Jun/2010:00:04:31 -0700] "GET www.blackstardojo.org/profile.php?mode=register HTTP/1.0" 200 22429 "http://www.blackstardojo.org/profile.php?mode=register" "Mozilla/4.0 (compatible; MSIE 5.0; Windows 2000) Opera 6.0 [en]"
74.118.192.14 - - [14/Jun/2010:00:04:38 -0700] "GET www.blackstardojo.org/profile.php?mode=register&agreed=true HTTP/1.0" 200 32565 "http://www.blackstardojo.org/profile.php?mode=register&agreed=true" "Mozilla/4.0 (compatible; MSIE 5.0; Windows 2000) Opera 6.0 [en]"
74.118.192.14 - - [14/Jun/2010:00:04:40 -0700] "GET www.blackstardojo.org/profile.php?mode=confirm&id=badfb08b8080caaaa0ad5f4e78d3a73f HTTP/1.0" 200 9463 "http://www.blackstardojo.org/profile.php?mode=register&agreed=true" "Mozilla/4.0 (compatible; MSIE 5.0; Windows 2000) Opera 6.0 [en]"
67.195.115.240 - - [14/Jun/2010:00:04:57 -0700] "GET blackstardojo.org/wiki/index.php?title=Talk:Dried_Herbs&action=edit HTTP/1.0" 200 2114 "-" "Mozilla/5.0 (compatible; Yahoo! Slurp/3.0; http://help.yahoo.com/help/us/ysearch/slurp)"
67.195.115.240 - - [14/Jun/2010:00:04:58 -0700] "GET blackstardojo.org/wiki/skins/monobook/main.css HTTP/1.0" 304 - "http://blackstardojo.org/wiki/index.php?title=Talk:Dried_Herbs&action=edit" "Mozilla/5.0 (compatible; Yahoo! Slurp/3.0; http://help.yahoo.com/help/us/ysearch/slurp)"
71.172.48.24 - - [14/Jun/2010:00:05:01 -0700] "GET www.blackstardojo.org/shop/images/Pokeball.gif HTTP/1.1" 304 - "http://fuckyeahpokememe.tumblr.com/page/90" "Mozilla/5.0 (Windows; U; Windows NT 6.0; en-US; rv:1.9.2.3) Gecko/20100401 Firefox/3.6.3 ( .NET CLR 3.5.30729)"
74.118.192.14 - - [14/Jun/2010:00:05:03 -0700] "POST www.blackstardojo.org/profile.php HTTP/1.0" 200 33098 "http://www.blackstardojo.org/profile.php?mode=register&agreed=true" "Mozilla/4.0 (compatible; MSIE 5.0; Windows 2000) Opera 6.0 [en]"
67.195.115.240 - - [14/Jun/2010:00:05:10 -0700] "GET blackstardojo.org/wiki/index.php?title=Character_Development&action=edit HTTP/1.0" 200 2097 "-" "Mozilla/5.0 (compatible; Yahoo! Slurp/3.0; http://help.yahoo.com/help/us/ysearch/slurp)"
74.118.192.14 - - [14/Jun/2010:00:05:11 -0700] "GET www.blackstardojo.org/profile.php?mode=confirm&id=aaf9b472d3982683ad4f44ae4b614746 HTTP/1.0" 200 7998 "http://www.blackstardojo.org/profile.php?mode=register&agreed=true" "Mozilla/4.0 (compatible; MSIE 5.0; Windows 2000) Opera 6.0 [en]"
67.195.115.240 - - [14/Jun/2010:00:05:15 -0700] "GET blackstardojo.org/wiki/index.php?title=Category:Styles HTTP/1.0" 200 2455 "-" "Mozilla/5.0 (compatible; Yahoo! Slurp/3.0; http://help.yahoo.com/help/us/ysearch/slurp)"
74.118.192.14 - - [14/Jun/2010:00:05:23 -0700] "POST www.blackstardojo.org/profile.php HTTP/1.0" 200 33098 "http://www.blackstardojo.org/profile.php?mode=register&agreed=true" "Mozilla/4.0 (compatible; MSIE 5.0; Windows 2000) Opera 6.0 [en]"
74.118.192.14 - - [14/Jun/2010:00:05:25 -0700] "GET www.blackstardojo.org/profile.php?mode=confirm&id=da940e4090ea935f18846c2a9e9cc779 HTTP/1.0" 200 7215 "http://www.blackstardojo.org/profile.php?mode=register&agreed=true" "Mozilla/4.0 (compatible; MSIE 5.0; Windows 2000) Opera 6.0 [en]"
193.47.80.40 - - [14/Jun/2010:00:05:26 -0700] "GET blackstardojo.org/wiki/index.php?title=Image:SilverSheet.gif&action=history HTTP/1.1" 200 2548 "-" "Mozilla/5.0 (compatible; Exabot/3.0; +http://www.exabot.com/go/robot)"
24.68.72.189 - - [14/Jun/2010:00:05:28 -0700] "GET www.blackstardojo.org/shop/images/Pokeball.gif HTTP/1.1" 200 314 "http://fuckyeahpokememe.tumblr.com/" "Mozilla/5.0 (Windows; U; Windows NT 5.1; en-US; rv:1.9.2.3) Gecko/20100401 Firefox/3.6.3"
74.118.192.14 - - [14/Jun/2010:00:05:37 -0700] "POST www.blackstardojo.org/profile.php HTTP/1.0" 200 33098 "http://www.blackstardojo.org/profile.php?mode=register&agreed=true" "Mozilla/4.0 (compatible; MSIE 5.0; Windows 2000) Opera 6.0 [en]"
74.118.192.14 - - [14/Jun/2010:00:05:39 -0700] "GET www.blackstardojo.org/profile.php?mode=confirm&id=cdc3195b8a61ef63662846d3f0ea3fb7 HTTP/1.0" 200 7795 "http://www.blackstardojo.org/profile.php?mode=register&agreed=true" "Mozilla/4.0 (compatible; MSIE 5.0; Windows 2000) Opera 6.0 [en]"
67.195.115.240 - - [14/Jun/2010:00:05:41 -0700] "GET blackstardojo.org/wiki/index.php?title=Special:Whatlinkshere&target=Green_Dye HTTP/1.0" 200 2139 "-" "Mozilla/5.0 (compatible; Yahoo! Slurp/3.0; http://help.yahoo.com/help/us/ysearch/slurp)"
67.195.115.240 - - [14/Jun/2010:00:05:48 -0700] "GET blackstardojo.org/wiki/index.php?title=Special:Recentchangeslinked/Dojo_Manual HTTP/1.0" 200 2211 "-" "Mozilla/5.0 (compatible; Yahoo! Slurp/3.0; http://help.yahoo.com/help/us/ysearch/slurp)"
74.118.192.14 - - [14/Jun/2010:00:05:48 -0700] "POST www.blackstardojo.org/profile.php HTTP/1.0" 200 20401 "http://www.blackstardojo.org/profile.php?mode=register&agreed=true" "Mozilla/4.0 (compatible; MSIE 5.0; Windows 2000) Opera 6.0 [en]"
74.118.192.14 - - [14/Jun/2010:00:05:57 -0700] "GET www.blackstardojo.org/login.php HTTP/1.0" 200 21224 "http://www.blackstardojo.org/login.php" "Mozilla/4.0 (compatible; MSIE 5.0; Windows 2000) Opera 6.0 [en]"
180.191.54.155 - - [14/Jun/2010:00:05:58 -0700] "GET www.blackstardojo.org/shop/images/Pokeball.gif HTTP/1.1" 304 - "http://fuckyeahpokememe.tumblr.com/post/524327320" "Mozilla/5.0 (Macintosh; U; Intel Mac OS X 10_5_8; en-US) AppleWebKit/533.4 (KHTML, like Gecko) Chrome/5.0.375.70 Safari/533.4"
74.118.192.14 - - [14/Jun/2010:00:06:06 -0700] "POST www.blackstardojo.org/login.php HTTP/1.0" 200 20576 "http://www.blackstardojo.org/login.php" "Mozilla/4.0 (compatible; MSIE 5.0; Windows 2000) Opera 6.0 [en]"
74.118.192.14 - - [14/Jun/2010:00:06:08 -0700] "GET www.blackstardojo.org/login.php?redirect= HTTP/1.0" 200 21224 "http://www.blackstardojo.org/login.php?redirect=" "Mozilla/4.0 (compatible; MSIE 5.0; Windows 2000) Opera 6.0 [en]"
85.97.185.128 - - [14/Jun/2010:00:06:10 -0700] "GET www.blackstardojo.org/shop/images/Pokeball.gif HTTP/1.0" 200 314 "http://fuckyeahpokememe.tumblr.com/" "Mozilla/5.0 (Windows; U; Windows NT 5.1; tr; rv:1.9.2.3) Gecko/20100401 Firefox/3.6.3 (.NET CLR 3.5.30729)"
74.118.192.14 - - [14/Jun/2010:00:06:12 -0700] "GET www.blackstardojo.org/profile.php?mode=editprofile HTTP/1.0" 302 39 "http://www.blackstardojo.org/profile.php?mode=editprofile" "Mozilla/4.0 (compatible; MSIE 5.0; Windows 2000) Opera 6.0 [en]"
99.60.59.212 - - [14/Jun/2010:00:06:21 -0700] "GET www.blackstardojo.org/shop/images/Pokeball.gif HTTP/1.1" 200 314 "http://fuckyeahpokememe.tumblr.com/page/2" "Mozilla/5.0 (Macintosh; U; Intel Mac OS X 10.5; en-US; rv:1.9.1.9) Gecko/20100315 Firefox/3.5.9"
74.118.192.14 - - [14/Jun/2010:00:06:26 -0700] "GET www.blackstardojo.org/index.php HTTP/1.0" 200 65649 "http://www.blackstardojo.org/index.php" "Mozilla/4.0 (compatible; MSIE 5.0; Windows 2000) Opera 6.0 [en]"
119.63.193.215 - - [14/Jun/2010:00:06:26 -0700] "GET www.blackstardojo.org/ HTTP/1.1" 200 73457 "-" "Mozilla/4.0 (compatible; MSIE 6.0; Windows NT 5.1)"
74.118.192.14 - - [14/Jun/2010:00:06:27 -0700] "GET www.blackstardojo.org/posting.php?mode=newtopic&f=16 HTTP/1.0" 302 39 "http://www.blackstardojo.org/posting.php?mode=newtopic&f=16" "Mozilla/4.0 (compatible; MSIE 5.0; Windows 2000) Opera 6.0 [en]"
74.118.192.14 - - [14/Jun/2010:00:06:29 -0700] "GET www.blackstardojo.org/login.php?redirect=posting.php&mode=newtopic&f=16 HTTP/1.0" 200 21254 "http://www.blackstardojo.org/login.php?redirect=posting.php&mode=newtopic&f=16" "Mozilla/4.0 (compatible; MSIE 5.0; Windows 2000) Opera 6.0 [en]"
74.118.192.14 - - [14/Jun/2010:00:06:39 -0700] "GET www.blackstardojo.org/posting.php?mode=newtopic&f=16 HTTP/1.0" 302 39 "http://www.blackstardojo.org/posting.php?mode=newtopic&f=16" "Mozilla/4.0 (compatible; MSIE 5.0; Windows 2000) Opera 6.0 [en]"
67.195.115.240 - - [14/Jun/2010:00:06:40 -0700] "GET blackstardojo.org/wiki/index.php?title=Special:Categories&article=Category%3AStyles HTTP/1.0" 200 3089 "-" "Mozilla/5.0 (compatible; Yahoo! Slurp/3.0; http://help.yahoo.com/help/us/ysearch/slurp)"
74.118.192.14 - - [14/Jun/2010:00:06:45 -0700] "GET www.blackstardojo.org/login.php?redirect=posting.php&mode=newtopic&f=16 HTTP/1.0" 200 21254 "http://www.blackstardojo.org/login.php?redirect=posting.php&mode=newtopic&f=16" "Mozilla/4.0 (compatible; MSIE 5.0; Windows 2000) Opera 6.0 [en]"
67.195.115.240 - - [14/Jun/2010:00:06:49 -0700] "GET blackstardojo.org/wiki/index.php?title=Special:Whatlinkshere&target=Category%3ANeeds_Attention&limit=500&offset=0 HTTP/1.0" 200 2164 "-" "Mozilla/5.0 (compatible; Yahoo! Slurp/3.0; http://help.yahoo.com/help/us/ysearch/slurp)"
74.118.192.14 - - [14/Jun/2010:00:06:52 -0700] "POST www.blackstardojo.org/login.php HTTP/1.0" 200 20636 "http://www.blackstardojo.org/login.php?redirect=posting.php&mode=newtopic&f=16" "Mozilla/4.0 (compatible; MSIE 5.0; Windows 2000) Opera 6.0 [en]"
202.128.59.20 - - [14/Jun/2010:00:06:54 -0700] "GET www.blackstardojo.org/shop/images/Pokeball.gif HTTP/1.1" 200 314 "http://fuckyeahpokememe.tumblr.com/" "Mozilla/5.0 (Windows; U; Windows NT 5.1; en-US; rv:1.9.2.3) Gecko/20100401 Firefox/3.6.3 FBSMTWB"
67.195.111.226 - - [14/Jun/2010:00:06:55 -0700] "GET www.blackstardojo.org/viewtopic.php?t=2330 HTTP/1.0" 200 60087 "-" "Mozilla/5.0 (compatible; Yahoo! Slurp/3.0; http://help.yahoo.com/help/us/ysearch/slurp)"
74.118.192.14 - - [14/Jun/2010:00:07:01 -0700] "GET www.blackstardojo.org/login.php?redirect=posting.php&mode=newtopic&f=16 HTTP/1.0" 200 21254 "http://www.blackstardojo.org/login.php?redirect=posting.php&mode=newtopic&f=16" "Mozilla/4.0 (compatible; MSIE 5.0; Windows 2000) Opera 6.0 [en]"
67.195.111.226 - - [14/Jun/2010:00:07:07 -0700] "GET www.blackstardojo.org/wiki/index.php?title=Special:Userlogin&returnto=Shaon HTTP/1.0" 200 2594 "-" "Mozilla/5.0 (compatible; Yahoo! Slurp/3.0; http://help.yahoo.com/help/us/ysearch/slurp)"
74.118.192.14 - - [14/Jun/2010:00:07:13 -0700] "GET www.blackstardojo.org/index.php HTTP/1.0" 200 65649 "http://www.blackstardojo.org/index.php" "Mozilla/4.0 (compatible; MSIE 5.0; Windows 2000) Opera 6.0 [en]"
74.118.192.14 - - [14/Jun/2010:00:07:14 -0700] "GET www.blackstardojo.org/posting.php?mode=newtopic&f=16 HTTP/1.0" 302 39 "http://www.blackstardojo.org/posting.php?mode=newtopic&f=16" "Mozilla/4.0 (compatible; MSIE 5.0; Windows 2000) Opera 6.0 [en]"
74.118.192.14 - - [14/Jun/2010:00:07:23 -0700] "GET www.blackstardojo.org/login.php?redirect=posting.php&mode=newtopic&f=16 HTTP/1.0" 200 21254 "http://www.blackstardojo.org/login.php?redirect=posting.php&mode=newtopic&f=16" "Mozilla/4.0 (compatible; MSIE 5.0; Windows 2000) Opera 6.0 [en]"
74.118.192.14 - - [14/Jun/2010:00:07:28 -0700] "POST www.blackstardojo.org/login.php HTTP/1.0" 200 20636 "http://www.blackstardojo.org/login.php?redirect=posting.php&mode=newtopic&f=16" "Mozilla/4.0 (compatible; MSIE 5.0; Windows 2000) Opera 6.0 [en]"
74.118.192.14 - - [14/Jun/2010:00:07:31 -0700] "GET www.blackstardojo.org/login.php?redirect=posting.php&mode=newtopic&f=16 HTTP/1.0" 200 21254 "http://www.blackstardojo.org/login.php?redirect=posting.php&mode=newtopic&f=16" "Mozilla/4.0 (compatible; MSIE 5.0; Windows 2000) Opera 6.0 [en]"
96.229.206.155 - - [14/Jun/2010:00:07:31 -0700] "GET www.blackstardojo.org/shop/images/Pokeball.gif HTTP/1.1" 200 314 "http://fuckyeahpokememe.tumblr.com/" "Mozilla/5.0 (Windows; U; Windows NT 6.0; en-US) AppleWebKit/531.22.7 (KHTML, like Gecko) Version/4.0.5 Safari/531.22.7"
60.241.79.142 - - [14/Jun/2010:00:07:35 -0700] "GET www.blackstardojo.org/shop/images/Pokeball.gif HTTP/1.1" 304 - "http://fuckyeahpokememe.tumblr.com/page/4" "Mozilla/5.0 (Windows; U; Windows NT 6.0; en-US) AppleWebKit/533.4 (KHTML, like Gecko) Chrome/5.0.375.70 Safari/533.4"
74.118.192.14 - - [14/Jun/2010:00:07:42 -0700] "GET www.blackstardojo.org/index.php HTTP/1.0" 200 65649 "http://www.blackstardojo.org/index.php" "Mozilla/4.0 (compatible; MSIE 5.0; Windows 2000) Opera 6.0 [en]"
74.118.192.14 - - [14/Jun/2010:00:07:46 -0700] "GET www.blackstardojo.org/posting.php?mode=newtopic&f=16 HTTP/1.0" 302 39 "http://www.blackstardojo.org/posting.php?mode=newtopic&f=16" "Mozilla/4.0 (compatible; MSIE 5.0; Windows 2000) Opera 6.0 [en]"
74.118.192.14 - - [14/Jun/2010:00:07:49 -0700] "GET www.blackstardojo.org/login.php?redirect=posting.php&mode=newtopic&f=16 HTTP/1.0" 200 21254 "http://www.blackstardojo.org/login.php?redirect=posting.php&mode=newtopic&f=16" "Mozilla/4.0 (compatible; MSIE 5.0; Windows 2000) Opera 6.0 [en]"
74.118.192.14 - - [14/Jun/2010:00:07:51 -0700] "POST www.blackstardojo.org/login.php HTTP/1.0" 200 20636 "http://www.blackstardojo.org/login.php?redirect=posting.php&mode=newtopic&f=16" "Mozilla/4.0 (compatible; MSIE 5.0; Windows 2000) Opera 6.0 [en]"
67.195.115.240 - - [14/Jun/2010:00:07:57 -0700] "GET blackstardojo.org/profile.php?mode=viewprofile&u=210 HTTP/1.0" 200 38516 "-" "Mozilla/5.0 (compatible; Yahoo! Slurp/3.0; http://help.yahoo.com/help/us/ysearch/slurp)"
74.118.192.14 - - [14/Jun/2010:00:08:00 -0700] "GET www.blackstardojo.org/login.php?redirect=posting.php&mode=newtopic&f=16 HTTP/1.0" 200 21254 "http://www.blackstardojo.org/login.php?redirect=posting.php&mode=newtopic&f=16" "Mozilla/4.0 (compatible; MSIE 5.0; Windows 2000) Opera 6.0 [en]"
74.118.192.14 - - [14/Jun/2010:00:08:15 -0700] "GET www.blackstardojo.org/index.php HTTP/1.0" 200 65649 "http://www.blackstardojo.org/index.php" "Mozilla/4.0 (compatible; MSIE 5.0; Windows 2000) Opera 6.0 [en]"
74.118.192.14 - - [14/Jun/2010:00:08:19 -0700] "GET www.blackstardojo.org/posting.php?mode=newtopic&f=16 HTTP/1.0" 302 39 "http://www.blackstardojo.org/posting.php?mode=newtopic&f=16" "Mozilla/4.0 (compatible; MSIE 5.0; Windows 2000) Opera 6.0 [en]"
74.118.192.14 - - [14/Jun/2010:00:08:21 -0700] "GET www.blackstardojo.org/login.php?redirect=posting.php&mode=newtopic&f=16 HTTP/1.0" 200 21254 "http://www.blackstardojo.org/login.php?redirect=posting.php&mode=newtopic&f=16" "Mozilla/4.0 (compatible; MSIE 5.0; Windows 2000) Opera 6.0 [en]"
67.195.111.226 - - [14/Jun/2010:00:08:22 -0700] "GET www.blackstardojo.org/viewtopic.php?t=2330&start=0&postdays=0&postorder=asc&highlight= HTTP/1.0" 200 60087 "-" "Mozilla/5.0 (compatible; Yahoo! Slurp/3.0; http://help.yahoo.com/help/us/ysearch/slurp)"
74.118.192.14 - - [14/Jun/2010:00:08:29 -0700] "POST www.blackstardojo.org/login.php HTTP/1.0" 200 20636 "http://www.blackstardojo.org/login.php?redirect=posting.php&mode=newtopic&f=16" "Mozilla/4.0 (compatible; MSIE 5.0; Windows 2000) Opera 6.0 [en]"
67.195.115.240 - - [14/Jun/2010:00:08:33 -0700] "GET blackstardojo.org/wiki/index.php?title=User:ozwj_buy_pepcid_online_cheap&printable=yes HTTP/1.0" 200 6211 "-" "Mozilla/5.0 (compatible; Yahoo! Slurp/3.0; http://help.yahoo.com/help/us/ysearch/slurp)"
67.195.115.240 - - [14/Jun/2010:00:08:33 -0700] "GET blackstardojo.org/wiki/index.php?title=The_Path_of_the_Fukurou HTTP/1.0" 200 2775 "-" "Mozilla/5.0 (compatible; Yahoo! Slurp/3.0; http://help.yahoo.com/help/us/ysearch/slurp)"
66.249.68.154 - - [14/Jun/2010:00:08:43 -0700] "GET www.blackstardojo.org/store.php?mode=itemdescript&id=&amp;sid=116f002447edb359b35bdc59b6c8354a219 HTTP/1.1" 200 21630 "-" "Mozilla/5.0 (compatible; Googlebot/2.1; +http://www.google.com/bot.html)"
67.195.115.240 - - [14/Jun/2010:00:08:53 -0700] "GET blackstardojo.org/viewtopic.php?t=2069&start=60 HTTP/1.0" 200 137186 "-" "Mozilla/5.0 (compatible; Yahoo! Slurp/3.0; http://help.yahoo.com/help/us/ysearch/slurp)"
67.195.115.240 - - [14/Jun/2010:00:09:10 -0700] "GET blackstardojo.org/wiki/index.php?title=Special:Recentchangeslinked&target=Powerplaying&days=7&limit=50&hideminor=1 HTTP/1.0" 200 2210 "-" "Mozilla/5.0 (compatible; Yahoo! Slurp/3.0; http://help.yahoo.com/help/us/ysearch/slurp)"
74.118.192.14 - - [14/Jun/2010:00:10:01 -0700] "GET www.blackstardojo.org/login.php?redirect=posting.php&mode=newtopic&f=16 HTTP/1.0" 200 21254 "http://www.blackstardojo.org/login.php?redirect=posting.php&mode=newtopic&f=16" "Mozilla/4.0 (compatible; MSIE 5.0; Windows 2000) Opera 6.0 [en]"
74.118.192.14 - - [14/Jun/2010:00:10:29 -0700] "GET www.blackstardojo.org/index.php HTTP/1.0" 200 65649 "http://www.blackstardojo.org/index.php" "Mozilla/4.0 (compatible; MSIE 5.0; Windows 2000) Opera 6.0 [en]"
71.134.228.57 - - [14/Jun/2010:00:10:30 -0700] "GET www.blackstardojo.org/shop/images/Pokeball.gif HTTP/1.1" 200 314 "http://fuckyeahpokememe.tumblr.com/" "Mozilla/4.0 (compatible; MSIE 6.0; Windows NT 5.1; SV1; .NET CLR 1.1.4322; .NET CLR 2.0.50727; .NET CLR 3.0.4506.2152; .NET CLR 3.5.30729)"
74.118.192.14 - - [14/Jun/2010:00:10:32 -0700] "GET www.blackstardojo.org/posting.php?mode=newtopic&f=16 HTTP/1.0" 302 39 "http://www.blackstardojo.org/posting.php?mode=newtopic&f=16" "Mozilla/4.0 (compatible; MSIE 5.0; Windows 2000) Opera 6.0 [en]"
99.129.16.59 - - [14/Jun/2010:00:10:35 -0700] "GET www.blackstardojo.org/shop/images/Pokeball.gif HTTP/1.1" 200 314 "http://fuckyeahpokememe.tumblr.com/" "Opera/9.80 (Windows NT 6.1; U; en) Presto/2.5.24 Version/10.53"
74.118.192.14 - - [14/Jun/2010:00:10:43 -0700] "GET www.blackstardojo.org/login.php?redirect=posting.php&mode=newtopic&f=16 HTTP/1.0" 200 21254 "http://www.blackstardojo.org/login.php?redirect=posting.php&mode=newtopic&f=16" "Mozilla/4.0 (compatible; MSIE 5.0; Windows 2000) Opera 6.0 [en]"
98.176.118.126 - - [14/Jun/2010:00:11:11 -0700] "GET www.blackstardojo.org/shop/images/Pokeball.gif HTTP/1.1" 200 314 "http://fuckyeahpokememe.tumblr.com/" "Mozilla/5.0 (Windows; U; Windows NT 6.1; en-US) AppleWebKit/533.4 (KHTML, like Gecko) Chrome/5.0.375.70 Safari/533.4"
67.195.115.240 - - [14/Jun/2010:00:11:15 -0700] "GET blackstardojo.org/wiki/index.php?title=Exclusive_Resource_Contract HTTP/1.0" 200 3275 "-" "Mozilla/5.0 (compatible; Yahoo! Slurp/3.0; http://help.yahoo.com/help/us/ysearch/slurp)"
71.105.16.123 - - [14/Jun/2010:00:11:24 -0700] "GET www.blackstardojo.org/shop/images/Pokeball.gif HTTP/1.1" 200 314 "http://fuckyeahpokememe.tumblr.com/" "Mozilla/5.0 (Windows; U; Windows NT 6.1; en-US) AppleWebKit/533.4 (KHTML, like Gecko) Chrome/5.0.375.70 Safari/533.4"
202.156.13.11 - - [14/Jun/2010:00:11:42 -0700] "GET www.blackstardojo.org/shop/images/Pokeball.gif HTTP/1.1" 304 - "http://fuckyeahpokememe.tumblr.com/" "Mozilla/5.0 (Windows; U; Windows NT 6.0; en-US) AppleWebKit/533.4 (KHTML, like Gecko) Chrome/5.0.375.70 Safari/533.4"
67.195.115.240 - - [14/Jun/2010:00:11:43 -0700] "GET blackstardojo.org/wiki/index.php?title=Standard_Resource_Form HTTP/1.0" 200 2756 "-" "Mozilla/5.0 (compatible; Yahoo! Slurp/3.0; http://help.yahoo.com/help/us/ysearch/slurp)"
81.9.157.147 - - [14/Jun/2010:00:12:41 -0700] "GET www.blackstardojo.org/shop/images/Pokeball.gif HTTP/1.0" 200 314 "http://forospokemonworld.foroactivo.net/index.htm?sid=a03622b1f8dc245a4c44ec83e1f5a592" "Mozilla/4.0 (compatible; MSIE 6.0; Windows NT 5.1; SV1; GTB6.5; DOTACION MODELO PRINCIPADO DE ASTURIAS; InfoPath.1; .NET CLR 1.1.4322)"
75.36.139.127 - - [14/Jun/2010:00:13:13 -0700] "GET www.blackstardojo.org/shop/images/Pokeball.gif HTTP/1.1" 200 314 "http://fuckyeahpokememe.tumblr.com/" "Mozilla/4.0 (compatible; MSIE 7.0; Windows NT 6.0; WOW64; Trident/4.0; SLCC1; .NET CLR 2.0.50727; Media Center PC 5.0; OfficeLiveConnector.1.3; OfficeLivePatch.0.0; .NET CLR 3.0.30618; .NET CLR 3.5.30729; AskTB5.6)"
71.198.147.6 - - [14/Jun/2010:00:13:46 -0700] "GET www.blackstardojo.org/shop/images/Pokeball.gif HTTP/1.1" 200 314 "http://fuckyeahpokememe.tumblr.com/" "Mozilla/5.0 (Windows; U; Windows NT 6.1; en-US) AppleWebKit/533.4 (KHTML, like Gecko) Chrome/5.0.375.70 Safari/533.4"
193.47.80.40 - - [14/Jun/2010:00:14:01 -0700] "GET blackstardojo.org/wiki/index.php?title=Talk:Black_Dye&action=edit HTTP/1.1" 200 2122 "-" "Mozilla/5.0 (compatible; Exabot/3.0; +http://www.exabot.com/go/robot)"
67.195.115.240 - - [14/Jun/2010:00:14:06 -0700] "GET blackstardojo.org/wiki/index.php?title=User_talk:JuiceJhon201289&action=edit HTTP/1.0" 200 2154 "-" "Mozilla/5.0 (compatible; Yahoo! Slurp/3.0; http://help.yahoo.com/help/us/ysearch/slurp)"
69.181.65.137 - - [14/Jun/2010:00:14:27 -0700] "GET www.blackstardojo.org/shop/images/Pokeball.gif HTTP/1.1" 200 314 "http://fuckyeahpokememe.tumblr.com/post/691719543/via-rattata" "Mozilla/5.0 (Windows; U; Windows NT 6.0; en-US) AppleWebKit/533.4 (KHTML, like Gecko) Chrome/5.0.375.70 Safari/533.4"
69.225.199.227 - - [14/Jun/2010:00:15:51 -0700] "GET www.blackstardojo.org/shop/images/Pokeball.gif HTTP/1.1" 200 314 "http://fuckyeahpokememe.tumblr.com/" "Mozilla/5.0 (Windows; U; Windows NT 6.1; en-US; rv:1.9.2.4) Gecko/20100527 Firefox/3.6.4 (.NET CLR 3.5.30729)"
68.126.198.60 - - [14/Jun/2010:00:16:24 -0700] "GET www.blackstardojo.org/shop/images/Pokeball.gif HTTP/1.1" 200 314 "http://fuckyeahpokememe.tumblr.com/" "Mozilla/5.0 (Windows; U; Windows NT 6.0; en-US; rv:1.9.2.4) Gecko/20100527 Firefox/3.6.4 (.NET CLR 3.5.30729)"
67.195.111.226 - - [14/Jun/2010:00:16:53 -0700] "GET www.blackstardojo.org/viewtopic.php?t=1694 HTTP/1.0" 200 129260 "-" "Mozilla/5.0 (compatible; Yahoo! Slurp/3.0; http://help.yahoo.com/help/us/ysearch/slurp)"
67.195.115.240 - - [14/Jun/2010:00:17:11 -0700] "GET blackstardojo.org/privmsg.php?mode=post&u=222 HTTP/1.0" 302 39 "-" "Mozilla/5.0 (compatible; Yahoo! Slurp/3.0; http://help.yahoo.com/help/us/ysearch/slurp)"
67.195.111.226 - - [14/Jun/2010:00:17:12 -0700] "GET www.blackstardojo.org/login.php?redirect=privmsg.php&folder=inbox&mode=post&u=222&sid=12c20d3820010f56f4173c92e85ebb0e HTTP/1.0" 200 22246 "-" "Mozilla/5.0 (compatible; Yahoo! Slurp/3.0; http://help.yahoo.com/help/us/ysearch/slurp)"
67.195.111.226 - - [14/Jun/2010:00:17:54 -0700] "GET www.blackstardojo.org/wiki/index.php?title=Special:Userlogin&returnto=Category:Styles HTTP/1.0" 200 2597 "-" "Mozilla/5.0 (compatible; Yahoo! Slurp/3.0; http://help.yahoo.com/help/us/ysearch/slurp)"
98.237.131.61 - - [14/Jun/2010:00:18:29 -0700] "GET www.blackstardojo.org/shop/images/Pokeball.gif HTTP/1.1" 200 314 "http://fuckyeahpokememe.tumblr.com/tagged/pokepun/" "Mozilla/4.0 (compatible; MSIE 8.0; Windows NT 5.1; Trident/4.0; GTB6.4; InfoPath.2; .NET CLR 2.0.50727; .NET CLR 3.0.4506.2152; .NET CLR 3.5.30729; 79980796603; control/7.00302)"
67.195.115.240 - - [14/Jun/2010:00:18:39 -0700] "GET blackstardojo.org/wiki/index.php?title=Psychotopian_P/R_Facility HTTP/1.0" 200 2796 "-" "Mozilla/5.0 (compatible; Yahoo! Slurp/3.0; http://help.yahoo.com/help/us/ysearch/slurp)"
203.166.109.215 - - [14/Jun/2010:00:19:10 -0700] "GET thecave.blackstardojo.org/templates/AcidTechBlood/AcidTechBlood.css HTTP/1.1" 200 10859 "http://thecave.blackstardojo.org/index.php" "Mozilla/5.0 (Windows; U; Windows NT 6.1; en-GB; rv:1.9.2.3) Gecko/20100401 Firefox/3.6.3"
203.166.109.215 - - [14/Jun/2010:00:19:10 -0700] "GET thecave.blackstardojo.org/templates/AcidTechBlood/formStyle.js HTTP/1.1" 200 8667 "http://thecave.blackstardojo.org/index.php" "Mozilla/5.0 (Windows; U; Windows NT 6.1; en-GB; rv:1.9.2.3) Gecko/20100401 Firefox/3.6.3"
203.166.109.215 - - [14/Jun/2010:00:19:10 -0700] "GET thecave.blackstardojo.org/templates/AcidTechBlood/images/spacer.gif HTTP/1.1" 200 43 "http://thecave.blackstardojo.org/index.php" "Mozilla/5.0 (Windows; U; Windows NT 6.1; en-GB; rv:1.9.2.3) Gecko/20100401 Firefox/3.6.3"
203.166.109.215 - - [14/Jun/2010:00:19:10 -0700] "GET thecave.blackstardojo.org/templates/AcidTechBlood/scripts.js HTTP/1.1" 200 2199 "http://thecave.blackstardojo.org/index.php" "Mozilla/5.0 (Windows; U; Windows NT 6.1; en-GB; rv:1.9.2.3) Gecko/20100401 Firefox/3.6.3"
203.166.109.215 - - [14/Jun/2010:00:19:10 -0700] "GET thecave.blackstardojo.org/index.php HTTP/1.1" 200 24170 "-" "Mozilla/5.0 (Windows; U; Windows NT 6.1; en-GB; rv:1.9.2.3) Gecko/20100401 Firefox/3.6.3"
203.166.109.215 - - [14/Jun/2010:00:19:10 -0700] "GET thecave.blackstardojo.org/templates/AcidTechBlood/images/body.gif HTTP/1.1" 200 70 "http://thecave.blackstardojo.org/templates/AcidTechBlood/AcidTechBlood.css" "Mozilla/5.0 (Windows; U; Windows NT 6.1; en-GB; rv:1.9.2.3) Gecko/20100401 Firefox/3.6.3"
203.166.109.215 - - [14/Jun/2010:00:19:10 -0700] "GET thecave.blackstardojo.org/templates/AcidTechBlood/images/logo_mid.gif HTTP/1.1" 200 2115 "http://thecave.blackstardojo.org/index.php" "Mozilla/5.0 (Windows; U; Windows NT 6.1; en-GB; rv:1.9.2.3) Gecko/20100401 Firefox/3.6.3"
203.166.109.215 - - [14/Jun/2010:00:19:10 -0700] "GET thecave.blackstardojo.org/templates/AcidTechBlood/images/hdr_left.gif HTTP/1.1" 200 643 "http://thecave.blackstardojo.org/index.php" "Mozilla/5.0 (Windows; U; Windows NT 6.1; en-GB; rv:1.9.2.3) Gecko/20100401 Firefox/3.6.3"
203.166.109.215 - - [14/Jun/2010:00:19:10 -0700] "GET thecave.blackstardojo.org/templates/AcidTechBlood/images/hdr_right.gif HTTP/1.1" 200 634 "http://thecave.blackstardojo.org/index.php" "Mozilla/5.0 (Windows; U; Windows NT 6.1; en-GB; rv:1.9.2.3) Gecko/20100401 Firefox/3.6.3"
203.166.109.215 - - [14/Jun/2010:00:19:10 -0700] "GET thecave.blackstardojo.org/templates/AcidTechBlood/images/folder_big.gif HTTP/1.1" 200 363 "http://thecave.blackstardojo.org/index.php" "Mozilla/5.0 (Windows; U; Windows NT 6.1; en-GB; rv:1.9.2.3) Gecko/20100401 Firefox/3.6.3"
203.166.109.215 - - [14/Jun/2010:00:19:11 -0700] "GET thecave.blackstardojo.org/templates/AcidTechBlood/images/favicon.ico HTTP/1.1" 200 894 "-" "Mozilla/5.0 (Windows; U; Windows NT 6.1; en-GB; rv:1.9.2.3) Gecko/20100401 Firefox/3.6.3"
203.166.109.215 - - [14/Jun/2010:00:19:11 -0700] "GET thecave.blackstardojo.org/templates/AcidTechBlood/images/whosonline.gif HTTP/1.1" 200 425 "http://thecave.blackstardojo.org/index.php" "Mozilla/5.0 (Windows; U; Windows NT 6.1; en-GB; rv:1.9.2.3) Gecko/20100401 Firefox/3.6.3"
203.166.109.215 - - [14/Jun/2010:00:19:11 -0700] "GET thecave.blackstardojo.org/templates/AcidTechBlood/images/folder_new_big.gif HTTP/1.1" 200 415 "http://thecave.blackstardojo.org/index.php" "Mozilla/5.0 (Windows; U; Windows NT 6.1; en-GB; rv:1.9.2.3) Gecko/20100401 Firefox/3.6.3"
203.166.109.215 - - [14/Jun/2010:00:19:11 -0700] "GET thecave.blackstardojo.org/templates/AcidTechBlood/images/folder_locked_big.gif HTTP/1.1" 200 390 "http://thecave.blackstardojo.org/index.php" "Mozilla/5.0 (Windows; U; Windows NT 6.1; en-GB; rv:1.9.2.3) Gecko/20100401 Firefox/3.6.3"
203.166.109.215 - - [14/Jun/2010:00:19:11 -0700] "GET thecave.blackstardojo.org/templates/AcidTechBlood/images/logo_bg.gif HTTP/1.1" 200 644 "http://thecave.blackstardojo.org/templates/AcidTechBlood/AcidTechBlood.css" "Mozilla/5.0 (Windows; U; Windows NT 6.1; en-GB; rv:1.9.2.3) Gecko/20100401 Firefox/3.6.3"
203.166.109.215 - - [14/Jun/2010:00:19:11 -0700] "GET thecave.blackstardojo.org/templates/AcidTechBlood/images/logo_left.jpg HTTP/1.1" 200 4550 "http://thecave.blackstardojo.org/templates/AcidTechBlood/AcidTechBlood.css" "Mozilla/5.0 (Windows; U; Windows NT 6.1; en-GB; rv:1.9.2.3) Gecko/20100401 Firefox/3.6.3"
203.166.109.215 - - [14/Jun/2010:00:19:11 -0700] "GET thecave.blackstardojo.org/templates/AcidTechBlood/images/logo_right.jpg HTTP/1.1" 200 4549 "http://thecave.blackstardojo.org/templates/AcidTechBlood/AcidTechBlood.css" "Mozilla/5.0 (Windows; U; Windows NT 6.1; en-GB; rv:1.9.2.3) Gecko/20100401 Firefox/3.6.3"
203.166.109.215 - - [14/Jun/2010:00:19:11 -0700] "GET thecave.blackstardojo.org/templates/AcidTechBlood/images/post_old.gif HTTP/1.1" 200 190 "http://thecave.blackstardojo.org/index.php" "Mozilla/5.0 (Windows; U; Windows NT 6.1; en-GB; rv:1.9.2.3) Gecko/20100401 Firefox/3.6.3"
203.166.109.215 - - [14/Jun/2010:00:19:11 -0700] "GET thecave.blackstardojo.org/templates/AcidTechBlood/images/buttons.gif HTTP/1.1" 200 243 "http://thecave.blackstardojo.org/templates/AcidTechBlood/AcidTechBlood.css" "Mozilla/5.0 (Windows; U; Windows NT 6.1; en-GB; rv:1.9.2.3) Gecko/20100401 Firefox/3.6.3"
203.166.109.215 - - [14/Jun/2010:00:19:11 -0700] "GET thecave.blackstardojo.org/templates/AcidTechBlood/images/cell.gif HTTP/1.1" 200 206 "http://thecave.blackstardojo.org/templates/AcidTechBlood/AcidTechBlood.css" "Mozilla/5.0 (Windows; U; Windows NT 6.1; en-GB; rv:1.9.2.3) Gecko/20100401 Firefox/3.6.3"
203.166.109.215 - - [14/Jun/2010:00:19:11 -0700] "GET thecave.blackstardojo.org/templates/AcidTechBlood/images/hdr_mid.gif HTTP/1.1" 200 252 "http://thecave.blackstardojo.org/templates/AcidTechBlood/AcidTechBlood.css" "Mozilla/5.0 (Windows; U; Windows NT 6.1; en-GB; rv:1.9.2.3) Gecko/20100401 Firefox/3.6.3"
203.166.109.215 - - [14/Jun/2010:00:19:11 -0700] "GET thecave.blackstardojo.org/templates/AcidTechBlood/images/th.gif HTTP/1.1" 200 276 "http://thecave.blackstardojo.org/templates/AcidTechBlood/AcidTechBlood.css" "Mozilla/5.0 (Windows; U; Windows NT 6.1; en-GB; rv:1.9.2.3) Gecko/20100401 Firefox/3.6.3"
203.166.109.215 - - [14/Jun/2010:00:19:11 -0700] "GET thecave.blackstardojo.org/templates/AcidTechBlood/images/CheckboxUnchecked.gif HTTP/1.1" 200 204 "http://thecave.blackstardojo.org/index.php" "Mozilla/5.0 (Windows; U; Windows NT 6.1; en-GB; rv:1.9.2.3) Gecko/20100401 Firefox/3.6.3"
203.166.109.215 - - [14/Jun/2010:00:19:11 -0700] "GET thecave.blackstardojo.org/templates/AcidTechBlood/images/CheckboxChecked.gif HTTP/1.1" 200 247 "http://thecave.blackstardojo.org/index.php" "Mozilla/5.0 (Windows; U; Windows NT 6.1; en-GB; rv:1.9.2.3) Gecko/20100401 Firefox/3.6.3"
203.166.109.215 - - [14/Jun/2010:00:19:11 -0700] "GET thecave.blackstardojo.org/templates/AcidTechBlood/images/RadioboxUnchecked.gif HTTP/1.1" 200 248 "http://thecave.blackstardojo.org/index.php" "Mozilla/5.0 (Windows; U; Windows NT 6.1; en-GB; rv:1.9.2.3) Gecko/20100401 Firefox/3.6.3"
203.166.109.215 - - [14/Jun/2010:00:19:11 -0700] "GET thecave.blackstardojo.org/templates/AcidTechBlood/images/RadioboxChecked.gif HTTP/1.1" 200 272 "http://thecave.blackstardojo.org/index.php" "Mozilla/5.0 (Windows; U; Windows NT 6.1; en-GB; rv:1.9.2.3) Gecko/20100401 Firefox/3.6.3"
203.166.109.215 - - [14/Jun/2010:00:19:30 -0700] "GET blackstardojo.org/ HTTP/1.1" 200 73457 "-" "Mozilla/5.0 (Windows; U; Windows NT 6.1; en-GB; rv:1.9.2.3) Gecko/20100401 Firefox/3.6.3"
69.230.168.126 - - [14/Jun/2010:00:20:11 -0700] "GET www.blackstardojo.org/shop/images/Pokeball.gif HTTP/1.1" 200 314 "http://fuckyeahpokememe.tumblr.com/" "Mozilla/5.0 (Windows; U; Windows NT 6.1; en-US) AppleWebKit/531.22.7 (KHTML, like Gecko) Version/4.0.5 Safari/531.22.7"
98.237.131.61 - - [14/Jun/2010:00:20:40 -0700] "GET www.blackstardojo.org/shop/images/Pokeball.gif HTTP/1.1" 304 - "http://fuckyeahpokememe.tumblr.com/tagged/pokepun/page/2" "Mozilla/4.0 (compatible; MSIE 8.0; Windows NT 5.1; Trident/4.0; GTB6.4; InfoPath.2; .NET CLR 2.0.50727; .NET CLR 3.0.4506.2152; .NET CLR 3.5.30729; 79980796603; control/7.00302)"
67.195.115.240 - - [14/Jun/2010:00:20:42 -0700] "GET blackstardojo.org/wiki/index.php?title=Special:Recentchangeslinked&target=Forum_Deed&hideminor=0&days=7&limit=500 HTTP/1.0" 200 2212 "-" "Mozilla/5.0 (compatible; Yahoo! Slurp/3.0; http://help.yahoo.com/help/us/ysearch/slurp)"
98.245.12.218 - - [14/Jun/2010:00:20:55 -0700] "GET www.blackstardojo.org/shop/images/Pokeball.gif HTTP/1.1" 200 314 "http://fuckyeahpokememe.tumblr.com/" "Mozilla/5.0 (Windows; U; Windows NT 6.1; en-US; rv:1.9.1.9) Gecko/20100315 Firefox/3.5.7 MEGAUPLOAD 1.0"
67.195.115.240 - - [14/Jun/2010:00:20:59 -0700] "GET blackstardojo.org/viewtopic.php?t=513&view=previous HTTP/1.0" 200 40077 "-" "Mozilla/5.0 (compatible; Yahoo! Slurp/3.0; http://help.yahoo.com/help/us/ysearch/slurp)"
67.195.111.226 - - [14/Jun/2010:00:21:14 -0700] "GET www.blackstardojo.org/wiki/index.php?title=Special:Recentchangeslinked&target=Danikat&hideminor=0&days=7&limit=100 HTTP/1.0" 200 2208 "-" "Mozilla/5.0 (compatible; Yahoo! Slurp/3.0; http://help.yahoo.com/help/us/ysearch/slurp)"
67.195.115.240 - - [14/Jun/2010:00:21:24 -0700] "GET blackstardojo.org/wiki/index.php?title=Special:Recentchanges&hideliu=1&days=1&hidebots= HTTP/1.0" 200 2688 "-" "Mozilla/5.0 (compatible; Yahoo! Slurp/3.0; http://help.yahoo.com/help/us/ysearch/slurp)"
67.195.111.226 - - [14/Jun/2010:00:21:47 -0700] "GET www.blackstardojo.org/viewtopic.php?t=148 HTTP/1.0" 200 47125 "-" "Mozilla/5.0 (compatible; Yahoo! Slurp/3.0; http://help.yahoo.com/help/us/ysearch/slurp)"
67.195.115.240 - - [14/Jun/2010:00:22:17 -0700] "GET blackstardojo.org/wiki/index.php?title=Special:Userlogin&returnto=Brittany%27s_Jewelers HTTP/1.0" 200 2608 "-" "Mozilla/5.0 (compatible; Yahoo! Slurp/3.0; http://help.yahoo.com/help/us/ysearch/slurp)"
193.47.80.40 - - [14/Jun/2010:00:23:17 -0700] "GET blackstardojo.org/wiki/index.php?title=Talk:Importation_License_Gold&action=edit HTTP/1.1" 200 2136 "-" "Mozilla/5.0 (compatible; Exabot/3.0; +http://www.exabot.com/go/robot)"
97.94.118.22 - - [14/Jun/2010:00:23:18 -0700] "GET www.blackstardojo.org/shop/images/Pokeball.gif HTTP/1.1" 200 314 "http://fuckyeahpokememe.tumblr.com/" "Mozilla/5.0 (Windows; U; Windows NT 6.1; en-US) AppleWebKit/533.4 (KHTML, like Gecko) Chrome/5.0.375.70 Safari/533.4"
76.29.16.110 - - [14/Jun/2010:00:24:08 -0700] "GET www.blackstardojo.org/shop/images/Pokeball.gif HTTP/1.1" 200 314 "http://fuckyeahpokememe.tumblr.com/" "Mozilla/5.0 (Windows; U; Windows NT 6.1; en-US; rv:1.9.2.3) Gecko/20100401 Firefox/3.6.3"
98.237.131.61 - - [14/Jun/2010:00:25:27 -0700] "GET www.blackstardojo.org/shop/images/Pokeball.gif HTTP/1.1" 304 - "http://fuckyeahpokememe.tumblr.com/tagged/pokepun/page/3" "Mozilla/4.0 (compatible; MSIE 8.0; Windows NT 5.1; Trident/4.0; GTB6.4; InfoPath.2; .NET CLR 2.0.50727; .NET CLR 3.0.4506.2152; .NET CLR 3.5.30729; 79980796603; control/7.00302)"
67.195.111.226 - - [14/Jun/2010:00:25:31 -0700] "GET www.blackstardojo.org/viewtopic.php?t=2298 HTTP/1.0" 200 38030 "-" "Mozilla/5.0 (compatible; Yahoo! Slurp/3.0; http://help.yahoo.com/help/us/ysearch/slurp)"
67.195.111.226 - - [14/Jun/2010:00:27:32 -0700] "GET www.blackstardojo.org/privmsg.php?mode=post&u=50 HTTP/1.0" 302 39 "-" "Mozilla/5.0 (compatible; Yahoo! Slurp/3.0; http://help.yahoo.com/help/us/ysearch/slurp)"
67.195.111.226 - - [14/Jun/2010:00:27:33 -0700] "GET www.blackstardojo.org/login.php?redirect=privmsg.php&folder=inbox&mode=post&u=50&sid=7ffc418f2627c8a909e4d9b668b2216e HTTP/1.0" 200 22245 "-" "Mozilla/5.0 (compatible; Yahoo! Slurp/3.0; http://help.yahoo.com/help/us/ysearch/slurp)"
216.129.119.45 - - [14/Jun/2010:00:28:13 -0700] "GET blackstardojo.org/viewtopic.php?t=1409&start=0 HTTP/1.1" 200 126202 "-" "Mozilla/5.0 (Twiceler-0.9 http://www.cuil.com/twiceler/robot.html)"
188.113.67.90 - - [14/Jun/2010:00:28:14 -0700] "GET www.blackstardojo.org/shop/images/Pokeball.gif HTTP/1.1" 200 314 "http://fuckyeahpokememe.tumblr.com/" "Opera/9.80 (Windows NT 6.0; U; en) Presto/2.5.24 Version/10.53"
67.195.111.226 - - [14/Jun/2010:00:28:36 -0700] "GET www.blackstardojo.org/viewtopic.php?t=756&start=0&postdays=0&postorder=asc&highlight= HTTP/1.0" 200 40551 "-" "Mozilla/5.0 (compatible; Yahoo! Slurp/3.0; http://help.yahoo.com/help/us/ysearch/slurp)"
121.55.209.69 - - [14/Jun/2010:00:28:38 -0700] "GET www.blackstardojo.org/shop/images/Pokeball.gif HTTP/1.1" 200 314 "http://fuckyeahpokememe.tumblr.com/post/661053225/via-mareodomo" "Mozilla/4.0 (compatible; MSIE 8.0; Windows NT 6.1; WOW64; Trident/4.0; GTB6.5; SLCC2; .NET CLR 2.0.50727; .NET CLR 3.5.30729; .NET CLR 3.0.30729; Media Center PC 6.0)"
67.195.115.240 - - [14/Jun/2010:00:28:54 -0700] "GET blackstardojo.org/viewtopic.php?t=513&start=210 HTTP/1.0" 200 48716 "-" "Mozilla/5.0 (compatible; Yahoo! Slurp/3.0; http://help.yahoo.com/help/us/ysearch/slurp)"
63.195.81.106 - - [14/Jun/2010:00:29:28 -0700] "GET www.blackstardojo.org/shop/images/Pokeball.gif HTTP/1.1" 200 314 "http://fuckyeahpokememe.tumblr.com/" "Mozilla/5.0 (Windows; U; Windows NT 6.1; en-US) AppleWebKit/534.1 (KHTML, like Gecko) Chrome/6.0.427.0 Safari/534.1"
64.203.55.246 - - [14/Jun/2010:00:29:31 -0700] "GET www.blackstardojo.org/shop/images/Pokeball.gif HTTP/1.1" 200 314 "http://fuckyeahpokememe.tumblr.com/" "Mozilla/5.0 (Windows; U; Windows NT 6.0; en-US; rv:1.9.1.9) Gecko/20100315 Firefox/3.5.9 ( .NET CLR 3.5.30729)"
173.3.47.245 - - [14/Jun/2010:00:29:36 -0700] "GET www.blackstardojo.org/shop/images/Pokeball.gif HTTP/1.1" 200 314 "http://fuckyeahpokememe.tumblr.com/" "Mozilla/5.0 (Macintosh; U; Intel Mac OS X 10.5; en-US; rv:1.9.2.3) Gecko/20100401 Firefox/3.6.3"
67.195.115.240 - - [14/Jun/2010:00:29:37 -0700] "GET blackstardojo.org/wiki/index.php?title=Special:Whatlinkshere&target=Golden_Rules_of_RPing&limit=20&offset=0 HTTP/1.0" 200 2178 "-" "Mozilla/5.0 (compatible; Yahoo! Slurp/3.0; http://help.yahoo.com/help/us/ysearch/slurp)"
67.195.115.240 - - [14/Jun/2010:00:29:44 -0700] "GET blackstardojo.org/wiki/index.php?title=Image:DiamondHeart.gif HTTP/1.0" 200 2760 "-" "Mozilla/5.0 (compatible; Yahoo! Slurp/3.0; http://help.yahoo.com/help/us/ysearch/slurp)"
67.195.115.240 - - [14/Jun/2010:00:30:30 -0700] "GET blackstardojo.org/wiki/index.php?title=Cocoa_Powder HTTP/1.0" 200 2687 "-" "Mozilla/5.0 (compatible; Yahoo! Slurp/3.0; http://help.yahoo.com/help/us/ysearch/slurp)"
67.195.115.240 - - [14/Jun/2010:00:31:29 -0700] "GET blackstardojo.org/wiki/index.php?title=Special:Whatlinkshere&target=Standard_Resource_Form&limit=100&offset=0 HTTP/1.0" 200 2154 "-" "Mozilla/5.0 (compatible; Yahoo! Slurp/3.0; http://help.yahoo.com/help/us/ysearch/slurp)"
67.195.111.226 - - [14/Jun/2010:00:31:53 -0700] "GET www.blackstardojo.org/wiki/index.php?title=EnDSchultz HTTP/1.0" 200 6220 "-" "Mozilla/5.0 (compatible; Yahoo! Slurp/3.0; http://help.yahoo.com/help/us/ysearch/slurp)"
94.142.133.177 - - [14/Jun/2010:00:32:11 -0700] "GET wap.blackstardojo.org/ HTTP/1.0" 200 1778 "http://wap.blackstardojo.org/" "Opera/7.60 (Windows NT 5.2; U)  [en] (IBM EVV/3.0/EAK01AG9/LE)"
94.142.133.177 - - [14/Jun/2010:00:32:12 -0700] "GET wap.blackstardojo.org/forum.php?sid=11004a2c67778e03ec41ba7c99ec7028&type=html&cat_id=2 HTTP/1.0" 200 1193 "http://wap.blackstardojo.org/forum.php?sid=11004a2c67778e03ec41ba7c99ec7028&type=html&cat_id=2" "Opera/7.60 (Windows NT 5.2; U)  [en] (IBM EVV/3.0/EAK01AG9/LE)"
94.142.133.177 - - [14/Jun/2010:00:32:13 -0700] "GET wap.blackstardojo.org/topic.php?sid=11004a2c67778e03ec41ba7c99ec7028&type=html&forum_id=1 HTTP/1.0" 200 1812 "http://wap.blackstardojo.org/topic.php?sid=11004a2c67778e03ec41ba7c99ec7028&type=html&forum_id=1" "Opera/7.60 (Windows NT 5.2; U)  [en] (IBM EVV/3.0/EAK01AG9/LE)"
