174.100.43.99 - - [29/Jun/2010:00:27:47 -0700] "GET www.blackstardojo.org/medals/Guardian.gif HTTP/1.1" 304 - "http://www.blackstardojo.org/viewtopic.php?t=2374" "Mozilla/5.0 (Windows; U; Windows NT 5.1; en-US; rv:1.9.1.10) Gecko/20100504 Firefox/3.5.10 ( .NET CLR 3.5.30729)"
174.100.43.99 - - [29/Jun/2010:00:27:47 -0700] "GET www.blackstardojo.org/medals/BlobMedal.png HTTP/1.1" 304 - "http://www.blackstardojo.org/viewtopic.php?t=2374" "Mozilla/5.0 (Windows; U; Windows NT 5.1; en-US; rv:1.9.1.10) Gecko/20100504 Firefox/3.5.10 ( .NET CLR 3.5.30729)"
174.100.43.99 - - [29/Jun/2010:00:27:47 -0700] "GET www.blackstardojo.org/medals/BugCatcher.png HTTP/1.1" 304 - "http://www.blackstardojo.org/viewtopic.php?t=2374" "Mozilla/5.0 (Windows; U; Windows NT 5.1; en-US; rv:1.9.1.10) Gecko/20100504 Firefox/3.5.10 ( .NET CLR 3.5.30729)"
174.100.43.99 - - [29/Jun/2010:00:27:47 -0700] "GET www.blackstardojo.org/medals/doagmedal_212.png HTTP/1.1" 304 - "http://www.blackstardojo.org/viewtopic.php?t=2374" "Mozilla/5.0 (Windows; U; Windows NT 5.1; en-US; rv:1.9.1.10) Gecko/20100504 Firefox/3.5.10 ( .NET CLR 3.5.30729)"
174.100.43.99 - - [29/Jun/2010:00:27:47 -0700] "GET www.blackstardojo.org/medals/service.png HTTP/1.1" 304 - "http://www.blackstardojo.org/viewtopic.php?t=2374" "Mozilla/5.0 (Windows; U; Windows NT 5.1; en-US; rv:1.9.1.10) Gecko/20100504 Firefox/3.5.10 ( .NET CLR 3.5.30729)"
174.100.43.99 - - [29/Jun/2010:00:27:47 -0700] "GET www.blackstardojo.org/medals/bomb.png HTTP/1.1" 304 - "http://www.blackstardojo.org/viewtopic.php?t=2374" "Mozilla/5.0 (Windows; U; Windows NT 5.1; en-US; rv:1.9.1.10) Gecko/20100504 Firefox/3.5.10 ( .NET CLR 3.5.30729)"
174.100.43.99 - - [29/Jun/2010:00:27:47 -0700] "GET www.blackstardojo.org/medals/expedition.png HTTP/1.1" 304 - "http://www.blackstardojo.org/viewtopic.php?t=2374" "Mozilla/5.0 (Windows; U; Windows NT 5.1; en-US; rv:1.9.1.10) Gecko/20100504 Firefox/3.5.10 ( .NET CLR 3.5.30729)"
174.100.43.99 - - [29/Jun/2010:00:27:47 -0700] "GET www.blackstardojo.org/images/ranks/newbelts/Mantis/GreenMantis.png HTTP/1.1" 304 - "http://www.blackstardojo.org/viewtopic.php?t=2374" "Mozilla/5.0 (Windows; U; Windows NT 5.1; en-US; rv:1.9.1.10) Gecko/20100504 Firefox/3.5.10 ( .NET CLR 3.5.30729)"
174.100.43.99 - - [29/Jun/2010:00:27:47 -0700] "GET www.blackstardojo.org/images/avatars/237679924474bc229226cd.jpg HTTP/1.1" 404 1695 "http://www.blackstardojo.org/viewtopic.php?t=2374" "Mozilla/5.0 (Windows; U; Windows NT 5.1; en-US; rv:1.9.1.10) Gecko/20100504 Firefox/3.5.10 ( .NET CLR 3.5.30729)"
174.100.43.99 - - [29/Jun/2010:00:27:47 -0700] "GET www.blackstardojo.org/templates/guildwars_tree/images/lang_english/icon_www.gif HTTP/1.1" 304 - "http://www.blackstardojo.org/viewtopic.php?t=2374" "Mozilla/5.0 (Windows; U; Windows NT 5.1; en-US; rv:1.9.1.10) Gecko/20100504 Firefox/3.5.10 ( .NET CLR 3.5.30729)"
174.100.43.99 - - [29/Jun/2010:00:27:47 -0700] "GET www.blackstardojo.org/images/ranks/newbelts/Red.png HTTP/1.1" 304 - "http://www.blackstardojo.org/viewtopic.php?t=2374" "Mozilla/5.0 (Windows; U; Windows NT 5.1; en-US; rv:1.9.1.10) Gecko/20100504 Firefox/3.5.10 ( .NET CLR 3.5.30729)"
174.100.43.99 - - [29/Jun/2010:00:27:47 -0700] "GET www.blackstardojo.org/images/ranks/gameware.png HTTP/1.1" 304 - "http://www.blackstardojo.org/viewtopic.php?t=2374" "Mozilla/5.0 (Windows; U; Windows NT 5.1; en-US; rv:1.9.1.10) Gecko/20100504 Firefox/3.5.10 ( .NET CLR 3.5.30729)"
174.100.43.99 - - [29/Jun/2010:00:27:47 -0700] "GET www.blackstardojo.org/images/avatars/2042251561457cb0fee6751.jpg HTTP/1.1" 304 - "http://www.blackstardojo.org/viewtopic.php?t=2374" "Mozilla/5.0 (Windows; U; Windows NT 5.1; en-US; rv:1.9.1.10) Gecko/20100504 Firefox/3.5.10 ( .NET CLR 3.5.30729)"
174.100.43.99 - - [29/Jun/2010:00:27:47 -0700] "GET www.blackstardojo.org/medals/gerbil.png HTTP/1.1" 304 - "http://www.blackstardojo.org/viewtopic.php?t=2374" "Mozilla/5.0 (Windows; U; Windows NT 5.1; en-US; rv:1.9.1.10) Gecko/20100504 Firefox/3.5.10 ( .NET CLR 3.5.30729)"
174.100.43.99 - - [29/Jun/2010:00:27:47 -0700] "GET www.blackstardojo.org/templates/guildwars_tree/images/lang_english/icon_edit.gif HTTP/1.1" 304 - "http://www.blackstardojo.org/viewtopic.php?t=2374" "Mozilla/5.0 (Windows; U; Windows NT 5.1; en-US; rv:1.9.1.10) Gecko/20100504 Firefox/3.5.10 ( .NET CLR 3.5.30729)"
174.100.43.99 - - [29/Jun/2010:00:27:47 -0700] "GET www.blackstardojo.org/templates/guildwars_tree/images/icon_delete.gif HTTP/1.1" 304 - "http://www.blackstardojo.org/viewtopic.php?t=2374" "Mozilla/5.0 (Windows; U; Windows NT 5.1; en-US; rv:1.9.1.10) Gecko/20100504 Firefox/3.5.10 ( .NET CLR 3.5.30729)"
174.100.43.99 - - [29/Jun/2010:00:27:47 -0700] "GET www.blackstardojo.org/templates/guildwars_tree/images/lang_english/icon_yim.gif HTTP/1.1" 304 - "http://www.blackstardojo.org/viewtopic.php?t=2374" "Mozilla/5.0 (Windows; U; Windows NT 5.1; en-US; rv:1.9.1.10) Gecko/20100504 Firefox/3.5.10 ( .NET CLR 3.5.30729)"
174.100.43.99 - - [29/Jun/2010:00:27:47 -0700] "GET www.blackstardojo.org/templates/guildwars_tree/images/cellpic1.gif HTTP/1.1" 304 - "http://www.blackstardojo.org/viewtopic.php?t=2374" "Mozilla/5.0 (Windows; U; Windows NT 5.1; en-US; rv:1.9.1.10) Gecko/20100504 Firefox/3.5.10 ( .NET CLR 3.5.30729)"
174.100.43.99 - - [29/Jun/2010:00:27:47 -0700] "GET www.blackstardojo.org/templates/guildwars_tree/images/cellpic3.gif HTTP/1.1" 304 - "http://www.blackstardojo.org/viewtopic.php?t=2374" "Mozilla/5.0 (Windows; U; Windows NT 5.1; en-US; rv:1.9.1.10) Gecko/20100504 Firefox/3.5.10 ( .NET CLR 3.5.30729)"
68.151.240.23 - - [29/Jun/2010:00:27:54 -0700] "GET www.blackstardojo.org/admin/admin_shop.php?sid=470a012ef395790d822fbaac8cfdf639 HTTP/1.1" 200 18123 "http://www.blackstardojo.org/admin/index.php?pane=left&sid=470a012ef395790d822fbaac8cfdf639" "Mozilla/5.0 (Windows; U; Windows NT 5.1; en-US; rv:1.9.2.6) Gecko/20100625 Firefox/3.6.6 ( .NET CLR 3.5.30729)"
68.151.240.23 - - [29/Jun/2010:00:27:59 -0700] "POST www.blackstardojo.org/admin/admin_shop.php?sid=470a012ef395790d822fbaac8cfdf639 HTTP/1.1" 200 17547 "http://www.blackstardojo.org/admin/admin_shop.php?sid=470a012ef395790d822fbaac8cfdf639" "Mozilla/5.0 (Windows; U; Windows NT 5.1; en-US; rv:1.9.2.6) Gecko/20100625 Firefox/3.6.6 ( .NET CLR 3.5.30729)"
76.11.54.47 - - [29/Jun/2010:00:28:04 -0700] "GET www.blackstardojo.org/profile.php?mode=viewprofile&u=222 HTTP/1.1" 200 37727 "http://www.blackstardojo.org/index.php" "Mozilla/5.0 (Windows; U; Windows NT 5.1; en-US; rv:1.9.2.6) Gecko/20100625 Firefox/3.6.6"
76.11.54.47 - - [29/Jun/2010:00:28:05 -0700] "GET www.blackstardojo.org/images/avatars/237679924474bc229226cd.jpg HTTP/1.1" 404 1695 "http://www.blackstardojo.org/profile.php?mode=viewprofile&u=222" "Mozilla/5.0 (Windows; U; Windows NT 5.1; en-US; rv:1.9.2.6) Gecko/20100625 Firefox/3.6.6"
76.11.54.47 - - [29/Jun/2010:00:28:05 -0700] "GET www.blackstardojo.org/shop/images/Wood Pole.gif HTTP/1.1" 200 1204 "http://www.blackstardojo.org/profile.php?mode=viewprofile&u=222" "Mozilla/5.0 (Windows; U; Windows NT 5.1; en-US; rv:1.9.2.6) Gecko/20100625 Firefox/3.6.6"
76.11.54.47 - - [29/Jun/2010:00:28:05 -0700] "GET www.blackstardojo.org/shop/images/Bronze Arrows.gif HTTP/1.1" 200 425 "http://www.blackstardojo.org/profile.php?mode=viewprofile&u=222" "Mozilla/5.0 (Windows; U; Windows NT 5.1; en-US; rv:1.9.2.6) Gecko/20100625 Firefox/3.6.6"
76.11.54.47 - - [29/Jun/2010:00:28:05 -0700] "GET www.blackstardojo.org/shop/images/Black Walnut Bow.gif HTTP/1.1" 200 785 "http://www.blackstardojo.org/profile.php?mode=viewprofile&u=222" "Mozilla/5.0 (Windows; U; Windows NT 5.1; en-US; rv:1.9.2.6) Gecko/20100625 Firefox/3.6.6"
76.11.54.47 - - [29/Jun/2010:00:28:05 -0700] "GET www.blackstardojo.org/shop/images/Fresh Water.gif HTTP/1.1" 200 1607 "http://www.blackstardojo.org/profile.php?mode=viewprofile&u=222" "Mozilla/5.0 (Windows; U; Windows NT 5.1; en-US; rv:1.9.2.6) Gecko/20100625 Firefox/3.6.6"
76.11.54.47 - - [29/Jun/2010:00:28:05 -0700] "GET www.blackstardojo.org/shop/images/Azurite.gif HTTP/1.1" 200 1652 "http://www.blackstardojo.org/profile.php?mode=viewprofile&u=222" "Mozilla/5.0 (Windows; U; Windows NT 5.1; en-US; rv:1.9.2.6) Gecko/20100625 Firefox/3.6.6"
76.11.54.47 - - [29/Jun/2010:00:28:05 -0700] "GET www.blackstardojo.org/templates/subSilver/images/spacer.gif HTTP/1.1" 200 43 "http://www.blackstardojo.org/profile.php?mode=viewprofile&u=222" "Mozilla/5.0 (Windows; U; Windows NT 5.1; en-US; rv:1.9.2.6) Gecko/20100625 Firefox/3.6.6"
76.11.54.47 - - [29/Jun/2010:00:28:05 -0700] "GET www.blackstardojo.org/shop/images/Demonic Log.gif HTTP/1.1" 200 1567 "http://www.blackstardojo.org/profile.php?mode=viewprofile&u=222" "Mozilla/5.0 (Windows; U; Windows NT 5.1; en-US; rv:1.9.2.6) Gecko/20100625 Firefox/3.6.6"
76.11.54.47 - - [29/Jun/2010:00:28:05 -0700] "GET www.blackstardojo.org/images/cl.gif HTTP/1.1" 200 880 "http://www.blackstardojo.org/profile.php?mode=viewprofile&u=222" "Mozilla/5.0 (Windows; U; Windows NT 5.1; en-US; rv:1.9.2.6) Gecko/20100625 Firefox/3.6.6"
68.151.240.23 - - [29/Jun/2010:00:28:08 -0700] "POST www.blackstardojo.org/admin/admin_shop.php?sid=470a012ef395790d822fbaac8cfdf639 HTTP/1.1" 200 14200 "http://www.blackstardojo.org/admin/admin_shop.php?sid=470a012ef395790d822fbaac8cfdf639" "Mozilla/5.0 (Windows; U; Windows NT 5.1; en-US; rv:1.9.2.6) Gecko/20100625 Firefox/3.6.6 ( .NET CLR 3.5.30729)"
193.47.80.40 - - [29/Jun/2010:00:28:18 -0700] "GET blackstardojo.org/wiki/index.php?title=Special:Whatlinkshere/501 HTTP/1.1" 200 1995 "-" "Mozilla/5.0 (compatible; Exabot/3.0; +http://www.exabot.com/go/robot)"
76.11.54.47 - - [29/Jun/2010:00:28:32 -0700] "GET www.blackstardojo.org/shop.php HTTP/1.1" 200 23945 "http://www.blackstardojo.org/profile.php?mode=viewprofile&u=222" "Mozilla/5.0 (Windows; U; Windows NT 5.1; en-US; rv:1.9.2.6) Gecko/20100625 Firefox/3.6.6"
76.11.54.47 - - [29/Jun/2010:00:28:36 -0700] "GET www.blackstardojo.org/shop.php?action=district&d=1 HTTP/1.1" 200 24117 "http://www.blackstardojo.org/shop.php" "Mozilla/5.0 (Windows; U; Windows NT 5.1; en-US; rv:1.9.2.6) Gecko/20100625 Firefox/3.6.6"
68.151.240.23 - - [29/Jun/2010:00:28:39 -0700] "POST www.blackstardojo.org/admin/admin_shop.php?sid=470a012ef395790d822fbaac8cfdf639 HTTP/1.1" 200 14226 "http://www.blackstardojo.org/admin/admin_shop.php?sid=470a012ef395790d822fbaac8cfdf639" "Mozilla/5.0 (Windows; U; Windows NT 5.1; en-US; rv:1.9.2.6) Gecko/20100625 Firefox/3.6.6 ( .NET CLR 3.5.30729)"
76.11.54.47 - - [29/Jun/2010:00:28:40 -0700] "GET www.blackstardojo.org/shop_users.php HTTP/1.1" 200 29276 "http://www.blackstardojo.org/shop.php?action=district&d=1" "Mozilla/5.0 (Windows; U; Windows NT 5.1; en-US; rv:1.9.2.6) Gecko/20100625 Firefox/3.6.6"
76.11.54.47 - - [29/Jun/2010:00:28:46 -0700] "GET www.blackstardojo.org/index.php HTTP/1.1" 200 50024 "http://www.blackstardojo.org/shop_users.php" "Mozilla/5.0 (Windows; U; Windows NT 5.1; en-US; rv:1.9.2.6) Gecko/20100625 Firefox/3.6.6"
76.11.54.47 - - [29/Jun/2010:00:28:48 -0700] "GET www.blackstardojo.org/shop.php HTTP/1.1" 200 23945 "http://www.blackstardojo.org/index.php" "Mozilla/5.0 (Windows; U; Windows NT 5.1; en-US; rv:1.9.2.6) Gecko/20100625 Firefox/3.6.6"
76.11.54.47 - - [29/Jun/2010:00:28:50 -0700] "GET www.blackstardojo.org/shop_inventory.php?action=shoplist&shop=7 HTTP/1.1" 200 37535 "http://www.blackstardojo.org/shop.php" "Mozilla/5.0 (Windows; U; Windows NT 5.1; en-US; rv:1.9.2.6) Gecko/20100625 Firefox/3.6.6"
76.11.54.47 - - [29/Jun/2010:00:28:50 -0700] "GET www.blackstardojo.org/shop/images/Agate Chameleon Talisman.png HTTP/1.1" 200 8002 "http://www.blackstardojo.org/shop_inventory.php?action=shoplist&shop=7" "Mozilla/5.0 (Windows; U; Windows NT 5.1; en-US; rv:1.9.2.6) Gecko/20100625 Firefox/3.6.6"
76.11.54.47 - - [29/Jun/2010:00:28:50 -0700] "GET www.blackstardojo.org/shop/images/Agate Fox Talisman.png HTTP/1.1" 200 8398 "http://www.blackstardojo.org/shop_inventory.php?action=shoplist&shop=7" "Mozilla/5.0 (Windows; U; Windows NT 5.1; en-US; rv:1.9.2.6) Gecko/20100625 Firefox/3.6.6"
76.11.54.47 - - [29/Jun/2010:00:28:50 -0700] "GET www.blackstardojo.org/shop/images/Agate Spider Talisman.png HTTP/1.1" 200 6400 "http://www.blackstardojo.org/shop_inventory.php?action=shoplist&shop=7" "Mozilla/5.0 (Windows; U; Windows NT 5.1; en-US; rv:1.9.2.6) Gecko/20100625 Firefox/3.6.6"
76.11.54.47 - - [29/Jun/2010:00:28:50 -0700] "GET www.blackstardojo.org/shop/images/Agate Monkey Talisman.png HTTP/1.1" 200 7810 "http://www.blackstardojo.org/shop_inventory.php?action=shoplist&shop=7" "Mozilla/5.0 (Windows; U; Windows NT 5.1; en-US; rv:1.9.2.6) Gecko/20100625 Firefox/3.6.6"
76.11.54.47 - - [29/Jun/2010:00:28:50 -0700] "GET www.blackstardojo.org/shop/images/Agate Owl Talisman.png HTTP/1.1" 200 6377 "http://www.blackstardojo.org/shop_inventory.php?action=shoplist&shop=7" "Mozilla/5.0 (Windows; U; Windows NT 5.1; en-US; rv:1.9.2.6) Gecko/20100625 Firefox/3.6.6"
76.11.54.47 - - [29/Jun/2010:00:28:50 -0700] "GET www.blackstardojo.org/shop/images/Agate Mantis Talisman.png HTTP/1.1" 200 4527 "http://www.blackstardojo.org/shop_inventory.php?action=shoplist&shop=7" "Mozilla/5.0 (Windows; U; Windows NT 5.1; en-US; rv:1.9.2.6) Gecko/20100625 Firefox/3.6.6"
76.11.54.47 - - [29/Jun/2010:00:28:50 -0700] "GET www.blackstardojo.org/shop/images/Agate Tiger Talisman.png HTTP/1.1" 200 7108 "http://www.blackstardojo.org/shop_inventory.php?action=shoplist&shop=7" "Mozilla/5.0 (Windows; U; Windows NT 5.1; en-US; rv:1.9.2.6) Gecko/20100625 Firefox/3.6.6"
76.11.54.47 - - [29/Jun/2010:00:28:51 -0700] "GET www.blackstardojo.org/shop/images/Jade Chameleon Talisman.gif HTTP/1.1" 200 1754 "http://www.blackstardojo.org/shop_inventory.php?action=shoplist&shop=7" "Mozilla/5.0 (Windows; U; Windows NT 5.1; en-US; rv:1.9.2.6) Gecko/20100625 Firefox/3.6.6"
76.11.54.47 - - [29/Jun/2010:00:28:51 -0700] "GET www.blackstardojo.org/shop/images/Jade Mantis Talisman.gif HTTP/1.1" 200 1295 "http://www.blackstardojo.org/shop_inventory.php?action=shoplist&shop=7" "Mozilla/5.0 (Windows; U; Windows NT 5.1; en-US; rv:1.9.2.6) Gecko/20100625 Firefox/3.6.6"
76.11.54.47 - - [29/Jun/2010:00:28:51 -0700] "GET www.blackstardojo.org/shop/images/Jade Fox Talisman.gif HTTP/1.1" 200 1435 "http://www.blackstardojo.org/shop_inventory.php?action=shoplist&shop=7" "Mozilla/5.0 (Windows; U; Windows NT 5.1; en-US; rv:1.9.2.6) Gecko/20100625 Firefox/3.6.6"
76.11.54.47 - - [29/Jun/2010:00:28:51 -0700] "GET www.blackstardojo.org/shop/images/Jade Monkey Talisman.gif HTTP/1.1" 200 1422 "http://www.blackstardojo.org/shop_inventory.php?action=shoplist&shop=7" "Mozilla/5.0 (Windows; U; Windows NT 5.1; en-US; rv:1.9.2.6) Gecko/20100625 Firefox/3.6.6"
76.11.54.47 - - [29/Jun/2010:00:28:51 -0700] "GET www.blackstardojo.org/shop/images/Jade Owl Talisman.gif HTTP/1.1" 200 1452 "http://www.blackstardojo.org/shop_inventory.php?action=shoplist&shop=7" "Mozilla/5.0 (Windows; U; Windows NT 5.1; en-US; rv:1.9.2.6) Gecko/20100625 Firefox/3.6.6"
76.11.54.47 - - [29/Jun/2010:00:28:51 -0700] "GET www.blackstardojo.org/shop/images/Jade Tiger Talisman.gif HTTP/1.1" 200 1467 "http://www.blackstardojo.org/shop_inventory.php?action=shoplist&shop=7" "Mozilla/5.0 (Windows; U; Windows NT 5.1; en-US; rv:1.9.2.6) Gecko/20100625 Firefox/3.6.6"
76.11.54.47 - - [29/Jun/2010:00:28:51 -0700] "GET www.blackstardojo.org/shop/images/Jade Spider Talisman.gif HTTP/1.1" 200 1306 "http://www.blackstardojo.org/shop_inventory.php?action=shoplist&shop=7" "Mozilla/5.0 (Windows; U; Windows NT 5.1; en-US; rv:1.9.2.6) Gecko/20100625 Firefox/3.6.6"
76.11.54.47 - - [29/Jun/2010:00:28:51 -0700] "GET www.blackstardojo.org/shop/images/Ruby Talisman.gif HTTP/1.1" 200 2086 "http://www.blackstardojo.org/shop_inventory.php?action=shoplist&shop=7" "Mozilla/5.0 (Windows; U; Windows NT 5.1; en-US; rv:1.9.2.6) Gecko/20100625 Firefox/3.6.6"
76.11.54.47 - - [29/Jun/2010:00:28:51 -0700] "GET www.blackstardojo.org/shop/images/Sapphire Chameleon Talisman.png HTTP/1.1" 200 8491 "http://www.blackstardojo.org/shop_inventory.php?action=shoplist&shop=7" "Mozilla/5.0 (Windows; U; Windows NT 5.1; en-US; rv:1.9.2.6) Gecko/20100625 Firefox/3.6.6"
76.11.54.47 - - [29/Jun/2010:00:28:51 -0700] "GET www.blackstardojo.org/shop/images/Sapphire Fox Talisman.png HTTP/1.1" 200 9073 "http://www.blackstardojo.org/shop_inventory.php?action=shoplist&shop=7" "Mozilla/5.0 (Windows; U; Windows NT 5.1; en-US; rv:1.9.2.6) Gecko/20100625 Firefox/3.6.6"
76.11.54.47 - - [29/Jun/2010:00:28:51 -0700] "GET www.blackstardojo.org/shop/images/Sapphire Mantis Talisman.png HTTP/1.1" 200 4753 "http://www.blackstardojo.org/shop_inventory.php?action=shoplist&shop=7" "Mozilla/5.0 (Windows; U; Windows NT 5.1; en-US; rv:1.9.2.6) Gecko/20100625 Firefox/3.6.6"
76.11.54.47 - - [29/Jun/2010:00:28:51 -0700] "GET www.blackstardojo.org/shop/images/Sapphire Monkey Talisman.png HTTP/1.1" 200 8378 "http://www.blackstardojo.org/shop_inventory.php?action=shoplist&shop=7" "Mozilla/5.0 (Windows; U; Windows NT 5.1; en-US; rv:1.9.2.6) Gecko/20100625 Firefox/3.6.6"
76.11.54.47 - - [29/Jun/2010:00:28:51 -0700] "GET www.blackstardojo.org/shop/images/Sapphire Owl Talisman.png HTTP/1.1" 200 6952 "http://www.blackstardojo.org/shop_inventory.php?action=shoplist&shop=7" "Mozilla/5.0 (Windows; U; Windows NT 5.1; en-US; rv:1.9.2.6) Gecko/20100625 Firefox/3.6.6"
76.11.54.47 - - [29/Jun/2010:00:28:51 -0700] "GET www.blackstardojo.org/shop/images/Sapphire Spider Talisman.png HTTP/1.1" 200 6597 "http://www.blackstardojo.org/shop_inventory.php?action=shoplist&shop=7" "Mozilla/5.0 (Windows; U; Windows NT 5.1; en-US; rv:1.9.2.6) Gecko/20100625 Firefox/3.6.6"
76.11.54.47 - - [29/Jun/2010:00:28:51 -0700] "GET www.blackstardojo.org/shop/images/Sapphire Tiger Talisman.png HTTP/1.1" 200 7816 "http://www.blackstardojo.org/shop_inventory.php?action=shoplist&shop=7" "Mozilla/5.0 (Windows; U; Windows NT 5.1; en-US; rv:1.9.2.6) Gecko/20100625 Firefox/3.6.6"
76.11.54.47 - - [29/Jun/2010:00:28:51 -0700] "GET www.blackstardojo.org/shop/images/Topaz Talisman.gif HTTP/1.1" 200 2082 "http://www.blackstardojo.org/shop_inventory.php?action=shoplist&shop=7" "Mozilla/5.0 (Windows; U; Windows NT 5.1; en-US; rv:1.9.2.6) Gecko/20100625 Firefox/3.6.6"
76.11.54.47 - - [29/Jun/2010:00:29:29 -0700] "GET www.blackstardojo.org/index.php HTTP/1.1" 200 50023 "http://www.blackstardojo.org/shop_users.php" "Mozilla/5.0 (Windows; U; Windows NT 5.1; en-US; rv:1.9.2.6) Gecko/20100625 Firefox/3.6.6"
76.11.54.47 - - [29/Jun/2010:00:29:35 -0700] "GET www.blackstardojo.org/viewtopic.php?p=53087 HTTP/1.1" 200 49920 "http://www.blackstardojo.org/index.php" "Mozilla/5.0 (Windows; U; Windows NT 5.1; en-US; rv:1.9.2.6) Gecko/20100625 Firefox/3.6.6"
76.11.54.47 - - [29/Jun/2010:00:29:35 -0700] "GET www.blackstardojo.org/images/avatars/4619597534c296b84163b1.jpg HTTP/1.1" 304 - "http://www.blackstardojo.org/viewtopic.php?p=53087" "Mozilla/5.0 (Windows; U; Windows NT 5.1; en-US; rv:1.9.2.6) Gecko/20100625 Firefox/3.6.6"
76.11.54.47 - - [29/Jun/2010:00:29:35 -0700] "GET www.blackstardojo.org/images/avatars/237679924474bc229226cd.jpg HTTP/1.1" 404 1695 "http://www.blackstardojo.org/viewtopic.php?p=53087" "Mozilla/5.0 (Windows; U; Windows NT 5.1; en-US; rv:1.9.2.6) Gecko/20100625 Firefox/3.6.6"
76.11.54.47 - - [29/Jun/2010:00:29:38 -0700] "GET www.blackstardojo.org/posting.php?mode=reply&t=2374 HTTP/1.1" 200 48398 "http://www.blackstardojo.org/viewtopic.php?p=53087" "Mozilla/5.0 (Windows; U; Windows NT 5.1; en-US; rv:1.9.2.6) Gecko/20100625 Firefox/3.6.6"
76.11.54.47 - - [29/Jun/2010:00:29:39 -0700] "GET www.blackstardojo.org/posting.php?mode=topicreview&t=2374 HTTP/1.1" 200 15915 "http://www.blackstardojo.org/posting.php?mode=reply&t=2374" "Mozilla/5.0 (Windows; U; Windows NT 5.1; en-US; rv:1.9.2.6) Gecko/20100625 Firefox/3.6.6"
67.195.111.226 - - [29/Jun/2010:00:29:48 -0700] "GET www.blackstardojo.org/wiki/index.php?title=Special:Whatlinkshere&target=Grendel&limit=500&offset=0 HTTP/1.0" 200 2168 "-" "Mozilla/5.0 (compatible; Yahoo! Slurp/3.0; http://help.yahoo.com/help/us/ysearch/slurp)"
76.11.54.47 - - [29/Jun/2010:00:29:50 -0700] "POST www.blackstardojo.org/posting.php HTTP/1.1" 200 21420 "http://www.blackstardojo.org/posting.php?mode=reply&t=2374" "Mozilla/5.0 (Windows; U; Windows NT 5.1; en-US; rv:1.9.2.6) Gecko/20100625 Firefox/3.6.6"
76.11.54.47 - - [29/Jun/2010:00:29:56 -0700] "GET www.blackstardojo.org/viewtopic.php?p=53088 HTTP/1.1" 200 55600 "-" "Mozilla/5.0 (Windows; U; Windows NT 5.1; en-US; rv:1.9.2.6) Gecko/20100625 Firefox/3.6.6"
76.11.54.47 - - [29/Jun/2010:00:29:56 -0700] "GET www.blackstardojo.org/images/avatars/237679924474bc229226cd.jpg HTTP/1.1" 404 1695 "http://www.blackstardojo.org/viewtopic.php?p=53088" "Mozilla/5.0 (Windows; U; Windows NT 5.1; en-US; rv:1.9.2.6) Gecko/20100625 Firefox/3.6.6"
76.11.54.47 - - [29/Jun/2010:00:30:00 -0700] "GET www.blackstardojo.org/index.php HTTP/1.1" 200 50030 "http://www.blackstardojo.org/viewtopic.php?p=53088" "Mozilla/5.0 (Windows; U; Windows NT 5.1; en-US; rv:1.9.2.6) Gecko/20100625 Firefox/3.6.6"
76.11.54.47 - - [29/Jun/2010:00:30:05 -0700] "GET www.blackstardojo.org/viewtopic.php?p=53050 HTTP/1.1" 200 55676 "http://www.blackstardojo.org/index.php" "Mozilla/5.0 (Windows; U; Windows NT 5.1; en-US; rv:1.9.2.6) Gecko/20100625 Firefox/3.6.6"
76.11.54.47 - - [29/Jun/2010:00:30:05 -0700] "GET www.blackstardojo.org/images/avatars/237679924474bc229226cd.jpg HTTP/1.1" 404 1695 "http://www.blackstardojo.org/viewtopic.php?p=53050" "Mozilla/5.0 (Windows; U; Windows NT 5.1; en-US; rv:1.9.2.6) Gecko/20100625 Firefox/3.6.6"
76.11.54.47 - - [29/Jun/2010:00:30:13 -0700] "GET www.blackstardojo.org/index.php HTTP/1.1" 200 50031 "http://www.blackstardojo.org/viewtopic.php?p=53050" "Mozilla/5.0 (Windows; U; Windows NT 5.1; en-US; rv:1.9.2.6) Gecko/20100625 Firefox/3.6.6"
76.11.54.47 - - [29/Jun/2010:00:30:22 -0700] "GET www.blackstardojo.org/viewforum.php?f=16 HTTP/1.1" 200 93788 "http://www.blackstardojo.org/index.php" "Mozilla/5.0 (Windows; U; Windows NT 5.1; en-US; rv:1.9.2.6) Gecko/20100625 Firefox/3.6.6"
70.170.64.168 - - [29/Jun/2010:00:30:28 -0700] "GET www.blackstardojo.org/shop/images/Pokeball.gif HTTP/1.1" 200 314 "http://fuckyeahpokememe.tumblr.com/post/744649003/originally-by" "Opera/9.50 (Nintendo DSi; Opera/507; U; en-US)"
67.195.111.226 - - [29/Jun/2010:00:30:34 -0700] "GET www.blackstardojo.org/bookies.php HTTP/1.0" 302 39 "-" "Mozilla/5.0 (compatible; Yahoo! Slurp/3.0; http://help.yahoo.com/help/us/ysearch/slurp)"
76.11.54.47 - - [29/Jun/2010:00:30:34 -0700] "GET www.blackstardojo.org/index.php HTTP/1.1" 200 50030 "http://www.blackstardojo.org/viewforum.php?f=16" "Mozilla/5.0 (Windows; U; Windows NT 5.1; en-US; rv:1.9.2.6) Gecko/20100625 Firefox/3.6.6"
67.195.111.226 - - [29/Jun/2010:00:30:34 -0700] "GET www.blackstardojo.org/login.php?redirect=bookies.php&sid=5c79e139bdc05dea5a8aaaaf744f6d16 HTTP/1.0" 200 22222 "-" "Mozilla/5.0 (compatible; Yahoo! Slurp/3.0; http://help.yahoo.com/help/us/ysearch/slurp)"
67.195.111.226 - - [29/Jun/2010:00:30:43 -0700] "GET www.blackstardojo.org/posting.php?mode=quote&p=52063 HTTP/1.0" 302 39 "-" "Mozilla/5.0 (compatible; Yahoo! Slurp/3.0; http://help.yahoo.com/help/us/ysearch/slurp)"
67.195.111.226 - - [29/Jun/2010:00:30:43 -0700] "GET www.blackstardojo.org/login.php?redirect=posting.php&mode=quote&p=52063&sid=9571df0df2a9e321be801d023d400dd4 HTTP/1.0" 200 22240 "-" "Mozilla/5.0 (compatible; Yahoo! Slurp/3.0; http://help.yahoo.com/help/us/ysearch/slurp)"
76.11.54.47 - - [29/Jun/2010:00:30:45 -0700] "GET www.blackstardojo.org/viewforum.php?f=22 HTTP/1.1" 200 85348 "http://www.blackstardojo.org/index.php" "Mozilla/5.0 (Windows; U; Windows NT 5.1; en-US; rv:1.9.2.6) Gecko/20100625 Firefox/3.6.6"
76.11.54.47 - - [29/Jun/2010:00:30:55 -0700] "GET www.blackstardojo.org/viewtopic.php?t=2306 HTTP/1.1" 200 35775 "http://www.blackstardojo.org/viewforum.php?f=22" "Mozilla/5.0 (Windows; U; Windows NT 5.1; en-US; rv:1.9.2.6) Gecko/20100625 Firefox/3.6.6"
76.11.54.47 - - [29/Jun/2010:00:30:57 -0700] "GET www.blackstardojo.org/images/ranks/oblivion.jpg HTTP/1.1" 200 2250 "http://www.blackstardojo.org/viewtopic.php?t=2306" "Mozilla/5.0 (Windows; U; Windows NT 5.1; en-US; rv:1.9.2.6) Gecko/20100625 Firefox/3.6.6"
76.11.54.47 - - [29/Jun/2010:00:30:57 -0700] "GET www.blackstardojo.org/images/avatars/20453250724a173af6604de.png HTTP/1.1" 404 1695 "http://www.blackstardojo.org/viewtopic.php?t=2306" "Mozilla/5.0 (Windows; U; Windows NT 5.1; en-US; rv:1.9.2.6) Gecko/20100625 Firefox/3.6.6"
76.11.54.47 - - [29/Jun/2010:00:31:11 -0700] "GET www.blackstardojo.org/index.php HTTP/1.1" 200 50029 "http://www.blackstardojo.org/viewtopic.php?t=2306" "Mozilla/5.0 (Windows; U; Windows NT 5.1; en-US; rv:1.9.2.6) Gecko/20100625 Firefox/3.6.6"
67.195.111.226 - - [29/Jun/2010:00:31:14 -0700] "GET www.blackstardojo.org/viewtopic.php?p=9917 HTTP/1.0" 200 92864 "-" "Mozilla/5.0 (compatible; Yahoo! Slurp/3.0; http://help.yahoo.com/help/us/ysearch/slurp)"
77.45.18.162 - - [29/Jun/2010:00:31:57 -0700] "GET www.blackstardojo.org/shop/images/Pokeball.gif HTTP/1.1" 200 314 "http://fuckyeahpokememe.tumblr.com/" "Mozilla/5.0 (Windows; U; Windows NT 6.1; pl; rv:1.9.2.6) Gecko/20100625 Firefox/3.6.6"
76.11.54.47 - - [29/Jun/2010:00:31:59 -0700] "GET www.blackstardojo.org/profile.php?mode=viewprofile&u=222 HTTP/1.1" 200 37727 "http://www.blackstardojo.org/index.php" "Mozilla/5.0 (Windows; U; Windows NT 5.1; en-US; rv:1.9.2.6) Gecko/20100625 Firefox/3.6.6"
76.11.54.47 - - [29/Jun/2010:00:31:59 -0700] "GET www.blackstardojo.org/images/avatars/237679924474bc229226cd.jpg HTTP/1.1" 404 1695 "http://www.blackstardojo.org/profile.php?mode=viewprofile&u=222" "Mozilla/5.0 (Windows; U; Windows NT 5.1; en-US; rv:1.9.2.6) Gecko/20100625 Firefox/3.6.6"
76.11.54.47 - - [29/Jun/2010:00:32:04 -0700] "GET www.blackstardojo.org/search.php?search_author=rosebarks HTTP/1.1" 200 43855 "http://www.blackstardojo.org/profile.php?mode=viewprofile&u=222" "Mozilla/5.0 (Windows; U; Windows NT 5.1; en-US; rv:1.9.2.6) Gecko/20100625 Firefox/3.6.6"
76.11.54.47 - - [29/Jun/2010:00:32:14 -0700] "GET www.blackstardojo.org/search.php?search_id=1567834816&start=315 HTTP/1.1" 200 43420 "http://www.blackstardojo.org/search.php?search_author=rosebarks" "Mozilla/5.0 (Windows; U; Windows NT 5.1; en-US; rv:1.9.2.6) Gecko/20100625 Firefox/3.6.6"
76.11.54.47 - - [29/Jun/2010:00:32:21 -0700] "GET www.blackstardojo.org/search.php?search_id=1567834816&start=300 HTTP/1.1" 200 43197 "http://www.blackstardojo.org/search.php?search_id=1567834816&start=315" "Mozilla/5.0 (Windows; U; Windows NT 5.1; en-US; rv:1.9.2.6) Gecko/20100625 Firefox/3.6.6"
76.11.54.47 - - [29/Jun/2010:00:32:25 -0700] "GET www.blackstardojo.org/viewtopic.php?p=41257&highlight= HTTP/1.1" 200 124304 "http://www.blackstardojo.org/search.php?search_id=1567834816&start=300" "Mozilla/5.0 (Windows; U; Windows NT 5.1; en-US; rv:1.9.2.6) Gecko/20100625 Firefox/3.6.6"
76.11.54.47 - - [29/Jun/2010:00:32:26 -0700] "GET www.blackstardojo.org/images/ranks/newbelts/Chameleon/GreenChameleon.png HTTP/1.1" 200 4804 "http://www.blackstardojo.org/viewtopic.php?p=41257&highlight=" "Mozilla/5.0 (Windows; U; Windows NT 5.1; en-US; rv:1.9.2.6) Gecko/20100625 Firefox/3.6.6"
76.11.54.47 - - [29/Jun/2010:00:32:26 -0700] "GET www.blackstardojo.org/images/avatars/14840518054a7b926230da2.png HTTP/1.1" 200 11863 "http://www.blackstardojo.org/viewtopic.php?p=41257&highlight=" "Mozilla/5.0 (Windows; U; Windows NT 5.1; en-US; rv:1.9.2.6) Gecko/20100625 Firefox/3.6.6"
76.11.54.47 - - [29/Jun/2010:00:32:26 -0700] "GET www.blackstardojo.org/medals/LabyrinthMedal.png HTTP/1.1" 200 3591 "http://www.blackstardojo.org/viewtopic.php?p=41257&highlight=" "Mozilla/5.0 (Windows; U; Windows NT 5.1; en-US; rv:1.9.2.6) Gecko/20100625 Firefox/3.6.6"
76.11.54.47 - - [29/Jun/2010:00:32:26 -0700] "GET www.blackstardojo.org/medals/dojo_service.png HTTP/1.1" 200 2406 "http://www.blackstardojo.org/viewtopic.php?p=41257&highlight=" "Mozilla/5.0 (Windows; U; Windows NT 5.1; en-US; rv:1.9.2.6) Gecko/20100625 Firefox/3.6.6"
76.11.54.47 - - [29/Jun/2010:00:32:26 -0700] "GET www.blackstardojo.org/images/avatars/36556135147b9a3951a374.gif HTTP/1.1" 404 1695 "http://www.blackstardojo.org/viewtopic.php?p=41257&highlight=" "Mozilla/5.0 (Windows; U; Windows NT 5.1; en-US; rv:1.9.2.6) Gecko/20100625 Firefox/3.6.6"
76.11.54.47 - - [29/Jun/2010:00:32:26 -0700] "GET www.blackstardojo.org/medals/behave.png HTTP/1.1" 200 3769 "http://www.blackstardojo.org/viewtopic.php?p=41257&highlight=" "Mozilla/5.0 (Windows; U; Windows NT 5.1; en-US; rv:1.9.2.6) Gecko/20100625 Firefox/3.6.6"
76.11.54.47 - - [29/Jun/2010:00:32:26 -0700] "GET www.blackstardojo.org/medals/RookieArpie.png HTTP/1.1" 200 4683 "http://www.blackstardojo.org/viewtopic.php?p=41257&highlight=" "Mozilla/5.0 (Windows; U; Windows NT 5.1; en-US; rv:1.9.2.6) Gecko/20100625 Firefox/3.6.6"
76.11.54.47 - - [29/Jun/2010:00:32:26 -0700] "GET www.blackstardojo.org/images/avatars/15650721624770839a0d294.png HTTP/1.1" 404 1695 "http://www.blackstardojo.org/viewtopic.php?p=41257&highlight=" "Mozilla/5.0 (Windows; U; Windows NT 5.1; en-US; rv:1.9.2.6) Gecko/20100625 Firefox/3.6.6"
76.11.54.47 - - [29/Jun/2010:00:32:26 -0700] "GET www.blackstardojo.org/images/ranks/newbelts/Spider/GreenSpiderMod.png HTTP/1.1" 200 5837 "http://www.blackstardojo.org/viewtopic.php?p=41257&highlight=" "Mozilla/5.0 (Windows; U; Windows NT 5.1; en-US; rv:1.9.2.6) Gecko/20100625 Firefox/3.6.6"
76.11.54.47 - - [29/Jun/2010:00:32:26 -0700] "GET www.blackstardojo.org/medals/ResistanceMedal.gif HTTP/1.1" 200 1820 "http://www.blackstardojo.org/viewtopic.php?p=41257&highlight=" "Mozilla/5.0 (Windows; U; Windows NT 5.1; en-US; rv:1.9.2.6) Gecko/20100625 Firefox/3.6.6"
76.11.54.47 - - [29/Jun/2010:00:32:26 -0700] "GET www.blackstardojo.org/medals/qotmnominee.png HTTP/1.1" 200 3550 "http://www.blackstardojo.org/viewtopic.php?p=41257&highlight=" "Mozilla/5.0 (Windows; U; Windows NT 5.1; en-US; rv:1.9.2.6) Gecko/20100625 Firefox/3.6.6"
76.11.54.47 - - [29/Jun/2010:00:32:26 -0700] "GET www.blackstardojo.org/images/senseibar.png HTTP/1.1" 200 2009 "http://www.blackstardojo.org/viewtopic.php?p=41257&highlight=" "Mozilla/5.0 (Windows; U; Windows NT 5.1; en-US; rv:1.9.2.6) Gecko/20100625 Firefox/3.6.6"
76.11.54.47 - - [29/Jun/2010:00:32:26 -0700] "GET www.blackstardojo.org/images/avatars/1937447709448ec49dd1f70.gif HTTP/1.1" 200 2107 "http://www.blackstardojo.org/viewtopic.php?p=41257&highlight=" "Mozilla/5.0 (Windows; U; Windows NT 5.1; en-US; rv:1.9.2.6) Gecko/20100625 Firefox/3.6.6"
76.11.54.47 - - [29/Jun/2010:00:32:26 -0700] "GET www.blackstardojo.org/medals/music.png HTTP/1.1" 200 2680 "http://www.blackstardojo.org/viewtopic.php?p=41257&highlight=" "Mozilla/5.0 (Windows; U; Windows NT 5.1; en-US; rv:1.9.2.6) Gecko/20100625 Firefox/3.6.6"
76.11.54.47 - - [29/Jun/2010:00:32:26 -0700] "GET www.blackstardojo.org/images/ranks/newbelts/Monkey/GreenMonkey.png HTTP/1.1" 200 4800 "http://www.blackstardojo.org/viewtopic.php?p=41257&highlight=" "Mozilla/5.0 (Windows; U; Windows NT 5.1; en-US; rv:1.9.2.6) Gecko/20100625 Firefox/3.6.6"
76.11.54.47 - - [29/Jun/2010:00:32:26 -0700] "GET www.blackstardojo.org/images/smiles/laughing.GIF HTTP/1.1" 200 172 "http://www.blackstardojo.org/viewtopic.php?p=41257&highlight=" "Mozilla/5.0 (Windows; U; Windows NT 5.1; en-US; rv:1.9.2.6) Gecko/20100625 Firefox/3.6.6"
76.11.54.47 - - [29/Jun/2010:00:32:26 -0700] "GET www.blackstardojo.org/medals/colonyRP.png HTTP/1.1" 200 3434 "http://www.blackstardojo.org/viewtopic.php?p=41257&highlight=" "Mozilla/5.0 (Windows; U; Windows NT 5.1; en-US; rv:1.9.2.6) Gecko/20100625 Firefox/3.6.6"
76.11.54.47 - - [29/Jun/2010:00:32:26 -0700] "GET www.blackstardojo.org/images/ranks/newbelts/Yellow.png HTTP/1.1" 200 4589 "http://www.blackstardojo.org/viewtopic.php?p=41257&highlight=" "Mozilla/5.0 (Windows; U; Windows NT 5.1; en-US; rv:1.9.2.6) Gecko/20100625 Firefox/3.6.6"
76.11.54.47 - - [29/Jun/2010:00:32:26 -0700] "GET www.blackstardojo.org/images/avatars/41948917483a363166bd0.jpg HTTP/1.1" 404 1695 "http://www.blackstardojo.org/viewtopic.php?p=41257&highlight=" "Mozilla/5.0 (Windows; U; Windows NT 5.1; en-US; rv:1.9.2.6) Gecko/20100625 Firefox/3.6.6"
76.11.54.47 - - [29/Jun/2010:00:32:26 -0700] "GET www.blackstardojo.org/images/ranks/newbelts/Tiger/BlackTigerAdmin.png HTTP/1.1" 200 5127 "http://www.blackstardojo.org/viewtopic.php?p=41257&highlight=" "Mozilla/5.0 (Windows; U; Windows NT 5.1; en-US; rv:1.9.2.6) Gecko/20100625 Firefox/3.6.6"
76.11.54.47 - - [29/Jun/2010:00:32:26 -0700] "GET www.blackstardojo.org/images/avatars/10235696484c1a254a7976e.gif HTTP/1.1" 200 2211 "http://www.blackstardojo.org/viewtopic.php?p=41257&highlight=" "Mozilla/5.0 (Windows; U; Windows NT 5.1; en-US; rv:1.9.2.6) Gecko/20100625 Firefox/3.6.6"
76.11.54.47 - - [29/Jun/2010:00:32:26 -0700] "GET www.blackstardojo.org/images/ranks/newbelts/Mantis/BlueMantisAdmin.png HTTP/1.1" 200 5709 "http://www.blackstardojo.org/viewtopic.php?p=41257&highlight=" "Mozilla/5.0 (Windows; U; Windows NT 5.1; en-US; rv:1.9.2.6) Gecko/20100625 Firefox/3.6.6"
76.11.54.47 - - [29/Jun/2010:00:32:26 -0700] "GET www.blackstardojo.org/medals/HeartofGold.png HTTP/1.1" 200 5577 "http://www.blackstardojo.org/viewtopic.php?p=41257&highlight=" "Mozilla/5.0 (Windows; U; Windows NT 5.1; en-US; rv:1.9.2.6) Gecko/20100625 Firefox/3.6.6"
76.11.54.47 - - [29/Jun/2010:00:32:26 -0700] "GET www.blackstardojo.org/images/avatars/16289778194854e33f354f6.gif HTTP/1.1" 404 1695 "http://www.blackstardojo.org/viewtopic.php?p=41257&highlight=" "Mozilla/5.0 (Windows; U; Windows NT 5.1; en-US; rv:1.9.2.6) Gecko/20100625 Firefox/3.6.6"
76.11.54.47 - - [29/Jun/2010:00:32:26 -0700] "GET www.blackstardojo.org/images/avatars/237679924474bc229226cd.jpg HTTP/1.1" 404 1695 "http://www.blackstardojo.org/viewtopic.php?p=41257&highlight=" "Mozilla/5.0 (Windows; U; Windows NT 5.1; en-US; rv:1.9.2.6) Gecko/20100625 Firefox/3.6.6"
67.195.115.240 - - [29/Jun/2010:00:32:46 -0700] "GET blackstardojo.org/posting.php?mode=quote&p=11607 HTTP/1.0" 302 39 "-" "Mozilla/5.0 (compatible; Yahoo! Slurp/3.0; http://help.yahoo.com/help/us/ysearch/slurp)"
67.195.111.226 - - [29/Jun/2010:00:32:47 -0700] "GET www.blackstardojo.org/login.php?redirect=posting.php&mode=quote&p=11607&sid=825593cd45af7ab260a2428d433bb517 HTTP/1.0" 200 22240 "-" "Mozilla/5.0 (compatible; Yahoo! Slurp/3.0; http://help.yahoo.com/help/us/ysearch/slurp)"
70.170.64.168 - - [29/Jun/2010:00:32:49 -0700] "GET www.blackstardojo.org/shop/images/Pokeball.gif HTTP/1.1" 200 314 "http://fuckyeahpokememe.tumblr.com/page/2" "Opera/9.50 (Nintendo DSi; Opera/507; U; en-US)"
76.11.54.47 - - [29/Jun/2010:00:32:58 -0700] "GET www.blackstardojo.org/viewtopic.php?t=1733&postdays=0&postorder=asc&start=210 HTTP/1.1" 200 118368 "http://www.blackstardojo.org/viewtopic.php?p=41257&highlight=" "Mozilla/5.0 (Windows; U; Windows NT 5.1; en-US; rv:1.9.2.6) Gecko/20100625 Firefox/3.6.6"
76.11.54.47 - - [29/Jun/2010:00:32:58 -0700] "GET www.blackstardojo.org/medals/WiseMedal.png HTTP/1.1" 200 4657 "http://www.blackstardojo.org/viewtopic.php?t=1733&postdays=0&postorder=asc&start=210" "Mozilla/5.0 (Windows; U; Windows NT 5.1; en-US; rv:1.9.2.6) Gecko/20100625 Firefox/3.6.6"
76.11.54.47 - - [29/Jun/2010:00:32:58 -0700] "GET www.blackstardojo.org/images/ranks/newbelts/Tiger/BlueTiger.png HTTP/1.1" 200 4872 "http://www.blackstardojo.org/viewtopic.php?t=1733&postdays=0&postorder=asc&start=210" "Mozilla/5.0 (Windows; U; Windows NT 5.1; en-US; rv:1.9.2.6) Gecko/20100625 Firefox/3.6.6"
76.11.54.47 - - [29/Jun/2010:00:32:58 -0700] "GET www.blackstardojo.org/images/avatars/126305633246eb79f3c8dd3.jpg HTTP/1.1" 404 1695 "http://www.blackstardojo.org/viewtopic.php?t=1733&postdays=0&postorder=asc&start=210" "Mozilla/5.0 (Windows; U; Windows NT 5.1; en-US; rv:1.9.2.6) Gecko/20100625 Firefox/3.6.6"
76.11.54.47 - - [29/Jun/2010:00:32:58 -0700] "GET www.blackstardojo.org/images/ranks/grove.png HTTP/1.1" 200 1745 "http://www.blackstardojo.org/viewtopic.php?t=1733&postdays=0&postorder=asc&start=210" "Mozilla/5.0 (Windows; U; Windows NT 5.1; en-US; rv:1.9.2.6) Gecko/20100625 Firefox/3.6.6"
76.11.54.47 - - [29/Jun/2010:00:32:58 -0700] "GET www.blackstardojo.org/images/ranks/newbelts/Fox/GreenFoxMod.png HTTP/1.1" 200 5793 "http://www.blackstardojo.org/viewtopic.php?t=1733&postdays=0&postorder=asc&start=210" "Mozilla/5.0 (Windows; U; Windows NT 5.1; en-US; rv:1.9.2.6) Gecko/20100625 Firefox/3.6.6"
76.11.54.47 - - [29/Jun/2010:00:32:58 -0700] "GET www.blackstardojo.org/images/ranks/newbelts/Mantis/BlueMantis.png HTTP/1.1" 200 4784 "http://www.blackstardojo.org/viewtopic.php?t=1733&postdays=0&postorder=asc&start=210" "Mozilla/5.0 (Windows; U; Windows NT 5.1; en-US; rv:1.9.2.6) Gecko/20100625 Firefox/3.6.6"
76.11.54.47 - - [29/Jun/2010:00:32:58 -0700] "GET www.blackstardojo.org/images/avatars/5464002354466d30041764.jpg HTTP/1.1" 200 3888 "http://www.blackstardojo.org/viewtopic.php?t=1733&postdays=0&postorder=asc&start=210" "Mozilla/5.0 (Windows; U; Windows NT 5.1; en-US; rv:1.9.2.6) Gecko/20100625 Firefox/3.6.6"
76.11.54.47 - - [29/Jun/2010:00:32:58 -0700] "GET www.blackstardojo.org/images/avatars/237679924474bc229226cd.jpg HTTP/1.1" 404 1695 "http://www.blackstardojo.org/viewtopic.php?t=1733&postdays=0&postorder=asc&start=210" "Mozilla/5.0 (Windows; U; Windows NT 5.1; en-US; rv:1.9.2.6) Gecko/20100625 Firefox/3.6.6"
76.11.54.47 - - [29/Jun/2010:00:33:19 -0700] "GET www.blackstardojo.org/viewtopic.php?t=1733&postdays=0&postorder=asc&start=195 HTTP/1.1" 200 123086 "http://www.blackstardojo.org/viewtopic.php?t=1733&postdays=0&postorder=asc&start=210" "Mozilla/5.0 (Windows; U; Windows NT 5.1; en-US; rv:1.9.2.6) Gecko/20100625 Firefox/3.6.6"
76.11.54.47 - - [29/Jun/2010:00:33:19 -0700] "GET www.blackstardojo.org/images/ranks/newbelts/RedMod.png HTTP/1.1" 200 5294 "http://www.blackstardojo.org/viewtopic.php?t=1733&postdays=0&postorder=asc&start=195" "Mozilla/5.0 (Windows; U; Windows NT 5.1; en-US; rv:1.9.2.6) Gecko/20100625 Firefox/3.6.6"
76.11.54.47 - - [29/Jun/2010:00:33:19 -0700] "GET www.blackstardojo.org/images/avatars/126305633246eb79f3c8dd3.jpg HTTP/1.1" 404 1695 "http://www.blackstardojo.org/viewtopic.php?t=1733&postdays=0&postorder=asc&start=195" "Mozilla/5.0 (Windows; U; Windows NT 5.1; en-US; rv:1.9.2.6) Gecko/20100625 Firefox/3.6.6"
76.11.54.47 - - [29/Jun/2010:00:33:19 -0700] "GET www.blackstardojo.org/images/avatars/217083227474244472f7b9.jpg HTTP/1.1" 404 1695 "http://www.blackstardojo.org/viewtopic.php?t=1733&postdays=0&postorder=asc&start=195" "Mozilla/5.0 (Windows; U; Windows NT 5.1; en-US; rv:1.9.2.6) Gecko/20100625 Firefox/3.6.6"
76.11.54.47 - - [29/Jun/2010:00:33:19 -0700] "GET www.blackstardojo.org/images/avatars/237679924474bc229226cd.jpg HTTP/1.1" 404 1695 "http://www.blackstardojo.org/viewtopic.php?t=1733&postdays=0&postorder=asc&start=195" "Mozilla/5.0 (Windows; U; Windows NT 5.1; en-US; rv:1.9.2.6) Gecko/20100625 Firefox/3.6.6"
68.151.240.23 - - [29/Jun/2010:00:34:08 -0700] "POST www.blackstardojo.org/admin/admin_shop.php?sid=470a012ef395790d822fbaac8cfdf639 HTTP/1.1" 200 9889 "http://www.blackstardojo.org/admin/admin_shop.php?sid=470a012ef395790d822fbaac8cfdf639" "Mozilla/5.0 (Windows; U; Windows NT 5.1; en-US; rv:1.9.2.6) Gecko/20100625 Firefox/3.6.6 ( .NET CLR 3.5.30729)"
67.195.111.226 - - [29/Jun/2010:00:35:01 -0700] "GET www.blackstardojo.org/shop_inventory.php?action=displayitem&item=330 HTTP/1.0" 200 23444 "-" "Mozilla/5.0 (compatible; Yahoo! Slurp/3.0; http://help.yahoo.com/help/us/ysearch/slurp)"
67.195.115.240 - - [29/Jun/2010:00:35:09 -0700] "GET blackstardojo.org/wiki/index.php?title=Cayenne HTTP/1.0" 200 2582 "-" "Mozilla/5.0 (compatible; Yahoo! Slurp/3.0; http://help.yahoo.com/help/us/ysearch/slurp)"
67.195.115.240 - - [29/Jun/2010:00:35:09 -0700] "GET blackstardojo.org/posting.php?mode=quote&p=49556 HTTP/1.0" 302 39 "-" "Mozilla/5.0 (compatible; Yahoo! Slurp/3.0; http://help.yahoo.com/help/us/ysearch/slurp)"
67.195.111.226 - - [29/Jun/2010:00:35:12 -0700] "GET www.blackstardojo.org/login.php?redirect=posting.php&mode=quote&p=49556&sid=c3a7151c71b792e83689210af7755365 HTTP/1.0" 200 22240 "-" "Mozilla/5.0 (compatible; Yahoo! Slurp/3.0; http://help.yahoo.com/help/us/ysearch/slurp)"
67.195.115.240 - - [29/Jun/2010:00:35:28 -0700] "GET blackstardojo.org/viewtopic.php?t=1918&start=0 HTTP/1.0" 200 122059 "-" "Mozilla/5.0 (compatible; Yahoo! Slurp/3.0; http://help.yahoo.com/help/us/ysearch/slurp)"
96.229.70.118 - - [29/Jun/2010:00:35:30 -0700] "GET www.blackstardojo.org/shop/images/Pokeball.gif HTTP/1.1" 200 314 "http://fuckyeahpokememe.tumblr.com/" "Mozilla/5.0 (Windows; U; Windows NT 5.1; en-US) AppleWebKit/533.4 (KHTML, like Gecko) Chrome/5.0.375.70 Safari/533.4"
174.100.43.99 - - [29/Jun/2010:00:36:01 -0700] "GET www.blackstardojo.org/index.php HTTP/1.1" 200 48399 "http://www.blackstardojo.org/viewtopic.php?t=2374" "Mozilla/5.0 (Windows; U; Windows NT 5.1; en-US; rv:1.9.1.10) Gecko/20100504 Firefox/3.5.10 ( .NET CLR 3.5.30729)"
193.47.80.40 - - [29/Jun/2010:00:36:04 -0700] "GET blackstardojo.org/wiki/index.php?title=Special:Recentchangeslinked/Image:IronwoodPlank.gif HTTP/1.1" 200 2234 "-" "Mozilla/5.0 (compatible; Exabot/3.0; +http://www.exabot.com/go/robot)"
67.195.111.226 - - [29/Jun/2010:00:36:24 -0700] "GET www.blackstardojo.org/wiki/index.php?title=Warp_Metal HTTP/1.0" 200 2782 "-" "Mozilla/5.0 (compatible; Yahoo! Slurp/3.0; http://help.yahoo.com/help/us/ysearch/slurp)"
67.195.115.240 - - [29/Jun/2010:00:37:08 -0700] "GET blackstardojo.org/viewtopic.php?p=49192 HTTP/1.0" 200 139869 "-" "Mozilla/5.0 (compatible; Yahoo! Slurp/3.0; http://help.yahoo.com/help/us/ysearch/slurp)"
67.195.115.240 - - [29/Jun/2010:00:37:17 -0700] "GET blackstardojo.org/wiki/index.php?title=User:coa0_buy_metabo_extreme_online_cheap&printable=yes HTTP/1.0" 200 3870 "-" "Mozilla/5.0 (compatible; Yahoo! Slurp/3.0; http://help.yahoo.com/help/us/ysearch/slurp)"
208.53.131.149 - - [29/Jun/2010:00:38:17 -0700] "GET www.blackstardojo.org/profile.php?mode=register&agreed=true HTTP/1.0" 200 33592 "http://www.blackstardojo.org/profile.php?mode=register&agreed=true" "Mozilla/4.0 (compatible; MSIE 6.0; Windows NT 5.1; .NET CLR 1.1.4322; FDM)"
208.53.131.149 - - [29/Jun/2010:00:38:18 -0700] "GET www.blackstardojo.org/profile.php?mode=confirm&id=dd6a728da6869e22cc9172cf12ca417f&sid=bf89e19093d0554e8dd054135b8e5819 HTTP/1.0" 200 9181 "http://www.blackstardojo.org/profile.php?mode=register&agreed=true" "Mozilla/4.0 (compatible; MSIE 6.0; Windows NT 5.1; .NET CLR 1.1.4322; FDM)"
208.53.131.149 - - [29/Jun/2010:00:38:33 -0700] "GET www.blackstardojo.org/profile.php?mode=confirm&id=dd6a728da6869e22cc9172cf12ca417f&sid=bf89e19093d0554e8dd054135b8e5819 HTTP/1.0" 200 10804 "http://www.blackstardojo.org/profile.php?mode=register&agreed=true" "Mozilla/4.0 (compatible; MSIE 6.0; Windows NT 5.1; .NET CLR 1.1.4322; FDM)"
208.53.131.149 - - [29/Jun/2010:00:38:48 -0700] "POST www.blackstardojo.org/profile.php?sid=bf89e19093d0554e8dd054135b8e5819 HTTP/1.0" 200 33339 "http://www.blackstardojo.org/profile.php?mode=register&agreed=true" "Mozilla/4.0 (compatible; MSIE 6.0; Windows NT 5.1; .NET CLR 1.1.4322; FDM)"
208.53.131.149 - - [29/Jun/2010:00:38:48 -0700] "GET www.blackstardojo.org/profile.php?mode=confirm&id=3a8f65750a14c5da20751f4f4ca12aea HTTP/1.0" 200 7608 "http://www.blackstardojo.org/profile.php?mode=register&agreed=true" "Mozilla/4.0 (compatible; MSIE 6.0; Windows NT 5.1; .NET CLR 1.1.4322; FDM)"
208.53.131.149 - - [29/Jun/2010:00:39:04 -0700] "POST www.blackstardojo.org/profile.php HTTP/1.0" 200 33352 "http://www.blackstardojo.org/profile.php?mode=register&agreed=true" "Mozilla/4.0 (compatible; MSIE 6.0; Windows NT 5.1; .NET CLR 1.1.4322; FDM)"
208.53.131.149 - - [29/Jun/2010:00:39:04 -0700] "GET www.blackstardojo.org/profile.php?mode=confirm&id=b34000d9fd363f0433dbc9f266b448ff HTTP/1.0" 200 8024 "http://www.blackstardojo.org/profile.php?mode=register&agreed=true" "Mozilla/4.0 (compatible; MSIE 6.0; Windows NT 5.1; .NET CLR 1.1.4322; FDM)"
208.53.131.149 - - [29/Jun/2010:00:39:20 -0700] "POST www.blackstardojo.org/profile.php HTTP/1.0" 200 33377 "http://www.blackstardojo.org/profile.php?mode=register&agreed=true" "Mozilla/4.0 (compatible; MSIE 6.0; Windows NT 5.1; .NET CLR 1.1.4322; FDM)"
208.53.131.149 - - [29/Jun/2010:00:39:21 -0700] "GET www.blackstardojo.org/profile.php?mode=confirm&id=d610a0f9c434037a6869eb64662e5245 HTTP/1.0" 200 8081 "http://www.blackstardojo.org/profile.php?mode=register&agreed=true" "Mozilla/4.0 (compatible; MSIE 6.0; Windows NT 5.1; .NET CLR 1.1.4322; FDM)"
208.53.131.149 - - [29/Jun/2010:00:39:36 -0700] "POST www.blackstardojo.org/profile.php HTTP/1.0" 200 20405 "http://www.blackstardojo.org/profile.php?mode=register&agreed=true" "Mozilla/4.0 (compatible; MSIE 6.0; Windows NT 5.1; .NET CLR 1.1.4322; FDM)"
208.53.131.149 - - [29/Jun/2010:00:39:37 -0700] "GET www.blackstardojo.org/login.php HTTP/1.0" 200 21228 "http://www.blackstardojo.org/login.php" "Mozilla/4.0 (compatible; MSIE 6.0; Windows NT 5.1; .NET CLR 1.1.4322; FDM)"
208.53.131.149 - - [29/Jun/2010:00:39:37 -0700] "POST www.blackstardojo.org/login.php HTTP/1.0" 200 20580 "http://www.blackstardojo.org/login.php" "Mozilla/4.0 (compatible; MSIE 6.0; Windows NT 5.1; .NET CLR 1.1.4322; FDM)"
208.53.131.149 - - [29/Jun/2010:00:39:38 -0700] "GET www.blackstardojo.org/login.php?redirect= HTTP/1.0" 200 21228 "http://www.blackstardojo.org/login.php?redirect=" "Mozilla/4.0 (compatible; MSIE 6.0; Windows NT 5.1; .NET CLR 1.1.4322; FDM)"
208.53.131.149 - - [29/Jun/2010:00:39:38 -0700] "GET www.blackstardojo.org/profile.php?mode=editprofile HTTP/1.0" 302 39 "http://www.blackstardojo.org/profile.php?mode=editprofile" "Mozilla/4.0 (compatible; MSIE 6.0; Windows NT 5.1; .NET CLR 1.1.4322; FDM)"
174.100.43.99 - - [29/Jun/2010:00:40:17 -0700] "GET www.blackstardojo.org/viewforum.php?f=4 HTTP/1.1" 200 88585 "http://www.blackstardojo.org/index.php" "Mozilla/5.0 (Windows; U; Windows NT 5.1; en-US; rv:1.9.1.10) Gecko/20100504 Firefox/3.5.10 ( .NET CLR 3.5.30729)"
189.141.230.112 - - [29/Jun/2010:00:40:30 -0700] "GET www.blackstardojo.org/shop/images/Pokeball.gif HTTP/1.1" 200 314 "http://fuckyeahpokememe.tumblr.com/" "Mozilla/5.0 (Windows; U; Windows NT 5.1; es-ES; rv:1.9.2.6) Gecko/20100625 Firefox/3.6.6"
67.195.115.240 - - [29/Jun/2010:00:40:57 -0700] "GET blackstardojo.org/posting.php?mode=quote&p=53047 HTTP/1.0" 302 39 "-" "Mozilla/5.0 (compatible; Yahoo! Slurp/3.0; http://help.yahoo.com/help/us/ysearch/slurp)"
67.195.111.226 - - [29/Jun/2010:00:40:59 -0700] "GET www.blackstardojo.org/login.php?redirect=posting.php&mode=quote&p=53047&sid=0e4767e3717577068a5aeffa7dcb7c07 HTTP/1.0" 200 22240 "-" "Mozilla/5.0 (compatible; Yahoo! Slurp/3.0; http://help.yahoo.com/help/us/ysearch/slurp)"
67.195.111.226 - - [29/Jun/2010:00:41:31 -0700] "GET www.blackstardojo.org/wiki/index.php?title=Special:Whatlinkshere&target=Creatures_Community&limit=500&offset=0 HTTP/1.0" 200 2177 "-" "Mozilla/5.0 (compatible; Yahoo! Slurp/3.0; http://help.yahoo.com/help/us/ysearch/slurp)"
174.100.43.99 - - [29/Jun/2010:00:41:38 -0700] "GET www.blackstardojo.org/viewtopic.php?t=2374 HTTP/1.1" 200 55200 "http://www.blackstardojo.org/viewforum.php?f=4" "Mozilla/5.0 (Windows; U; Windows NT 5.1; en-US; rv:1.9.1.10) Gecko/20100504 Firefox/3.5.10 ( .NET CLR 3.5.30729)"
174.100.43.99 - - [29/Jun/2010:00:41:38 -0700] "GET www.blackstardojo.org/images/avatars/237679924474bc229226cd.jpg HTTP/1.1" 404 1695 "http://www.blackstardojo.org/viewtopic.php?t=2374" "Mozilla/5.0 (Windows; U; Windows NT 5.1; en-US; rv:1.9.1.10) Gecko/20100504 Firefox/3.5.10 ( .NET CLR 3.5.30729)"
67.195.115.240 - - [29/Jun/2010:00:41:54 -0700] "GET blackstardojo.org/viewtopic.php?t=755&postdays=0&postorder=asc&start=0 HTTP/1.0" 200 130398 "-" "Mozilla/5.0 (compatible; Yahoo! Slurp/3.0; http://help.yahoo.com/help/us/ysearch/slurp)"
174.100.43.99 - - [29/Jun/2010:00:41:59 -0700] "GET www.blackstardojo.org/profile.php?mode=miniprofile&u=36 HTTP/1.1" 200 12003 "http://www.blackstardojo.org/viewtopic.php?t=2374" "Mozilla/5.0 (Windows; U; Windows NT 5.1; en-US; rv:1.9.1.10) Gecko/20100504 Firefox/3.5.10 ( .NET CLR 3.5.30729)"
174.100.43.99 - - [29/Jun/2010:00:42:00 -0700] "GET www.blackstardojo.org/favicon.ico HTTP/1.1" 200 3638 "-" "Mozilla/5.0 (Windows; U; Windows NT 5.1; en-US; rv:1.9.1.10) Gecko/20100504 Firefox/3.5.10 ( .NET CLR 3.5.30729)"
174.100.43.99 - - [29/Jun/2010:00:42:03 -0700] "GET www.blackstardojo.org/search.php?search_author=Rin HTTP/1.1" 200 43520 "http://www.blackstardojo.org/profile.php?mode=miniprofile&u=36" "Mozilla/5.0 (Windows; U; Windows NT 5.1; en-US; rv:1.9.1.10) Gecko/20100504 Firefox/3.5.10 ( .NET CLR 3.5.30729)"
174.100.43.99 - - [29/Jun/2010:00:42:04 -0700] "GET www.blackstardojo.org/viewtopic.php?t=2374 HTTP/1.1" 200 13450 "http://www.blackstardojo.org/viewforum.php?f=4" "Mozilla/5.0 (Windows; U; Windows NT 5.1; en-US; rv:1.9.1.10) Gecko/20100504 Firefox/3.5.10 ( .NET CLR 3.5.30729)"
173.168.82.59 - - [29/Jun/2010:00:43:13 -0700] "GET www.blackstardojo.org/shop/images/Pokeball.gif HTTP/1.1" 200 314 "http://fuckyeahpokememe.tumblr.com/" "Mozilla/5.0 (Windows; U; Windows NT 6.1; en-US; rv:1.9.2.4) Gecko/20100611 Firefox/3.6.4"
75.83.167.38 - - [29/Jun/2010:00:44:34 -0700] "GET www.blackstardojo.org/shop/images/Pokeball.gif HTTP/1.1" 200 314 "http://fuckyeahpokememe.tumblr.com/" "Mozilla/5.0 (Windows; U; Windows NT 5.1; en-US) AppleWebKit/533.4 (KHTML, like Gecko) Chrome/5.0.375.86 Safari/533.4"
72.135.232.170 - - [29/Jun/2010:00:46:06 -0700] "GET www.blackstardojo.org/shop/images/Pokeball.gif HTTP/1.1" 200 314 "http://fuckyeahpokememe.tumblr.com/post/732307726/horsea" "Mozilla/5.0 (Windows; U; Windows NT 5.1; en-US; rv:1.9.2.4) Gecko/20100611 Firefox/3.6.4"
67.195.111.226 - - [29/Jun/2010:00:46:57 -0700] "GET www.blackstardojo.org/wiki/index.php?title=Mirror HTTP/1.0" 200 2724 "-" "Mozilla/5.0 (compatible; Yahoo! Slurp/3.0; http://help.yahoo.com/help/us/ysearch/slurp)"
