216.129.119.45 - - [17/Jun/2010:00:01:40 -0700] "GET blackstardojo.org/viewtopic.php?t=1207 HTTP/1.1" 302 51 "-" "Mozilla/5.0 (Twiceler-0.9 http://www.cuil.com/twiceler/robot.html)"
66.249.68.77 - - [17/Jun/2010:00:02:00 -0700] "GET blackstardojo.org/wiki/index.php?title=User:0190_buy_carafate_online_cheap&action=history HTTP/1.1" 200 2571 "-" "Mozilla/5.0 (compatible; Googlebot/2.1; +http://www.google.com/bot.html)"
89.182.128.69 - - [17/Jun/2010:00:02:09 -0700] "GET www.blackstardojo.org/shop/images/Pokeball.gif HTTP/1.1" 200 314 "http://fuckyeahpokememe.tumblr.com/" "Mozilla/5.0 (Windows; U; Windows NT 5.1; de; rv:1.9.2.3) Gecko/20100401 Firefox/3.6.3 (.NET CLR 3.5.30729)"
67.195.111.226 - - [17/Jun/2010:00:02:34 -0700] "GET www.blackstardojo.org/viewtopic.php?t=1357&postdays=0&postorder=asc&start=15 HTTP/1.0" 200 131519 "-" "Mozilla/5.0 (compatible; Yahoo! Slurp/3.0; http://help.yahoo.com/help/us/ysearch/slurp)"
66.249.68.77 - - [17/Jun/2010:00:02:45 -0700] "GET blackstardojo.org/wiki/index.php?title=User_talk:C3pf_buy_reglan_online_cheap&action=edit HTTP/1.1" 200 2174 "-" "Mozilla/5.0 (compatible; Googlebot/2.1; +http://www.google.com/bot.html)"
67.195.115.240 - - [17/Jun/2010:00:02:46 -0700] "GET blackstardojo.org/viewtopic.php?t=2129&start=15 HTTP/1.0" 200 100422 "-" "Mozilla/5.0 (compatible; Yahoo! Slurp/3.0; http://help.yahoo.com/help/us/ysearch/slurp)"
67.195.111.226 - - [17/Jun/2010:00:03:15 -0700] "GET www.blackstardojo.org/viewtopic.php?p=47875 HTTP/1.0" 200 54670 "-" "Mozilla/5.0 (compatible; Yahoo! Slurp/3.0; http://help.yahoo.com/help/us/ysearch/slurp)"
193.47.80.40 - - [17/Jun/2010:00:03:36 -0700] "GET blackstardojo.org/wiki/index.php?title=Talk:Main_Page&diff=prev&oldid=2753 HTTP/1.1" 200 2439 "-" "Mozilla/5.0 (compatible; Exabot/3.0; +http://www.exabot.com/go/robot)"
98.210.74.37 - - [17/Jun/2010:00:03:41 -0700] "GET www.blackstardojo.org/shop/images/Pokeball.gif HTTP/1.1" 200 314 "http://fuckyeahpokememe.tumblr.com/" "Mozilla/5.0 (Windows; U; Windows NT 5.1; en-US) AppleWebKit/533.4 (KHTML, like Gecko) Chrome/5.0.375.70 Safari/533.4"
67.195.115.240 - - [17/Jun/2010:00:04:24 -0700] "GET blackstardojo.org/wiki/index.php?title=Veamoth&printable=yes HTTP/1.0" 200 3733 "-" "Mozilla/5.0 (compatible; Yahoo! Slurp/3.0; http://help.yahoo.com/help/us/ysearch/slurp)"
67.195.111.226 - - [17/Jun/2010:00:04:49 -0700] "GET www.blackstardojo.org/wiki/index.php?title=Special:Whatlinkshere/Category:Shop_Districts HTTP/1.0" 200 2001 "-" "Mozilla/5.0 (compatible; Yahoo! Slurp/3.0; http://help.yahoo.com/help/us/ysearch/slurp)"
66.249.68.77 - - [17/Jun/2010:00:04:52 -0700] "GET blackstardojo.org/wiki/index.php?title=User_talk:Teyf_buy_kytril_online_cheap&action=edit HTTP/1.1" 200 2174 "-" "Mozilla/5.0 (compatible; Googlebot/2.1; +http://www.google.com/bot.html)"
76.175.179.42 - - [17/Jun/2010:00:05:20 -0700] "GET www.blackstardojo.org/shop/images/Pokeball.gif HTTP/1.1" 200 314 "http://fuckyeahpokememe.tumblr.com/post/667453668" "Mozilla/5.0 (Windows; U; Windows NT 5.1; en-US; rv:1.9.2.3) Gecko/20100401 Firefox/3.6.3"
89.223.47.11 - - [17/Jun/2010:00:05:41 -0700] "GET www.blackstardojo.org/medals/ResistanceMedal.gif HTTP/1.1" 200 1820 "http://crysis-kull.ucoz.ru/forum/30-71-1" "Opera/9.80 (Windows NT 5.1; U; ru) Presto/2.5.24 Version/10.53"
66.249.68.154 - - [17/Jun/2010:00:05:57 -0700] "GET www.blackstardojo.org/wiki/index.php?title=Special:Recentchangeslinked&target=Searching&hideminor=0&days=3&limit=50 HTTP/1.1" 200 2218 "-" "Mozilla/5.0 (compatible; Googlebot/2.1; +http://www.google.com/bot.html)"
110.33.0.58 - - [17/Jun/2010:00:06:46 -0700] "GET www.blackstardojo.org/shop/images/Pokeball.gif HTTP/1.1" 200 314 "http://fuckyeahpokememe.tumblr.com/" "Mozilla/5.0 (Windows; U; Windows NT 5.1; en-US; rv:1.9.0.19) Gecko/2010031422 Firefox/3.0.19"
71.32.164.70 - - [17/Jun/2010:00:06:54 -0700] "GET www.blackstardojo.org/shop/images/Pokeball.gif HTTP/1.1" 200 314 "http://fuckyeahpokememe.tumblr.com/post/667453668" "Mozilla/4.0 (compatible; MSIE 7.0; Windows NT 5.1; Trident/4.0; .NET CLR 1.1.4322; msn OptimizedIE8;ENUS; MSN 9.0;MSN 9.1;MSN 9.6; MSNbQ002; MSNmen-us; MSNcOTH)"
118.209.127.13 - - [17/Jun/2010:00:08:35 -0700] "GET www.blackstardojo.org/shop/images/Pokeball.gif HTTP/1.1" 200 314 "http://fuckyeahpokememe.tumblr.com/" "Mozilla/5.0 (Windows; U; Windows NT 6.0; en-US) AppleWebKit/533.4 (KHTML, like Gecko) Chrome/5.0.375.70 Safari/533.4"
67.195.115.240 - - [17/Jun/2010:00:09:07 -0700] "GET blackstardojo.org/search.php?search_author=Panther385 HTTP/1.0" 200 45771 "-" "Mozilla/5.0 (compatible; Yahoo! Slurp/3.0; http://help.yahoo.com/help/us/ysearch/slurp)"
67.195.111.226 - - [17/Jun/2010:00:10:03 -0700] "GET www.blackstardojo.org/viewtopic.php?p=49361 HTTP/1.0" 200 57522 "-" "Mozilla/5.0 (compatible; Yahoo! Slurp/3.0; http://help.yahoo.com/help/us/ysearch/slurp)"
65.182.91.133 - - [17/Jun/2010:00:10:04 -0700] "GET www.blackstardojo.org/shop/images/Pokeball.gif HTTP/1.1" 200 314 "http://fuckyeahpokememe.tumblr.com/" "Mozilla/5.0 (Windows; U; Windows NT 5.1; en-US; rv:1.9.2.3) Gecko/20100401 Firefox/3.6.3 ( .NET CLR 3.5.30729)"
67.195.111.226 - - [17/Jun/2010:00:10:25 -0700] "GET www.blackstardojo.org/wiki/index.php?title=Special:Categories&article=TheBlackSoul HTTP/1.0" 200 3088 "-" "Mozilla/5.0 (compatible; Yahoo! Slurp/3.0; http://help.yahoo.com/help/us/ysearch/slurp)"
67.195.115.240 - - [17/Jun/2010:00:10:37 -0700] "GET blackstardojo.org/viewtopic.php?t=2308 HTTP/1.0" 200 117196 "-" "Mozilla/5.0 (compatible; Yahoo! Slurp/3.0; http://help.yahoo.com/help/us/ysearch/slurp)"
98.229.45.19 - - [17/Jun/2010:00:12:18 -0700] "GET www.blackstardojo.org/shop/images/Pokeball.gif HTTP/1.1" 200 314 "http://fuckyeahpokememe.tumblr.com/" "Mozilla/5.0 (Windows; U; Windows NT 6.1; en-US; rv:1.9.2.3) Gecko/20100401 Firefox/3.6.3"
75.207.28.150 - - [17/Jun/2010:00:13:16 -0700] "GET www.blackstardojo.org/shop/images/Pokeball.gif HTTP/1.1" 200 314 "http://fuckyeahpokememe.tumblr.com/post/667453668" "Mozilla/4.0 (compatible; MSIE 8.0; Windows NT 5.1; Trident/4.0; GTB6; FunWebProducts; .NET CLR 1.1.4322; .NET CLR 2.0.50727; .NET CLR 3.0.4506.2152; .NET CLR 3.5.30729; WinNT-PAI 18.08.2009)"
79.107.214.79 - - [17/Jun/2010:00:15:06 -0700] "GET www.blackstardojo.org/forum_images/suggestion.png HTTP/1.1" 200 2959 "http://gointhrough.all-up.com/" "Mozilla/5.0 (Windows; U; Windows NT 6.1; el; rv:1.9.2.3) Gecko/20100401 Firefox/3.6.3"
77.88.28.247 - - [17/Jun/2010:00:15:11 -0700] "GET www.blackstardojo.org/viewtopic.php?p=48620&sid=f7949e12dd8a1eb64c93b257069ea088 HTTP/1.1" 302 51 "-" "Yandex/1.01.001 (compatible; Win16; I)"
98.210.172.165 - - [17/Jun/2010:00:15:44 -0700] "GET www.blackstardojo.org/shop/images/Pokeball.gif HTTP/1.1" 200 314 "http://fuckyeahpokememe.tumblr.com/" "Mozilla/5.0 (Macintosh; U; Intel Mac OS X 10_5_8; en-us) AppleWebKit/531.21.8 (KHTML, like Gecko) Version/4.0.4 Safari/531.21.10"
208.80.193.37 - - [17/Jun/2010:00:15:49 -0700] "GET thecave.blackstardojo.org/ HTTP/1.0" 200 8151 "-" "Mozilla/4.0 (compatible; MSIE 7.0; Windows NT 5.1; sbcydsl 3.12; YComp 5.0.0.0; YPC 3.2.0; FunWebProducts; .NET CLR 2.0.50727)"
193.47.80.40 - - [17/Jun/2010:00:16:43 -0700] "GET blackstardojo.org/wiki/index.php?title=User:3h19_buy_vitamin_a_d_online_cheap&action=edit HTTP/1.1" 200 2167 "-" "Mozilla/5.0 (compatible; Exabot/3.0; +http://www.exabot.com/go/robot)"
67.195.111.226 - - [17/Jun/2010:00:16:53 -0700] "GET www.blackstardojo.org/viewtopic.php?t=2163 HTTP/1.0" 302 39 "-" "Mozilla/5.0 (compatible; Yahoo! Slurp/3.0; http://help.yahoo.com/help/us/ysearch/slurp)"
67.195.111.226 - - [17/Jun/2010:00:16:54 -0700] "GET www.blackstardojo.org/login.php?redirect=viewtopic.php&t=2163&sid=95d61b4fcce90626eb382fd855b3aa1a HTTP/1.0" 200 22232 "-" "Mozilla/5.0 (compatible; Yahoo! Slurp/3.0; http://help.yahoo.com/help/us/ysearch/slurp)"
70.79.179.188 - - [17/Jun/2010:00:17:07 -0700] "GET www.blackstardojo.org/shop/images/Pokeball.gif HTTP/1.1" 200 314 "http://fuckyeahpokememe.tumblr.com/" "Mozilla/5.0 (Windows; U; Windows NT 6.0; en-US; rv:1.9.1.9) Gecko/20100315 Firefox/3.5.9 ( .NET CLR 3.5.30729)"
67.76.14.223 - - [17/Jun/2010:00:17:29 -0700] "GET www.blackstardojo.org/ HTTP/1.1" 200 52292 "-" "Mozilla/4.0 (compatible; MSIE 8.0; Windows NT 5.1; Trident/4.0; GTB6.5)"
67.76.14.223 - - [17/Jun/2010:00:17:29 -0700] "GET www.blackstardojo.org/templates/guildwars_tree/images/header_logo_01.gif HTTP/1.1" 304 - "http://www.blackstardojo.org/" "Mozilla/4.0 (compatible; MSIE 8.0; Windows NT 5.1; Trident/4.0; GTB6.5)"
67.76.14.223 - - [17/Jun/2010:00:17:30 -0700] "GET www.blackstardojo.org/templates/guildwars_tree/images/header_logo_03.gif HTTP/1.1" 304 - "http://www.blackstardojo.org/" "Mozilla/4.0 (compatible; MSIE 8.0; Windows NT 5.1; Trident/4.0; GTB6.5)"
67.76.14.223 - - [17/Jun/2010:00:17:30 -0700] "GET www.blackstardojo.org/templates/guildwars_tree/images/header_logo_04.gif HTTP/1.1" 304 - "http://www.blackstardojo.org/" "Mozilla/4.0 (compatible; MSIE 8.0; Windows NT 5.1; Trident/4.0; GTB6.5)"
67.76.14.223 - - [17/Jun/2010:00:17:30 -0700] "GET www.blackstardojo.org/templates/guildwars_tree/images/header_logo_02.gif HTTP/1.1" 304 - "http://www.blackstardojo.org/" "Mozilla/4.0 (compatible; MSIE 8.0; Windows NT 5.1; Trident/4.0; GTB6.5)"
67.76.14.223 - - [17/Jun/2010:00:17:30 -0700] "GET www.blackstardojo.org/templates/guildwars_tree/images/temblem_li.gif HTTP/1.1" 304 - "http://www.blackstardojo.org/" "Mozilla/4.0 (compatible; MSIE 8.0; Windows NT 5.1; Trident/4.0; GTB6.5)"
67.76.14.223 - - [17/Jun/2010:00:17:30 -0700] "GET www.blackstardojo.org/templates/guildwars_tree/images/header_logo_05.gif HTTP/1.1" 304 - "http://www.blackstardojo.org/" "Mozilla/4.0 (compatible; MSIE 8.0; Windows NT 5.1; Trident/4.0; GTB6.5)"
67.76.14.223 - - [17/Jun/2010:00:17:30 -0700] "GET www.blackstardojo.org/templates/guildwars_tree/images/cellpic3.gif HTTP/1.1" 304 - "http://www.blackstardojo.org/" "Mozilla/4.0 (compatible; MSIE 8.0; Windows NT 5.1; Trident/4.0; GTB6.5)"
67.76.14.223 - - [17/Jun/2010:00:17:30 -0700] "GET www.blackstardojo.org/templates/guildwars_tree/images/temblem_re.gif HTTP/1.1" 304 - "http://www.blackstardojo.org/" "Mozilla/4.0 (compatible; MSIE 8.0; Windows NT 5.1; Trident/4.0; GTB6.5)"
67.76.14.223 - - [17/Jun/2010:00:17:30 -0700] "GET www.blackstardojo.org/templates/guildwars_tree/formIE.css HTTP/1.1" 304 - "http://www.blackstardojo.org/" "Mozilla/4.0 (compatible; MSIE 8.0; Windows NT 5.1; Trident/4.0; GTB6.5)"
67.76.14.223 - - [17/Jun/2010:00:17:30 -0700] "GET www.blackstardojo.org/templates/guildwars_tree/images/cellpic1.gif HTTP/1.1" 304 - "http://www.blackstardojo.org/" "Mozilla/4.0 (compatible; MSIE 8.0; Windows NT 5.1; Trident/4.0; GTB6.5)"
67.76.14.223 - - [17/Jun/2010:00:17:30 -0700] "GET www.blackstardojo.org/templates/guildwars_tree/images/icon_latest_reply.gif HTTP/1.1" 304 - "http://www.blackstardojo.org/" "Mozilla/4.0 (compatible; MSIE 8.0; Windows NT 5.1; Trident/4.0; GTB6.5)"
67.76.14.223 - - [17/Jun/2010:00:17:30 -0700] "GET www.blackstardojo.org/templates/guildwars_tree/images/cellpic2.gif HTTP/1.1" 304 - "http://www.blackstardojo.org/" "Mozilla/4.0 (compatible; MSIE 8.0; Windows NT 5.1; Trident/4.0; GTB6.5)"
67.76.14.223 - - [17/Jun/2010:00:17:30 -0700] "GET www.blackstardojo.org/forum_images/scroll.png HTTP/1.1" 304 - "http://www.blackstardojo.org/" "Mozilla/4.0 (compatible; MSIE 8.0; Windows NT 5.1; Trident/4.0; GTB6.5)"
67.76.14.223 - - [17/Jun/2010:00:17:30 -0700] "GET www.blackstardojo.org/forum_images/pin.png HTTP/1.1" 304 - "http://www.blackstardojo.org/" "Mozilla/4.0 (compatible; MSIE 8.0; Windows NT 5.1; Trident/4.0; GTB6.5)"
67.76.14.223 - - [17/Jun/2010:00:17:30 -0700] "GET www.blackstardojo.org/forum_images/bug.png HTTP/1.1" 304 - "http://www.blackstardojo.org/" "Mozilla/4.0 (compatible; MSIE 8.0; Windows NT 5.1; Trident/4.0; GTB6.5)"
67.76.14.223 - - [17/Jun/2010:00:17:30 -0700] "GET www.blackstardojo.org/forum_images/dragon.png HTTP/1.1" 304 - "http://www.blackstardojo.org/" "Mozilla/4.0 (compatible; MSIE 8.0; Windows NT 5.1; Trident/4.0; GTB6.5)"
67.76.14.223 - - [17/Jun/2010:00:17:31 -0700] "GET www.blackstardojo.org/forum_images/star.png HTTP/1.1" 304 - "http://www.blackstardojo.org/" "Mozilla/4.0 (compatible; MSIE 8.0; Windows NT 5.1; Trident/4.0; GTB6.5)"
67.76.14.223 - - [17/Jun/2010:00:17:31 -0700] "GET www.blackstardojo.org/forum_images/chat.png HTTP/1.1" 304 - "http://www.blackstardojo.org/" "Mozilla/4.0 (compatible; MSIE 8.0; Windows NT 5.1; Trident/4.0; GTB6.5)"
67.76.14.223 - - [17/Jun/2010:00:17:31 -0700] "GET www.blackstardojo.org/forum_images/training.png HTTP/1.1" 304 - "http://www.blackstardojo.org/" "Mozilla/4.0 (compatible; MSIE 8.0; Windows NT 5.1; Trident/4.0; GTB6.5)"
67.76.14.223 - - [17/Jun/2010:00:17:31 -0700] "GET www.blackstardojo.org/forum_images/north.png HTTP/1.1" 304 - "http://www.blackstardojo.org/" "Mozilla/4.0 (compatible; MSIE 8.0; Windows NT 5.1; Trident/4.0; GTB6.5)"
67.76.14.223 - - [17/Jun/2010:00:17:31 -0700] "GET www.blackstardojo.org/forum_images/wolf.png HTTP/1.1" 304 - "http://www.blackstardojo.org/" "Mozilla/4.0 (compatible; MSIE 8.0; Windows NT 5.1; Trident/4.0; GTB6.5)"
67.76.14.223 - - [17/Jun/2010:00:17:31 -0700] "GET www.blackstardojo.org/forum_images/south.png HTTP/1.1" 304 - "http://www.blackstardojo.org/" "Mozilla/4.0 (compatible; MSIE 8.0; Windows NT 5.1; Trident/4.0; GTB6.5)"
67.76.14.223 - - [17/Jun/2010:00:17:31 -0700] "GET www.blackstardojo.org/forum_images/arena.png HTTP/1.1" 304 - "http://www.blackstardojo.org/" "Mozilla/4.0 (compatible; MSIE 8.0; Windows NT 5.1; Trident/4.0; GTB6.5)"
67.76.14.223 - - [17/Jun/2010:00:17:31 -0700] "GET www.blackstardojo.org/forum_images/ampitheater.png HTTP/1.1" 304 - "http://www.blackstardojo.org/" "Mozilla/4.0 (compatible; MSIE 8.0; Windows NT 5.1; Trident/4.0; GTB6.5)"
67.76.14.223 - - [17/Jun/2010:00:17:31 -0700] "GET www.blackstardojo.org/forum_images/art.png HTTP/1.1" 304 - "http://www.blackstardojo.org/" "Mozilla/4.0 (compatible; MSIE 8.0; Windows NT 5.1; Trident/4.0; GTB6.5)"
67.76.14.223 - - [17/Jun/2010:00:17:31 -0700] "GET www.blackstardojo.org/forum_images/market.png HTTP/1.1" 304 - "http://www.blackstardojo.org/" "Mozilla/4.0 (compatible; MSIE 8.0; Windows NT 5.1; Trident/4.0; GTB6.5)"
67.76.14.223 - - [17/Jun/2010:00:17:31 -0700] "GET www.blackstardojo.org/forum_images/suggestion.png HTTP/1.1" 304 - "http://www.blackstardojo.org/" "Mozilla/4.0 (compatible; MSIE 8.0; Windows NT 5.1; Trident/4.0; GTB6.5)"
67.76.14.223 - - [17/Jun/2010:00:17:31 -0700] "GET www.blackstardojo.org/forum_images/cave.png HTTP/1.1" 304 - "http://www.blackstardojo.org/" "Mozilla/4.0 (compatible; MSIE 8.0; Windows NT 5.1; Trident/4.0; GTB6.5)"
67.76.14.223 - - [17/Jun/2010:00:17:31 -0700] "GET www.blackstardojo.org/forum_images/norn.png HTTP/1.1" 304 - "http://www.blackstardojo.org/" "Mozilla/4.0 (compatible; MSIE 8.0; Windows NT 5.1; Trident/4.0; GTB6.5)"
67.76.14.223 - - [17/Jun/2010:00:17:31 -0700] "GET www.blackstardojo.org/templates/guildwars_tree/images/whosonline.gif HTTP/1.1" 304 - "http://www.blackstardojo.org/" "Mozilla/4.0 (compatible; MSIE 8.0; Windows NT 5.1; Trident/4.0; GTB6.5)"
67.76.14.223 - - [17/Jun/2010:00:17:32 -0700] "GET www.blackstardojo.org/templates/guildwars_tree/images/icon_birthday.gif HTTP/1.1" 304 - "http://www.blackstardojo.org/" "Mozilla/4.0 (compatible; MSIE 8.0; Windows NT 5.1; Trident/4.0; GTB6.5)"
67.76.14.223 - - [17/Jun/2010:00:17:32 -0700] "GET www.blackstardojo.org/templates/guildwars_tree/images/folder_new_big.gif HTTP/1.1" 304 - "http://www.blackstardojo.org/" "Mozilla/4.0 (compatible; MSIE 8.0; Windows NT 5.1; Trident/4.0; GTB6.5)"
67.76.14.223 - - [17/Jun/2010:00:17:32 -0700] "GET www.blackstardojo.org/templates/guildwars_tree/images/folder_big.gif HTTP/1.1" 304 - "http://www.blackstardojo.org/" "Mozilla/4.0 (compatible; MSIE 8.0; Windows NT 5.1; Trident/4.0; GTB6.5)"
67.76.14.223 - - [17/Jun/2010:00:17:32 -0700] "GET www.blackstardojo.org/templates/guildwars_tree/images/folder_locked_big.gif HTTP/1.1" 304 - "http://www.blackstardojo.org/" "Mozilla/4.0 (compatible; MSIE 8.0; Windows NT 5.1; Trident/4.0; GTB6.5)"
24.25.236.245 - - [17/Jun/2010:00:18:13 -0700] "GET www.blackstardojo.org/shop/images/Pokeball.gif HTTP/1.1" 200 314 "http://fuckyeahpokememe.tumblr.com/" "Mozilla/5.0 (Windows; U; Windows NT 5.1; en-US; rv:1.9.1.9) Gecko/20100315 Firefox/3.5.9 GTB7.0 (.NET CLR 3.5.30729)"
216.129.119.45 - - [17/Jun/2010:00:18:54 -0700] "GET blackstardojo.org/shop.php?action=inventory&searchid=285 HTTP/1.1" 302 22418 "-" "Mozilla/5.0 (Twiceler-0.9 http://www.cuil.com/twiceler/robot.html)"
99.49.13.153 - - [17/Jun/2010:00:18:58 -0700] "GET www.blackstardojo.org/shop/images/Pokeball.gif HTTP/1.1" 200 314 "-" "Mozilla/5.0 (Windows; U; Windows NT 6.0; en-US; rv:1.9.2.3) Gecko/20100401 Firefox/3.6.3"
66.249.68.77 - - [17/Jun/2010:00:19:08 -0700] "GET blackstardojo.org/wiki/index.php?title=User_talk:Hfgo_buy_glyset_online_cheap&action=edit HTTP/1.1" 200 2174 "-" "Mozilla/5.0 (compatible; Googlebot/2.1; +http://www.google.com/bot.html)"
67.195.115.240 - - [17/Jun/2010:00:19:14 -0700] "GET blackstardojo.org/wiki/index.php?title=Oshiego_of_Topaz_Hue HTTP/1.0" 200 2992 "-" "Mozilla/5.0 (compatible; Yahoo! Slurp/3.0; http://help.yahoo.com/help/us/ysearch/slurp)"
123.211.14.230 - - [17/Jun/2010:00:21:22 -0700] "GET www.blackstardojo.org/shop/images/Pokeball.gif HTTP/1.1" 200 314 "http://fuckyeahpokememe.tumblr.com/" "Mozilla/4.0 (compatible; MSIE 8.0; Windows NT 6.0; Trident/4.0; GTB6.5; SLCC1; .NET CLR 2.0.50727; Media Center PC 5.0; .NET CLR 3.5.30729; .NET CLR 3.0.30618; OfficeLiveConnector.1.3; OfficeLivePatch.0.0; .NET CLR 1.1.4322)"
72.219.185.121 - - [17/Jun/2010:00:21:42 -0700] "GET www.blackstardojo.org/shop/images/Pokeball.gif HTTP/1.1" 200 314 "http://fuckyeahpokememe.tumblr.com/" "Mozilla/5.0 (Macintosh; U; Intel Mac OS X 10_5_8; en-us) AppleWebKit/531.9 (KHTML, like Gecko) Version/4.0.3 Safari/531.9"
80.203.134.126 - - [17/Jun/2010:00:21:48 -0700] "GET www.blackstardojo.org/shop/images/Pokeball.gif HTTP/1.1" 200 314 "http://fuckyeahpokememe.tumblr.com/" "Mozilla/5.0 (Windows; U; Windows NT 6.1; en-us; rv:1.9.2.3) Gecko/20100401 Firefox/3.6.3"
216.129.119.44 - - [17/Jun/2010:00:22:17 -0700] "GET www.blackstardojo.org/profile.php?mode=viewprofile&u=167 HTTP/1.1" 200 35298 "-" "Mozilla/5.0 (Twiceler-0.9 http://www.cuil.com/twiceler/robot.html)"
67.195.111.226 - - [17/Jun/2010:00:22:32 -0700] "GET www.blackstardojo.org/posting.php?mode=quote&p=49870 HTTP/1.0" 302 39 "-" "Mozilla/5.0 (compatible; Yahoo! Slurp/3.0; http://help.yahoo.com/help/us/ysearch/slurp)"
67.195.111.226 - - [17/Jun/2010:00:22:33 -0700] "GET www.blackstardojo.org/login.php?redirect=posting.php&mode=quote&p=49870&sid=83919ce5d2d12203acf1f3180d2f4995 HTTP/1.0" 200 22242 "-" "Mozilla/5.0 (compatible; Yahoo! Slurp/3.0; http://help.yahoo.com/help/us/ysearch/slurp)"
67.195.115.240 - - [17/Jun/2010:00:22:40 -0700] "GET blackstardojo.org/bookies.php HTTP/1.0" 302 39 "-" "Mozilla/5.0 (compatible; Yahoo! Slurp/3.0; http://help.yahoo.com/help/us/ysearch/slurp)"
67.195.115.240 - - [17/Jun/2010:00:22:42 -0700] "GET blackstardojo.org/login.php?redirect=bookies.php&sid=371dfec0d0e7640127ee63b9f31f4470 HTTP/1.0" 200 22224 "-" "Mozilla/5.0 (compatible; Yahoo! Slurp/3.0; http://help.yahoo.com/help/us/ysearch/slurp)"
68.52.79.202 - - [17/Jun/2010:00:22:55 -0700] "GET www.blackstardojo.org/shop/images/Pokeball.gif HTTP/1.1" 200 314 "http://fuckyeahpokememe.tumblr.com/page/151" "Mozilla/5.0 (Windows; U; Windows NT 6.0; en-US) AppleWebKit/533.4 (KHTML, like Gecko) Chrome/5.0.375.70 Safari/533.4"
67.195.115.240 - - [17/Jun/2010:00:23:21 -0700] "GET blackstardojo.org/wiki/index.php?title=Service_Form HTTP/1.0" 200 2937 "-" "Mozilla/5.0 (compatible; Yahoo! Slurp/3.0; http://help.yahoo.com/help/us/ysearch/slurp)"
67.195.111.226 - - [17/Jun/2010:00:24:05 -0700] "GET www.blackstardojo.org/vault.php HTTP/1.0" 302 21938 "-" "Mozilla/5.0 (compatible; Yahoo! Slurp/3.0; http://help.yahoo.com/help/us/ysearch/slurp)"
67.195.111.226 - - [17/Jun/2010:00:24:05 -0700] "GET www.blackstardojo.org/login.php?redirect=vault.php&user_id=-1&sid=0d3aff737efd6a0cd5ba20066babb72d HTTP/1.0" 200 22232 "-" "Mozilla/5.0 (compatible; Yahoo! Slurp/3.0; http://help.yahoo.com/help/us/ysearch/slurp)"
24.7.69.201 - - [17/Jun/2010:00:24:22 -0700] "GET www.blackstardojo.org/shop/images/Pokeball.gif HTTP/1.1" 200 314 "http://fuckyeahpokememe.tumblr.com/" "Opera/9.50 (Nintendo DSi; Opera/507; U; en-US)"
75.32.105.102 - - [17/Jun/2010:00:24:39 -0700] "GET www.blackstardojo.org/shop/images/Pokeball.gif HTTP/1.1" 200 314 "http://fuckyeahpokememe.tumblr.com/post/644898245/poor-jesse" "Mozilla/5.0 (Windows; U; Windows NT 6.0; en-US; rv:1.9.2.3) Gecko/20100401 Firefox/3.6.3 (.NET CLR 3.5.30729)"
67.195.111.226 - - [17/Jun/2010:00:26:03 -0700] "GET www.blackstardojo.org/groupcp.php HTTP/1.0" 200 24668 "-" "Mozilla/5.0 (compatible; Yahoo! Slurp/3.0; http://help.yahoo.com/help/us/ysearch/slurp)"
67.195.115.240 - - [17/Jun/2010:00:26:16 -0700] "GET blackstardojo.org/wiki/index.php?title=Special:Whatlinkshere/Profile HTTP/1.0" 200 2149 "-" "Mozilla/5.0 (compatible; Yahoo! Slurp/3.0; http://help.yahoo.com/help/us/ysearch/slurp)"
67.195.111.226 - - [17/Jun/2010:00:26:36 -0700] "GET www.blackstardojo.org/viewtopic.php?t=2004 HTTP/1.0" 200 33642 "-" "Mozilla/5.0 (compatible; Yahoo! Slurp/3.0; http://help.yahoo.com/help/us/ysearch/slurp)"
67.195.115.240 - - [17/Jun/2010:00:26:52 -0700] "GET blackstardojo.org/viewtopic.php?t=758&start=0&postdays=0&postorder=asc&highlight= HTTP/1.0" 200 48807 "-" "Mozilla/5.0 (compatible; Yahoo! Slurp/3.0; http://help.yahoo.com/help/us/ysearch/slurp)"
67.195.111.226 - - [17/Jun/2010:00:27:10 -0700] "GET www.blackstardojo.org/wiki/index.php?title=Special:Recentchangeslinked&target=Blackstar_Dojo&hideminor=0&days=30&limit=50 HTTP/1.0" 200 2204 "-" "Mozilla/5.0 (compatible; Yahoo! Slurp/3.0; http://help.yahoo.com/help/us/ysearch/slurp)"
67.195.111.226 - - [17/Jun/2010:00:27:25 -0700] "GET www.blackstardojo.org/SlurpConfirm404/ripe35-rs-report/proeukaryotic.htm HTTP/1.0" 404 1683 "-" "Mozilla/5.0 (compatible; Yahoo! Slurp/3.0; http://help.yahoo.com/help/us/ysearch/slurp)"
193.47.80.40 - - [17/Jun/2010:00:27:29 -0700] "GET blackstardojo.org/wiki/index.php?title=User:Mc3v_buy_cordarone_online_cheap&diff=prev&oldid=4390 HTTP/1.1" 200 5915 "-" "Mozilla/5.0 (compatible; Exabot/3.0; +http://www.exabot.com/go/robot)"
67.195.111.226 - - [17/Jun/2010:00:27:35 -0700] "GET www.blackstardojo.org/viewtopic.php?t=966&start=15 HTTP/1.0" 200 68242 "-" "Mozilla/5.0 (compatible; Yahoo! Slurp/3.0; http://help.yahoo.com/help/us/ysearch/slurp)"
66.249.68.77 - - [17/Jun/2010:00:27:59 -0700] "GET blackstardojo.org/wiki/index.php?title=User_talk:Ww04_buy_erexor_online_cheap&action=edit HTTP/1.1" 200 2174 "-" "Mozilla/5.0 (compatible; Googlebot/2.1; +http://www.google.com/bot.html)"
67.195.115.240 - - [17/Jun/2010:00:29:03 -0700] "GET blackstardojo.org/posting.php?mode=quote&p=51598 HTTP/1.0" 302 39 "-" "Mozilla/5.0 (compatible; Yahoo! Slurp/3.0; http://help.yahoo.com/help/us/ysearch/slurp)"
67.195.111.226 - - [17/Jun/2010:00:29:04 -0700] "GET www.blackstardojo.org/login.php?redirect=posting.php&mode=quote&p=51598&sid=29a174ba1b8374160cf915b9fdda3731 HTTP/1.0" 200 22242 "-" "Mozilla/5.0 (compatible; Yahoo! Slurp/3.0; http://help.yahoo.com/help/us/ysearch/slurp)"
67.195.115.240 - - [17/Jun/2010:00:30:27 -0700] "GET blackstardojo.org/viewtopic.php?t=1866&start=60 HTTP/1.0" 200 130288 "-" "Mozilla/5.0 (compatible; Yahoo! Slurp/3.0; http://help.yahoo.com/help/us/ysearch/slurp)"
98.148.125.23 - - [17/Jun/2010:00:30:46 -0700] "GET www.blackstardojo.org/shop/images/Pokeball.gif HTTP/1.1" 200 314 "http://fuckyeahpokememe.tumblr.com/" "Mozilla/5.0 (Windows; U; Windows NT 6.0; en-US; rv:1.9.2.3) Gecko/20100401 Firefox/3.6.3 (.NET CLR 3.5.30729)"
193.47.80.40 - - [17/Jun/2010:00:32:20 -0700] "GET blackstardojo.org/wiki/index.php?title=User:F983_buy_singulair_online_cheap&redirect=no HTTP/1.1" 304 0 "-" "Mozilla/5.0 (compatible; Exabot/3.0; +http://www.exabot.com/go/robot)"
67.195.115.240 - - [17/Jun/2010:00:32:55 -0700] "GET blackstardojo.org/wiki/index.php?title=Special:Recentchangeslinked&target=Category:Ecology&hideminor=0&days=7&limit=50 HTTP/1.0" 200 2212 "-" "Mozilla/5.0 (compatible; Yahoo! Slurp/3.0; http://help.yahoo.com/help/us/ysearch/slurp)"
71.105.20.204 - - [17/Jun/2010:00:32:57 -0700] "GET www.blackstardojo.org/shop/images/Pokeball.gif HTTP/1.1" 200 314 "http://fuckyeahpokememe.tumblr.com/" "Mozilla/5.0 (Windows; U; Windows NT 6.1; en-US) AppleWebKit/533.4 (KHTML, like Gecko) Chrome/5.0.375.70 Safari/533.4"
67.195.111.226 - - [17/Jun/2010:00:33:06 -0700] "GET www.blackstardojo.org/wiki/index.php?title=Special:Recentchanges&hidebots=1&days=30 HTTP/1.0" 200 2662 "-" "Mozilla/5.0 (compatible; Yahoo! Slurp/3.0; http://help.yahoo.com/help/us/ysearch/slurp)"
121.73.188.52 - - [17/Jun/2010:00:33:15 -0700] "GET www.blackstardojo.org/shop/images/Pokeball.gif HTTP/1.1" 200 314 "http://fuckyeahpokememe.tumblr.com/post/698902053/pokemon-type-tumblr-challenge" "Mozilla/5.0 (Windows; U; Windows NT 6.0; en-US) AppleWebKit/533.4 (KHTML, like Gecko) Chrome/5.0.375.70 Safari/533.4"
75.250.93.97 - - [17/Jun/2010:00:33:39 -0700] "GET www.blackstardojo.org/shop/images/Pokeball.gif HTTP/1.1" 200 314 "http://fuckyeahpokememe.tumblr.com/" "Opera/9.80 (Windows NT 5.1; U; en) Presto/2.5.24 Version/10.53"
216.129.119.45 - - [17/Jun/2010:00:34:46 -0700] "GET blackstardojo.org/wiki/index.php?title=User:o1n6_buy_pletal_online_cheap&printable=yes HTTP/1.1" 200 3981 "-" "Mozilla/5.0 (Twiceler-0.9 http://www.cuil.com/twiceler/robot.html)"
67.195.115.240 - - [17/Jun/2010:00:35:05 -0700] "GET blackstardojo.org/viewtopic.php?t=1656&start=180 HTTP/1.0" 200 143411 "-" "Mozilla/5.0 (compatible; Yahoo! Slurp/3.0; http://help.yahoo.com/help/us/ysearch/slurp)"
67.195.111.226 - - [17/Jun/2010:00:35:28 -0700] "GET www.blackstardojo.org/viewtopic.php?t=1872&start=15 HTTP/1.0" 200 80553 "-" "Mozilla/5.0 (compatible; Yahoo! Slurp/3.0; http://help.yahoo.com/help/us/ysearch/slurp)"
67.195.115.240 - - [17/Jun/2010:00:35:28 -0700] "GET blackstardojo.org/wiki/index.php?title=Special:Whatlinkshere&target=JRChat&limit=20&offset=0 HTTP/1.0" 200 2145 "-" "Mozilla/5.0 (compatible; Yahoo! Slurp/3.0; http://help.yahoo.com/help/us/ysearch/slurp)"
77.88.28.247 - - [17/Jun/2010:00:35:29 -0700] "GET www.blackstardojo.org/viewforum.php?f=2&sid=6e470d103db43c13ed2d1c05c18023ec HTTP/1.1" 200 95989 "-" "Yandex/1.01.001 (compatible; Win16; I)"
98.109.239.95 - - [17/Jun/2010:00:35:32 -0700] "GET www.blackstardojo.org/shop/images/Pokeball.gif HTTP/1.1" 200 314 "http://fuckyeahpokememe.tumblr.com/post/706343473/eejin-via-pokemonscreenshots" "Mozilla/5.0 (Windows; U; Windows NT 6.1; en-US; rv:1.9.1.9) Gecko/20100315 Firefox/3.5.9"
99.50.120.178 - - [17/Jun/2010:00:36:13 -0700] "GET www.blackstardojo.org/shop/images/Pokeball.gif HTTP/1.1" 200 314 "http://fuckyeahpokememe.tumblr.com/" "Mozilla/5.0 (Windows; U; Windows NT 6.1; en-US; rv:1.9.2.3) Gecko/20100401 Firefox/3.6.3"
84.26.55.19 - - [17/Jun/2010:00:36:57 -0700] "GET www.blackstardojo.org/shop/images/Pokeball.gif HTTP/1.1" 200 314 "http://fuckyeahpokememe.tumblr.com/" "Mozilla/5.0 (Windows; U; Windows NT 5.1; nl; rv:1.9.2.3) Gecko/20100401 Firefox/3.6.3"
67.161.19.105 - - [17/Jun/2010:00:37:54 -0700] "GET www.blackstardojo.org/shop/images/Pokeball.gif HTTP/1.1" 200 314 "http://fuckyeahpokememe.tumblr.com/" "Mozilla/5.0 (Macintosh; U; Intel Mac OS X 10_6_2; en-us) AppleWebKit/531.9 (KHTML, like Gecko) Version/4.0.3 Safari/531.9"
67.195.115.240 - - [17/Jun/2010:00:38:16 -0700] "GET blackstardojo.org/wiki/index.php?title=Special:Recentchangeslinked/Category:Ocean_Tidepools HTTP/1.0" 200 2222 "-" "Mozilla/5.0 (compatible; Yahoo! Slurp/3.0; http://help.yahoo.com/help/us/ysearch/slurp)"
67.195.111.226 - - [17/Jun/2010:00:38:33 -0700] "GET www.blackstardojo.org/wiki/index.php?title=User:Mcculloughzmjk HTTP/1.0" 200 3928 "-" "Mozilla/5.0 (compatible; Yahoo! Slurp/3.0; http://help.yahoo.com/help/us/ysearch/slurp)"
68.122.74.13 - - [17/Jun/2010:00:39:20 -0700] "GET www.blackstardojo.org/shop/images/Pokeball.gif HTTP/1.1" 200 314 "http://fuckyeahpokememe.tumblr.com/" "Mozilla/4.0 (PSP (PlayStation Portable); 2.00)"
66.249.68.77 - - [17/Jun/2010:00:39:40 -0700] "GET blackstardojo.org/wiki/index.php?title=User:03ck_buy_arimidex_online_cheap&action=history HTTP/1.1" 200 2568 "-" "Mozilla/5.0 (compatible; Googlebot/2.1; +http://www.google.com/bot.html)"
24.46.107.42 - - [17/Jun/2010:00:40:29 -0700] "GET www.blackstardojo.org/shop/images/Pokeball.gif HTTP/1.1" 200 314 "http://fuckyeahpokememe.tumblr.com/page/1" "Mozilla/5.0 (Macintosh; U; Intel Mac OS X 10_6_3; en-us) AppleWebKit/531.21.11 (KHTML, like Gecko) Version/4.0.4 Safari/531.21.10"
67.195.111.226 - - [17/Jun/2010:00:40:41 -0700] "GET www.blackstardojo.org/wiki/index.php?title=Roleplaying HTTP/1.0" 200 2339 "-" "Mozilla/5.0 (compatible; Yahoo! Slurp/3.0; http://help.yahoo.com/help/us/ysearch/slurp)"
67.195.111.226 - - [17/Jun/2010:00:40:41 -0700] "GET www.blackstardojo.org/wiki/skins/monobook/main.css HTTP/1.0" 304 - "http://www.blackstardojo.org/wiki/index.php?title=Roleplaying" "Mozilla/5.0 (compatible; Yahoo! Slurp/3.0; http://help.yahoo.com/help/us/ysearch/slurp)"
67.195.111.226 - - [17/Jun/2010:00:40:42 -0700] "GET www.blackstardojo.org/wiki/skins/common/commonPrint.css HTTP/1.0" 304 - "http://www.blackstardojo.org/wiki/index.php?title=Roleplaying" "Mozilla/5.0 (compatible; Yahoo! Slurp/3.0; http://help.yahoo.com/help/us/ysearch/slurp)"
67.195.111.226 - - [17/Jun/2010:00:40:42 -0700] "GET www.blackstardojo.org/wiki/index.php?title=-&action=raw&gen=css&maxage=18000 HTTP/1.0" 200 98 "http://www.blackstardojo.org/wiki/index.php?title=Roleplaying" "Mozilla/5.0 (compatible; Yahoo! Slurp/3.0; http://help.yahoo.com/help/us/ysearch/slurp)"
67.195.111.226 - - [17/Jun/2010:00:40:42 -0700] "GET www.blackstardojo.org/wiki/index.php?title=MediaWiki:Monobook.css&action=raw&ctype=text/css&smaxage=18000 HTTP/1.0" 200 86 "http://www.blackstardojo.org/wiki/index.php?title=Roleplaying" "Mozilla/5.0 (compatible; Yahoo! Slurp/3.0; http://help.yahoo.com/help/us/ysearch/slurp)"
77.49.25.4 - - [17/Jun/2010:00:41:13 -0700] "GET www.blackstardojo.org/forum_images/suggestion.png HTTP/1.1" 200 2959 "http://gointhrough.all-up.com/" "Mozilla/4.0 (compatible; MSIE 8.0; Windows NT 5.1; Trident/4.0; GTB6.4; Mozilla/4.0 (compatible; MSIE 6.0; Windows NT 5.1; SV1) ; InfoPath.2; AskTB5.6)"
211.28.49.136 - - [17/Jun/2010:00:42:46 -0700] "GET www.blackstardojo.org/shop/images/Pokeball.gif HTTP/1.1" 200 314 "http://fuckyeahpokememe.tumblr.com/post/464187361/gary-oak-was-the-nice-guy-all-along" "Mozilla/4.0 (compatible; MSIE 8.0; Windows NT 6.1; WOW64; Trident/4.0; SLCC2; .NET CLR 2.0.50727; .NET CLR 3.5.30729; .NET CLR 3.0.30729; Media Center PC 6.0)"
66.249.68.77 - - [17/Jun/2010:00:44:31 -0700] "GET blackstardojo.org/viewtopic.php?t=1403&view=previous&sid=865870c98c1b5d7146c8368ffbc66aef HTTP/1.1" 200 75420 "-" "Mozilla/5.0 (compatible; Googlebot/2.1; +http://www.google.com/bot.html)"
66.108.188.130 - - [17/Jun/2010:00:45:47 -0700] "GET www.blackstardojo.org/shop/images/Pokeball.gif HTTP/1.1" 200 314 "http://fuckyeahpokememe.tumblr.com/" "Mozilla/5.0 (Macintosh; U; Intel Mac OS X 10_6_3; en-us) AppleWebKit/531.22.7 (KHTML, like Gecko) Version/4.0.5 Safari/531.22.7"
67.195.111.226 - - [17/Jun/2010:00:45:57 -0700] "GET www.blackstardojo.org/ranks.php?sid=b66b17ae29aff4f538b82c52db1f614c HTTP/1.0" 200 62709 "-" "Mozilla/5.0 (compatible; Yahoo! Slurp/3.0; http://help.yahoo.com/help/us/ysearch/slurp)"
67.195.111.226 - - [17/Jun/2010:00:46:45 -0700] "GET www.blackstardojo.org/wiki/index.php?title=Corrupted_Cave&action=edit HTTP/1.0" 200 2092 "-" "Mozilla/5.0 (compatible; Yahoo! Slurp/3.0; http://help.yahoo.com/help/us/ysearch/slurp)"
67.195.115.240 - - [17/Jun/2010:00:46:46 -0700] "GET blackstardojo.org/search.php?search_author=Dr+Tanner HTTP/1.0" 200 47249 "-" "Mozilla/5.0 (compatible; Yahoo! Slurp/3.0; http://help.yahoo.com/help/us/ysearch/slurp)"
115.132.172.1 - - [17/Jun/2010:00:47:02 -0700] "GET www.blackstardojo.org/shop/images/Pokeball.gif HTTP/1.1" 200 314 "http://fuckyeahpokememe.tumblr.com/" "Mozilla/5.0 (Macintosh; U; Intel Mac OS X 10.5; en-US; rv:1.9.0.19) Gecko/2010031218 Firefox/3.0.19"
58.165.171.154 - - [17/Jun/2010:00:48:13 -0700] "GET www.blackstardojo.org/shop/images/Pokeball.gif HTTP/1.1" 200 314 "http://fuckyeahpokememe.tumblr.com/tagged/pokecomic" "Mozilla/5.0 (Windows; U; Windows NT 6.0; en-US) AppleWebKit/533.4 (KHTML, like Gecko) Chrome/5.0.375.70 Safari/533.4"
67.195.111.226 - - [17/Jun/2010:00:49:23 -0700] "GET www.blackstardojo.org/viewtopic.php?t=2259&start=0&postdays=0&postorder=asc&highlight= HTTP/1.0" 200 44617 "-" "Mozilla/5.0 (compatible; Yahoo! Slurp/3.0; http://help.yahoo.com/help/us/ysearch/slurp)"
67.195.111.226 - - [17/Jun/2010:00:49:25 -0700] "GET www.blackstardojo.org/viewtopic.php?p=28217 HTTP/1.0" 302 39 "-" "Mozilla/5.0 (compatible; Yahoo! Slurp/3.0; http://help.yahoo.com/help/us/ysearch/slurp)"
125.163.73.151 - - [17/Jun/2010:00:49:30 -0700] "GET www.blackstardojo.org/shop/images/Pokeball.gif HTTP/1.1" 200 314 "http://fuckyeahpokememe.tumblr.com/" "Mozilla/5.0 (Windows; U; Windows NT 6.1; en-US; rv:1.9.2.3) Gecko/20100401 Firefox/3.6.3"
67.195.111.226 - - [17/Jun/2010:00:49:32 -0700] "GET www.blackstardojo.org/login.php?redirect=viewtopic.php&p=28217&sid=5788d0056b71e9eba799956e50d17fda HTTP/1.0" 200 22233 "-" "Mozilla/5.0 (compatible; Yahoo! Slurp/3.0; http://help.yahoo.com/help/us/ysearch/slurp)"
173.45.203.183 - - [17/Jun/2010:00:49:43 -0700] "GET www.blackstardojo.org/shop/images/Pokeball.gif HTTP/1.1" 200 314 "http://fuckyeahpokememe.tumblr.com/" "Mozilla/5.0 (Windows; U; Windows NT 6.1; en-US; rv:1.9.2.3) Gecko/20100401 Firefox/3.6.3"
84.157.73.38 - - [17/Jun/2010:00:50:57 -0700] "GET www.blackstardojo.org/shop/images/Pokeball.gif HTTP/1.1" 200 314 "http://www.google.de/imgres?imgurl=http://www.blackstardojo.org/shop/images/Pokeball.gif&imgrefurl=http://www.blackstardojo.org/profile.php%3Fmode%3Dviewprofile%26u%3D73&usg=__ce2YPCc_pKMYLiYItZMf4g17nxs=&h=40&w=40&sz=1&hl=de&start=5&itbs=1&tbnid=flrjig-qfoXt_M:&tbnh=40&tbnw=40&prev=/images%3Fq%3Dpokeball%2Bgif%26hl%3Dde%26gbv%3D2%26tbs%3Disch:1" "Mozilla/5.0 (Windows; U; Windows NT 6.0; de; rv:1.9.2.3) Gecko/20100401 Firefox/3.6.3 (.NET CLR 3.5.30729)"
84.157.73.38 - - [17/Jun/2010:00:50:57 -0700] "GET www.blackstardojo.org/shop/images/Pokeball.gif HTTP/1.1" 200 314 "http://www.google.de/imgres?imgurl=http://www.blackstardojo.org/shop/images/Pokeball.gif&imgrefurl=http://www.blackstardojo.org/profile.php%3Fmode%3Dviewprofile%26u%3D73&usg=__ce2YPCc_pKMYLiYItZMf4g17nxs=&h=40&w=40&sz=1&hl=de&start=5&itbs=1&tbnid=flrjig-qfoXt_M:&tbnh=40&tbnw=40&prev=/images%3Fq%3Dpokeball%2Bgif%26hl%3Dde%26gbv%3D2%26tbs%3Disch:1" "Mozilla/5.0 (Windows; U; Windows NT 6.0; de; rv:1.9.2.3) Gecko/20100401 Firefox/3.6.3 (.NET CLR 3.5.30729)"
84.157.73.38 - - [17/Jun/2010:00:50:58 -0700] "GET www.blackstardojo.org/profile.php?mode=viewprofile&u=73 HTTP/1.1" 200 37080 "http://www.google.de/imgres?imgurl=http://www.blackstardojo.org/shop/images/Pokeball.gif&imgrefurl=http://www.blackstardojo.org/profile.php%3Fmode%3Dviewprofile%26u%3D73&usg=__ce2YPCc_pKMYLiYItZMf4g17nxs=&h=40&w=40&sz=1&hl=de&start=5&itbs=1&tbnid=flrjig-qfoXt_M:&tbnh=40&tbnw=40&prev=/images%3Fq%3Dpokeball%2Bgif%26hl%3Dde%26gbv%3D2%26tbs%3Disch:1" "Mozilla/5.0 (Windows; U; Windows NT 6.0; de; rv:1.9.2.3) Gecko/20100401 Firefox/3.6.3 (.NET CLR 3.5.30729)"
84.157.73.38 - - [17/Jun/2010:00:51:00 -0700] "GET www.blackstardojo.org/profile.php?mode=viewprofile&u=73 HTTP/1.1" 200 36985 "http://www.google.de/imgres?imgurl=http://www.blackstardojo.org/shop/images/Pokeball.gif&imgrefurl=http://www.blackstardojo.org/profile.php%3Fmode%3Dviewprofile%26u%3D73&usg=__ce2YPCc_pKMYLiYItZMf4g17nxs=&h=40&w=40&sz=1&hl=de&start=5&itbs=1&tbnid=flrjig-qfoXt_M:&tbnh=40&tbnw=40&prev=/images%3Fq%3Dpokeball%2Bgif%26hl%3Dde%26gbv%3D2%26tbs%3Disch:1" "Mozilla/5.0 (Windows; U; Windows NT 6.0; de; rv:1.9.2.3) Gecko/20100401 Firefox/3.6.3 (.NET CLR 3.5.30729)"
129.44.253.172 - - [17/Jun/2010:00:52:00 -0700] "GET www.blackstardojo.org/shop/images/Pokeball.gif HTTP/1.1" 200 314 "http://fuckyeahpokememe.tumblr.com/" "Mozilla/5.0 (Windows; U; Windows NT 5.1; en-US; rv:1.9.2) Gecko/20100115 YFF35 Firefox/3.6 (.NET CLR 3.5.30729)"
116.12.248.162 - - [17/Jun/2010:00:52:05 -0700] "GET www.blackstardojo.org/shop/images/Pokeball.gif HTTP/1.1" 200 314 "http://fuckyeahpokememe.tumblr.com/" "Mozilla/4.0 (compatible; MSIE 7.0; Windows NT 5.1; .NET CLR 1.1.4322; .NET CLR 2.0.50727; .NET CLR 3.0.04506.648; .NET CLR 3.5.21022; .NET CLR 3.0.4506.2152; .NET CLR 3.5.30729; OfficeLiveConnector.1.3; OfficeLivePatch.0.0)"
99.107.223.21 - - [17/Jun/2010:00:52:21 -0700] "GET www.blackstardojo.org/shop/images/Pokeball.gif HTTP/1.1" 200 314 "http://fuckyeahpokememe.tumblr.com/" "Mozilla/5.0 (Macintosh; U; Intel Mac OS X 10_6_4; en-us) AppleWebKit/533.16 (KHTML, like Gecko) Version/5.0 Safari/533.16"
193.47.80.40 - - [17/Jun/2010:00:52:55 -0700] "GET blackstardojo.org/wiki/index.php?title=Till_Doyle&action=edit HTTP/1.1" 200 2095 "-" "Mozilla/5.0 (compatible; Exabot/3.0; +http://www.exabot.com/go/robot)"
68.104.73.246 - - [17/Jun/2010:00:53:17 -0700] "GET www.blackstardojo.org/shop/images/Pokeball.gif HTTP/1.1" 200 314 "http://fuckyeahpokememe.tumblr.com/" "Mozilla/5.0 (Windows; U; Windows NT 5.1; en-US; rv:1.9.1.9) Gecko/20100315 Firefox/3.5.9 GTB7.0 ( .NET CLR 3.5.30729)"
203.142.68.133 - - [17/Jun/2010:00:54:25 -0700] "GET www.blackstardojo.org/shop/images/Pokeball.gif HTTP/1.1" 200 314 "http://fuckyeahpokememe.tumblr.com/post/660941946/with-just-a-simple-color-change-charmander-looks" "Mozilla/5.0 (Windows; U; Windows NT 5.1; en-US; rv:1.9.2.3) Gecko/20100401 Firefox/3.6.3"
66.249.68.154 - - [17/Jun/2010:00:54:29 -0700] "GET www.blackstardojo.org/profile.php?mode=miniprofile&u=31&sid=32c0933c4705b3f7b89020343fe2d0f1 HTTP/1.1" 200 12544 "-" "Mozilla/5.0 (compatible; Googlebot/2.1; +http://www.google.com/bot.html)"
193.47.80.40 - - [17/Jun/2010:00:54:53 -0700] "GET blackstardojo.org/wiki/index.php?title=User:Ls94_buy_breast_enhancement_gum_online_cheap&action=history HTTP/1.1" 200 2589 "-" "Mozilla/5.0 (compatible; Exabot/3.0; +http://www.exabot.com/go/robot)"
71.238.10.170 - - [17/Jun/2010:00:54:58 -0700] "GET www.blackstardojo.org/shop/images/Pokeball.gif HTTP/1.1" 200 314 "http://fuckyeahpokememe.tumblr.com/" "Mozilla/5.0 (Macintosh; U; Intel Mac OS X 10_5_8; en-us) AppleWebKit/533.16 (KHTML, like Gecko) Version/5.0 Safari/533.16"
77.88.28.247 - - [17/Jun/2010:00:55:39 -0700] "GET www.blackstardojo.org/viewforum.php?f=43 HTTP/1.1" 302 51 "-" "Yandex/1.01.001 (compatible; Win16; I)"
220.101.58.146 - - [17/Jun/2010:00:55:49 -0700] "GET www.blackstardojo.org/shop/images/Pokeball.gif HTTP/1.1" 200 314 "http://fuckyeahpokememe.tumblr.com/" "Mozilla/5.0 (Windows; U; Windows NT 6.0; en-US; rv:1.9.2.3) Gecko/20100401 Firefox/3.6.3 (.NET CLR 3.5.30729)"
67.195.115.240 - - [17/Jun/2010:00:56:01 -0700] "GET blackstardojo.org/wiki/index.php?title=Special:Recentchangeslinked/User:Pe92_buy_chloroquine_online_cheap HTTP/1.0" 200 2248 "-" "Mozilla/5.0 (compatible; Yahoo! Slurp/3.0; http://help.yahoo.com/help/us/ysearch/slurp)"
99.170.151.190 - - [17/Jun/2010:00:56:06 -0700] "GET www.blackstardojo.org/shop/images/Pokeball.gif HTTP/1.1" 200 314 "http://fuckyeahpokememe.tumblr.com/" "Mozilla/5.0 (Macintosh; U; Intel Mac OS X 10.5; en-US; rv:1.9.1.9) Gecko/20100315 Firefox/3.5.9"
67.195.111.226 - - [17/Jun/2010:00:56:54 -0700] "GET www.blackstardojo.org/profile.php?mode=viewprofile&u=26 HTTP/1.0" 200 45635 "-" "Mozilla/5.0 (compatible; Yahoo! Slurp/3.0; http://help.yahoo.com/help/us/ysearch/slurp)"
67.195.111.226 - - [17/Jun/2010:00:57:19 -0700] "GET www.blackstardojo.org/viewforum.php?f=20 HTTP/1.0" 200 57718 "-" "Mozilla/5.0 (compatible; Yahoo! Slurp/3.0; http://help.yahoo.com/help/us/ysearch/slurp)"
67.218.116.163 - - [17/Jun/2010:00:57:40 -0700] "GET www.blackstardojo.org/viewtopic.php?t=488&start=90 HTTP/1.1" 302 51 "-" "Mozilla/5.0 (Twiceler-0.9 http://www.cuil.com/twiceler/robot.html)"
24.233.118.171 - - [17/Jun/2010:00:58:12 -0700] "GET www.blackstardojo.org/shop/images/Pokeball.gif HTTP/1.1" 200 314 "http://fuckyeahpokememe.tumblr.com/" "Mozilla/4.0 (compatible; MSIE 8.0; Windows NT 6.0; WOW64; Trident/4.0; GTB6.5; HotbarSearchToolbar 1.1; SLCC1; .NET CLR 2.0.50727; Media Center PC 5.0; .NET CLR 3.5.21022; .NET CLR 3.5.30729; .NET CLR 3.0.30618; .NET CLR 1.1.4322)"
67.195.115.240 - - [17/Jun/2010:00:59:37 -0700] "GET blackstardojo.org/wiki/index.php?title=Special:Upload HTTP/1.0" 200 1973 "-" "Mozilla/5.0 (compatible; Yahoo! Slurp/3.0; http://help.yahoo.com/help/us/ysearch/slurp)"
67.195.115.240 - - [17/Jun/2010:00:59:51 -0700] "GET blackstardojo.org/viewtopic.php?t=1537 HTTP/1.0" 200 35601 "-" "Mozilla/5.0 (compatible; Yahoo! Slurp/3.0; http://help.yahoo.com/help/us/ysearch/slurp)"
24.86.16.48 - - [17/Jun/2010:01:00:25 -0700] "GET www.blackstardojo.org/shop/images/Pokeball.gif HTTP/1.1" 200 314 "http://fuckyeahpokememe.tumblr.com/post/698902053/pokemon-type-tumblr-challenge" "Mozilla/5.0 (Windows; U; Windows NT 5.1; en-US) AppleWebKit/533.4 (KHTML, like Gecko) Chrome/5.0.375.70 Safari/533.4"
67.195.115.240 - - [17/Jun/2010:01:00:36 -0700] "GET blackstardojo.org/viewtopic.php?t=1752 HTTP/1.0" 200 106818 "-" "Mozilla/5.0 (compatible; Yahoo! Slurp/3.0; http://help.yahoo.com/help/us/ysearch/slurp)"
67.195.115.240 - - [17/Jun/2010:01:00:36 -0700] "GET blackstardojo.org/viewtopic.php?t=1729&start=0 HTTP/1.0" 200 122460 "-" "Mozilla/5.0 (compatible; Yahoo! Slurp/3.0; http://help.yahoo.com/help/us/ysearch/slurp)"
68.34.173.109 - - [17/Jun/2010:01:01:24 -0700] "GET www.blackstardojo.org/shop/images/Pokeball.gif HTTP/1.1" 200 314 "http://fuckyeahpokememe.tumblr.com/post/589875174/wake-up-in-the-morning-feeling-like-ash-ketchum-put-on" "Mozilla/4.0 (compatible; MSIE 7.0; Windows NT 6.0; GTB6.5; Mozilla/4.0 (compatible; MSIE 6.0; Windows NT 5.1; SV1) ;  Embedded Web Browser from: http://bsalsa.com/; SLCC1; .NET CLR 2.0.50727; .NET CLR 3.5.30729; .NET CLR 3.0.30618; WINFC 2.0.0.1)"
190.92.44.52 - - [17/Jun/2010:01:01:25 -0700] "GET www.blackstardojo.org/shop/images/Pokeball.gif HTTP/1.1" 200 314 "http://todopokemon-spain.foroactivo.net/forum.htm" "Mozilla/5.0 (Windows; U; Windows NT 5.1; es-ES; rv:1.9.2.3) Gecko/20100401 FireDownload/2.0.1 Firefox/3.6.3"
90.202.156.95 - - [17/Jun/2010:01:01:49 -0700] "GET www.blackstardojo.org/ HTTP/1.1" 200 52291 "-" "Mozilla/5.0 (Windows; U; Windows NT 6.0; en-US) AppleWebKit/531.22.7 (KHTML, like Gecko) Version/4.0.5 Safari/531.22.7"
90.202.156.95 - - [17/Jun/2010:01:01:49 -0700] "GET www.blackstardojo.org/templates/guildwars_tree/images/header_logo_04.gif HTTP/1.1" 200 1050 "http://www.blackstardojo.org/" "Mozilla/5.0 (Windows; U; Windows NT 6.0; en-US) AppleWebKit/531.22.7 (KHTML, like Gecko) Version/4.0.5 Safari/531.22.7"
90.202.156.95 - - [17/Jun/2010:01:01:49 -0700] "GET www.blackstardojo.org/templates/guildwars_tree/images/cellpic3.gif HTTP/1.1" 200 256 "http://www.blackstardojo.org/" "Mozilla/5.0 (Windows; U; Windows NT 6.0; en-US) AppleWebKit/531.22.7 (KHTML, like Gecko) Version/4.0.5 Safari/531.22.7"
90.202.156.95 - - [17/Jun/2010:01:01:49 -0700] "GET www.blackstardojo.org/templates/guildwars_tree/images/header_logo_02.gif HTTP/1.1" 200 1050 "http://www.blackstardojo.org/" "Mozilla/5.0 (Windows; U; Windows NT 6.0; en-US) AppleWebKit/531.22.7 (KHTML, like Gecko) Version/4.0.5 Safari/531.22.7"
90.202.156.95 - - [17/Jun/2010:01:01:49 -0700] "GET www.blackstardojo.org/templates/guildwars_tree/images/temblem_li.gif HTTP/1.1" 200 601 "http://www.blackstardojo.org/" "Mozilla/5.0 (Windows; U; Windows NT 6.0; en-US) AppleWebKit/531.22.7 (KHTML, like Gecko) Version/4.0.5 Safari/531.22.7"
90.202.156.95 - - [17/Jun/2010:01:01:49 -0700] "GET www.blackstardojo.org/templates/guildwars_tree/images/temblem_re.gif HTTP/1.1" 200 606 "http://www.blackstardojo.org/" "Mozilla/5.0 (Windows; U; Windows NT 6.0; en-US) AppleWebKit/531.22.7 (KHTML, like Gecko) Version/4.0.5 Safari/531.22.7"
90.202.156.95 - - [17/Jun/2010:01:01:49 -0700] "GET www.blackstardojo.org/templates/guildwars_tree/images/cellpic1.gif HTTP/1.1" 200 281 "http://www.blackstardojo.org/" "Mozilla/5.0 (Windows; U; Windows NT 6.0; en-US) AppleWebKit/531.22.7 (KHTML, like Gecko) Version/4.0.5 Safari/531.22.7"
90.202.156.95 - - [17/Jun/2010:01:01:50 -0700] "GET www.blackstardojo.org/templates/guildwars_tree/images/header_logo_01.gif HTTP/1.1" 200 26822 "http://www.blackstardojo.org/" "Mozilla/5.0 (Windows; U; Windows NT 6.0; en-US) AppleWebKit/531.22.7 (KHTML, like Gecko) Version/4.0.5 Safari/531.22.7"
90.202.156.95 - - [17/Jun/2010:01:01:50 -0700] "GET www.blackstardojo.org/templates/guildwars_tree/images/header_logo_03.gif HTTP/1.1" 200 23856 "http://www.blackstardojo.org/" "Mozilla/5.0 (Windows; U; Windows NT 6.0; en-US) AppleWebKit/531.22.7 (KHTML, like Gecko) Version/4.0.5 Safari/531.22.7"
90.202.156.95 - - [17/Jun/2010:01:01:50 -0700] "GET www.blackstardojo.org/templates/guildwars_tree/images/header_logo_05.gif HTTP/1.1" 200 26586 "http://www.blackstardojo.org/" "Mozilla/5.0 (Windows; U; Windows NT 6.0; en-US) AppleWebKit/531.22.7 (KHTML, like Gecko) Version/4.0.5 Safari/531.22.7"
90.202.156.95 - - [17/Jun/2010:01:01:50 -0700] "GET www.blackstardojo.org/templates/guildwars_tree/images/cellpic2.gif HTTP/1.1" 200 1161 "http://www.blackstardojo.org/" "Mozilla/5.0 (Windows; U; Windows NT 6.0; en-US) AppleWebKit/531.22.7 (KHTML, like Gecko) Version/4.0.5 Safari/531.22.7"
90.202.156.95 - - [17/Jun/2010:01:01:50 -0700] "GET www.blackstardojo.org/forum_images/scroll.png HTTP/1.1" 200 3976 "http://www.blackstardojo.org/" "Mozilla/5.0 (Windows; U; Windows NT 6.0; en-US) AppleWebKit/531.22.7 (KHTML, like Gecko) Version/4.0.5 Safari/531.22.7"
90.202.156.95 - - [17/Jun/2010:01:01:50 -0700] "GET www.blackstardojo.org/forum_images/pin.png HTTP/1.1" 200 2520 "http://www.blackstardojo.org/" "Mozilla/5.0 (Windows; U; Windows NT 6.0; en-US) AppleWebKit/531.22.7 (KHTML, like Gecko) Version/4.0.5 Safari/531.22.7"
90.202.156.95 - - [17/Jun/2010:01:01:50 -0700] "GET www.blackstardojo.org/templates/guildwars_tree/images/icon_latest_reply.gif HTTP/1.1" 200 952 "http://www.blackstardojo.org/" "Mozilla/5.0 (Windows; U; Windows NT 6.0; en-US) AppleWebKit/531.22.7 (KHTML, like Gecko) Version/4.0.5 Safari/531.22.7"
90.202.156.95 - - [17/Jun/2010:01:01:50 -0700] "GET www.blackstardojo.org/forum_images/bug.png HTTP/1.1" 200 2734 "http://www.blackstardojo.org/" "Mozilla/5.0 (Windows; U; Windows NT 6.0; en-US) AppleWebKit/531.22.7 (KHTML, like Gecko) Version/4.0.5 Safari/531.22.7"
90.202.156.95 - - [17/Jun/2010:01:01:50 -0700] "GET www.blackstardojo.org/forum_images/star.png HTTP/1.1" 200 2442 "http://www.blackstardojo.org/" "Mozilla/5.0 (Windows; U; Windows NT 6.0; en-US) AppleWebKit/531.22.7 (KHTML, like Gecko) Version/4.0.5 Safari/531.22.7"
90.202.156.95 - - [17/Jun/2010:01:01:50 -0700] "GET www.blackstardojo.org/forum_images/dragon.png HTTP/1.1" 200 4520 "http://www.blackstardojo.org/" "Mozilla/5.0 (Windows; U; Windows NT 6.0; en-US) AppleWebKit/531.22.7 (KHTML, like Gecko) Version/4.0.5 Safari/531.22.7"
90.202.156.95 - - [17/Jun/2010:01:01:50 -0700] "GET www.blackstardojo.org/forum_images/chat.png HTTP/1.1" 200 3555 "http://www.blackstardojo.org/" "Mozilla/5.0 (Windows; U; Windows NT 6.0; en-US) AppleWebKit/531.22.7 (KHTML, like Gecko) Version/4.0.5 Safari/531.22.7"
90.202.156.95 - - [17/Jun/2010:01:01:50 -0700] "GET www.blackstardojo.org/forum_images/training.png HTTP/1.1" 200 3129 "http://www.blackstardojo.org/" "Mozilla/5.0 (Windows; U; Windows NT 6.0; en-US) AppleWebKit/531.22.7 (KHTML, like Gecko) Version/4.0.5 Safari/531.22.7"
90.202.156.95 - - [17/Jun/2010:01:01:50 -0700] "GET www.blackstardojo.org/forum_images/north.png HTTP/1.1" 200 4238 "http://www.blackstardojo.org/" "Mozilla/5.0 (Windows; U; Windows NT 6.0; en-US) AppleWebKit/531.22.7 (KHTML, like Gecko) Version/4.0.5 Safari/531.22.7"
90.202.156.95 - - [17/Jun/2010:01:01:51 -0700] "GET www.blackstardojo.org/forum_images/wolf.png HTTP/1.1" 200 2819 "http://www.blackstardojo.org/" "Mozilla/5.0 (Windows; U; Windows NT 6.0; en-US) AppleWebKit/531.22.7 (KHTML, like Gecko) Version/4.0.5 Safari/531.22.7"
90.202.156.95 - - [17/Jun/2010:01:01:51 -0700] "GET www.blackstardojo.org/forum_images/south.png HTTP/1.1" 200 2821 "http://www.blackstardojo.org/" "Mozilla/5.0 (Windows; U; Windows NT 6.0; en-US) AppleWebKit/531.22.7 (KHTML, like Gecko) Version/4.0.5 Safari/531.22.7"
90.202.156.95 - - [17/Jun/2010:01:01:51 -0700] "GET www.blackstardojo.org/forum_images/arena.png HTTP/1.1" 200 4047 "http://www.blackstardojo.org/" "Mozilla/5.0 (Windows; U; Windows NT 6.0; en-US) AppleWebKit/531.22.7 (KHTML, like Gecko) Version/4.0.5 Safari/531.22.7"
90.202.156.95 - - [17/Jun/2010:01:01:51 -0700] "GET www.blackstardojo.org/forum_images/ampitheater.png HTTP/1.1" 200 3639 "http://www.blackstardojo.org/" "Mozilla/5.0 (Windows; U; Windows NT 6.0; en-US) AppleWebKit/531.22.7 (KHTML, like Gecko) Version/4.0.5 Safari/531.22.7"
90.202.156.95 - - [17/Jun/2010:01:01:51 -0700] "GET www.blackstardojo.org/forum_images/art.png HTTP/1.1" 200 4214 "http://www.blackstardojo.org/" "Mozilla/5.0 (Windows; U; Windows NT 6.0; en-US) AppleWebKit/531.22.7 (KHTML, like Gecko) Version/4.0.5 Safari/531.22.7"
90.202.156.95 - - [17/Jun/2010:01:01:51 -0700] "GET www.blackstardojo.org/forum_images/market.png HTTP/1.1" 200 3915 "http://www.blackstardojo.org/" "Mozilla/5.0 (Windows; U; Windows NT 6.0; en-US) AppleWebKit/531.22.7 (KHTML, like Gecko) Version/4.0.5 Safari/531.22.7"
