67.195.111.226 - - [14/Jun/2010:03:50:39 -0700] "GET www.blackstardojo.org/viewtopic.php?t=2261&view=next HTTP/1.0" 200 21252 "-" "Mozilla/5.0 (compatible; Yahoo! Slurp/3.0; http://help.yahoo.com/help/us/ysearch/slurp)"
193.47.80.40 - - [14/Jun/2010:03:50:48 -0700] "GET blackstardojo.org/wiki/index.php?title=User:1qp0_buy_l_tryptophan_online_cheap&action=edit&section=3 HTTP/1.1" 200 2169 "-" "Mozilla/5.0 (compatible; Exabot/3.0; +http://www.exabot.com/go/robot)"
77.88.28.247 - - [14/Jun/2010:03:51:20 -0700] "GET www.blackstardojo.org/viewtopic.php?p=13121&sid=1be6d99eee9140432591f8343f0ffdba HTTP/1.1" 200 44424 "-" "Yandex/1.01.001 (compatible; Win16; I)"
119.63.193.215 - - [14/Jun/2010:03:51:22 -0700] "GET www.blackstardojo.org/ HTTP/1.1" 200 73469 "-" "Mozilla/4.0 (compatible; MSIE 6.0; Windows NT 5.1)"
67.195.115.240 - - [14/Jun/2010:03:51:33 -0700] "GET blackstardojo.org/viewtopic.php?p=43585 HTTP/1.0" 200 73474 "-" "Mozilla/5.0 (compatible; Yahoo! Slurp/3.0; http://help.yahoo.com/help/us/ysearch/slurp)"
67.195.115.240 - - [14/Jun/2010:03:51:54 -0700] "GET blackstardojo.org/wiki/index.php?title=Special:Whatlinkshere&target=Items&limit=50&offset=0 HTTP/1.0" 200 2165 "-" "Mozilla/5.0 (compatible; Yahoo! Slurp/3.0; http://help.yahoo.com/help/us/ysearch/slurp)"
67.195.111.226 - - [14/Jun/2010:03:52:30 -0700] "GET www.blackstardojo.org/viewtopic.php?p=16520 HTTP/1.0" 200 39126 "-" "Mozilla/5.0 (compatible; Yahoo! Slurp/3.0; http://help.yahoo.com/help/us/ysearch/slurp)"
124.170.92.245 - - [14/Jun/2010:03:53:12 -0700] "GET www.blackstardojo.org/shop/images/Pokeball.gif HTTP/1.1" 200 314 "http://fuckyeahpokememe.tumblr.com/post/475740266/i-hate-it-when-this-happens-submitted-by" "Mozilla/5.0 (Windows; U; Windows NT 6.0; en-US; rv:1.9.2.3) Gecko/20100401 AskTbARS/3.8.0.12304 Firefox/3.6.3 (.NET CLR 3.5.30729)"
193.47.80.40 - - [14/Jun/2010:03:55:19 -0700] "GET blackstardojo.org/wiki/index.php?title=User:A9bd_buy_levlen_online_cheap&oldid=4337&printable=yes HTTP/1.1" 200 5004 "-" "Mozilla/5.0 (compatible; Exabot/3.0; +http://www.exabot.com/go/robot)"
69.232.155.250 - - [14/Jun/2010:03:55:48 -0700] "GET www.blackstardojo.org/shop/images/Pokeball.gif HTTP/1.1" 200 314 "http://fuckyeahpokememe.tumblr.com/" "Mozilla/5.0 (Macintosh; U; Intel Mac OS X 10_6; en-us) AppleWebKit/531.9 (KHTML, like Gecko) Version/4.0.3 Safari/531.9"
67.195.115.240 - - [14/Jun/2010:03:56:43 -0700] "GET blackstardojo.org/affiliates.php HTTP/1.0" 200 23426 "-" "Mozilla/5.0 (compatible; Yahoo! Slurp/3.0; http://help.yahoo.com/help/us/ysearch/slurp)"
119.235.237.93 - - [14/Jun/2010:03:57:28 -0700] "GET blackstardojo.org/wiki/index.php?printable=yes&title=User:vjc4_buy_cyklokapron_online_cheap HTTP/1.1" 200 21818 "-" "Yeti/1.0 (NHN Corp.; http://help.naver.com/robots/)"
67.195.111.226 - - [14/Jun/2010:03:58:03 -0700] "GET www.blackstardojo.org/viewtopic.php?t=1326 HTTP/1.0" 200 38294 "-" "Mozilla/5.0 (compatible; Yahoo! Slurp/3.0; http://help.yahoo.com/help/us/ysearch/slurp)"
67.195.111.226 - - [14/Jun/2010:03:58:07 -0700] "GET www.blackstardojo.org/viewtopic.php?t=2144&view=next HTTP/1.0" 200 21252 "-" "Mozilla/5.0 (compatible; Yahoo! Slurp/3.0; http://help.yahoo.com/help/us/ysearch/slurp)"
67.195.115.240 - - [14/Jun/2010:03:58:10 -0700] "GET blackstardojo.org/robots.txt HTTP/1.0" 404 1683 "-" "Mozilla/5.0 (compatible; Yahoo! Slurp; http://help.yahoo.com/help/us/ysearch/slurp)"
67.195.115.240 - - [14/Jun/2010:03:58:11 -0700] "GET blackstardojo.org/viewtopic.php?t=1015 HTTP/1.0" 200 39658 "-" "Mozilla/5.0 (compatible; Yahoo! Slurp/3.0; http://help.yahoo.com/help/us/ysearch/slurp)"
67.195.111.226 - - [14/Jun/2010:03:58:44 -0700] "GET www.blackstardojo.org/privmsg.php?mode=post&u=224 HTTP/1.0" 302 39 "-" "Mozilla/5.0 (compatible; Yahoo! Slurp/3.0; http://help.yahoo.com/help/us/ysearch/slurp)"
67.195.111.226 - - [14/Jun/2010:03:58:45 -0700] "GET www.blackstardojo.org/login.php?redirect=privmsg.php&folder=inbox&mode=post&u=224&sid=12578f0e3c43704481d4f9d2727813f0 HTTP/1.0" 200 22257 "-" "Mozilla/5.0 (compatible; Yahoo! Slurp/3.0; http://help.yahoo.com/help/us/ysearch/slurp)"
119.235.237.79 - - [14/Jun/2010:03:58:46 -0700] "GET blackstardojo.org/wiki/skins/common/commonPrint.css HTTP/1.1" 200 5095 "-" "Yeti/1.0 (NHN Corp.; http://help.naver.com/robots/)"
81.135.92.133 - - [14/Jun/2010:03:59:01 -0700] "GET www.blackstardojo.org/posting.php?mode=reply&t=2346 HTTP/1.1" 200 49269 "http://www.blackstardojo.org/viewtopic.php?t=2346" "Mozilla/5.0 (Macintosh; U; Intel Mac OS X 10.6; en-US; rv:1.9.2.3) Gecko/20100401 Firefox/3.6.3"
81.135.92.133 - - [14/Jun/2010:03:59:01 -0700] "GET www.blackstardojo.org/images/smiles/icon_mad.gif HTTP/1.1" 200 174 "http://www.blackstardojo.org/posting.php?mode=reply&t=2346" "Mozilla/5.0 (Macintosh; U; Intel Mac OS X 10.6; en-US; rv:1.9.2.3) Gecko/20100401 Firefox/3.6.3"
81.135.92.133 - - [14/Jun/2010:03:59:01 -0700] "GET www.blackstardojo.org/images/smiles/icon_eek.gif HTTP/1.1" 200 170 "http://www.blackstardojo.org/posting.php?mode=reply&t=2346" "Mozilla/5.0 (Macintosh; U; Intel Mac OS X 10.6; en-US; rv:1.9.2.3) Gecko/20100401 Firefox/3.6.3"
81.135.92.133 - - [14/Jun/2010:03:59:01 -0700] "GET www.blackstardojo.org/images/smiles/icon_surprised.gif HTTP/1.1" 200 174 "http://www.blackstardojo.org/posting.php?mode=reply&t=2346" "Mozilla/5.0 (Macintosh; U; Intel Mac OS X 10.6; en-US; rv:1.9.2.3) Gecko/20100401 Firefox/3.6.3"
81.135.92.133 - - [14/Jun/2010:03:59:01 -0700] "GET www.blackstardojo.org/images/smiles/icon_confused.gif HTTP/1.1" 200 171 "http://www.blackstardojo.org/posting.php?mode=reply&t=2346" "Mozilla/5.0 (Macintosh; U; Intel Mac OS X 10.6; en-US; rv:1.9.2.3) Gecko/20100401 Firefox/3.6.3"
81.135.92.133 - - [14/Jun/2010:03:59:01 -0700] "GET www.blackstardojo.org/images/smiles/icon_cool.gif HTTP/1.1" 200 172 "http://www.blackstardojo.org/posting.php?mode=reply&t=2346" "Mozilla/5.0 (Macintosh; U; Intel Mac OS X 10.6; en-US; rv:1.9.2.3) Gecko/20100401 Firefox/3.6.3"
81.135.92.133 - - [14/Jun/2010:03:59:01 -0700] "GET www.blackstardojo.org/images/smiles/icon_lol.gif HTTP/1.1" 200 336 "http://www.blackstardojo.org/posting.php?mode=reply&t=2346" "Mozilla/5.0 (Macintosh; U; Intel Mac OS X 10.6; en-US; rv:1.9.2.3) Gecko/20100401 Firefox/3.6.3"
81.135.92.133 - - [14/Jun/2010:03:59:02 -0700] "GET www.blackstardojo.org/images/smiles/icon_razz.gif HTTP/1.1" 200 233 "http://www.blackstardojo.org/posting.php?mode=reply&t=2346" "Mozilla/5.0 (Macintosh; U; Intel Mac OS X 10.6; en-US; rv:1.9.2.3) Gecko/20100401 Firefox/3.6.3"
81.135.92.133 - - [14/Jun/2010:03:59:02 -0700] "GET www.blackstardojo.org/images/smiles/icon_redface.gif HTTP/1.1" 200 650 "http://www.blackstardojo.org/posting.php?mode=reply&t=2346" "Mozilla/5.0 (Macintosh; U; Intel Mac OS X 10.6; en-US; rv:1.9.2.3) Gecko/20100401 Firefox/3.6.3"
81.135.92.133 - - [14/Jun/2010:03:59:02 -0700] "GET www.blackstardojo.org/images/smiles/icon_cry.gif HTTP/1.1" 200 498 "http://www.blackstardojo.org/posting.php?mode=reply&t=2346" "Mozilla/5.0 (Macintosh; U; Intel Mac OS X 10.6; en-US; rv:1.9.2.3) Gecko/20100401 Firefox/3.6.3"
81.135.92.133 - - [14/Jun/2010:03:59:02 -0700] "GET www.blackstardojo.org/images/smiles/icon_evil.gif HTTP/1.1" 200 236 "http://www.blackstardojo.org/posting.php?mode=reply&t=2346" "Mozilla/5.0 (Macintosh; U; Intel Mac OS X 10.6; en-US; rv:1.9.2.3) Gecko/20100401 Firefox/3.6.3"
81.135.92.133 - - [14/Jun/2010:03:59:02 -0700] "GET www.blackstardojo.org/images/smiles/icon_twisted.gif HTTP/1.1" 200 238 "http://www.blackstardojo.org/posting.php?mode=reply&t=2346" "Mozilla/5.0 (Macintosh; U; Intel Mac OS X 10.6; en-US; rv:1.9.2.3) Gecko/20100401 Firefox/3.6.3"
81.135.92.133 - - [14/Jun/2010:03:59:02 -0700] "GET www.blackstardojo.org/images/smiles/icon_rolleyes.gif HTTP/1.1" 200 485 "http://www.blackstardojo.org/posting.php?mode=reply&t=2346" "Mozilla/5.0 (Macintosh; U; Intel Mac OS X 10.6; en-US; rv:1.9.2.3) Gecko/20100401 Firefox/3.6.3"
81.135.92.133 - - [14/Jun/2010:03:59:02 -0700] "GET www.blackstardojo.org/images/smiles/icon_wink.gif HTTP/1.1" 200 170 "http://www.blackstardojo.org/posting.php?mode=reply&t=2346" "Mozilla/5.0 (Macintosh; U; Intel Mac OS X 10.6; en-US; rv:1.9.2.3) Gecko/20100401 Firefox/3.6.3"
81.135.92.133 - - [14/Jun/2010:03:59:02 -0700] "GET www.blackstardojo.org/images/smiles/icon_exclaim.gif HTTP/1.1" 200 236 "http://www.blackstardojo.org/posting.php?mode=reply&t=2346" "Mozilla/5.0 (Macintosh; U; Intel Mac OS X 10.6; en-US; rv:1.9.2.3) Gecko/20100401 Firefox/3.6.3"
81.135.92.133 - - [14/Jun/2010:03:59:02 -0700] "GET www.blackstardojo.org/images/smiles/icon_question.gif HTTP/1.1" 200 248 "http://www.blackstardojo.org/posting.php?mode=reply&t=2346" "Mozilla/5.0 (Macintosh; U; Intel Mac OS X 10.6; en-US; rv:1.9.2.3) Gecko/20100401 Firefox/3.6.3"
81.135.92.133 - - [14/Jun/2010:03:59:02 -0700] "GET www.blackstardojo.org/images/smiles/icon_idea.gif HTTP/1.1" 200 176 "http://www.blackstardojo.org/posting.php?mode=reply&t=2346" "Mozilla/5.0 (Macintosh; U; Intel Mac OS X 10.6; en-US; rv:1.9.2.3) Gecko/20100401 Firefox/3.6.3"
81.135.92.133 - - [14/Jun/2010:03:59:02 -0700] "GET www.blackstardojo.org/images/smiles/icon_arrow.gif HTTP/1.1" 200 170 "http://www.blackstardojo.org/posting.php?mode=reply&t=2346" "Mozilla/5.0 (Macintosh; U; Intel Mac OS X 10.6; en-US; rv:1.9.2.3) Gecko/20100401 Firefox/3.6.3"
81.135.92.133 - - [14/Jun/2010:03:59:03 -0700] "GET www.blackstardojo.org/posting.php?mode=topicreview&t=2346 HTTP/1.1" 200 14032 "http://www.blackstardojo.org/posting.php?mode=reply&t=2346" "Mozilla/5.0 (Macintosh; U; Intel Mac OS X 10.6; en-US; rv:1.9.2.3) Gecko/20100401 Firefox/3.6.3"
81.135.92.133 - - [14/Jun/2010:03:59:03 -0700] "GET www.blackstardojo.org/templates/subSilver/prillian/layout.css HTTP/1.1" 200 2108 "http://www.blackstardojo.org/posting.php?mode=topicreview&t=2346" "Mozilla/5.0 (Macintosh; U; Intel Mac OS X 10.6; en-US; rv:1.9.2.3) Gecko/20100401 Firefox/3.6.3"
119.235.237.78 - - [14/Jun/2010:03:59:07 -0700] "GET blackstardojo.org/wiki/skins/monobook/main.css HTTP/1.1" 200 21092 "-" "Yeti/1.0 (NHN Corp.; http://help.naver.com/robots/)"
119.235.237.77 - - [14/Jun/2010:03:59:26 -0700] "GET blackstardojo.org/wiki/skins/monobook/IE60Fixes.css HTTP/1.1" 200 1352 "-" "Yeti/1.0 (NHN Corp.; http://help.naver.com/robots/)"
67.195.115.240 - - [14/Jun/2010:04:00:12 -0700] "GET blackstardojo.org/viewtopic.php?t=1925&start=0 HTTP/1.0" 200 134900 "-" "Mozilla/5.0 (compatible; Yahoo! Slurp/3.0; http://help.yahoo.com/help/us/ysearch/slurp)"
114.152.130.84 - - [14/Jun/2010:04:01:29 -0700] "GET thecave.blackstardojo.org/images/avatars/15430718694754259ae5d1b.png HTTP/1.1" 200 7951 "http://ctopia.treesprite.com/viewtopic.php?f=9&t=1244&sid=1086fb96f690d9a3adbe99ace64a6222" "Mozilla/4.0 (compatible; MSIE 7.0; Windows NT 5.1; .NET CLR 1.0.3705; .NET CLR 1.1.4322; .NET CLR 2.0.50727; .NET CLR 3.0.4506.2152; .NET CLR 3.5.30729)"
114.152.130.84 - - [14/Jun/2010:04:01:29 -0700] "GET www.blackstardojo.org/images/senseibar.png HTTP/1.1" 200 2009 "http://ctopia.treesprite.com/viewtopic.php?f=9&t=1244&sid=1086fb96f690d9a3adbe99ace64a6222" "Mozilla/4.0 (compatible; MSIE 7.0; Windows NT 5.1; .NET CLR 1.0.3705; .NET CLR 1.1.4322; .NET CLR 2.0.50727; .NET CLR 3.0.4506.2152; .NET CLR 3.5.30729)"
114.152.130.84 - - [14/Jun/2010:04:01:29 -0700] "GET www.blackstardojo.org/files/BlackstarBanner1.gif HTTP/1.1" 200 8065 "http://ctopia.treesprite.com/viewtopic.php?f=9&t=1244&sid=1086fb96f690d9a3adbe99ace64a6222" "Mozilla/4.0 (compatible; MSIE 7.0; Windows NT 5.1; .NET CLR 1.0.3705; .NET CLR 1.1.4322; .NET CLR 2.0.50727; .NET CLR 3.0.4506.2152; .NET CLR 3.5.30729)"
67.195.115.240 - - [14/Jun/2010:04:01:49 -0700] "GET blackstardojo.org/wiki/index.php?title=User:rf2e_buy_propecia_online_cheap&printable=yes HTTP/1.0" 200 6063 "-" "Mozilla/5.0 (compatible; Yahoo! Slurp/3.0; http://help.yahoo.com/help/us/ysearch/slurp)"
67.195.115.240 - - [14/Jun/2010:04:01:50 -0700] "GET blackstardojo.org/wiki/skins/common/commonPrint.css HTTP/1.0" 304 - "http://blackstardojo.org/wiki/index.php?title=User:rf2e_buy_propecia_online_cheap&printable=yes" "Mozilla/5.0 (compatible; Yahoo! Slurp/3.0; http://help.yahoo.com/help/us/ysearch/slurp)"
67.195.111.226 - - [14/Jun/2010:04:03:06 -0700] "GET www.blackstardojo.org/viewtopic.php?t=1195&view=next HTTP/1.0" 200 135746 "-" "Mozilla/5.0 (compatible; Yahoo! Slurp/3.0; http://help.yahoo.com/help/us/ysearch/slurp)"
120.17.219.210 - - [14/Jun/2010:04:03:15 -0700] "GET www.blackstardojo.org/shop/images/Pokeball.gif HTTP/1.1" 304 - "http://fuckyeahpokememe.tumblr.com/page/6" "Mozilla/5.0 (Windows; U; Windows NT 6.1; en-US) AppleWebKit/533.4 (KHTML, like Gecko) Chrome/5.0.375.70 Safari/533.4"
67.195.111.226 - - [14/Jun/2010:04:03:31 -0700] "GET www.blackstardojo.org/RParchives/Forum_Wars_360.doc HTTP/1.0" 200 387584 "-" "Mozilla/5.0 (compatible; Yahoo! Slurp/3.0; http://help.yahoo.com/help/us/ysearch/slurp)"
67.195.115.240 - - [14/Jun/2010:04:03:39 -0700] "GET blackstardojo.org/wiki/index.php?title=Talk:Ego_Scripts&action=edit HTTP/1.0" 200 2113 "-" "Mozilla/5.0 (compatible; Yahoo! Slurp/3.0; http://help.yahoo.com/help/us/ysearch/slurp)"
122.106.246.229 - - [14/Jun/2010:04:03:51 -0700] "GET www.blackstardojo.org/shop/images/Pokeball.gif HTTP/1.1" 200 314 "http://fuckyeahpokememe.tumblr.com/page/19" "Mozilla/5.0 (Macintosh; U; Intel Mac OS X 10_5_8; en-us) AppleWebKit/531.9 (KHTML, like Gecko) Version/4.0.3 Safari/531.9"
203.166.109.215 - - [14/Jun/2010:04:03:56 -0700] "POST blackstardojo.org/posting.php HTTP/1.1" 500 620 "http://blackstardojo.org/posting.php?mode=reply&t=2226" "Mozilla/5.0 (Windows; U; Windows NT 6.1; en-GB; rv:1.9.2.3) Gecko/20100401 Firefox/3.6.3"
203.166.109.215 - - [14/Jun/2010:04:03:56 -0700] "GET blackstardojo.org/favicon.ico HTTP/1.1" 200 3638 "-" "Mozilla/5.0 (Windows; U; Windows NT 6.1; en-GB; rv:1.9.2.3) Gecko/20100401 Firefox/3.6.3"
203.166.109.215 - - [14/Jun/2010:04:04:06 -0700] "GET blackstardojo.org/viewforum.php?f=9 HTTP/1.1" 200 41592 "http://blackstardojo.org/posting.php?mode=reply&t=2226" "Mozilla/5.0 (Windows; U; Windows NT 6.1; en-GB; rv:1.9.2.3) Gecko/20100401 Firefox/3.6.3"
203.166.109.215 - - [14/Jun/2010:04:04:06 -0700] "GET blackstardojo.org/templates/guildwars_tree/images/folder_sticky.gif HTTP/1.1" 200 392 "http://blackstardojo.org/viewforum.php?f=9" "Mozilla/5.0 (Windows; U; Windows NT 6.1; en-GB; rv:1.9.2.3) Gecko/20100401 Firefox/3.6.3"
203.166.109.215 - - [14/Jun/2010:04:04:06 -0700] "GET blackstardojo.org/templates/guildwars_tree/images/folder_announce.gif HTTP/1.1" 200 364 "http://blackstardojo.org/viewforum.php?f=9" "Mozilla/5.0 (Windows; U; Windows NT 6.1; en-GB; rv:1.9.2.3) Gecko/20100401 Firefox/3.6.3"
203.166.109.215 - - [14/Jun/2010:04:04:07 -0700] "GET blackstardojo.org/templates/guildwars_tree/images/folder_hot.gif HTTP/1.1" 200 385 "http://blackstardojo.org/viewforum.php?f=9" "Mozilla/5.0 (Windows; U; Windows NT 6.1; en-GB; rv:1.9.2.3) Gecko/20100401 Firefox/3.6.3"
203.166.109.215 - - [14/Jun/2010:04:04:07 -0700] "GET blackstardojo.org/templates/guildwars_tree/images/folder.gif HTTP/1.1" 200 344 "http://blackstardojo.org/viewforum.php?f=9" "Mozilla/5.0 (Windows; U; Windows NT 6.1; en-GB; rv:1.9.2.3) Gecko/20100401 Firefox/3.6.3"
203.166.109.215 - - [14/Jun/2010:04:04:07 -0700] "GET blackstardojo.org/templates/guildwars_tree/images/folder_lock_new.gif HTTP/1.1" 200 591 "http://blackstardojo.org/viewforum.php?f=9" "Mozilla/5.0 (Windows; U; Windows NT 6.1; en-GB; rv:1.9.2.3) Gecko/20100401 Firefox/3.6.3"
203.166.109.215 - - [14/Jun/2010:04:04:07 -0700] "GET blackstardojo.org/templates/guildwars_tree/images/folder_lock.gif HTTP/1.1" 200 590 "http://blackstardojo.org/viewforum.php?f=9" "Mozilla/5.0 (Windows; U; Windows NT 6.1; en-GB; rv:1.9.2.3) Gecko/20100401 Firefox/3.6.3"
203.166.109.215 - - [14/Jun/2010:04:04:07 -0700] "GET blackstardojo.org/templates/guildwars_tree/images/folder_new.gif HTTP/1.1" 200 348 "http://blackstardojo.org/viewforum.php?f=9" "Mozilla/5.0 (Windows; U; Windows NT 6.1; en-GB; rv:1.9.2.3) Gecko/20100401 Firefox/3.6.3"
203.166.109.215 - - [14/Jun/2010:04:04:07 -0700] "GET blackstardojo.org/templates/guildwars_tree/images/folder_new_hot.gif HTTP/1.1" 200 598 "http://blackstardojo.org/viewforum.php?f=9" "Mozilla/5.0 (Windows; U; Windows NT 6.1; en-GB; rv:1.9.2.3) Gecko/20100401 Firefox/3.6.3"
82.45.7.105 - - [14/Jun/2010:04:04:11 -0700] "GET www.blackstardojo.org/shop/images/Pokeball.gif HTTP/1.1" 200 314 "http://fuckyeahpokememe.tumblr.com/" "Mozilla/5.0 (Windows; U; Windows NT 5.1; en-GB; rv:1.9.2.3) Gecko/20100401 Firefox/3.6.3 ( .NET CLR 3.5.30729; .NET4.0E)"
203.166.109.215 - - [14/Jun/2010:04:04:13 -0700] "GET blackstardojo.org/images/ranks/blackstar.png HTTP/1.1" 200 1845 "http://blackstardojo.org/viewtopic.php?t=2226&start=0&sid=65ac3185675728094559c317ecec61ad" "Mozilla/5.0 (Windows; U; Windows NT 6.1; en-GB; rv:1.9.2.3) Gecko/20100401 Firefox/3.6.3"
203.166.109.215 - - [14/Jun/2010:04:04:13 -0700] "GET blackstardojo.org/medals/gerbil.png HTTP/1.1" 200 3946 "http://blackstardojo.org/viewtopic.php?t=2226&start=0&sid=65ac3185675728094559c317ecec61ad" "Mozilla/5.0 (Windows; U; Windows NT 6.1; en-GB; rv:1.9.2.3) Gecko/20100401 Firefox/3.6.3"
203.166.109.215 - - [14/Jun/2010:04:04:13 -0700] "GET blackstardojo.org/images/ranks/newbelts/Spider/GreenSpiderMod.png HTTP/1.1" 200 8642 "http://blackstardojo.org/viewtopic.php?t=2226&start=0&sid=65ac3185675728094559c317ecec61ad" "Mozilla/5.0 (Windows; U; Windows NT 6.1; en-GB; rv:1.9.2.3) Gecko/20100401 Firefox/3.6.3"
203.166.109.215 - - [14/Jun/2010:04:04:13 -0700] "GET blackstardojo.org/images/avatars/11181213684a2b62bfb42f2.png HTTP/1.1" 200 7220 "http://blackstardojo.org/viewtopic.php?t=2226&start=0&sid=65ac3185675728094559c317ecec61ad" "Mozilla/5.0 (Windows; U; Windows NT 6.1; en-GB; rv:1.9.2.3) Gecko/20100401 Firefox/3.6.3"
203.166.109.215 - - [14/Jun/2010:04:04:13 -0700] "GET blackstardojo.org/images/ranks/newbelts/Mantis/BlackMantisMod.png HTTP/1.1" 200 8642 "http://blackstardojo.org/viewtopic.php?t=2226&start=0&sid=65ac3185675728094559c317ecec61ad" "Mozilla/5.0 (Windows; U; Windows NT 6.1; en-GB; rv:1.9.2.3) Gecko/20100401 Firefox/3.6.3"
203.166.109.215 - - [14/Jun/2010:04:04:13 -0700] "GET blackstardojo.org/medals/BugCatcher.png HTTP/1.1" 200 3548 "http://blackstardojo.org/viewtopic.php?t=2226&start=0&sid=65ac3185675728094559c317ecec61ad" "Mozilla/5.0 (Windows; U; Windows NT 6.1; en-GB; rv:1.9.2.3) Gecko/20100401 Firefox/3.6.3"
203.166.109.215 - - [14/Jun/2010:04:04:14 -0700] "GET blackstardojo.org/templates/guildwars_tree/images/lang_english/icon_www.gif HTTP/1.1" 200 704 "http://blackstardojo.org/viewtopic.php?t=2226&start=0&sid=65ac3185675728094559c317ecec61ad" "Mozilla/5.0 (Windows; U; Windows NT 6.1; en-GB; rv:1.9.2.3) Gecko/20100401 Firefox/3.6.3"
203.166.109.215 - - [14/Jun/2010:04:04:14 -0700] "GET blackstardojo.org/images/ranks/newbelts/Monkey/GreenMonkeyMod.png HTTP/1.1" 200 8642 "http://blackstardojo.org/viewtopic.php?t=2226&start=0&sid=65ac3185675728094559c317ecec61ad" "Mozilla/5.0 (Windows; U; Windows NT 6.1; en-GB; rv:1.9.2.3) Gecko/20100401 Firefox/3.6.3"
203.166.109.215 - - [14/Jun/2010:04:04:14 -0700] "GET blackstardojo.org/viewtopic.php?t=2226&start=0&sid=65ac3185675728094559c317ecec61ad HTTP/1.1" 200 155577 "http://blackstardojo.org/viewforum.php?f=9" "Mozilla/5.0 (Windows; U; Windows NT 6.1; en-GB; rv:1.9.2.3) Gecko/20100401 Firefox/3.6.3"
203.166.109.215 - - [14/Jun/2010:04:04:14 -0700] "GET blackstardojo.org/medals/colonyRP.png HTTP/1.1" 200 3434 "http://blackstardojo.org/viewtopic.php?t=2226&start=0&sid=65ac3185675728094559c317ecec61ad" "Mozilla/5.0 (Windows; U; Windows NT 6.1; en-GB; rv:1.9.2.3) Gecko/20100401 Firefox/3.6.3"
203.166.109.215 - - [14/Jun/2010:04:04:14 -0700] "GET blackstardojo.org/medals/qotmnominee.png HTTP/1.1" 200 3550 "http://blackstardojo.org/viewtopic.php?t=2226&start=0&sid=65ac3185675728094559c317ecec61ad" "Mozilla/5.0 (Windows; U; Windows NT 6.1; en-GB; rv:1.9.2.3) Gecko/20100401 Firefox/3.6.3"
203.166.109.215 - - [14/Jun/2010:04:04:14 -0700] "GET blackstardojo.org/medals/GameArpie.png HTTP/1.1" 200 4737 "http://blackstardojo.org/viewtopic.php?t=2226&start=0&sid=65ac3185675728094559c317ecec61ad" "Mozilla/5.0 (Windows; U; Windows NT 6.1; en-GB; rv:1.9.2.3) Gecko/20100401 Firefox/3.6.3"
203.166.109.215 - - [14/Jun/2010:04:04:14 -0700] "GET blackstardojo.org/images/avatars/1007992654472cdf215798d.jpg HTTP/1.1" 404 1695 "http://blackstardojo.org/viewtopic.php?t=2226&start=0&sid=65ac3185675728094559c317ecec61ad" "Mozilla/5.0 (Windows; U; Windows NT 6.1; en-GB; rv:1.9.2.3) Gecko/20100401 Firefox/3.6.3"
203.166.109.215 - - [14/Jun/2010:04:04:14 -0700] "GET blackstardojo.org/images/ranks/newbelts/Mantis/GreenMantisMod.png HTTP/1.1" 206 8642 "http://blackstardojo.org/viewtopic.php?t=2226&start=0&sid=65ac3185675728094559c317ecec61ad" "Mozilla/5.0 (Windows; U; Windows NT 6.1; en-GB; rv:1.9.2.3) Gecko/20100401 Firefox/3.6.3"
203.166.109.215 - - [14/Jun/2010:04:04:14 -0700] "GET blackstardojo.org/images/avatars/86442633446eb7a6217d49.jpg HTTP/1.1" 404 1695 "http://blackstardojo.org/viewtopic.php?t=2226&start=0&sid=65ac3185675728094559c317ecec61ad" "Mozilla/5.0 (Windows; U; Windows NT 6.1; en-GB; rv:1.9.2.3) Gecko/20100401 Firefox/3.6.3"
203.166.109.215 - - [14/Jun/2010:04:04:14 -0700] "GET blackstardojo.org/images/ranks/newbelts/Spider/GreenSpiderMod.png HTTP/1.1" 206 8642 "http://blackstardojo.org/viewtopic.php?t=2226&start=0&sid=65ac3185675728094559c317ecec61ad" "Mozilla/5.0 (Windows; U; Windows NT 6.1; en-GB; rv:1.9.2.3) Gecko/20100401 Firefox/3.6.3"
203.166.109.215 - - [14/Jun/2010:04:04:14 -0700] "GET blackstardojo.org/images/ranks/newbelts/Red.png HTTP/1.1" 200 4082 "http://blackstardojo.org/viewtopic.php?t=2226&start=0&sid=65ac3185675728094559c317ecec61ad" "Mozilla/5.0 (Windows; U; Windows NT 6.1; en-GB; rv:1.9.2.3) Gecko/20100401 Firefox/3.6.3"
203.166.109.215 - - [14/Jun/2010:04:04:14 -0700] "GET blackstardojo.org/images/ranks/a2k.png HTTP/1.1" 200 1850 "http://blackstardojo.org/viewtopic.php?t=2226&start=0&sid=65ac3185675728094559c317ecec61ad" "Mozilla/5.0 (Windows; U; Windows NT 6.1; en-GB; rv:1.9.2.3) Gecko/20100401 Firefox/3.6.3"
203.166.109.215 - - [14/Jun/2010:04:04:14 -0700] "GET blackstardojo.org/images/ranks/newbelts/Chameleon/BlackChameleonMod.png HTTP/1.1" 206 8678 "http://blackstardojo.org/viewtopic.php?t=2226&start=0&sid=65ac3185675728094559c317ecec61ad" "Mozilla/5.0 (Windows; U; Windows NT 6.1; en-GB; rv:1.9.2.3) Gecko/20100401 Firefox/3.6.3"
203.166.109.215 - - [14/Jun/2010:04:04:14 -0700] "GET blackstardojo.org/images/avatars/20453250724a173af6604de.png HTTP/1.1" 404 1695 "http://blackstardojo.org/viewtopic.php?t=2226&start=0&sid=65ac3185675728094559c317ecec61ad" "Mozilla/5.0 (Windows; U; Windows NT 6.1; en-GB; rv:1.9.2.3) Gecko/20100401 Firefox/3.6.3"
203.166.109.215 - - [14/Jun/2010:04:04:15 -0700] "GET blackstardojo.org/images/ranks/newbelts/Mantis/BlackMantisMod.png HTTP/1.1" 206 8642 "http://blackstardojo.org/viewtopic.php?t=2226&start=0&sid=65ac3185675728094559c317ecec61ad" "Mozilla/5.0 (Windows; U; Windows NT 6.1; en-GB; rv:1.9.2.3) Gecko/20100401 Firefox/3.6.3"
203.166.109.215 - - [14/Jun/2010:04:04:15 -0700] "GET blackstardojo.org/images/ranks/oblivion.jpg HTTP/1.1" 200 2250 "http://blackstardojo.org/viewtopic.php?t=2226&start=0&sid=65ac3185675728094559c317ecec61ad" "Mozilla/5.0 (Windows; U; Windows NT 6.1; en-GB; rv:1.9.2.3) Gecko/20100401 Firefox/3.6.3"
203.166.109.215 - - [14/Jun/2010:04:04:20 -0700] "GET blackstardojo.org/login.php HTTP/1.1" 200 21286 "http://blackstardojo.org/viewtopic.php?t=2226&start=0&sid=65ac3185675728094559c317ecec61ad" "Mozilla/5.0 (Windows; U; Windows NT 6.1; en-GB; rv:1.9.2.3) Gecko/20100401 Firefox/3.6.3"
203.166.109.215 - - [14/Jun/2010:04:04:23 -0700] "POST blackstardojo.org/login.php HTTP/1.1" 302 51 "http://blackstardojo.org/login.php" "Mozilla/5.0 (Windows; U; Windows NT 6.1; en-GB; rv:1.9.2.3) Gecko/20100401 Firefox/3.6.3"
203.166.109.215 - - [14/Jun/2010:04:04:25 -0700] "GET www.blackstardojo.org/index.php?sid=65ac3185675728094559c317ecec61ad HTTP/1.1" 200 73592 "http://blackstardojo.org/login.php" "Mozilla/5.0 (Windows; U; Windows NT 6.1; en-GB; rv:1.9.2.3) Gecko/20100401 Firefox/3.6.3"
203.166.109.215 - - [14/Jun/2010:04:04:32 -0700] "GET www.blackstardojo.org/images/ranks/newbelts/Chameleon/BlackChameleonMod.png HTTP/1.1" 206 8678 "http://www.blackstardojo.org/viewtopic.php?p=52122&sid=1f3f58fcbd2b32a9127532f6bf8b6b37" "Mozilla/5.0 (Windows; U; Windows NT 6.1; en-GB; rv:1.9.2.3) Gecko/20100401 Firefox/3.6.3"
203.166.109.215 - - [14/Jun/2010:04:04:32 -0700] "GET www.blackstardojo.org/images/ranks/newbelts/Mantis/GreenMantisMod.png HTTP/1.1" 206 8642 "http://www.blackstardojo.org/viewtopic.php?p=52122&sid=1f3f58fcbd2b32a9127532f6bf8b6b37" "Mozilla/5.0 (Windows; U; Windows NT 6.1; en-GB; rv:1.9.2.3) Gecko/20100401 Firefox/3.6.3"
203.166.109.215 - - [14/Jun/2010:04:04:32 -0700] "GET www.blackstardojo.org/images/ranks/newbelts/Mantis/BlackMantisMod.png HTTP/1.1" 206 8642 "http://www.blackstardojo.org/viewtopic.php?p=52122&sid=1f3f58fcbd2b32a9127532f6bf8b6b37" "Mozilla/5.0 (Windows; U; Windows NT 6.1; en-GB; rv:1.9.2.3) Gecko/20100401 Firefox/3.6.3"
203.166.109.215 - - [14/Jun/2010:04:04:34 -0700] "GET www.blackstardojo.org/images/ranks/newbelts/Fox/GreenFox.png HTTP/1.1" 404 1695 "http://www.blackstardojo.org/viewtopic.php?p=52122&sid=1f3f58fcbd2b32a9127532f6bf8b6b37" "Mozilla/5.0 (Windows; U; Windows NT 6.1; en-GB; rv:1.9.2.3) Gecko/20100401 Firefox/3.6.3"
203.166.109.215 - - [14/Jun/2010:04:04:34 -0700] "GET www.blackstardojo.org/images/avatars/86442633446eb7a6217d49.jpg HTTP/1.1" 404 1695 "http://www.blackstardojo.org/viewtopic.php?p=52122&sid=1f3f58fcbd2b32a9127532f6bf8b6b37" "Mozilla/5.0 (Windows; U; Windows NT 6.1; en-GB; rv:1.9.2.3) Gecko/20100401 Firefox/3.6.3"
203.166.109.215 - - [14/Jun/2010:04:04:32 -0700] "GET www.blackstardojo.org/images/ranks/newbelts/Spider/GreenSpiderMod.png HTTP/1.1" 206 8642 "http://www.blackstardojo.org/viewtopic.php?p=52122&sid=1f3f58fcbd2b32a9127532f6bf8b6b37" "Mozilla/5.0 (Windows; U; Windows NT 6.1; en-GB; rv:1.9.2.3) Gecko/20100401 Firefox/3.6.3"
203.166.109.215 - - [14/Jun/2010:04:04:34 -0700] "GET www.blackstardojo.org/images/avatars/22096719247814d7840a70.jpg HTTP/1.1" 404 1695 "http://www.blackstardojo.org/viewtopic.php?p=52122&sid=1f3f58fcbd2b32a9127532f6bf8b6b37" "Mozilla/5.0 (Windows; U; Windows NT 6.1; en-GB; rv:1.9.2.3) Gecko/20100401 Firefox/3.6.3"
203.166.109.215 - - [14/Jun/2010:04:04:34 -0700] "GET www.blackstardojo.org/viewtopic.php?p=52122&sid=1f3f58fcbd2b32a9127532f6bf8b6b37 HTTP/1.1" 200 74862 "http://www.blackstardojo.org/index.php?sid=65ac3185675728094559c317ecec61ad" "Mozilla/5.0 (Windows; U; Windows NT 6.1; en-GB; rv:1.9.2.3) Gecko/20100401 Firefox/3.6.3"
67.195.115.240 - - [14/Jun/2010:04:04:41 -0700] "GET blackstardojo.org/viewtopic.php?t=1572 HTTP/1.0" 200 153043 "-" "Mozilla/5.0 (compatible; Yahoo! Slurp/3.0; http://help.yahoo.com/help/us/ysearch/slurp)"
67.195.115.240 - - [14/Jun/2010:04:05:09 -0700] "GET blackstardojo.org/viewtopic.php?t=1809&start=30 HTTP/1.0" 200 116310 "-" "Mozilla/5.0 (compatible; Yahoo! Slurp/3.0; http://help.yahoo.com/help/us/ysearch/slurp)"
67.195.115.240 - - [14/Jun/2010:04:05:20 -0700] "GET blackstardojo.org/wiki/index.php?title=The_Path_of_the_Kamakiri HTTP/1.0" 200 2856 "-" "Mozilla/5.0 (compatible; Yahoo! Slurp/3.0; http://help.yahoo.com/help/us/ysearch/slurp)"
203.166.109.215 - - [14/Jun/2010:04:05:53 -0700] "GET www.blackstardojo.org/login.php HTTP/1.1" 200 21286 "http://www.blackstardojo.org/viewtopic.php?p=52122&sid=1f3f58fcbd2b32a9127532f6bf8b6b37" "Mozilla/5.0 (Windows; U; Windows NT 6.1; en-GB; rv:1.9.2.3) Gecko/20100401 Firefox/3.6.3"
67.195.111.226 - - [14/Jun/2010:04:05:55 -0700] "GET www.blackstardojo.org/viewtopic.php?p=17292 HTTP/1.0" 200 78659 "-" "Mozilla/5.0 (compatible; Yahoo! Slurp/3.0; http://help.yahoo.com/help/us/ysearch/slurp)"
143.167.247.52 - - [14/Jun/2010:04:06:35 -0700] "GET www.blackstardojo.org/shop/images/Pokeball.gif HTTP/1.1" 200 314 "http://fuckyeahpokememe.tumblr.com/" "Mozilla/5.0 (Windows; U; Windows NT 6.0; en-US) AppleWebKit/533.4 (KHTML, like Gecko) Chrome/5.0.375.70 Safari/533.4"
203.166.109.215 - - [14/Jun/2010:04:07:02 -0700] "POST blackstardojo.org/posting.php HTTP/1.1" 200 21664 "http://blackstardojo.org/posting.php?mode=reply&t=2226" "Mozilla/5.0 (Windows; U; Windows NT 6.1; en-GB; rv:1.9.2.3) Gecko/20100401 Firefox/3.6.3"
203.166.109.215 - - [14/Jun/2010:04:07:03 -0700] "GET blackstardojo.org/images/yen.png HTTP/1.1" 200 201 "http://blackstardojo.org/posting.php" "Mozilla/5.0 (Windows; U; Windows NT 6.1; en-GB; rv:1.9.2.3) Gecko/20100401 Firefox/3.6.3"
203.166.109.215 - - [14/Jun/2010:04:07:03 -0700] "GET blackstardojo.org/images/cl.gif HTTP/1.1" 200 880 "http://blackstardojo.org/posting.php" "Mozilla/5.0 (Windows; U; Windows NT 6.1; en-GB; rv:1.9.2.3) Gecko/20100401 Firefox/3.6.3"
203.166.109.215 - - [14/Jun/2010:04:07:06 -0700] "GET blackstardojo.org/images/ranks/newbelts/Fox/GreenFox.png HTTP/1.1" 404 1695 "http://blackstardojo.org/viewtopic.php?p=52123" "Mozilla/5.0 (Windows; U; Windows NT 6.1; en-GB; rv:1.9.2.3) Gecko/20100401 Firefox/3.6.3"
203.166.109.215 - - [14/Jun/2010:04:07:07 -0700] "GET blackstardojo.org/viewtopic.php?p=52123 HTTP/1.1" 200 97406 "http://blackstardojo.org/posting.php" "Mozilla/5.0 (Windows; U; Windows NT 6.1; en-GB; rv:1.9.2.3) Gecko/20100401 Firefox/3.6.3"
203.166.109.215 - - [14/Jun/2010:04:07:07 -0700] "GET blackstardojo.org/images/ranks/newbelts/Mantis/BlackMantisMod.png HTTP/1.1" 206 8642 "http://blackstardojo.org/viewtopic.php?p=52123" "Mozilla/5.0 (Windows; U; Windows NT 6.1; en-GB; rv:1.9.2.3) Gecko/20100401 Firefox/3.6.3"
203.166.109.215 - - [14/Jun/2010:04:07:07 -0700] "GET blackstardojo.org/images/avatars/22096719247814d7840a70.jpg HTTP/1.1" 404 1695 "http://blackstardojo.org/viewtopic.php?p=52123" "Mozilla/5.0 (Windows; U; Windows NT 6.1; en-GB; rv:1.9.2.3) Gecko/20100401 Firefox/3.6.3"
203.166.109.215 - - [14/Jun/2010:04:07:07 -0700] "GET blackstardojo.org/images/ranks/newbelts/Spider/GreenSpiderMod.png HTTP/1.1" 206 8642 "http://blackstardojo.org/viewtopic.php?p=52123" "Mozilla/5.0 (Windows; U; Windows NT 6.1; en-GB; rv:1.9.2.3) Gecko/20100401 Firefox/3.6.3"
203.166.109.215 - - [14/Jun/2010:04:07:07 -0700] "GET blackstardojo.org/images/ranks/newbelts/Chameleon/BlackChameleonMod.png HTTP/1.1" 206 8678 "http://blackstardojo.org/viewtopic.php?p=52123" "Mozilla/5.0 (Windows; U; Windows NT 6.1; en-GB; rv:1.9.2.3) Gecko/20100401 Firefox/3.6.3"
203.166.109.215 - - [14/Jun/2010:04:07:07 -0700] "GET blackstardojo.org/images/ranks/newbelts/Mantis/GreenMantisMod.png HTTP/1.1" 206 8642 "http://blackstardojo.org/viewtopic.php?p=52123" "Mozilla/5.0 (Windows; U; Windows NT 6.1; en-GB; rv:1.9.2.3) Gecko/20100401 Firefox/3.6.3"
203.166.109.215 - - [14/Jun/2010:04:07:07 -0700] "GET blackstardojo.org/images/avatars/86442633446eb7a6217d49.jpg HTTP/1.1" 404 1695 "http://blackstardojo.org/viewtopic.php?p=52123" "Mozilla/5.0 (Windows; U; Windows NT 6.1; en-GB; rv:1.9.2.3) Gecko/20100401 Firefox/3.6.3"
203.166.109.215 - - [14/Jun/2010:04:07:14 -0700] "GET blackstardojo.org/posting.php?mode=delete&p=52122&sid=65ac3185675728094559c317ecec61ad HTTP/1.1" 200 21472 "http://blackstardojo.org/viewtopic.php?p=52123" "Mozilla/5.0 (Windows; U; Windows NT 6.1; en-GB; rv:1.9.2.3) Gecko/20100401 Firefox/3.6.3"
203.166.109.215 - - [14/Jun/2010:04:07:17 -0700] "POST blackstardojo.org/posting.php HTTP/1.1" 200 21521 "http://blackstardojo.org/posting.php?mode=delete&p=52122&sid=65ac3185675728094559c317ecec61ad" "Mozilla/5.0 (Windows; U; Windows NT 6.1; en-GB; rv:1.9.2.3) Gecko/20100401 Firefox/3.6.3"
203.166.109.215 - - [14/Jun/2010:04:07:21 -0700] "GET blackstardojo.org/images/ranks/newbelts/Mantis/BlackMantisMod.png HTTP/1.1" 206 8642 "http://blackstardojo.org/viewtopic.php?t=2226" "Mozilla/5.0 (Windows; U; Windows NT 6.1; en-GB; rv:1.9.2.3) Gecko/20100401 Firefox/3.6.3"
203.166.109.215 - - [14/Jun/2010:04:07:21 -0700] "GET blackstardojo.org/images/ranks/newbelts/Spider/GreenSpiderMod.png HTTP/1.1" 206 8642 "http://blackstardojo.org/viewtopic.php?t=2226" "Mozilla/5.0 (Windows; U; Windows NT 6.1; en-GB; rv:1.9.2.3) Gecko/20100401 Firefox/3.6.3"
203.166.109.215 - - [14/Jun/2010:04:07:21 -0700] "GET blackstardojo.org/images/ranks/newbelts/Monkey/GreenMonkeyMod.png HTTP/1.1" 206 8642 "http://blackstardojo.org/viewtopic.php?t=2226" "Mozilla/5.0 (Windows; U; Windows NT 6.1; en-GB; rv:1.9.2.3) Gecko/20100401 Firefox/3.6.3"
203.166.109.215 - - [14/Jun/2010:04:07:21 -0700] "GET blackstardojo.org/images/avatars/1007992654472cdf215798d.jpg HTTP/1.1" 404 1695 "http://blackstardojo.org/viewtopic.php?t=2226" "Mozilla/5.0 (Windows; U; Windows NT 6.1; en-GB; rv:1.9.2.3) Gecko/20100401 Firefox/3.6.3"
203.166.109.215 - - [14/Jun/2010:04:07:21 -0700] "GET blackstardojo.org/viewtopic.php?t=2226 HTTP/1.1" 200 173090 "http://blackstardojo.org/posting.php" "Mozilla/5.0 (Windows; U; Windows NT 6.1; en-GB; rv:1.9.2.3) Gecko/20100401 Firefox/3.6.3"
203.166.109.215 - - [14/Jun/2010:04:07:21 -0700] "GET blackstardojo.org/images/ranks/newbelts/Chameleon/BlackChameleonMod.png HTTP/1.1" 206 8678 "http://blackstardojo.org/viewtopic.php?t=2226" "Mozilla/5.0 (Windows; U; Windows NT 6.1; en-GB; rv:1.9.2.3) Gecko/20100401 Firefox/3.6.3"
203.166.109.215 - - [14/Jun/2010:04:07:21 -0700] "GET blackstardojo.org/images/ranks/newbelts/Mantis/GreenMantisMod.png HTTP/1.1" 206 8642 "http://blackstardojo.org/viewtopic.php?t=2226" "Mozilla/5.0 (Windows; U; Windows NT 6.1; en-GB; rv:1.9.2.3) Gecko/20100401 Firefox/3.6.3"
203.166.109.215 - - [14/Jun/2010:04:07:21 -0700] "GET blackstardojo.org/images/avatars/20453250724a173af6604de.png HTTP/1.1" 404 1695 "http://blackstardojo.org/viewtopic.php?t=2226" "Mozilla/5.0 (Windows; U; Windows NT 6.1; en-GB; rv:1.9.2.3) Gecko/20100401 Firefox/3.6.3"
203.166.109.215 - - [14/Jun/2010:04:07:21 -0700] "GET blackstardojo.org/images/ranks/newbelts/Mantis/BlackMantisMod.png HTTP/1.1" 206 8642 "http://blackstardojo.org/viewtopic.php?t=2226" "Mozilla/5.0 (Windows; U; Windows NT 6.1; en-GB; rv:1.9.2.3) Gecko/20100401 Firefox/3.6.3"
203.166.109.215 - - [14/Jun/2010:04:07:22 -0700] "GET blackstardojo.org/images/avatars/86442633446eb7a6217d49.jpg HTTP/1.1" 404 1695 "http://blackstardojo.org/viewtopic.php?t=2226" "Mozilla/5.0 (Windows; U; Windows NT 6.1; en-GB; rv:1.9.2.3) Gecko/20100401 Firefox/3.6.3"
203.166.109.215 - - [14/Jun/2010:04:07:26 -0700] "GET blackstardojo.org/posting.php?mode=editpost&p=50109 HTTP/1.1" 200 51239 "http://blackstardojo.org/viewtopic.php?t=2226" "Mozilla/5.0 (Windows; U; Windows NT 6.1; en-GB; rv:1.9.2.3) Gecko/20100401 Firefox/3.6.3"
203.166.109.215 - - [14/Jun/2010:04:07:53 -0700] "POST blackstardojo.org/posting.php HTTP/1.1" 200 21564 "http://blackstardojo.org/posting.php?mode=editpost&p=50109" "Mozilla/5.0 (Windows; U; Windows NT 6.1; en-GB; rv:1.9.2.3) Gecko/20100401 Firefox/3.6.3"
203.166.109.215 - - [14/Jun/2010:04:07:58 -0700] "GET blackstardojo.org/images/ranks/newbelts/Mantis/BlackMantisMod.png HTTP/1.1" 206 8642 "http://blackstardojo.org/viewtopic.php?p=50109" "Mozilla/5.0 (Windows; U; Windows NT 6.1; en-GB; rv:1.9.2.3) Gecko/20100401 Firefox/3.6.3"
203.166.109.215 - - [14/Jun/2010:04:07:58 -0700] "GET blackstardojo.org/images/ranks/newbelts/Spider/GreenSpiderMod.png HTTP/1.1" 206 8642 "http://blackstardojo.org/viewtopic.php?p=50109" "Mozilla/5.0 (Windows; U; Windows NT 6.1; en-GB; rv:1.9.2.3) Gecko/20100401 Firefox/3.6.3"
203.166.109.215 - - [14/Jun/2010:04:07:58 -0700] "GET blackstardojo.org/viewtopic.php?p=50109 HTTP/1.1" 200 173128 "http://blackstardojo.org/posting.php" "Mozilla/5.0 (Windows; U; Windows NT 6.1; en-GB; rv:1.9.2.3) Gecko/20100401 Firefox/3.6.3"
203.166.109.215 - - [14/Jun/2010:04:07:58 -0700] "GET blackstardojo.org/images/ranks/newbelts/Monkey/GreenMonkeyMod.png HTTP/1.1" 206 8642 "http://blackstardojo.org/viewtopic.php?p=50109" "Mozilla/5.0 (Windows; U; Windows NT 6.1; en-GB; rv:1.9.2.3) Gecko/20100401 Firefox/3.6.3"
203.166.109.215 - - [14/Jun/2010:04:07:58 -0700] "GET blackstardojo.org/images/avatars/1007992654472cdf215798d.jpg HTTP/1.1" 404 1695 "http://blackstardojo.org/viewtopic.php?p=50109" "Mozilla/5.0 (Windows; U; Windows NT 6.1; en-GB; rv:1.9.2.3) Gecko/20100401 Firefox/3.6.3"
203.166.109.215 - - [14/Jun/2010:04:07:59 -0700] "GET blackstardojo.org/images/ranks/newbelts/Chameleon/BlackChameleonMod.png HTTP/1.1" 206 8678 "http://blackstardojo.org/viewtopic.php?p=50109" "Mozilla/5.0 (Windows; U; Windows NT 6.1; en-GB; rv:1.9.2.3) Gecko/20100401 Firefox/3.6.3"
203.166.109.215 - - [14/Jun/2010:04:07:59 -0700] "GET blackstardojo.org/images/ranks/newbelts/Mantis/GreenMantisMod.png HTTP/1.1" 206 8642 "http://blackstardojo.org/viewtopic.php?p=50109" "Mozilla/5.0 (Windows; U; Windows NT 6.1; en-GB; rv:1.9.2.3) Gecko/20100401 Firefox/3.6.3"
203.166.109.215 - - [14/Jun/2010:04:07:59 -0700] "GET blackstardojo.org/images/avatars/86442633446eb7a6217d49.jpg HTTP/1.1" 404 1695 "http://blackstardojo.org/viewtopic.php?p=50109" "Mozilla/5.0 (Windows; U; Windows NT 6.1; en-GB; rv:1.9.2.3) Gecko/20100401 Firefox/3.6.3"
203.166.109.215 - - [14/Jun/2010:04:07:59 -0700] "GET blackstardojo.org/images/avatars/20453250724a173af6604de.png HTTP/1.1" 404 1695 "http://blackstardojo.org/viewtopic.php?p=50109" "Mozilla/5.0 (Windows; U; Windows NT 6.1; en-GB; rv:1.9.2.3) Gecko/20100401 Firefox/3.6.3"
67.195.115.240 - - [14/Jun/2010:04:08:06 -0700] "GET blackstardojo.org/wiki/index.php?title=Dojo_Manual&printable=yes HTTP/1.0" 200 3394 "-" "Mozilla/5.0 (compatible; Yahoo! Slurp/3.0; http://help.yahoo.com/help/us/ysearch/slurp)"
174.55.183.138 - - [14/Jun/2010:04:08:29 -0700] "GET www.blackstardojo.org/shop/images/Pokeball.gif HTTP/1.1" 200 314 "http://fuckyeahpokememe.tumblr.com/post/651575885" "Mozilla/4.0 (compatible; MSIE 8.0; Windows NT 6.0; Trident/4.0; Mozilla/4.0 (compatible; MSIE 6.0; Windows NT 5.1; SV1) ; SLCC1; .NET CLR 2.0.50727; Media Center PC 5.0; .NET CLR 3.5.30729; .NET CLR 3.0.30729)"
72.76.156.245 - - [14/Jun/2010:04:08:36 -0700] "GET www.blackstardojo.org/shop/images/Pokeball.gif HTTP/1.1" 304 - "http://fuckyeahpokememe.tumblr.com/" "Mozilla/4.0 (compatible; MSIE 8.0; Windows NT 6.0; Trident/4.0; GTB6; SLCC1; .NET CLR 2.0.50727; Media Center PC 5.0; .NET CLR 3.5.30729; .NET CLR 3.0.30729)"
203.166.109.215 - - [14/Jun/2010:04:08:50 -0700] "GET blackstardojo.org/index.php HTTP/1.1" 200 75738 "http://blackstardojo.org/viewtopic.php?p=50109" "Mozilla/5.0 (Windows; U; Windows NT 6.1; en-GB; rv:1.9.2.3) Gecko/20100401 Firefox/3.6.3"
203.166.109.215 - - [14/Jun/2010:04:08:58 -0700] "GET blackstardojo.org/viewforum.php?f=6 HTTP/1.1" 200 85634 "http://blackstardojo.org/index.php" "Mozilla/5.0 (Windows; U; Windows NT 6.1; en-GB; rv:1.9.2.3) Gecko/20100401 Firefox/3.6.3"
203.166.109.215 - - [14/Jun/2010:04:08:58 -0700] "GET blackstardojo.org/images/icon_clip.gif HTTP/1.1" 200 71 "http://blackstardojo.org/viewforum.php?f=6" "Mozilla/5.0 (Windows; U; Windows NT 6.1; en-GB; rv:1.9.2.3) Gecko/20100401 Firefox/3.6.3"
203.166.109.215 - - [14/Jun/2010:04:09:11 -0700] "GET blackstardojo.org/viewforum.php?f=6&topicdays=0&start=250 HTTP/1.1" 200 30500 "http://blackstardojo.org/viewforum.php?f=6" "Mozilla/5.0 (Windows; U; Windows NT 6.1; en-GB; rv:1.9.2.3) Gecko/20100401 Firefox/3.6.3"
203.166.109.215 - - [14/Jun/2010:04:09:18 -0700] "GET blackstardojo.org/viewforum.php?f=6&topicdays=0&start=200 HTTP/1.1" 200 45313 "http://blackstardojo.org/viewforum.php?f=6" "Mozilla/5.0 (Windows; U; Windows NT 6.1; en-GB; rv:1.9.2.3) Gecko/20100401 Firefox/3.6.3"
203.166.109.215 - - [14/Jun/2010:04:09:27 -0700] "GET blackstardojo.org/viewforum.php?f=6&topicdays=0&start=150 HTTP/1.1" 200 84749 "http://blackstardojo.org/viewforum.php?f=6&topicdays=0&start=200" "Mozilla/5.0 (Windows; U; Windows NT 6.1; en-GB; rv:1.9.2.3) Gecko/20100401 Firefox/3.6.3"
67.195.115.240 - - [14/Jun/2010:04:09:34 -0700] "GET blackstardojo.org/wiki/index.php?title=Talk:Basics&action=edit HTTP/1.0" 200 2108 "-" "Mozilla/5.0 (compatible; Yahoo! Slurp/3.0; http://help.yahoo.com/help/us/ysearch/slurp)"
203.166.109.215 - - [14/Jun/2010:04:09:37 -0700] "GET blackstardojo.org/viewforum.php?f=6&topicdays=0&start=100 HTTP/1.1" 200 85525 "http://blackstardojo.org/viewforum.php?f=6&topicdays=0&start=150" "Mozilla/5.0 (Windows; U; Windows NT 6.1; en-GB; rv:1.9.2.3) Gecko/20100401 Firefox/3.6.3"
203.166.109.215 - - [14/Jun/2010:04:09:45 -0700] "GET blackstardojo.org/images/ranks/newbelts/Mantis/BlackMantisMod.png HTTP/1.1" 206 8642 "http://blackstardojo.org/viewtopic.php?t=13" "Mozilla/5.0 (Windows; U; Windows NT 6.1; en-GB; rv:1.9.2.3) Gecko/20100401 Firefox/3.6.3"
203.166.109.215 - - [14/Jun/2010:04:09:45 -0700] "GET blackstardojo.org/images/ranks/newbelts/Spider/GreenSpiderMod.png HTTP/1.1" 206 8642 "http://blackstardojo.org/viewtopic.php?t=13" "Mozilla/5.0 (Windows; U; Windows NT 6.1; en-GB; rv:1.9.2.3) Gecko/20100401 Firefox/3.6.3"
203.166.109.215 - - [14/Jun/2010:04:09:45 -0700] "GET blackstardojo.org/viewtopic.php?t=13 HTTP/1.1" 200 197828 "http://blackstardojo.org/viewforum.php?f=6&topicdays=0&start=100" "Mozilla/5.0 (Windows; U; Windows NT 6.1; en-GB; rv:1.9.2.3) Gecko/20100401 Firefox/3.6.3"
193.47.80.40 - - [14/Jun/2010:04:09:48 -0700] "GET blackstardojo.org/wiki/index.php?title=Platinum_Clasp&printable=yes HTTP/1.1" 304 0 "-" "Mozilla/5.0 (compatible; Exabot/3.0; +http://www.exabot.com/go/robot)"
203.166.109.215 - - [14/Jun/2010:04:09:50 -0700] "GET blackstardojo.org/posting.php?mode=editpost&p=17 HTTP/1.1" 200 49044 "http://blackstardojo.org/viewtopic.php?t=13" "Mozilla/5.0 (Windows; U; Windows NT 6.1; en-GB; rv:1.9.2.3) Gecko/20100401 Firefox/3.6.3"
67.195.111.226 - - [14/Jun/2010:04:09:55 -0700] "GET www.blackstardojo.org/viewtopic.php?t=954 HTTP/1.0" 200 75815 "-" "Mozilla/5.0 (compatible; Yahoo! Slurp/3.0; http://help.yahoo.com/help/us/ysearch/slurp)"
67.195.115.240 - - [14/Jun/2010:04:09:57 -0700] "GET blackstardojo.org/wiki/index.php?title=Category:Synth_Items HTTP/1.0" 200 5289 "-" "Mozilla/5.0 (compatible; Yahoo! Slurp/3.0; http://help.yahoo.com/help/us/ysearch/slurp)"
119.235.237.17 - - [14/Jun/2010:04:10:08 -0700] "GET blackstardojo.org/wiki/index.php?printable=yes&title=User:2egw_buy_styplon_online_cheap HTTP/1.1" 200 21447 "-" "Yeti/1.0 (NHN Corp.; http://help.naver.com/robots/)"
67.195.115.240 - - [14/Jun/2010:04:10:15 -0700] "GET blackstardojo.org/wiki/index.php?title=User:J0ir_buy_breast_enhancement_gum_online_cheap&action=edit HTTP/1.0" 200 2164 "-" "Mozilla/5.0 (compatible; Yahoo! Slurp/3.0; http://help.yahoo.com/help/us/ysearch/slurp)"
67.195.115.240 - - [14/Jun/2010:04:10:19 -0700] "GET blackstardojo.org/viewtopic.php?t=630 HTTP/1.0" 200 46296 "-" "Mozilla/5.0 (compatible; Yahoo! Slurp/3.0; http://help.yahoo.com/help/us/ysearch/slurp)"
80.30.169.215 - - [14/Jun/2010:04:10:33 -0700] "GET www.blackstardojo.org/shop/images/Pokeball.gif HTTP/1.1" 200 314 "-" "Mozilla/5.0 (Windows; U; Windows NT 6.1; es-ES; rv:1.9.2.3) Gecko/20100401 Firefox/3.6.3"
67.195.111.226 - - [14/Jun/2010:04:10:45 -0700] "GET www.blackstardojo.org/shop_inventory.php?action=displayitem&item=119 HTTP/1.0" 200 23383 "-" "Mozilla/5.0 (compatible; Yahoo! Slurp/3.0; http://help.yahoo.com/help/us/ysearch/slurp)"
67.195.111.226 - - [14/Jun/2010:04:10:55 -0700] "GET www.blackstardojo.org/viewtopic.php?p=32334 HTTP/1.0" 200 50273 "-" "Mozilla/5.0 (compatible; Yahoo! Slurp/3.0; http://help.yahoo.com/help/us/ysearch/slurp)"
203.166.109.215 - - [14/Jun/2010:04:11:32 -0700] "POST blackstardojo.org/posting.php HTTP/1.1" 200 53662 "http://blackstardojo.org/posting.php?mode=editpost&p=17" "Mozilla/5.0 (Windows; U; Windows NT 6.1; en-GB; rv:1.9.2.3) Gecko/20100401 Firefox/3.6.3"
67.195.111.226 - - [14/Jun/2010:04:11:43 -0700] "GET www.blackstardojo.org/viewtopic.php?t=1357&start=30 HTTP/1.0" 200 52936 "-" "Mozilla/5.0 (compatible; Yahoo! Slurp/3.0; http://help.yahoo.com/help/us/ysearch/slurp)"
203.166.109.215 - - [14/Jun/2010:04:11:57 -0700] "GET blackstardojo.org/viewforum.php?f=6 HTTP/1.1" 200 85634 "http://blackstardojo.org/posting.php" "Mozilla/5.0 (Windows; U; Windows NT 6.1; en-GB; rv:1.9.2.3) Gecko/20100401 Firefox/3.6.3"
203.166.109.215 - - [14/Jun/2010:04:12:02 -0700] "GET blackstardojo.org/viewforum.php?f=6&topicdays=0&start=150 HTTP/1.1" 200 84748 "http://blackstardojo.org/viewforum.php?f=6" "Mozilla/5.0 (Windows; U; Windows NT 6.1; en-GB; rv:1.9.2.3) Gecko/20100401 Firefox/3.6.3"
203.166.109.215 - - [14/Jun/2010:04:12:12 -0700] "GET blackstardojo.org/viewforum.php?f=6&topicdays=0&start=100 HTTP/1.1" 200 85526 "http://blackstardojo.org/viewforum.php?f=6&topicdays=0&start=150" "Mozilla/5.0 (Windows; U; Windows NT 6.1; en-GB; rv:1.9.2.3) Gecko/20100401 Firefox/3.6.3"
203.166.109.215 - - [14/Jun/2010:04:12:20 -0700] "GET blackstardojo.org/images/ranks/newbelts/Spider/GreenSpiderMod.png HTTP/1.1" 206 8642 "http://blackstardojo.org/viewtopic.php?t=13" "Mozilla/5.0 (Windows; U; Windows NT 6.1; en-GB; rv:1.9.2.3) Gecko/20100401 Firefox/3.6.3"
203.166.109.215 - - [14/Jun/2010:04:12:20 -0700] "GET blackstardojo.org/images/ranks/newbelts/Mantis/BlackMantisMod.png HTTP/1.1" 206 8642 "http://blackstardojo.org/viewtopic.php?t=13" "Mozilla/5.0 (Windows; U; Windows NT 6.1; en-GB; rv:1.9.2.3) Gecko/20100401 Firefox/3.6.3"
203.166.109.215 - - [14/Jun/2010:04:12:20 -0700] "GET blackstardojo.org/viewtopic.php?t=13 HTTP/1.1" 200 197828 "http://blackstardojo.org/viewforum.php?f=6&topicdays=0&start=100" "Mozilla/5.0 (Windows; U; Windows NT 6.1; en-GB; rv:1.9.2.3) Gecko/20100401 Firefox/3.6.3"
67.195.111.226 - - [14/Jun/2010:04:12:23 -0700] "GET www.blackstardojo.org/viewtopic.php?t=1589 HTTP/1.0" 200 60969 "-" "Mozilla/5.0 (compatible; Yahoo! Slurp/3.0; http://help.yahoo.com/help/us/ysearch/slurp)"
218.51.245.32 - - [14/Jun/2010:04:12:54 -0700] "GET www.blackstardojo.org/shop/images/Pokeball.gif HTTP/1.1" 200 314 "http://fuckyeahpokememe.tumblr.com/" "Mozilla/5.0 (Windows; U; Windows NT 6.1; en-US; rv:1.9.2.3) Gecko/20100401 Firefox/3.6.3 (.NET CLR 3.5.30729)"
76.216.121.214 - - [14/Jun/2010:04:13:51 -0700] "GET www.blackstardojo.org/shop/images/Pokeball.gif HTTP/1.1" 200 314 "http://fuckyeahpokememe.tumblr.com/" "Mozilla/5.0 (Windows; U; Windows NT 6.0; en-US; rv:1.9.2.3) Gecko/20100401 Firefox/3.6.3 ( .NET CLR 3.5.30729)"
67.195.111.226 - - [14/Jun/2010:04:14:41 -0700] "GET www.blackstardojo.org/wiki/index.php?title=Special:Recentchangeslinked&target=Lottery&hideminor=0&days=1&limit=50 HTTP/1.0" 200 2206 "-" "Mozilla/5.0 (compatible; Yahoo! Slurp/3.0; http://help.yahoo.com/help/us/ysearch/slurp)"
67.195.111.226 - - [14/Jun/2010:04:14:41 -0700] "GET www.blackstardojo.org/wiki/skins/monobook/main.css HTTP/1.0" 304 - "http://www.blackstardojo.org/wiki/index.php?title=Special:Recentchangeslinked&target=Lottery&hideminor=0&days=1&limit=50" "Mozilla/5.0 (compatible; Yahoo! Slurp/3.0; http://help.yahoo.com/help/us/ysearch/slurp)"
67.195.111.226 - - [14/Jun/2010:04:14:41 -0700] "GET www.blackstardojo.org/wiki/skins/common/commonPrint.css HTTP/1.0" 304 - "http://www.blackstardojo.org/wiki/index.php?title=Special:Recentchangeslinked&target=Lottery&hideminor=0&days=1&limit=50" "Mozilla/5.0 (compatible; Yahoo! Slurp/3.0; http://help.yahoo.com/help/us/ysearch/slurp)"
67.195.111.226 - - [14/Jun/2010:04:14:43 -0700] "GET www.blackstardojo.org/wiki/index.php?title=MediaWiki:Monobook.css&action=raw&ctype=text/css&smaxage=18000 HTTP/1.0" 200 86 "http://www.blackstardojo.org/wiki/index.php?title=Special:Recentchangeslinked&target=Lottery&hideminor=0&days=1&limit=50" "Mozilla/5.0 (compatible; Yahoo! Slurp/3.0; http://help.yahoo.com/help/us/ysearch/slurp)"
203.166.109.215 - - [14/Jun/2010:04:15:18 -0700] "POST blackstardojo.org/posting.php HTTP/1.1" 200 21553 "http://blackstardojo.org/posting.php" "Mozilla/5.0 (Windows; U; Windows NT 6.1; en-GB; rv:1.9.2.3) Gecko/20100401 Firefox/3.6.3"
203.166.109.215 - - [14/Jun/2010:04:15:22 -0700] "GET blackstardojo.org/images/ranks/newbelts/Spider/GreenSpiderMod.png HTTP/1.1" 206 8642 "http://blackstardojo.org/viewtopic.php?p=17" "Mozilla/5.0 (Windows; U; Windows NT 6.1; en-GB; rv:1.9.2.3) Gecko/20100401 Firefox/3.6.3"
203.166.109.215 - - [14/Jun/2010:04:15:22 -0700] "GET blackstardojo.org/images/ranks/newbelts/Mantis/BlackMantisMod.png HTTP/1.1" 206 8642 "http://blackstardojo.org/viewtopic.php?p=17" "Mozilla/5.0 (Windows; U; Windows NT 6.1; en-GB; rv:1.9.2.3) Gecko/20100401 Firefox/3.6.3"
203.166.109.215 - - [14/Jun/2010:04:15:23 -0700] "GET blackstardojo.org/viewtopic.php?p=17 HTTP/1.1" 200 197539 "http://blackstardojo.org/posting.php" "Mozilla/5.0 (Windows; U; Windows NT 6.1; en-GB; rv:1.9.2.3) Gecko/20100401 Firefox/3.6.3"
203.166.109.215 - - [14/Jun/2010:04:15:23 -0700] "GET blackstardojo.org/images/ranks/newbelts/Mantis/BlackMantisMod.png HTTP/1.1" 206 8642 "http://blackstardojo.org/viewtopic.php?p=17" "Mozilla/5.0 (Windows; U; Windows NT 6.1; en-GB; rv:1.9.2.3) Gecko/20100401 Firefox/3.6.3"
203.166.109.215 - - [14/Jun/2010:04:15:23 -0700] "GET blackstardojo.org/images/ranks/newbelts/Spider/GreenSpiderMod.png HTTP/1.1" 206 8642 "http://blackstardojo.org/viewtopic.php?p=17" "Mozilla/5.0 (Windows; U; Windows NT 6.1; en-GB; rv:1.9.2.3) Gecko/20100401 Firefox/3.6.3"
67.195.115.240 - - [14/Jun/2010:04:15:33 -0700] "GET blackstardojo.org/viewtopic.php?p=11425 HTTP/1.0" 200 41822 "-" "Mozilla/5.0 (compatible; Yahoo! Slurp/3.0; http://help.yahoo.com/help/us/ysearch/slurp)"
67.195.111.226 - - [14/Jun/2010:04:15:38 -0700] "GET www.blackstardojo.org/viewtopic.php?p=38415 HTTP/1.0" 200 104000 "-" "Mozilla/5.0 (compatible; Yahoo! Slurp/3.0; http://help.yahoo.com/help/us/ysearch/slurp)"
203.166.109.215 - - [14/Jun/2010:04:15:51 -0700] "GET blackstardojo.org/index.php HTTP/1.1" 200 75734 "http://blackstardojo.org/viewtopic.php?p=17" "Mozilla/5.0 (Windows; U; Windows NT 6.1; en-GB; rv:1.9.2.3) Gecko/20100401 Firefox/3.6.3"
