67.195.111.226 - - [28/Jun/2010:00:44:02 -0700] "GET www.blackstardojo.org/wiki/index.php?title=Twstdtink HTTP/1.0" 304 0 "-" "Mozilla/5.0 (compatible; Yahoo! Slurp/3.0; http://help.yahoo.com/help/us/ysearch/slurp)"
67.8.185.156 - - [28/Jun/2010:00:44:34 -0700] "GET www.blackstardojo.org/shop/images/Pokeball.gif HTTP/1.1" 200 314 "http://fuckyeahpokememe.tumblr.com/" "Mozilla/5.0 (Macintosh; U; Intel Mac OS X 10.5; en-US; rv:1.9.2.4) Gecko/20100611 Firefox/3.6.4"
67.195.115.240 - - [28/Jun/2010:00:44:38 -0700] "GET blackstardojo.org/wiki/index.php?title=Special:Recentchangeslinked&target=God_modding&hideminor=0&days=30&limit=250 HTTP/1.0" 200 2213 "-" "Mozilla/5.0 (compatible; Yahoo! Slurp/3.0; http://help.yahoo.com/help/us/ysearch/slurp)"
67.195.115.240 - - [28/Jun/2010:00:44:39 -0700] "GET blackstardojo.org/viewtopic.php?t=1030&start=15 HTTP/1.0" 200 97257 "-" "Mozilla/5.0 (compatible; Yahoo! Slurp/3.0; http://help.yahoo.com/help/us/ysearch/slurp)"
121.91.16.25 - - [28/Jun/2010:00:44:40 -0700] "GET www.blackstardojo.org/shop/images/Pokeball.gif HTTP/1.1" 200 314 "http://fuckyeahpokememe.tumblr.com/" "Mozilla/5.0 (Windows; U; Windows NT 6.0; en-US; rv:1.9.2.3) Gecko/20100401 Firefox/3.6.3 (.NET CLR 3.5.30729)"
72.190.32.226 - - [28/Jun/2010:00:44:45 -0700] "GET www.blackstardojo.org/shop/images/Pokeball.gif HTTP/1.1" 200 314 "http://fuckyeahpokememe.tumblr.com/" "Opera/9.80 (Windows NT 6.1; U; en) Presto/2.5.24 Version/10.54"
67.195.111.226 - - [28/Jun/2010:00:45:01 -0700] "GET www.blackstardojo.org/viewtopic.php?t=2298 HTTP/1.0" 200 35048 "-" "Mozilla/5.0 (compatible; Yahoo! Slurp/3.0; http://help.yahoo.com/help/us/ysearch/slurp)"
174.112.166.25 - - [28/Jun/2010:00:45:20 -0700] "GET www.blackstardojo.org/shop/images/Pokeball.gif HTTP/1.1" 304 - "http://fuckyeahpokememe.tumblr.com/page/5" "Mozilla/4.0 (compatible; MSIE 8.0; Windows NT 5.1; Trident/4.0; GTB6.5; .NET CLR 1.1.4322; OfficeLiveConnector.1.3; OfficeLivePatch.0.0; yie8)"
67.195.111.226 - - [28/Jun/2010:00:46:23 -0700] "GET www.blackstardojo.org/wiki/index.php?title=Special:Recentchangeslinked&target=Dojo_Manual&hideminor=0&days=1&limit=500 HTTP/1.0" 200 2209 "-" "Mozilla/5.0 (compatible; Yahoo! Slurp/3.0; http://help.yahoo.com/help/us/ysearch/slurp)"
67.195.111.226 - - [28/Jun/2010:00:46:25 -0700] "GET www.blackstardojo.org/wiki/index.php?title=MediaWiki:Monobook.css&action=raw&ctype=text/css&smaxage=18000 HTTP/1.0" 200 86 "http://www.blackstardojo.org/wiki/index.php?title=Special:Recentchangeslinked&target=Dojo_Manual&hideminor=0&days=1&limit=500" "Mozilla/5.0 (compatible; Yahoo! Slurp/3.0; http://help.yahoo.com/help/us/ysearch/slurp)"
72.199.50.76 - - [28/Jun/2010:00:46:51 -0700] "GET www.blackstardojo.org/shop/images/Pokeball.gif HTTP/1.1" 200 314 "http://fuckyeahpokememe.tumblr.com/" "Mozilla/5.0 (Windows; U; Windows NT 6.0; en-US; rv:1.9.2.6) Gecko/20100625 Firefox/3.6.6"
67.195.115.240 - - [28/Jun/2010:00:46:51 -0700] "GET blackstardojo.org/wiki/index.php?title=User:q857_buy_decadron_online_cheap&printable=yes HTTP/1.0" 200 5052 "-" "Mozilla/5.0 (compatible; Yahoo! Slurp/3.0; http://help.yahoo.com/help/us/ysearch/slurp)"
72.135.21.155 - - [28/Jun/2010:00:47:15 -0700] "GET www.blackstardojo.org/shop/images/Pokeball.gif HTTP/1.1" 200 314 "http://fuckyeahpokememe.tumblr.com/" "Mozilla/5.0 (Windows; U; Windows NT 6.0; en-US) AppleWebKit/533.4 (KHTML, like Gecko) Chrome/5.0.375.86 Safari/533.4"
67.195.111.226 - - [28/Jun/2010:00:47:41 -0700] "GET www.blackstardojo.org/wiki/index.php?title=Bookmakers HTTP/1.0" 200 2824 "-" "Mozilla/5.0 (compatible; Yahoo! Slurp/3.0; http://help.yahoo.com/help/us/ysearch/slurp)"
67.195.115.240 - - [28/Jun/2010:00:47:52 -0700] "GET blackstardojo.org/wiki/index.php?title=Egg HTTP/1.0" 200 2635 "-" "Mozilla/5.0 (compatible; Yahoo! Slurp/3.0; http://help.yahoo.com/help/us/ysearch/slurp)"
66.212.203.241 - - [28/Jun/2010:00:48:39 -0700] "GET www.blackstardojo.org/shop/images/Pokeball.gif HTTP/1.1" 200 314 "http://fuckyeahpokememe.tumblr.com/post/744649003" "Mozilla/5.0 (Macintosh; U; Intel Mac OS X 10_6_3; en-US) AppleWebKit/533.4 (KHTML, like Gecko) Chrome/5.0.375.86 Safari/533.4"
67.195.115.240 - - [28/Jun/2010:00:48:39 -0700] "GET blackstardojo.org/wiki/index.php?title=Special:Recentchanges&days=30&limit=250&feed=rss HTTP/1.0" 200 377 "-" "Mozilla/5.0 (compatible; Yahoo! Slurp/3.0; http://help.yahoo.com/help/us/ysearch/slurp)"
67.195.115.240 - - [28/Jun/2010:00:48:39 -0700] "GET blackstardojo.org/wiki/skins/common/feed.css HTTP/1.0" 304 - "http://blackstardojo.org/wiki/index.php?title=Special:Recentchanges&days=30&limit=250&feed=rss" "Mozilla/5.0 (compatible; Yahoo! Slurp/3.0; http://help.yahoo.com/help/us/ysearch/slurp)"
67.195.111.226 - - [28/Jun/2010:00:49:27 -0700] "GET www.blackstardojo.org/posting.php?mode=quote&p=50403 HTTP/1.0" 302 39 "-" "Mozilla/5.0 (compatible; Yahoo! Slurp/3.0; http://help.yahoo.com/help/us/ysearch/slurp)"
67.195.111.226 - - [28/Jun/2010:00:49:28 -0700] "GET www.blackstardojo.org/login.php?redirect=posting.php&mode=quote&p=50403&sid=533b63b52e5333c54ce43756aeea7f28 HTTP/1.0" 200 22241 "-" "Mozilla/5.0 (compatible; Yahoo! Slurp/3.0; http://help.yahoo.com/help/us/ysearch/slurp)"
68.190.206.47 - - [28/Jun/2010:00:49:32 -0700] "GET www.blackstardojo.org/shop/images/Pokeball.gif HTTP/1.1" 200 314 "http://fuckyeahpokememe.tumblr.com/" "Mozilla/5.0 (Windows; U; Windows NT 6.1; en-US) AppleWebKit/533.4 (KHTML, like Gecko) Chrome/5.0.375.70 Safari/533.4"
193.47.80.40 - - [28/Jun/2010:00:49:44 -0700] "GET blackstardojo.org/wiki/index.php?title=Goron40&direction=prev&oldid=2802 HTTP/1.1" 200 12146 "-" "Mozilla/5.0 (compatible; Exabot/3.0; +http://www.exabot.com/go/robot)"
193.47.80.40 - - [28/Jun/2010:00:49:57 -0700] "GET blackstardojo.org/wiki/index.php?title=Category:Southern_Frontier&action=history HTTP/1.1" 200 2674 "-" "Mozilla/5.0 (compatible; Exabot/3.0; +http://www.exabot.com/go/robot)"
216.129.119.45 - - [28/Jun/2010:00:50:39 -0700] "GET blackstardojo.org/viewtopic.php?t=565&start=0 HTTP/1.1" 302 51 "-" "Mozilla/5.0 (Twiceler-0.9 http://www.cuil.com/twiceler/robot.html)"
67.195.115.240 - - [28/Jun/2010:00:51:24 -0700] "GET blackstardojo.org/viewtopic.php?p=40453 HTTP/1.0" 200 46325 "-" "Mozilla/5.0 (compatible; Yahoo! Slurp/3.0; http://help.yahoo.com/help/us/ysearch/slurp)"
67.195.115.240 - - [28/Jun/2010:00:51:36 -0700] "GET blackstardojo.org/wiki/index.php?title=Special:Recentchangeslinked&target=Category:McSmelty_Forge&hideminor=0&days=1&limit=50 HTTP/1.0" 200 2217 "-" "Mozilla/5.0 (compatible; Yahoo! Slurp/3.0; http://help.yahoo.com/help/us/ysearch/slurp)"
85.105.61.130 - - [28/Jun/2010:00:52:15 -0700] "GET www.blackstardojo.org/shop/images/Bass.gif HTTP/1.1" 200 1607 "http://www.aquapena.com/Forum.asp?forum=oku&msgid=772&yenilik=5&alfom=&alfomad=1" "Mozilla/4.0 (compatible; MSIE 8.0; Windows NT 5.1; Trident/4.0; GTB6.3; InfoPath.1; .NET CLR 2.0.50727; OfficeLiveConnector.1.3; OfficeLivePatch.0.0)"
174.65.65.166 - - [28/Jun/2010:00:52:35 -0700] "GET www.blackstardojo.org/shop/images/Pokeball.gif HTTP/1.1" 200 314 "http://fuckyeahpokememe.tumblr.com/" "Mozilla/5.0 (Windows; U; Windows NT 6.0; en-US; rv:1.9.2.4) Gecko/20100611 Firefox/3.6.4 ( .NET CLR 3.5.30729)"
68.108.175.74 - - [28/Jun/2010:00:52:39 -0700] "GET www.blackstardojo.org/shop/images/Pokeball.gif HTTP/1.1" 200 314 "http://fuckyeahpokememe.tumblr.com/" "Mozilla/5.0 (Windows; U; Windows NT 6.0; en-US; rv:1.9.2.6) Gecko/20100625 Firefox/3.6.6 ( .NET CLR 3.5.30729; .NET4.0C)"
193.47.80.40 - - [28/Jun/2010:00:52:58 -0700] "GET blackstardojo.org/wiki/index.php?title=Sugar_Cane&action=history HTTP/1.1" 200 2730 "-" "Mozilla/5.0 (compatible; Exabot/3.0; +http://www.exabot.com/go/robot)"
189.236.178.154 - - [28/Jun/2010:00:53:13 -0700] "GET www.blackstardojo.org/shop/images/Pokeball.gif HTTP/1.1" 200 314 "http://fuckyeahpokememe.tumblr.com/" "Mozilla/5.0 (Windows; U; Windows NT 6.0; es-ES; rv:1.9.2.4) Gecko/20100611 WINFC 1.2.0.64 Firefox/3.6.4 ( .NET CLR 3.5.30729)"
211.30.141.73 - - [28/Jun/2010:00:53:27 -0700] "GET www.blackstardojo.org/shop/images/Pokeball.gif HTTP/1.1" 200 314 "http://fuckyeahpokememe.tumblr.com/" "Mozilla/5.0 (Windows; U; Windows NT 6.0; en-US; rv:1.9.2.6) Gecko/20100625 Firefox/3.6.6 (.NET CLR 3.5.30729)"
67.195.115.240 - - [28/Jun/2010:00:55:00 -0700] "GET blackstardojo.org/wiki/index.php?title=Special:Recentchangeslinked/Butter HTTP/1.0" 200 2204 "-" "Mozilla/5.0 (compatible; Yahoo! Slurp/3.0; http://help.yahoo.com/help/us/ysearch/slurp)"
98.193.225.95 - - [28/Jun/2010:00:56:07 -0700] "GET www.blackstardojo.org/shop/images/Pokeball.gif HTTP/1.1" 200 314 "http://fuckyeahpokememe.tumblr.com/" "Mozilla/5.0 (Windows; U; Windows NT 6.0; en-US; rv:1.9.2.6) Gecko/20100625 Firefox/3.6.6 ( .NET CLR 3.5.30729; .NET4.0C)"
193.47.80.40 - - [28/Jun/2010:00:56:42 -0700] "GET blackstardojo.org/wiki/index.php?title=Image:PropertyDeed.png HTTP/1.1" 304 0 "-" "Mozilla/5.0 (compatible; Exabot/3.0; +http://www.exabot.com/go/robot)"
67.195.115.240 - - [28/Jun/2010:00:57:08 -0700] "GET blackstardojo.org/wiki/index.php?title=User:553_buy_betapace&printable=yes&m5g3=q9j6&printable=yes HTTP/1.0" 200 4143 "-" "Mozilla/5.0 (compatible; Yahoo! Slurp/3.0; http://help.yahoo.com/help/us/ysearch/slurp)"
67.195.111.226 - - [28/Jun/2010:00:57:44 -0700] "GET www.blackstardojo.org/profile.php?mode=viewprofile&u=14 HTTP/1.0" 200 45576 "-" "Mozilla/5.0 (compatible; Yahoo! Slurp/3.0; http://help.yahoo.com/help/us/ysearch/slurp)"
193.47.80.40 - - [28/Jun/2010:00:58:09 -0700] "GET blackstardojo.org/wiki/index.php?title=Special:Contributions/Laat_buy_celexa_online_cheap HTTP/1.1" 200 2480 "-" "Mozilla/5.0 (compatible; Exabot/3.0; +http://www.exabot.com/go/robot)"
124.181.93.27 - - [28/Jun/2010:00:58:30 -0700] "GET www.blackstardojo.org/shop/images/Pokeball.gif HTTP/1.1" 200 314 "http://fuckyeahpokememe.tumblr.com/" "Mozilla/5.0 (Macintosh; U; Intel Mac OS X 10_5_8; en-us) AppleWebKit/533.16 (KHTML, like Gecko) Version/5.0 Safari/533.16"
24.16.139.158 - - [28/Jun/2010:00:58:50 -0700] "GET blackstardojo.org/ HTTP/1.1" 200 64331 "-" "Mozilla/5.0 (Windows; U; Windows NT 5.1; en-US; rv:1.9.2.6) Gecko/20100625 Firefox/3.6.6 ( .NET CLR 3.5.30729)"
24.16.139.158 - - [28/Jun/2010:00:58:50 -0700] "GET blackstardojo.org/forum_images/south_new.png HTTP/1.1" 200 3219 "http://blackstardojo.org/" "Mozilla/5.0 (Windows; U; Windows NT 5.1; en-US; rv:1.9.2.6) Gecko/20100625 Firefox/3.6.6 ( .NET CLR 3.5.30729)"
24.16.139.158 - - [28/Jun/2010:00:58:56 -0700] "GET blackstardojo.org/privmsg.php?folder=inbox&sid=92b7dde53eff656f92008c852c5e9eaf HTTP/1.1" 200 71428 "http://blackstardojo.org/" "Mozilla/5.0 (Windows; U; Windows NT 5.1; en-US; rv:1.9.2.6) Gecko/20100625 Firefox/3.6.6 ( .NET CLR 3.5.30729)"
24.16.139.158 - - [28/Jun/2010:00:58:58 -0700] "GET blackstardojo.org/privmsg.php?folder=inbox&mode=read&p=23853 HTTP/1.1" 200 28725 "http://blackstardojo.org/privmsg.php?folder=inbox&sid=92b7dde53eff656f92008c852c5e9eaf" "Mozilla/5.0 (Windows; U; Windows NT 5.1; en-US; rv:1.9.2.6) Gecko/20100625 Firefox/3.6.6 ( .NET CLR 3.5.30729)"
24.16.139.158 - - [28/Jun/2010:00:59:06 -0700] "GET blackstardojo.org/index.php HTTP/1.1" 200 58000 "http://blackstardojo.org/privmsg.php?folder=inbox&mode=read&p=23853" "Mozilla/5.0 (Windows; U; Windows NT 5.1; en-US; rv:1.9.2.6) Gecko/20100625 Firefox/3.6.6 ( .NET CLR 3.5.30729)"
24.16.139.158 - - [28/Jun/2010:00:59:09 -0700] "GET blackstardojo.org/viewforum.php?f=15 HTTP/1.1" 200 50894 "http://blackstardojo.org/index.php" "Mozilla/5.0 (Windows; U; Windows NT 5.1; en-US; rv:1.9.2.6) Gecko/20100625 Firefox/3.6.6 ( .NET CLR 3.5.30729)"
24.16.139.158 - - [28/Jun/2010:00:59:11 -0700] "GET blackstardojo.org/viewtopic.php?t=2362&start=15 HTTP/1.1" 200 131442 "http://blackstardojo.org/viewforum.php?f=15" "Mozilla/5.0 (Windows; U; Windows NT 5.1; en-US; rv:1.9.2.6) Gecko/20100625 Firefox/3.6.6 ( .NET CLR 3.5.30729)"
24.16.139.158 - - [28/Jun/2010:00:59:11 -0700] "GET blackstardojo.org/images/avatars/86442633446eb7a6217d49.jpg HTTP/1.1" 404 1695 "http://blackstardojo.org/viewtopic.php?t=2362&start=15" "Mozilla/5.0 (Windows; U; Windows NT 5.1; en-US; rv:1.9.2.6) Gecko/20100625 Firefox/3.6.6 ( .NET CLR 3.5.30729)"
24.16.139.158 - - [28/Jun/2010:00:59:12 -0700] "GET blackstardojo.org/files/xrcu1_146.jpg HTTP/1.1" 304 - "http://blackstardojo.org/viewtopic.php?t=2362&start=15" "Mozilla/5.0 (Windows; U; Windows NT 5.1; en-US; rv:1.9.2.6) Gecko/20100625 Firefox/3.6.6 ( .NET CLR 3.5.30729)"
24.16.139.158 - - [28/Jun/2010:00:59:12 -0700] "GET blackstardojo.org/images/avatars/1493995017472820256e410.jpg HTTP/1.1" 404 1695 "http://blackstardojo.org/viewtopic.php?t=2362&start=15" "Mozilla/5.0 (Windows; U; Windows NT 5.1; en-US; rv:1.9.2.6) Gecko/20100625 Firefox/3.6.6 ( .NET CLR 3.5.30729)"
24.16.139.158 - - [28/Jun/2010:01:00:56 -0700] "GET blackstardojo.org/index.php HTTP/1.1" 200 58001 "http://blackstardojo.org/viewtopic.php?t=2362&start=15" "Mozilla/5.0 (Windows; U; Windows NT 5.1; en-US; rv:1.9.2.6) Gecko/20100625 Firefox/3.6.6 ( .NET CLR 3.5.30729)"
24.16.139.158 - - [28/Jun/2010:01:01:11 -0700] "GET blackstardojo.org/viewforum.php?f=15 HTTP/1.1" 200 50717 "http://blackstardojo.org/index.php" "Mozilla/5.0 (Windows; U; Windows NT 5.1; en-US; rv:1.9.2.6) Gecko/20100625 Firefox/3.6.6 ( .NET CLR 3.5.30729)"
24.16.139.158 - - [28/Jun/2010:01:01:15 -0700] "GET blackstardojo.org/viewtopic.php?t=2362&start=15 HTTP/1.1" 200 131430 "http://blackstardojo.org/viewforum.php?f=15" "Mozilla/5.0 (Windows; U; Windows NT 5.1; en-US; rv:1.9.2.6) Gecko/20100625 Firefox/3.6.6 ( .NET CLR 3.5.30729)"
24.16.139.158 - - [28/Jun/2010:01:01:15 -0700] "GET blackstardojo.org/images/avatars/86442633446eb7a6217d49.jpg HTTP/1.1" 404 1695 "http://blackstardojo.org/viewtopic.php?t=2362&start=15" "Mozilla/5.0 (Windows; U; Windows NT 5.1; en-US; rv:1.9.2.6) Gecko/20100625 Firefox/3.6.6 ( .NET CLR 3.5.30729)"
24.16.139.158 - - [28/Jun/2010:01:01:15 -0700] "GET blackstardojo.org/images/avatars/1493995017472820256e410.jpg HTTP/1.1" 404 1695 "http://blackstardojo.org/viewtopic.php?t=2362&start=15" "Mozilla/5.0 (Windows; U; Windows NT 5.1; en-US; rv:1.9.2.6) Gecko/20100625 Firefox/3.6.6 ( .NET CLR 3.5.30729)"
24.16.139.158 - - [28/Jun/2010:01:01:19 -0700] "GET blackstardojo.org/images/smiles/icon_surprised.gif HTTP/1.1" 200 174 "http://blackstardojo.org/posting.php?mode=reply&t=2362" "Mozilla/5.0 (Windows; U; Windows NT 5.1; en-US; rv:1.9.2.6) Gecko/20100625 Firefox/3.6.6 ( .NET CLR 3.5.30729)"
24.16.139.158 - - [28/Jun/2010:01:01:19 -0700] "GET blackstardojo.org/images/smiles/icon_eek.gif HTTP/1.1" 200 170 "http://blackstardojo.org/posting.php?mode=reply&t=2362" "Mozilla/5.0 (Windows; U; Windows NT 5.1; en-US; rv:1.9.2.6) Gecko/20100625 Firefox/3.6.6 ( .NET CLR 3.5.30729)"
24.16.139.158 - - [28/Jun/2010:01:01:19 -0700] "GET blackstardojo.org/posting.php?mode=reply&t=2362 HTTP/1.1" 200 72451 "http://blackstardojo.org/viewtopic.php?t=2362&start=15" "Mozilla/5.0 (Windows; U; Windows NT 5.1; en-US; rv:1.9.2.6) Gecko/20100625 Firefox/3.6.6 ( .NET CLR 3.5.30729)"
24.16.139.158 - - [28/Jun/2010:01:01:19 -0700] "GET blackstardojo.org/images/smiles/icon_cool.gif HTTP/1.1" 200 172 "http://blackstardojo.org/posting.php?mode=reply&t=2362" "Mozilla/5.0 (Windows; U; Windows NT 5.1; en-US; rv:1.9.2.6) Gecko/20100625 Firefox/3.6.6 ( .NET CLR 3.5.30729)"
24.16.139.158 - - [28/Jun/2010:01:01:19 -0700] "GET blackstardojo.org/images/smiles/icon_cry.gif HTTP/1.1" 200 498 "http://blackstardojo.org/posting.php?mode=reply&t=2362" "Mozilla/5.0 (Windows; U; Windows NT 5.1; en-US; rv:1.9.2.6) Gecko/20100625 Firefox/3.6.6 ( .NET CLR 3.5.30729)"
24.16.139.158 - - [28/Jun/2010:01:01:19 -0700] "GET blackstardojo.org/images/smiles/icon_evil.gif HTTP/1.1" 200 236 "http://blackstardojo.org/posting.php?mode=reply&t=2362" "Mozilla/5.0 (Windows; U; Windows NT 5.1; en-US; rv:1.9.2.6) Gecko/20100625 Firefox/3.6.6 ( .NET CLR 3.5.30729)"
24.16.139.158 - - [28/Jun/2010:01:01:19 -0700] "GET blackstardojo.org/images/smiles/icon_mad.gif HTTP/1.1" 200 174 "http://blackstardojo.org/posting.php?mode=reply&t=2362" "Mozilla/5.0 (Windows; U; Windows NT 5.1; en-US; rv:1.9.2.6) Gecko/20100625 Firefox/3.6.6 ( .NET CLR 3.5.30729)"
24.16.139.158 - - [28/Jun/2010:01:01:19 -0700] "GET blackstardojo.org/images/smiles/icon_redface.gif HTTP/1.1" 200 650 "http://blackstardojo.org/posting.php?mode=reply&t=2362" "Mozilla/5.0 (Windows; U; Windows NT 5.1; en-US; rv:1.9.2.6) Gecko/20100625 Firefox/3.6.6 ( .NET CLR 3.5.30729)"
24.16.139.158 - - [28/Jun/2010:01:01:19 -0700] "GET blackstardojo.org/images/smiles/icon_rolleyes.gif HTTP/1.1" 200 485 "http://blackstardojo.org/posting.php?mode=reply&t=2362" "Mozilla/5.0 (Windows; U; Windows NT 5.1; en-US; rv:1.9.2.6) Gecko/20100625 Firefox/3.6.6 ( .NET CLR 3.5.30729)"
24.16.139.158 - - [28/Jun/2010:01:01:19 -0700] "GET blackstardojo.org/images/smiles/icon_exclaim.gif HTTP/1.1" 200 236 "http://blackstardojo.org/posting.php?mode=reply&t=2362" "Mozilla/5.0 (Windows; U; Windows NT 5.1; en-US; rv:1.9.2.6) Gecko/20100625 Firefox/3.6.6 ( .NET CLR 3.5.30729)"
24.16.139.158 - - [28/Jun/2010:01:01:19 -0700] "GET blackstardojo.org/images/smiles/icon_question.gif HTTP/1.1" 200 248 "http://blackstardojo.org/posting.php?mode=reply&t=2362" "Mozilla/5.0 (Windows; U; Windows NT 5.1; en-US; rv:1.9.2.6) Gecko/20100625 Firefox/3.6.6 ( .NET CLR 3.5.30729)"
24.16.139.158 - - [28/Jun/2010:01:01:19 -0700] "GET blackstardojo.org/images/smiles/icon_idea.gif HTTP/1.1" 200 176 "http://blackstardojo.org/posting.php?mode=reply&t=2362" "Mozilla/5.0 (Windows; U; Windows NT 5.1; en-US; rv:1.9.2.6) Gecko/20100625 Firefox/3.6.6 ( .NET CLR 3.5.30729)"
24.16.139.158 - - [28/Jun/2010:01:01:19 -0700] "GET blackstardojo.org/images/smiles/icon_arrow.gif HTTP/1.1" 200 170 "http://blackstardojo.org/posting.php?mode=reply&t=2362" "Mozilla/5.0 (Windows; U; Windows NT 5.1; en-US; rv:1.9.2.6) Gecko/20100625 Firefox/3.6.6 ( .NET CLR 3.5.30729)"
24.16.139.158 - - [28/Jun/2010:01:01:20 -0700] "GET blackstardojo.org/templates/subSilver/prillian/layout.css HTTP/1.1" 200 2108 "http://blackstardojo.org/posting.php?mode=topicreview&t=2362" "Mozilla/5.0 (Windows; U; Windows NT 5.1; en-US; rv:1.9.2.6) Gecko/20100625 Firefox/3.6.6 ( .NET CLR 3.5.30729)"
24.16.139.158 - - [28/Jun/2010:01:01:20 -0700] "GET blackstardojo.org/posting.php?mode=topicreview&t=2362 HTTP/1.1" 200 45997 "http://blackstardojo.org/posting.php?mode=reply&t=2362" "Mozilla/5.0 (Windows; U; Windows NT 5.1; en-US; rv:1.9.2.6) Gecko/20100625 Firefox/3.6.6 ( .NET CLR 3.5.30729)"
153.20.24.68 - - [28/Jun/2010:01:02:09 -0700] "GET www.blackstardojo.org/shop/images/Pokeball.gif HTTP/1.1" 304 - "http://fuckyeahpokememe.tumblr.com/" "Mozilla/5.0 (Macintosh; U; Intel Mac OS X 10.5; en-US; rv:1.9.1.10) Gecko/20100504 Firefox/3.5.10"
67.218.116.164 - - [28/Jun/2010:01:02:14 -0700] "GET www.blackstardojo.org/viewtopic.php?t=1733&start=195 HTTP/1.1" 200 127499 "-" "Mozilla/5.0 (Twiceler-0.9 http://www.cuil.com/twiceler/robot.html)"
121.222.110.75 - - [28/Jun/2010:01:02:49 -0700] "GET www.blackstardojo.org/shop/images/Pokeball.gif HTTP/1.1" 200 314 "http://fuckyeahpokememe.tumblr.com/page/40" "Mozilla/5.0 (Windows; U; Windows NT 5.1; en-GB; rv:1.9.2.6) Gecko/20100625 Firefox/3.6.6 ( .NET CLR 3.5.30729)"
24.16.139.158 - - [28/Jun/2010:01:03:27 -0700] "GET blackstardojo.org/privmsg.php?folder=inbox HTTP/1.1" 200 71427 "http://blackstardojo.org/posting.php?mode=reply&t=2362" "Mozilla/5.0 (Windows; U; Windows NT 5.1; en-US; rv:1.9.2.6) Gecko/20100625 Firefox/3.6.6 ( .NET CLR 3.5.30729)"
24.16.139.158 - - [28/Jun/2010:01:03:29 -0700] "GET blackstardojo.org/privmsg.php?mode=post HTTP/1.1" 200 42853 "http://blackstardojo.org/privmsg.php?folder=inbox" "Mozilla/5.0 (Windows; U; Windows NT 5.1; en-US; rv:1.9.2.6) Gecko/20100625 Firefox/3.6.6 ( .NET CLR 3.5.30729)"
24.16.139.158 - - [28/Jun/2010:01:03:34 -0700] "GET blackstardojo.org/search.php?mode=searchuser HTTP/1.1" 200 10399 "http://blackstardojo.org/privmsg.php?mode=post" "Mozilla/5.0 (Windows; U; Windows NT 5.1; en-US; rv:1.9.2.6) Gecko/20100625 Firefox/3.6.6 ( .NET CLR 3.5.30729)"
24.16.139.158 - - [28/Jun/2010:01:03:38 -0700] "POST blackstardojo.org/search.php?mode=searchuser HTTP/1.1" 200 10726 "http://blackstardojo.org/search.php?mode=searchuser" "Mozilla/5.0 (Windows; U; Windows NT 5.1; en-US; rv:1.9.2.6) Gecko/20100625 Firefox/3.6.6 ( .NET CLR 3.5.30729)"
193.47.80.40 - - [28/Jun/2010:01:04:01 -0700] "GET blackstardojo.org/wiki/index.php?title=User:Dd79_kurtis_mp3_download&action=history HTTP/1.1" 200 2558 "-" "Mozilla/5.0 (compatible; Exabot/3.0; +http://www.exabot.com/go/robot)"
174.95.135.164 - - [28/Jun/2010:01:05:10 -0700] "GET www.blackstardojo.org/shop/images/Pokeball.gif HTTP/1.1" 200 314 "http://fuckyeahpokememe.tumblr.com/page/4" "Mozilla/5.0 (Windows; U; Windows NT 6.1; en-GB; rv:1.9.1.10) Gecko/20100504 Firefox/3.5.10"
66.249.68.235 - - [28/Jun/2010:01:05:11 -0700] "GET www.blackstardojo.org/store.php?mode=itemdescript&id=&amp;sid=116f002447edb359b35bdc59b6c8354a220 HTTP/1.1" 200 21635 "-" "Mozilla/5.0 (compatible; Googlebot/2.1; +http://www.google.com/bot.html)"
67.195.115.240 - - [28/Jun/2010:01:06:22 -0700] "GET blackstardojo.org/wiki/index.php?title=Special:Recentchanges&hideminor=0&hidepatrolled=1 HTTP/1.0" 200 2928 "-" "Mozilla/5.0 (compatible; Yahoo! Slurp/3.0; http://help.yahoo.com/help/us/ysearch/slurp)"
66.249.68.235 - - [28/Jun/2010:01:06:57 -0700] "GET www.blackstardojo.org/viewtopic.php?p=27076&sid=0cfc5a0532150309ec01cc3e1306d8d1 HTTP/1.1" 200 59483 "-" "Mozilla/5.0 (compatible; Googlebot/2.1; +http://www.google.com/bot.html)"
66.41.225.241 - - [28/Jun/2010:01:07:08 -0700] "GET www.blackstardojo.org/shop/images/Pokeball.gif HTTP/1.1" 200 314 "http://fuckyeahpokememe.tumblr.com/page/60" "Mozilla/5.0 (Macintosh; U; Intel Mac OS X 10_5_8; en-us) AppleWebKit/531.22.7 (KHTML, like Gecko) Version/4.0.5 Safari/531.22.7"
173.168.82.59 - - [28/Jun/2010:01:07:17 -0700] "GET www.blackstardojo.org/shop/images/Pokeball.gif HTTP/1.1" 200 314 "http://fuckyeahpokememe.tumblr.com/" "Mozilla/5.0 (Windows; U; Windows NT 6.1; en-US; rv:1.9.2.4) Gecko/20100611 Firefox/3.6.4"
189.175.19.18 - - [28/Jun/2010:01:07:24 -0700] "GET www.blackstardojo.org/shop/images/Pokeball.gif HTTP/1.1" 200 314 "http://forospokemonworld.foroactivo.net/forum.htm" "Mozilla/5.0 (Windows; U; Windows NT 6.0; en-US) AppleWebKit/533.4 (KHTML, like Gecko) Chrome/5.0.375.70 Safari/533.4"
24.16.139.158 - - [28/Jun/2010:01:08:12 -0700] "POST blackstardojo.org/privmsg.php HTTP/1.1" 200 21507 "http://blackstardojo.org/privmsg.php?mode=post" "Mozilla/5.0 (Windows; U; Windows NT 5.1; en-US; rv:1.9.2.6) Gecko/20100625 Firefox/3.6.6 ( .NET CLR 3.5.30729)"
24.16.139.158 - - [28/Jun/2010:01:08:14 -0700] "GET blackstardojo.org/index.php HTTP/1.1" 200 58002 "http://blackstardojo.org/privmsg.php" "Mozilla/5.0 (Windows; U; Windows NT 5.1; en-US; rv:1.9.2.6) Gecko/20100625 Firefox/3.6.6 ( .NET CLR 3.5.30729)"
76.254.29.90 - - [28/Jun/2010:01:08:19 -0700] "GET www.blackstardojo.org/shop/images/Pokeball.gif HTTP/1.0" 200 314 "http://fuckyeahpokememe.tumblr.com/post/744649003" "Mozilla/4.0 (compatible; MSIE 7.0; Windows NT 5.1; .NET CLR 1.1.4322)"
24.16.139.158 - - [28/Jun/2010:01:08:19 -0700] "GET blackstardojo.org/viewforum.php?f=15 HTTP/1.1" 200 50717 "http://blackstardojo.org/index.php" "Mozilla/5.0 (Windows; U; Windows NT 5.1; en-US; rv:1.9.2.6) Gecko/20100625 Firefox/3.6.6 ( .NET CLR 3.5.30729)"
24.16.139.158 - - [28/Jun/2010:01:08:21 -0700] "GET blackstardojo.org/viewtopic.php?t=2362&start=15 HTTP/1.1" 200 131431 "http://blackstardojo.org/viewforum.php?f=15" "Mozilla/5.0 (Windows; U; Windows NT 5.1; en-US; rv:1.9.2.6) Gecko/20100625 Firefox/3.6.6 ( .NET CLR 3.5.30729)"
24.16.139.158 - - [28/Jun/2010:01:08:21 -0700] "GET blackstardojo.org/images/avatars/86442633446eb7a6217d49.jpg HTTP/1.1" 404 1695 "http://blackstardojo.org/viewtopic.php?t=2362&start=15" "Mozilla/5.0 (Windows; U; Windows NT 5.1; en-US; rv:1.9.2.6) Gecko/20100625 Firefox/3.6.6 ( .NET CLR 3.5.30729)"
24.16.139.158 - - [28/Jun/2010:01:08:21 -0700] "GET blackstardojo.org/images/avatars/1493995017472820256e410.jpg HTTP/1.1" 404 1695 "http://blackstardojo.org/viewtopic.php?t=2362&start=15" "Mozilla/5.0 (Windows; U; Windows NT 5.1; en-US; rv:1.9.2.6) Gecko/20100625 Firefox/3.6.6 ( .NET CLR 3.5.30729)"
24.16.139.158 - - [28/Jun/2010:01:08:29 -0700] "GET blackstardojo.org/posting.php?mode=editpost&p=53047 HTTP/1.1" 200 45679 "http://blackstardojo.org/viewtopic.php?t=2362&start=15" "Mozilla/5.0 (Windows; U; Windows NT 5.1; en-US; rv:1.9.2.6) Gecko/20100625 Firefox/3.6.6 ( .NET CLR 3.5.30729)"
212.140.201.35 - - [28/Jun/2010:01:08:55 -0700] "GET www.blackstardojo.org/shop/images/Pokeball.gif HTTP/1.1" 200 314 "http://fuckyeahpokememe.tumblr.com/page/1" "Mozilla/4.0 (compatible; MSIE 7.0; Windows NT 6.0; GTB6.4; SLCC1; .NET CLR 2.0.50727; Media Center PC 5.0; InfoPath.2; .NET CLR 3.5.30729; .NET CLR 3.0.30618; .NET4.0C)"
193.47.80.40 - - [28/Jun/2010:01:09:38 -0700] "GET blackstardojo.org/wiki/index.php?title=Special:Whatlinkshere/Platinum_Ore HTTP/1.1" 200 2174 "-" "Mozilla/5.0 (compatible; Exabot/3.0; +http://www.exabot.com/go/robot)"
174.112.166.25 - - [28/Jun/2010:01:09:38 -0700] "GET www.blackstardojo.org/shop/images/Pokeball.gif HTTP/1.1" 304 - "http://fuckyeahpokememe.tumblr.com/tagged/mindfuck/page/2" "Mozilla/4.0 (compatible; MSIE 8.0; Windows NT 5.1; Trident/4.0; GTB6.5; .NET CLR 1.1.4322; OfficeLiveConnector.1.3; OfficeLivePatch.0.0; yie8)"
66.245.247.166 - - [28/Jun/2010:01:09:56 -0700] "GET www.blackstardojo.org/shop/images/Pokeball.gif HTTP/1.1" 200 314 "http://fuckyeahpokememe.tumblr.com/post/744649003" "Mozilla/5.0 (Windows; U; Windows NT 5.1; en-US) AppleWebKit/533.4 (KHTML, like Gecko) Chrome/5.0.375.70 Safari/533.4"
68.34.18.193 - - [28/Jun/2010:01:11:01 -0700] "GET www.blackstardojo.org/shop/images/Pokeball.gif HTTP/1.1" 200 314 "http://fuckyeahpokememe.tumblr.com/" "Mozilla/5.0 (Windows; U; Windows NT 6.1; en-US; rv:1.9.2.6) Gecko/20100625 Firefox/3.6.6"
193.47.80.40 - - [28/Jun/2010:01:12:32 -0700] "GET blackstardojo.org/wiki/index.php?title=User:z8mu_buy_pyridium_online_cheap&printable=yes HTTP/1.1" 304 0 "-" "Mozilla/5.0 (compatible; Exabot/3.0; +http://www.exabot.com/go/robot)"
189.175.19.18 - - [28/Jun/2010:01:12:38 -0700] "GET www.blackstardojo.org/shop/images/Pokeball.gif HTTP/1.1" 304 - "http://forospokemonworld.foroactivo.net/index.htm?sid=5caa8de0099abf693ab7c7772ed2a032" "Mozilla/5.0 (Windows; U; Windows NT 6.0; en-US) AppleWebKit/533.4 (KHTML, like Gecko) Chrome/5.0.375.70 Safari/533.4"
67.195.111.226 - - [28/Jun/2010:01:12:50 -0700] "GET www.blackstardojo.org/wiki/index.php?title=The_Order%28RPC%29&action=edit HTTP/1.0" 200 2103 "-" "Mozilla/5.0 (compatible; Yahoo! Slurp/3.0; http://help.yahoo.com/help/us/ysearch/slurp)"
72.219.218.152 - - [28/Jun/2010:01:13:33 -0700] "GET www.blackstardojo.org/shop/images/Pokeball.gif HTTP/1.1" 200 314 "http://fuckyeahpokememe.tumblr.com/" "Mozilla/5.0 (Windows; U; Windows NT 6.1; en-US) AppleWebKit/533.4 (KHTML, like Gecko) Chrome/5.0.375.70 Safari/533.4"
67.195.115.240 - - [28/Jun/2010:01:13:54 -0700] "GET blackstardojo.org/wiki/index.php?title=Category:Synth_Items HTTP/1.0" 200 5290 "-" "Mozilla/5.0 (compatible; Yahoo! Slurp/3.0; http://help.yahoo.com/help/us/ysearch/slurp)"
119.63.193.215 - - [28/Jun/2010:01:13:56 -0700] "GET www.blackstardojo.org/ HTTP/1.1" 200 52728 "-" "Mozilla/4.0 (compatible; MSIE 6.0; Windows NT 5.1)"
24.16.139.158 - - [28/Jun/2010:01:14:09 -0700] "POST blackstardojo.org/posting.php HTTP/1.1" 200 21611 "http://blackstardojo.org/posting.php?mode=editpost&p=53047" "Mozilla/5.0 (Windows; U; Windows NT 5.1; en-US; rv:1.9.2.6) Gecko/20100625 Firefox/3.6.6 ( .NET CLR 3.5.30729)"
24.16.139.158 - - [28/Jun/2010:01:14:11 -0700] "GET blackstardojo.org/viewtopic.php?p=53047 HTTP/1.1" 200 131516 "http://blackstardojo.org/posting.php" "Mozilla/5.0 (Windows; U; Windows NT 5.1; en-US; rv:1.9.2.6) Gecko/20100625 Firefox/3.6.6 ( .NET CLR 3.5.30729)"
24.16.139.158 - - [28/Jun/2010:01:14:11 -0700] "GET blackstardojo.org/images/avatars/86442633446eb7a6217d49.jpg HTTP/1.1" 404 1695 "http://blackstardojo.org/viewtopic.php?p=53047" "Mozilla/5.0 (Windows; U; Windows NT 5.1; en-US; rv:1.9.2.6) Gecko/20100625 Firefox/3.6.6 ( .NET CLR 3.5.30729)"
24.16.139.158 - - [28/Jun/2010:01:14:11 -0700] "GET blackstardojo.org/images/avatars/1493995017472820256e410.jpg HTTP/1.1" 404 1695 "http://blackstardojo.org/viewtopic.php?p=53047" "Mozilla/5.0 (Windows; U; Windows NT 5.1; en-US; rv:1.9.2.6) Gecko/20100625 Firefox/3.6.6 ( .NET CLR 3.5.30729)"
83.27.90.116 - - [28/Jun/2010:01:14:12 -0700] "GET www.blackstardojo.org/shop/images/Pokeball.gif HTTP/1.1" 304 - "http://www.pokemonchaos.rpgforum.pl/temat-vt1646.html?postdays=0&postorder=asc&start=0" "Mozilla/4.0 (compatible; MSIE 6.0; Windows NT 5.1; SV1; GTB6.5; .NET CLR 1.1.4322; .NET CLR 2.0.50727)"
68.151.240.23 - - [28/Jun/2010:01:14:23 -0700] "GET www.blackstardojo.org/index.php HTTP/1.1" 200 93365 "-" "Mozilla/5.0 (Windows; U; Windows NT 5.1; en-US; rv:1.9.2.6) Gecko/20100625 Firefox/3.6.6 ( .NET CLR 3.5.30729)"
68.151.240.23 - - [28/Jun/2010:01:14:24 -0700] "GET www.blackstardojo.org/privmsg.php?mode=newpm&amp;sid=216438b17b237ce2302ae3b1a3b12734 HTTP/1.1" 200 10216 "http://www.blackstardojo.org/index.php" "Mozilla/5.0 (Windows; U; Windows NT 5.1; en-US; rv:1.9.2.6) Gecko/20100625 Firefox/3.6.6 ( .NET CLR 3.5.30729)"
68.151.240.23 - - [28/Jun/2010:01:14:24 -0700] "GET www.blackstardojo.org/templates/subSilver/prillian/layout.css HTTP/1.1" 200 2108 "http://www.blackstardojo.org/privmsg.php?mode=newpm&amp;sid=216438b17b237ce2302ae3b1a3b12734" "Mozilla/5.0 (Windows; U; Windows NT 5.1; en-US; rv:1.9.2.6) Gecko/20100625 Firefox/3.6.6 ( .NET CLR 3.5.30729)"
68.151.240.23 - - [28/Jun/2010:01:14:24 -0700] "GET www.blackstardojo.org/favicon.ico HTTP/1.1" 200 3638 "-" "Mozilla/5.0 (Windows; U; Windows NT 5.1; en-US; rv:1.9.2.6) Gecko/20100625 Firefox/3.6.6 ( .NET CLR 3.5.30729)"
68.151.240.23 - - [28/Jun/2010:01:14:27 -0700] "GET www.blackstardojo.org/templates/subSilver/images/spacer.gif HTTP/1.1" 200 43 "http://www.blackstardojo.org/privmsg.php?folder=inbox&sid=216438b17b237ce2302ae3b1a3b12734" "Mozilla/5.0 (Windows; U; Windows NT 5.1; en-US; rv:1.9.2.6) Gecko/20100625 Firefox/3.6.6 ( .NET CLR 3.5.30729)"
68.151.240.23 - - [28/Jun/2010:01:14:28 -0700] "GET www.blackstardojo.org/templates/guildwars_tree/images/spacer.gif HTTP/1.1" 200 43 "http://www.blackstardojo.org/privmsg.php?folder=inbox&sid=216438b17b237ce2302ae3b1a3b12734" "Mozilla/5.0 (Windows; U; Windows NT 5.1; en-US; rv:1.9.2.6) Gecko/20100625 Firefox/3.6.6 ( .NET CLR 3.5.30729)"
68.151.240.23 - - [28/Jun/2010:01:14:28 -0700] "GET www.blackstardojo.org/templates/guildwars_tree/images/msg_outbox.gif HTTP/1.1" 200 1467 "http://www.blackstardojo.org/privmsg.php?folder=inbox&sid=216438b17b237ce2302ae3b1a3b12734" "Mozilla/5.0 (Windows; U; Windows NT 5.1; en-US; rv:1.9.2.6) Gecko/20100625 Firefox/3.6.6 ( .NET CLR 3.5.30729)"
68.151.240.23 - - [28/Jun/2010:01:14:28 -0700] "GET www.blackstardojo.org/templates/guildwars_tree/images/msg_sentbox.gif HTTP/1.1" 200 946 "http://www.blackstardojo.org/privmsg.php?folder=inbox&sid=216438b17b237ce2302ae3b1a3b12734" "Mozilla/5.0 (Windows; U; Windows NT 5.1; en-US; rv:1.9.2.6) Gecko/20100625 Firefox/3.6.6 ( .NET CLR 3.5.30729)"
68.151.240.23 - - [28/Jun/2010:01:14:28 -0700] "GET www.blackstardojo.org/templates/guildwars_tree/images/msg_inbox.gif HTTP/1.1" 200 1411 "http://www.blackstardojo.org/privmsg.php?folder=inbox&sid=216438b17b237ce2302ae3b1a3b12734" "Mozilla/5.0 (Windows; U; Windows NT 5.1; en-US; rv:1.9.2.6) Gecko/20100625 Firefox/3.6.6 ( .NET CLR 3.5.30729)"
68.151.240.23 - - [28/Jun/2010:01:14:28 -0700] "GET www.blackstardojo.org/templates/guildwars_tree/images/msg_savebox.gif HTTP/1.1" 200 1453 "http://www.blackstardojo.org/privmsg.php?folder=inbox&sid=216438b17b237ce2302ae3b1a3b12734" "Mozilla/5.0 (Windows; U; Windows NT 5.1; en-US; rv:1.9.2.6) Gecko/20100625 Firefox/3.6.6 ( .NET CLR 3.5.30729)"
68.151.240.23 - - [28/Jun/2010:01:14:28 -0700] "GET www.blackstardojo.org/privmsg.php?folder=inbox&sid=216438b17b237ce2302ae3b1a3b12734 HTTP/1.1" 200 71828 "http://www.blackstardojo.org/index.php" "Mozilla/5.0 (Windows; U; Windows NT 5.1; en-US; rv:1.9.2.6) Gecko/20100625 Firefox/3.6.6 ( .NET CLR 3.5.30729)"
68.151.240.23 - - [28/Jun/2010:01:14:28 -0700] "GET www.blackstardojo.org/templates/guildwars_tree/images/folder_new.gif HTTP/1.1" 200 348 "http://www.blackstardojo.org/privmsg.php?folder=inbox&sid=216438b17b237ce2302ae3b1a3b12734" "Mozilla/5.0 (Windows; U; Windows NT 5.1; en-US; rv:1.9.2.6) Gecko/20100625 Firefox/3.6.6 ( .NET CLR 3.5.30729)"
68.151.240.23 - - [28/Jun/2010:01:14:28 -0700] "GET www.blackstardojo.org/templates/guildwars_tree/images/folder.gif HTTP/1.1" 200 344 "http://www.blackstardojo.org/privmsg.php?folder=inbox&sid=216438b17b237ce2302ae3b1a3b12734" "Mozilla/5.0 (Windows; U; Windows NT 5.1; en-US; rv:1.9.2.6) Gecko/20100625 Firefox/3.6.6 ( .NET CLR 3.5.30729)"
68.151.240.23 - - [28/Jun/2010:01:14:28 -0700] "GET www.blackstardojo.org/templates/guildwars_tree/images/lang_english/msg_newpost.gif HTTP/1.1" 200 1739 "http://www.blackstardojo.org/privmsg.php?folder=inbox&sid=216438b17b237ce2302ae3b1a3b12734" "Mozilla/5.0 (Windows; U; Windows NT 5.1; en-US; rv:1.9.2.6) Gecko/20100625 Firefox/3.6.6 ( .NET CLR 3.5.30729)"
68.151.240.23 - - [28/Jun/2010:01:14:30 -0700] "GET www.blackstardojo.org/privmsg.php?folder=inbox&mode=read&p=23874 HTTP/1.1" 200 28185 "http://www.blackstardojo.org/privmsg.php?folder=inbox&sid=216438b17b237ce2302ae3b1a3b12734" "Mozilla/5.0 (Windows; U; Windows NT 5.1; en-US; rv:1.9.2.6) Gecko/20100625 Firefox/3.6.6 ( .NET CLR 3.5.30729)"
68.151.240.23 - - [28/Jun/2010:01:14:30 -0700] "GET www.blackstardojo.org/templates/guildwars_tree/images/lang_english/reply.gif HTTP/1.1" 200 1756 "http://www.blackstardojo.org/privmsg.php?folder=inbox&mode=read&p=23874" "Mozilla/5.0 (Windows; U; Windows NT 5.1; en-US; rv:1.9.2.6) Gecko/20100625 Firefox/3.6.6 ( .NET CLR 3.5.30729)"
68.151.240.23 - - [28/Jun/2010:01:14:30 -0700] "GET www.blackstardojo.org/templates/guildwars_tree/images/lang_english/icon_quote.gif HTTP/1.1" 200 1139 "http://www.blackstardojo.org/privmsg.php?folder=inbox&mode=read&p=23874" "Mozilla/5.0 (Windows; U; Windows NT 5.1; en-US; rv:1.9.2.6) Gecko/20100625 Firefox/3.6.6 ( .NET CLR 3.5.30729)"
68.151.240.23 - - [28/Jun/2010:01:14:30 -0700] "GET www.blackstardojo.org/templates/guildwars_tree/images/lang_english/icon_profile.gif HTTP/1.1" 200 736 "http://www.blackstardojo.org/privmsg.php?folder=inbox&mode=read&p=23874" "Mozilla/5.0 (Windows; U; Windows NT 5.1; en-US; rv:1.9.2.6) Gecko/20100625 Firefox/3.6.6 ( .NET CLR 3.5.30729)"
68.151.240.23 - - [28/Jun/2010:01:14:30 -0700] "GET www.blackstardojo.org/templates/guildwars_tree/images/lang_english/icon_email.gif HTTP/1.1" 200 728 "http://www.blackstardojo.org/privmsg.php?folder=inbox&mode=read&p=23874" "Mozilla/5.0 (Windows; U; Windows NT 5.1; en-US; rv:1.9.2.6) Gecko/20100625 Firefox/3.6.6 ( .NET CLR 3.5.30729)"
68.151.240.23 - - [28/Jun/2010:01:14:30 -0700] "GET www.blackstardojo.org/templates/guildwars_tree/images/lang_english/icon_msnm.gif HTTP/1.1" 200 701 "http://www.blackstardojo.org/privmsg.php?folder=inbox&mode=read&p=23874" "Mozilla/5.0 (Windows; U; Windows NT 5.1; en-US; rv:1.9.2.6) Gecko/20100625 Firefox/3.6.6 ( .NET CLR 3.5.30729)"
67.195.115.240 - - [28/Jun/2010:01:14:41 -0700] "GET blackstardojo.org/viewforum.php?f=43 HTTP/1.0" 302 39 "-" "Mozilla/5.0 (compatible; Yahoo! Slurp/3.0; http://help.yahoo.com/help/us/ysearch/slurp)"
67.195.111.226 - - [28/Jun/2010:01:14:42 -0700] "GET www.blackstardojo.org/login.php?redirect=viewforum.php&f=43&start=0&sid=83a13f9644275234b23f01103da69d3c HTTP/1.0" 200 22237 "-" "Mozilla/5.0 (compatible; Yahoo! Slurp/3.0; http://help.yahoo.com/help/us/ysearch/slurp)"
24.16.139.158 - - [28/Jun/2010:01:14:45 -0700] "GET blackstardojo.org/viewtopic.php?t=2362&postdays=0&postorder=asc&start=0 HTTP/1.1" 200 161207 "http://blackstardojo.org/viewtopic.php?p=53047" "Mozilla/5.0 (Windows; U; Windows NT 5.1; en-US; rv:1.9.2.6) Gecko/20100625 Firefox/3.6.6 ( .NET CLR 3.5.30729)"
68.151.240.23 - - [28/Jun/2010:01:14:52 -0700] "GET www.blackstardojo.org/index.php HTTP/1.1" 200 83092 "http://www.blackstardojo.org/privmsg.php?folder=inbox&mode=read&p=23874" "Mozilla/5.0 (Windows; U; Windows NT 5.1; en-US; rv:1.9.2.6) Gecko/20100625 Firefox/3.6.6 ( .NET CLR 3.5.30729)"
24.16.139.158 - - [28/Jun/2010:01:14:52 -0700] "GET blackstardojo.org/viewtopic.php?t=2362&postdays=0&postorder=asc&start=15 HTTP/1.1" 200 131516 "http://blackstardojo.org/viewtopic.php?t=2362&postdays=0&postorder=asc&start=0" "Mozilla/5.0 (Windows; U; Windows NT 5.1; en-US; rv:1.9.2.6) Gecko/20100625 Firefox/3.6.6 ( .NET CLR 3.5.30729)"
24.16.139.158 - - [28/Jun/2010:01:14:52 -0700] "GET blackstardojo.org/images/avatars/86442633446eb7a6217d49.jpg HTTP/1.1" 404 1695 "http://blackstardojo.org/viewtopic.php?t=2362&postdays=0&postorder=asc&start=15" "Mozilla/5.0 (Windows; U; Windows NT 5.1; en-US; rv:1.9.2.6) Gecko/20100625 Firefox/3.6.6 ( .NET CLR 3.5.30729)"
24.16.139.158 - - [28/Jun/2010:01:14:53 -0700] "GET blackstardojo.org/images/avatars/1493995017472820256e410.jpg HTTP/1.1" 404 1695 "http://blackstardojo.org/viewtopic.php?t=2362&postdays=0&postorder=asc&start=15" "Mozilla/5.0 (Windows; U; Windows NT 5.1; en-US; rv:1.9.2.6) Gecko/20100625 Firefox/3.6.6 ( .NET CLR 3.5.30729)"
68.151.240.23 - - [28/Jun/2010:01:15:03 -0700] "GET www.blackstardojo.org/viewforum.php?f=15 HTTP/1.1" 200 50720 "http://www.blackstardojo.org/index.php" "Mozilla/5.0 (Windows; U; Windows NT 5.1; en-US; rv:1.9.2.6) Gecko/20100625 Firefox/3.6.6 ( .NET CLR 3.5.30729)"
68.151.240.23 - - [28/Jun/2010:01:15:03 -0700] "GET www.blackstardojo.org/templates/guildwars_tree/images/lang_english/post.gif HTTP/1.1" 200 1761 "http://www.blackstardojo.org/viewforum.php?f=15" "Mozilla/5.0 (Windows; U; Windows NT 5.1; en-US; rv:1.9.2.6) Gecko/20100625 Firefox/3.6.6 ( .NET CLR 3.5.30729)"
68.151.240.23 - - [28/Jun/2010:01:15:03 -0700] "GET www.blackstardojo.org/templates/guildwars_tree/images/folder_hot.gif HTTP/1.1" 200 385 "http://www.blackstardojo.org/viewforum.php?f=15" "Mozilla/5.0 (Windows; U; Windows NT 5.1; en-US; rv:1.9.2.6) Gecko/20100625 Firefox/3.6.6 ( .NET CLR 3.5.30729)"
68.151.240.23 - - [28/Jun/2010:01:15:03 -0700] "GET www.blackstardojo.org/templates/guildwars_tree/images/icon_minipost.gif HTTP/1.1" 200 877 "http://www.blackstardojo.org/viewforum.php?f=15" "Mozilla/5.0 (Windows; U; Windows NT 5.1; en-US; rv:1.9.2.6) Gecko/20100625 Firefox/3.6.6 ( .NET CLR 3.5.30729)"
68.151.240.23 - - [28/Jun/2010:01:15:03 -0700] "GET www.blackstardojo.org/images/icon_clip.gif HTTP/1.1" 200 71 "http://www.blackstardojo.org/viewforum.php?f=15" "Mozilla/5.0 (Windows; U; Windows NT 5.1; en-US; rv:1.9.2.6) Gecko/20100625 Firefox/3.6.6 ( .NET CLR 3.5.30729)"
68.151.240.23 - - [28/Jun/2010:01:15:03 -0700] "GET www.blackstardojo.org/templates/guildwars_tree/images/folder_announce.gif HTTP/1.1" 200 364 "http://www.blackstardojo.org/viewforum.php?f=15" "Mozilla/5.0 (Windows; U; Windows NT 5.1; en-US; rv:1.9.2.6) Gecko/20100625 Firefox/3.6.6 ( .NET CLR 3.5.30729)"
68.151.240.23 - - [28/Jun/2010:01:15:03 -0700] "GET www.blackstardojo.org/templates/guildwars_tree/images/folder_new_hot.gif HTTP/1.1" 200 598 "http://www.blackstardojo.org/viewforum.php?f=15" "Mozilla/5.0 (Windows; U; Windows NT 5.1; en-US; rv:1.9.2.6) Gecko/20100625 Firefox/3.6.6 ( .NET CLR 3.5.30729)"
68.151.240.23 - - [28/Jun/2010:01:15:03 -0700] "GET www.blackstardojo.org/templates/guildwars_tree/images/folder_lock_new.gif HTTP/1.1" 200 591 "http://www.blackstardojo.org/viewforum.php?f=15" "Mozilla/5.0 (Windows; U; Windows NT 5.1; en-US; rv:1.9.2.6) Gecko/20100625 Firefox/3.6.6 ( .NET CLR 3.5.30729)"
68.151.240.23 - - [28/Jun/2010:01:15:03 -0700] "GET www.blackstardojo.org/templates/guildwars_tree/images/folder_lock.gif HTTP/1.1" 200 590 "http://www.blackstardojo.org/viewforum.php?f=15" "Mozilla/5.0 (Windows; U; Windows NT 5.1; en-US; rv:1.9.2.6) Gecko/20100625 Firefox/3.6.6 ( .NET CLR 3.5.30729)"
68.151.240.23 - - [28/Jun/2010:01:15:03 -0700] "GET www.blackstardojo.org/templates/guildwars_tree/images/folder_sticky.gif HTTP/1.1" 200 392 "http://www.blackstardojo.org/viewforum.php?f=15" "Mozilla/5.0 (Windows; U; Windows NT 5.1; en-US; rv:1.9.2.6) Gecko/20100625 Firefox/3.6.6 ( .NET CLR 3.5.30729)"
68.151.240.23 - - [28/Jun/2010:01:15:05 -0700] "GET www.blackstardojo.org/templates/guildwars_tree/images/rank6.gif HTTP/1.1" 200 1086 "http://www.blackstardojo.org/viewtopic.php?t=2362&start=15" "Mozilla/5.0 (Windows; U; Windows NT 5.1; en-US; rv:1.9.2.6) Gecko/20100625 Firefox/3.6.6 ( .NET CLR 3.5.30729)"
68.151.240.23 - - [28/Jun/2010:01:15:05 -0700] "GET www.blackstardojo.org/images/ranks/ECRANK.PNG HTTP/1.1" 200 3312 "http://www.blackstardojo.org/viewtopic.php?t=2362&start=15" "Mozilla/5.0 (Windows; U; Windows NT 5.1; en-US; rv:1.9.2.6) Gecko/20100625 Firefox/3.6.6 ( .NET CLR 3.5.30729)"
68.151.240.23 - - [28/Jun/2010:01:15:05 -0700] "GET www.blackstardojo.org/images/ranks/blackstar.png HTTP/1.1" 200 1845 "http://www.blackstardojo.org/viewtopic.php?t=2362&start=15" "Mozilla/5.0 (Windows; U; Windows NT 5.1; en-US; rv:1.9.2.6) Gecko/20100625 Firefox/3.6.6 ( .NET CLR 3.5.30729)"
68.151.240.23 - - [28/Jun/2010:01:15:05 -0700] "GET www.blackstardojo.org/images/ranks/newbelts/Mantis/BlackMantisMod.png HTTP/1.1" 200 5202 "http://www.blackstardojo.org/viewtopic.php?t=2362&start=15" "Mozilla/5.0 (Windows; U; Windows NT 5.1; en-US; rv:1.9.2.6) Gecko/20100625 Firefox/3.6.6 ( .NET CLR 3.5.30729)"
68.151.240.23 - - [28/Jun/2010:01:15:05 -0700] "GET www.blackstardojo.org/images/ranks/newbelts/Spider/GreenSpiderMod.png HTTP/1.1" 200 5837 "http://www.blackstardojo.org/viewtopic.php?t=2362&start=15" "Mozilla/5.0 (Windows; U; Windows NT 5.1; en-US; rv:1.9.2.6) Gecko/20100625 Firefox/3.6.6 ( .NET CLR 3.5.30729)"
68.151.240.23 - - [28/Jun/2010:01:15:05 -0700] "GET www.blackstardojo.org/images/avatars/11181213684a2b62bfb42f2.png HTTP/1.1" 200 7220 "http://www.blackstardojo.org/viewtopic.php?t=2362&start=15" "Mozilla/5.0 (Windows; U; Windows NT 5.1; en-US; rv:1.9.2.6) Gecko/20100625 Firefox/3.6.6 ( .NET CLR 3.5.30729)"
68.151.240.23 - - [28/Jun/2010:01:15:05 -0700] "GET www.blackstardojo.org/medals/gerbil.png HTTP/1.1" 200 3946 "http://www.blackstardojo.org/viewtopic.php?t=2362&start=15" "Mozilla/5.0 (Windows; U; Windows NT 5.1; en-US; rv:1.9.2.6) Gecko/20100625 Firefox/3.6.6 ( .NET CLR 3.5.30729)"
68.151.240.23 - - [28/Jun/2010:01:15:05 -0700] "GET www.blackstardojo.org/images/senseibar.png HTTP/1.1" 200 2009 "http://www.blackstardojo.org/viewtopic.php?t=2362&start=15" "Mozilla/5.0 (Windows; U; Windows NT 5.1; en-US; rv:1.9.2.6) Gecko/20100625 Firefox/3.6.6 ( .NET CLR 3.5.30729)"
68.151.240.23 - - [28/Jun/2010:01:15:06 -0700] "GET www.blackstardojo.org/shop/images/PWEC Armband MARK II.gif HTTP/1.1" 200 1397 "http://www.blackstardojo.org/viewtopic.php?t=2362&start=15" "Mozilla/5.0 (Windows; U; Windows NT 5.1; en-US; rv:1.9.2.6) Gecko/20100625 Firefox/3.6.6 ( .NET CLR 3.5.30729)"
68.151.240.23 - - [28/Jun/2010:01:15:06 -0700] "GET www.blackstardojo.org/medals/imagination.png HTTP/1.1" 200 3402 "http://www.blackstardojo.org/viewtopic.php?t=2362&start=15" "Mozilla/5.0 (Windows; U; Windows NT 5.1; en-US; rv:1.9.2.6) Gecko/20100625 Firefox/3.6.6 ( .NET CLR 3.5.30729)"
68.151.240.23 - - [28/Jun/2010:01:15:06 -0700] "GET www.blackstardojo.org/medals/ConcordatMedal.png HTTP/1.1" 200 3047 "http://www.blackstardojo.org/viewtopic.php?t=2362&start=15" "Mozilla/5.0 (Windows; U; Windows NT 5.1; en-US; rv:1.9.2.6) Gecko/20100625 Firefox/3.6.6 ( .NET CLR 3.5.30729)"
68.151.240.23 - - [28/Jun/2010:01:15:06 -0700] "GET www.blackstardojo.org/medals/WiseMedal.png HTTP/1.1" 200 4657 "http://www.blackstardojo.org/viewtopic.php?t=2362&start=15" "Mozilla/5.0 (Windows; U; Windows NT 5.1; en-US; rv:1.9.2.6) Gecko/20100625 Firefox/3.6.6 ( .NET CLR 3.5.30729)"
68.151.240.23 - - [28/Jun/2010:01:15:06 -0700] "GET www.blackstardojo.org/medals/BugCatcher.png HTTP/1.1" 200 3548 "http://www.blackstardojo.org/viewtopic.php?t=2362&start=15" "Mozilla/5.0 (Windows; U; Windows NT 5.1; en-US; rv:1.9.2.6) Gecko/20100625 Firefox/3.6.6 ( .NET CLR 3.5.30729)"
68.151.240.23 - - [28/Jun/2010:01:15:06 -0700] "GET www.blackstardojo.org/medals/colonyRP.png HTTP/1.1" 200 3434 "http://www.blackstardojo.org/viewtopic.php?t=2362&start=15" "Mozilla/5.0 (Windows; U; Windows NT 5.1; en-US; rv:1.9.2.6) Gecko/20100625 Firefox/3.6.6 ( .NET CLR 3.5.30729)"
68.151.240.23 - - [28/Jun/2010:01:15:06 -0700] "GET www.blackstardojo.org/templates/guildwars_tree/images/lang_english/icon_edit.gif HTTP/1.1" 200 1115 "http://www.blackstardojo.org/viewtopic.php?t=2362&start=15" "Mozilla/5.0 (Windows; U; Windows NT 5.1; en-US; rv:1.9.2.6) Gecko/20100625 Firefox/3.6.6 ( .NET CLR 3.5.30729)"
68.151.240.23 - - [28/Jun/2010:01:15:06 -0700] "GET www.blackstardojo.org/templates/guildwars_tree/images/icon_delete.gif HTTP/1.1" 200 1146 "http://www.blackstardojo.org/viewtopic.php?t=2362&start=15" "Mozilla/5.0 (Windows; U; Windows NT 5.1; en-US; rv:1.9.2.6) Gecko/20100625 Firefox/3.6.6 ( .NET CLR 3.5.30729)"
68.151.240.23 - - [28/Jun/2010:01:15:06 -0700] "GET www.blackstardojo.org/viewtopic.php?t=2362&start=15 HTTP/1.1" 200 131547 "http://www.blackstardojo.org/viewforum.php?f=15" "Mozilla/5.0 (Windows; U; Windows NT 5.1; en-US; rv:1.9.2.6) Gecko/20100625 Firefox/3.6.6 ( .NET CLR 3.5.30729)"
68.151.240.23 - - [28/Jun/2010:01:15:06 -0700] "GET www.blackstardojo.org/templates/guildwars_tree/images/lang_english/icon_ip.gif HTTP/1.1" 200 1081 "http://www.blackstardojo.org/viewtopic.php?t=2362&start=15" "Mozilla/5.0 (Windows; U; Windows NT 5.1; en-US; rv:1.9.2.6) Gecko/20100625 Firefox/3.6.6 ( .NET CLR 3.5.30729)"
68.151.240.23 - - [28/Jun/2010:01:15:06 -0700] "GET www.blackstardojo.org/templates/guildwars_tree/images/icon_report.gif HTTP/1.1" 200 371 "http://www.blackstardojo.org/viewtopic.php?t=2362&start=15" "Mozilla/5.0 (Windows; U; Windows NT 5.1; en-US; rv:1.9.2.6) Gecko/20100625 Firefox/3.6.6 ( .NET CLR 3.5.30729)"
68.151.240.23 - - [28/Jun/2010:01:15:06 -0700] "GET www.blackstardojo.org/templates/guildwars_tree/images/lang_english/icon_pm.gif HTTP/1.1" 200 679 "http://www.blackstardojo.org/viewtopic.php?t=2362&start=15" "Mozilla/5.0 (Windows; U; Windows NT 5.1; en-US; rv:1.9.2.6) Gecko/20100625 Firefox/3.6.6 ( .NET CLR 3.5.30729)"
68.151.240.23 - - [28/Jun/2010:01:15:06 -0700] "GET www.blackstardojo.org/templates/guildwars_tree/images/lang_english/icon_www.gif HTTP/1.1" 200 704 "http://www.blackstardojo.org/viewtopic.php?t=2362&start=15" "Mozilla/5.0 (Windows; U; Windows NT 5.1; en-US; rv:1.9.2.6) Gecko/20100625 Firefox/3.6.6 ( .NET CLR 3.5.30729)"
68.151.240.23 - - [28/Jun/2010:01:15:06 -0700] "GET www.blackstardojo.org/images/ranks/newbelts/Tiger/BlackTigerAdmin.png HTTP/1.1" 200 5127 "http://www.blackstardojo.org/viewtopic.php?t=2362&start=15" "Mozilla/5.0 (Windows; U; Windows NT 5.1; en-US; rv:1.9.2.6) Gecko/20100625 Firefox/3.6.6 ( .NET CLR 3.5.30729)"
68.151.240.23 - - [28/Jun/2010:01:15:06 -0700] "GET www.blackstardojo.org/images/ranks/newbelts/Mantis/BlueMantisAdmin.png HTTP/1.1" 200 5709 "http://www.blackstardojo.org/viewtopic.php?t=2362&start=15" "Mozilla/5.0 (Windows; U; Windows NT 5.1; en-US; rv:1.9.2.6) Gecko/20100625 Firefox/3.6.6 ( .NET CLR 3.5.30729)"
68.151.240.23 - - [28/Jun/2010:01:15:06 -0700] "GET www.blackstardojo.org/images/avatars/10235696484c1a254a7976e.gif HTTP/1.1" 200 2211 "http://www.blackstardojo.org/viewtopic.php?t=2362&start=15" "Mozilla/5.0 (Windows; U; Windows NT 5.1; en-US; rv:1.9.2.6) Gecko/20100625 Firefox/3.6.6 ( .NET CLR 3.5.30729)"
68.151.240.23 - - [28/Jun/2010:01:15:06 -0700] "GET www.blackstardojo.org/medals/doagmedal_212.png HTTP/1.1" 200 1418 "http://www.blackstardojo.org/viewtopic.php?t=2362&start=15" "Mozilla/5.0 (Windows; U; Windows NT 5.1; en-US; rv:1.9.2.6) Gecko/20100625 Firefox/3.6.6 ( .NET CLR 3.5.30729)"
68.151.240.23 - - [28/Jun/2010:01:15:06 -0700] "GET www.blackstardojo.org/medals/dojo_service.png HTTP/1.1" 200 2406 "http://www.blackstardojo.org/viewtopic.php?t=2362&start=15" "Mozilla/5.0 (Windows; U; Windows NT 5.1; en-US; rv:1.9.2.6) Gecko/20100625 Firefox/3.6.6 ( .NET CLR 3.5.30729)"
68.151.240.23 - - [28/Jun/2010:01:15:06 -0700] "GET www.blackstardojo.org/medals/LabyrinthMedal.png HTTP/1.1" 200 3591 "http://www.blackstardojo.org/viewtopic.php?t=2362&start=15" "Mozilla/5.0 (Windows; U; Windows NT 5.1; en-US; rv:1.9.2.6) Gecko/20100625 Firefox/3.6.6 ( .NET CLR 3.5.30729)"
68.151.240.23 - - [28/Jun/2010:01:15:06 -0700] "GET www.blackstardojo.org/medals/qotmnominee.png HTTP/1.1" 200 3550 "http://www.blackstardojo.org/viewtopic.php?t=2362&start=15" "Mozilla/5.0 (Windows; U; Windows NT 5.1; en-US; rv:1.9.2.6) Gecko/20100625 Firefox/3.6.6 ( .NET CLR 3.5.30729)"
68.151.240.23 - - [28/Jun/2010:01:15:06 -0700] "GET www.blackstardojo.org/medals/HeartofGold.png HTTP/1.1" 200 5577 "http://www.blackstardojo.org/viewtopic.php?t=2362&start=15" "Mozilla/5.0 (Windows; U; Windows NT 5.1; en-US; rv:1.9.2.6) Gecko/20100625 Firefox/3.6.6 ( .NET CLR 3.5.30729)"
68.151.240.23 - - [28/Jun/2010:01:15:06 -0700] "GET www.blackstardojo.org/templates/guildwars_tree/images/lang_english/icon_aim.gif HTTP/1.1" 200 697 "http://www.blackstardojo.org/viewtopic.php?t=2362&start=15" "Mozilla/5.0 (Windows; U; Windows NT 5.1; en-US; rv:1.9.2.6) Gecko/20100625 Firefox/3.6.6 ( .NET CLR 3.5.30729)"
68.151.240.23 - - [28/Jun/2010:01:15:06 -0700] "GET www.blackstardojo.org/templates/guildwars_tree/images/lang_english/icon_yim.gif HTTP/1.1" 200 695 "http://www.blackstardojo.org/viewtopic.php?t=2362&start=15" "Mozilla/5.0 (Windows; U; Windows NT 5.1; en-US; rv:1.9.2.6) Gecko/20100625 Firefox/3.6.6 ( .NET CLR 3.5.30729)"
