67.195.115.240 - - [28/Jun/2010:01:24:06 -0700] "GET blackstardojo.org/wiki/index.php?title=Special:Recentchanges&days=30&hideminor=1&hidebots= HTTP/1.0" 200 3078 "-" "Mozilla/5.0 (compatible; Yahoo! Slurp/3.0; http://help.yahoo.com/help/us/ysearch/slurp)"
67.195.115.240 - - [28/Jun/2010:01:24:32 -0700] "GET blackstardojo.org/wiki/index.php?title=User:188_buy_ribocree HTTP/1.0" 200 4163 "-" "Mozilla/5.0 (compatible; Yahoo! Slurp/3.0; http://help.yahoo.com/help/us/ysearch/slurp)"
24.16.139.158 - - [28/Jun/2010:01:24:39 -0700] "GET blackstardojo.org/vault.php HTTP/1.1" 200 24937 "http://blackstardojo.org/medals.php" "Mozilla/5.0 (Windows; U; Windows NT 5.1; en-US; rv:1.9.2.6) Gecko/20100625 Firefox/3.6.6 ( .NET CLR 3.5.30729)"
24.16.139.158 - - [28/Jun/2010:01:24:45 -0700] "POST blackstardojo.org/vault.php HTTP/1.1" 200 101634 "http://blackstardojo.org/vault.php" "Mozilla/5.0 (Windows; U; Windows NT 5.1; en-US; rv:1.9.2.6) Gecko/20100625 Firefox/3.6.6 ( .NET CLR 3.5.30729)"
67.195.111.226 - - [28/Jun/2010:01:25:05 -0700] "GET www.blackstardojo.org/wiki/index.php?title=MDude&action=edit&section=1 HTTP/1.0" 200 2096 "-" "Mozilla/5.0 (compatible; Yahoo! Slurp/3.0; http://help.yahoo.com/help/us/ysearch/slurp)"
24.16.139.158 - - [28/Jun/2010:01:25:08 -0700] "GET blackstardojo.org/index.php HTTP/1.1" 200 58003 "http://blackstardojo.org/vault.php" "Mozilla/5.0 (Windows; U; Windows NT 5.1; en-US; rv:1.9.2.6) Gecko/20100625 Firefox/3.6.6 ( .NET CLR 3.5.30729)"
24.16.139.158 - - [28/Jun/2010:01:25:13 -0700] "GET blackstardojo.org/privmsg.php?folder=inbox HTTP/1.1" 200 71420 "http://blackstardojo.org/index.php" "Mozilla/5.0 (Windows; U; Windows NT 5.1; en-US; rv:1.9.2.6) Gecko/20100625 Firefox/3.6.6 ( .NET CLR 3.5.30729)"
24.16.139.158 - - [28/Jun/2010:01:25:17 -0700] "GET blackstardojo.org/privmsg.php?folder=inbox&mode=read&p=23686 HTTP/1.1" 200 29905 "http://blackstardojo.org/privmsg.php?folder=inbox" "Mozilla/5.0 (Windows; U; Windows NT 5.1; en-US; rv:1.9.2.6) Gecko/20100625 Firefox/3.6.6 ( .NET CLR 3.5.30729)"
24.16.139.158 - - [28/Jun/2010:01:25:38 -0700] "GET blackstardojo.org/index.php HTTP/1.1" 200 58001 "http://blackstardojo.org/privmsg.php?folder=inbox&mode=read&p=23686" "Mozilla/5.0 (Windows; U; Windows NT 5.1; en-US; rv:1.9.2.6) Gecko/20100625 Firefox/3.6.6 ( .NET CLR 3.5.30729)"
71.189.56.53 - - [28/Jun/2010:01:25:40 -0700] "GET www.blackstardojo.org/shop/images/Pokeball.gif HTTP/1.1" 200 314 "http://fuckyeahpokememe.tumblr.com/page/5" "Mozilla/5.0 (X11; U; Linux i686; en-US; rv:1.9.0.4) Gecko/2008102920 Firefox/3.0.4 (Splashtop-v1.1.2.4)"
76.103.95.158 - - [28/Jun/2010:01:25:54 -0700] "GET www.blackstardojo.org/shop/images/Pokeball.gif HTTP/1.1" 200 314 "http://fuckyeahpokememe.tumblr.com/" "Mozilla/5.0 (Windows; U; Windows NT 5.1; en-us; rv:1.9.2.3) Gecko/20100401 Firefox/3.6.3"
67.195.115.240 - - [28/Jun/2010:01:26:37 -0700] "GET blackstardojo.org/viewforum.php?f=42 HTTP/1.0" 302 39 "-" "Mozilla/5.0 (compatible; Yahoo! Slurp/3.0; http://help.yahoo.com/help/us/ysearch/slurp)"
67.195.111.226 - - [28/Jun/2010:01:26:37 -0700] "GET www.blackstardojo.org/login.php?redirect=viewforum.php&f=42&start=0&sid=53a6d7dd312d8ae6a21c0d255707abde HTTP/1.0" 200 22237 "-" "Mozilla/5.0 (compatible; Yahoo! Slurp/3.0; http://help.yahoo.com/help/us/ysearch/slurp)"
216.129.119.45 - - [28/Jun/2010:01:27:19 -0700] "GET blackstardojo.org/viewtopic.php?t=211 HTTP/1.1" 200 55549 "-" "Mozilla/5.0 (Twiceler-0.9 http://www.cuil.com/twiceler/robot.html)"
67.195.111.226 - - [28/Jun/2010:01:28:08 -0700] "GET www.blackstardojo.org/wiki/index.php?title=Special:Whatlinkshere&target=Addman&limit=500&offset=0 HTTP/1.0" 200 2332 "-" "Mozilla/5.0 (compatible; Yahoo! Slurp/3.0; http://help.yahoo.com/help/us/ysearch/slurp)"
67.195.115.240 - - [28/Jun/2010:01:28:14 -0700] "GET blackstardojo.org/lottery.php HTTP/1.0" 200 23038 "-" "Mozilla/5.0 (compatible; Yahoo! Slurp/3.0; http://help.yahoo.com/help/us/ysearch/slurp)"
75.86.232.155 - - [28/Jun/2010:01:28:34 -0700] "GET www.blackstardojo.org/shop/images/Pokeball.gif HTTP/1.1" 200 314 "http://fuckyeahpokememe.tumblr.com/page/123" "Mozilla/5.0 (Windows; U; Windows NT 6.0; en-US; rv:1.9.2.2) Gecko/20100316 Firefox/3.6.2 (.NET CLR 3.5.30729)"
67.195.115.240 - - [28/Jun/2010:01:28:39 -0700] "GET blackstardojo.org/wiki/index.php?title=Blackstar_Dojo HTTP/1.0" 200 5401 "-" "Mozilla/5.0 (compatible; Yahoo! Slurp/3.0; http://help.yahoo.com/help/us/ysearch/slurp)"
68.151.240.23 - - [28/Jun/2010:01:29:40 -0700] "POST www.blackstardojo.org/posting.php HTTP/1.1" 200 21615 "http://www.blackstardojo.org/posting.php?mode=reply&t=2362" "Mozilla/5.0 (Windows; U; Windows NT 5.1; en-US; rv:1.9.2.6) Gecko/20100625 Firefox/3.6.6 ( .NET CLR 3.5.30729)"
68.151.240.23 - - [28/Jun/2010:01:29:40 -0700] "GET www.blackstardojo.org/images/yen.png HTTP/1.1" 200 201 "http://www.blackstardojo.org/posting.php" "Mozilla/5.0 (Windows; U; Windows NT 5.1; en-US; rv:1.9.2.6) Gecko/20100625 Firefox/3.6.6 ( .NET CLR 3.5.30729)"
68.151.240.23 - - [28/Jun/2010:01:29:44 -0700] "GET www.blackstardojo.org/images/avatars/86442633446eb7a6217d49.jpg HTTP/1.1" 404 1695 "http://www.blackstardojo.org/viewtopic.php?p=53065" "Mozilla/5.0 (Windows; U; Windows NT 5.1; en-US; rv:1.9.2.6) Gecko/20100625 Firefox/3.6.6 ( .NET CLR 3.5.30729)"
68.151.240.23 - - [28/Jun/2010:01:29:44 -0700] "GET www.blackstardojo.org/viewtopic.php?p=53065 HTTP/1.1" 200 130353 "-" "Mozilla/5.0 (Windows; U; Windows NT 5.1; en-US; rv:1.9.2.6) Gecko/20100625 Firefox/3.6.6 ( .NET CLR 3.5.30729)"
68.151.240.23 - - [28/Jun/2010:01:29:45 -0700] "GET www.blackstardojo.org/images/avatars/1493995017472820256e410.jpg HTTP/1.1" 404 1695 "http://www.blackstardojo.org/viewtopic.php?p=53065" "Mozilla/5.0 (Windows; U; Windows NT 5.1; en-US; rv:1.9.2.6) Gecko/20100625 Firefox/3.6.6 ( .NET CLR 3.5.30729)"
67.195.111.226 - - [28/Jun/2010:01:29:47 -0700] "GET www.blackstardojo.org/viewtopic.php?p=17709 HTTP/1.0" 200 50641 "-" "Mozilla/5.0 (compatible; Yahoo! Slurp/3.0; http://help.yahoo.com/help/us/ysearch/slurp)"
24.16.139.158 - - [28/Jun/2010:01:29:51 -0700] "GET blackstardojo.org/templates/guildwars_tree/images/header_logo_01.gif HTTP/1.1" 304 - "http://blackstardojo.org/index.php" "Mozilla/5.0 (Windows; U; Windows NT 5.1; en-US; rv:1.9.2.6) Gecko/20100625 Firefox/3.6.6 ( .NET CLR 3.5.30729)"
24.16.139.158 - - [28/Jun/2010:01:29:51 -0700] "GET blackstardojo.org/index.php HTTP/1.1" 200 58093 "http://blackstardojo.org/privmsg.php?folder=inbox&mode=read&p=23686" "Mozilla/5.0 (Windows; U; Windows NT 5.1; en-US; rv:1.9.2.6) Gecko/20100625 Firefox/3.6.6 ( .NET CLR 3.5.30729)"
24.16.139.158 - - [28/Jun/2010:01:29:51 -0700] "GET blackstardojo.org/templates/guildwars_tree/images/header_logo_03.gif HTTP/1.1" 304 - "http://blackstardojo.org/index.php" "Mozilla/5.0 (Windows; U; Windows NT 5.1; en-US; rv:1.9.2.6) Gecko/20100625 Firefox/3.6.6 ( .NET CLR 3.5.30729)"
24.16.139.158 - - [28/Jun/2010:01:29:51 -0700] "GET blackstardojo.org/templates/guildwars_tree/images/header_logo_02.gif HTTP/1.1" 304 - "http://blackstardojo.org/index.php" "Mozilla/5.0 (Windows; U; Windows NT 5.1; en-US; rv:1.9.2.6) Gecko/20100625 Firefox/3.6.6 ( .NET CLR 3.5.30729)"
24.16.139.158 - - [28/Jun/2010:01:29:51 -0700] "GET blackstardojo.org/templates/guildwars_tree/images/header_logo_05.gif HTTP/1.1" 304 - "http://blackstardojo.org/index.php" "Mozilla/5.0 (Windows; U; Windows NT 5.1; en-US; rv:1.9.2.6) Gecko/20100625 Firefox/3.6.6 ( .NET CLR 3.5.30729)"
24.16.139.158 - - [28/Jun/2010:01:29:51 -0700] "GET blackstardojo.org/templates/guildwars_tree/images/header_logo_04.gif HTTP/1.1" 304 - "http://blackstardojo.org/index.php" "Mozilla/5.0 (Windows; U; Windows NT 5.1; en-US; rv:1.9.2.6) Gecko/20100625 Firefox/3.6.6 ( .NET CLR 3.5.30729)"
24.16.139.158 - - [28/Jun/2010:01:29:51 -0700] "GET blackstardojo.org/templates/guildwars_tree/images/temblem_li.gif HTTP/1.1" 304 - "http://blackstardojo.org/index.php" "Mozilla/5.0 (Windows; U; Windows NT 5.1; en-US; rv:1.9.2.6) Gecko/20100625 Firefox/3.6.6 ( .NET CLR 3.5.30729)"
24.16.139.158 - - [28/Jun/2010:01:29:51 -0700] "GET blackstardojo.org/forum_images/south_new.png HTTP/1.1" 304 - "http://blackstardojo.org/index.php" "Mozilla/5.0 (Windows; U; Windows NT 5.1; en-US; rv:1.9.2.6) Gecko/20100625 Firefox/3.6.6 ( .NET CLR 3.5.30729)"
24.16.139.158 - - [28/Jun/2010:01:29:51 -0700] "GET blackstardojo.org/templates/guildwars_tree/images/temblem_re.gif HTTP/1.1" 304 - "http://blackstardojo.org/index.php" "Mozilla/5.0 (Windows; U; Windows NT 5.1; en-US; rv:1.9.2.6) Gecko/20100625 Firefox/3.6.6 ( .NET CLR 3.5.30729)"
24.16.139.158 - - [28/Jun/2010:01:29:51 -0700] "GET blackstardojo.org/templates/guildwars_tree/images/cellpic3.gif HTTP/1.1" 304 - "http://blackstardojo.org/index.php" "Mozilla/5.0 (Windows; U; Windows NT 5.1; en-US; rv:1.9.2.6) Gecko/20100625 Firefox/3.6.6 ( .NET CLR 3.5.30729)"
24.16.139.158 - - [28/Jun/2010:01:29:51 -0700] "GET blackstardojo.org/templates/guildwars_tree/images/cellpic1.gif HTTP/1.1" 304 - "http://blackstardojo.org/index.php" "Mozilla/5.0 (Windows; U; Windows NT 5.1; en-US; rv:1.9.2.6) Gecko/20100625 Firefox/3.6.6 ( .NET CLR 3.5.30729)"
24.16.139.158 - - [28/Jun/2010:01:29:51 -0700] "GET blackstardojo.org/templates/guildwars_tree/images/cellpic2.gif HTTP/1.1" 304 - "http://blackstardojo.org/index.php" "Mozilla/5.0 (Windows; U; Windows NT 5.1; en-US; rv:1.9.2.6) Gecko/20100625 Firefox/3.6.6 ( .NET CLR 3.5.30729)"
24.16.139.158 - - [28/Jun/2010:01:29:51 -0700] "GET blackstardojo.org/templates/guildwars_tree/images/icon_latest_reply.gif HTTP/1.1" 304 - "http://blackstardojo.org/index.php" "Mozilla/5.0 (Windows; U; Windows NT 5.1; en-US; rv:1.9.2.6) Gecko/20100625 Firefox/3.6.6 ( .NET CLR 3.5.30729)"
24.16.139.158 - - [28/Jun/2010:01:29:51 -0700] "GET blackstardojo.org/forum_images/scroll.png HTTP/1.1" 304 - "http://blackstardojo.org/index.php" "Mozilla/5.0 (Windows; U; Windows NT 5.1; en-US; rv:1.9.2.6) Gecko/20100625 Firefox/3.6.6 ( .NET CLR 3.5.30729)"
24.16.139.158 - - [28/Jun/2010:01:29:51 -0700] "GET blackstardojo.org/forum_images/pin.png HTTP/1.1" 304 - "http://blackstardojo.org/index.php" "Mozilla/5.0 (Windows; U; Windows NT 5.1; en-US; rv:1.9.2.6) Gecko/20100625 Firefox/3.6.6 ( .NET CLR 3.5.30729)"
24.16.139.158 - - [28/Jun/2010:01:29:51 -0700] "GET blackstardojo.org/forum_images/bug.png HTTP/1.1" 304 - "http://blackstardojo.org/index.php" "Mozilla/5.0 (Windows; U; Windows NT 5.1; en-US; rv:1.9.2.6) Gecko/20100625 Firefox/3.6.6 ( .NET CLR 3.5.30729)"
24.16.139.158 - - [28/Jun/2010:01:29:52 -0700] "GET blackstardojo.org/forum_images/dragon.png HTTP/1.1" 304 - "http://blackstardojo.org/index.php" "Mozilla/5.0 (Windows; U; Windows NT 5.1; en-US; rv:1.9.2.6) Gecko/20100625 Firefox/3.6.6 ( .NET CLR 3.5.30729)"
24.16.139.158 - - [28/Jun/2010:01:29:52 -0700] "GET blackstardojo.org/forum_images/star.png HTTP/1.1" 304 - "http://blackstardojo.org/index.php" "Mozilla/5.0 (Windows; U; Windows NT 5.1; en-US; rv:1.9.2.6) Gecko/20100625 Firefox/3.6.6 ( .NET CLR 3.5.30729)"
24.16.139.158 - - [28/Jun/2010:01:29:52 -0700] "GET blackstardojo.org/forum_images/training.png HTTP/1.1" 304 - "http://blackstardojo.org/index.php" "Mozilla/5.0 (Windows; U; Windows NT 5.1; en-US; rv:1.9.2.6) Gecko/20100625 Firefox/3.6.6 ( .NET CLR 3.5.30729)"
24.16.139.158 - - [28/Jun/2010:01:29:52 -0700] "GET blackstardojo.org/forum_images/chat.png HTTP/1.1" 304 - "http://blackstardojo.org/index.php" "Mozilla/5.0 (Windows; U; Windows NT 5.1; en-US; rv:1.9.2.6) Gecko/20100625 Firefox/3.6.6 ( .NET CLR 3.5.30729)"
24.16.139.158 - - [28/Jun/2010:01:29:52 -0700] "GET blackstardojo.org/forum_images/north.png HTTP/1.1" 304 - "http://blackstardojo.org/index.php" "Mozilla/5.0 (Windows; U; Windows NT 5.1; en-US; rv:1.9.2.6) Gecko/20100625 Firefox/3.6.6 ( .NET CLR 3.5.30729)"
24.16.139.158 - - [28/Jun/2010:01:29:52 -0700] "GET blackstardojo.org/forum_images/wolf.png HTTP/1.1" 304 - "http://blackstardojo.org/index.php" "Mozilla/5.0 (Windows; U; Windows NT 5.1; en-US; rv:1.9.2.6) Gecko/20100625 Firefox/3.6.6 ( .NET CLR 3.5.30729)"
24.16.139.158 - - [28/Jun/2010:01:29:52 -0700] "GET blackstardojo.org/forum_images/arena.png HTTP/1.1" 304 - "http://blackstardojo.org/index.php" "Mozilla/5.0 (Windows; U; Windows NT 5.1; en-US; rv:1.9.2.6) Gecko/20100625 Firefox/3.6.6 ( .NET CLR 3.5.30729)"
24.16.139.158 - - [28/Jun/2010:01:29:52 -0700] "GET blackstardojo.org/forum_images/ampitheater.png HTTP/1.1" 304 - "http://blackstardojo.org/index.php" "Mozilla/5.0 (Windows; U; Windows NT 5.1; en-US; rv:1.9.2.6) Gecko/20100625 Firefox/3.6.6 ( .NET CLR 3.5.30729)"
24.16.139.158 - - [28/Jun/2010:01:29:52 -0700] "GET blackstardojo.org/forum_images/art.png HTTP/1.1" 304 - "http://blackstardojo.org/index.php" "Mozilla/5.0 (Windows; U; Windows NT 5.1; en-US; rv:1.9.2.6) Gecko/20100625 Firefox/3.6.6 ( .NET CLR 3.5.30729)"
24.16.139.158 - - [28/Jun/2010:01:29:52 -0700] "GET blackstardojo.org/forum_images/market.png HTTP/1.1" 304 - "http://blackstardojo.org/index.php" "Mozilla/5.0 (Windows; U; Windows NT 5.1; en-US; rv:1.9.2.6) Gecko/20100625 Firefox/3.6.6 ( .NET CLR 3.5.30729)"
24.16.139.158 - - [28/Jun/2010:01:29:52 -0700] "GET blackstardojo.org/forum_images/suggestion.png HTTP/1.1" 304 - "http://blackstardojo.org/index.php" "Mozilla/5.0 (Windows; U; Windows NT 5.1; en-US; rv:1.9.2.6) Gecko/20100625 Firefox/3.6.6 ( .NET CLR 3.5.30729)"
24.16.139.158 - - [28/Jun/2010:01:29:52 -0700] "GET blackstardojo.org/forum_images/cave.png HTTP/1.1" 304 - "http://blackstardojo.org/index.php" "Mozilla/5.0 (Windows; U; Windows NT 5.1; en-US; rv:1.9.2.6) Gecko/20100625 Firefox/3.6.6 ( .NET CLR 3.5.30729)"
24.16.139.158 - - [28/Jun/2010:01:29:52 -0700] "GET blackstardojo.org/forum_images/norn.png HTTP/1.1" 304 - "http://blackstardojo.org/index.php" "Mozilla/5.0 (Windows; U; Windows NT 5.1; en-US; rv:1.9.2.6) Gecko/20100625 Firefox/3.6.6 ( .NET CLR 3.5.30729)"
24.16.139.158 - - [28/Jun/2010:01:29:52 -0700] "GET blackstardojo.org/forum_images/sanctuary.png HTTP/1.1" 304 - "http://blackstardojo.org/index.php" "Mozilla/5.0 (Windows; U; Windows NT 5.1; en-US; rv:1.9.2.6) Gecko/20100625 Firefox/3.6.6 ( .NET CLR 3.5.30729)"
24.16.139.158 - - [28/Jun/2010:01:29:52 -0700] "GET blackstardojo.org/forum_images/citadel.png HTTP/1.1" 304 - "http://blackstardojo.org/index.php" "Mozilla/5.0 (Windows; U; Windows NT 5.1; en-US; rv:1.9.2.6) Gecko/20100625 Firefox/3.6.6 ( .NET CLR 3.5.30729)"
24.16.139.158 - - [28/Jun/2010:01:29:52 -0700] "GET blackstardojo.org/forum_images/corporation.png HTTP/1.1" 304 - "http://blackstardojo.org/index.php" "Mozilla/5.0 (Windows; U; Windows NT 5.1; en-US; rv:1.9.2.6) Gecko/20100625 Firefox/3.6.6 ( .NET CLR 3.5.30729)"
24.16.139.158 - - [28/Jun/2010:01:29:52 -0700] "GET blackstardojo.org/forum_images/immortal.png HTTP/1.1" 304 - "http://blackstardojo.org/index.php" "Mozilla/5.0 (Windows; U; Windows NT 5.1; en-US; rv:1.9.2.6) Gecko/20100625 Firefox/3.6.6 ( .NET CLR 3.5.30729)"
24.16.139.158 - - [28/Jun/2010:01:29:52 -0700] "GET blackstardojo.org/templates/guildwars_tree/images/whosonline.gif HTTP/1.1" 304 - "http://blackstardojo.org/index.php" "Mozilla/5.0 (Windows; U; Windows NT 5.1; en-US; rv:1.9.2.6) Gecko/20100625 Firefox/3.6.6 ( .NET CLR 3.5.30729)"
24.16.139.158 - - [28/Jun/2010:01:29:52 -0700] "GET blackstardojo.org/forum_images/maze.png HTTP/1.1" 304 - "http://blackstardojo.org/index.php" "Mozilla/5.0 (Windows; U; Windows NT 5.1; en-US; rv:1.9.2.6) Gecko/20100625 Firefox/3.6.6 ( .NET CLR 3.5.30729)"
24.16.139.158 - - [28/Jun/2010:01:29:52 -0700] "GET blackstardojo.org/templates/guildwars_tree/images/icon_birthday.gif HTTP/1.1" 304 - "http://blackstardojo.org/index.php" "Mozilla/5.0 (Windows; U; Windows NT 5.1; en-US; rv:1.9.2.6) Gecko/20100625 Firefox/3.6.6 ( .NET CLR 3.5.30729)"
24.16.139.158 - - [28/Jun/2010:01:29:52 -0700] "GET blackstardojo.org/templates/guildwars_tree/images/folder_new_big.gif HTTP/1.1" 304 - "http://blackstardojo.org/index.php" "Mozilla/5.0 (Windows; U; Windows NT 5.1; en-US; rv:1.9.2.6) Gecko/20100625 Firefox/3.6.6 ( .NET CLR 3.5.30729)"
24.16.139.158 - - [28/Jun/2010:01:29:52 -0700] "GET blackstardojo.org/templates/guildwars_tree/images/folder_big.gif HTTP/1.1" 304 - "http://blackstardojo.org/index.php" "Mozilla/5.0 (Windows; U; Windows NT 5.1; en-US; rv:1.9.2.6) Gecko/20100625 Firefox/3.6.6 ( .NET CLR 3.5.30729)"
24.16.139.158 - - [28/Jun/2010:01:29:52 -0700] "GET blackstardojo.org/templates/guildwars_tree/images/folder_locked_big.gif HTTP/1.1" 304 - "http://blackstardojo.org/index.php" "Mozilla/5.0 (Windows; U; Windows NT 5.1; en-US; rv:1.9.2.6) Gecko/20100625 Firefox/3.6.6 ( .NET CLR 3.5.30729)"
24.16.139.158 - - [28/Jun/2010:01:29:55 -0700] "GET blackstardojo.org/viewforum.php?f=15 HTTP/1.1" 200 50894 "http://blackstardojo.org/index.php" "Mozilla/5.0 (Windows; U; Windows NT 5.1; en-US; rv:1.9.2.6) Gecko/20100625 Firefox/3.6.6 ( .NET CLR 3.5.30729)"
24.16.139.158 - - [28/Jun/2010:01:29:58 -0700] "GET blackstardojo.org/index.php HTTP/1.1" 200 58093 "http://blackstardojo.org/viewforum.php?f=15" "Mozilla/5.0 (Windows; U; Windows NT 5.1; en-US; rv:1.9.2.6) Gecko/20100625 Firefox/3.6.6 ( .NET CLR 3.5.30729)"
24.16.139.158 - - [28/Jun/2010:01:30:01 -0700] "GET blackstardojo.org/viewforum.php?f=15 HTTP/1.1" 200 50894 "http://blackstardojo.org/index.php" "Mozilla/5.0 (Windows; U; Windows NT 5.1; en-US; rv:1.9.2.6) Gecko/20100625 Firefox/3.6.6 ( .NET CLR 3.5.30729)"
24.16.139.158 - - [28/Jun/2010:01:30:03 -0700] "GET blackstardojo.org/images/avatars/86442633446eb7a6217d49.jpg HTTP/1.1" 404 1695 "http://blackstardojo.org/viewtopic.php?t=2362&start=15" "Mozilla/5.0 (Windows; U; Windows NT 5.1; en-US; rv:1.9.2.6) Gecko/20100625 Firefox/3.6.6 ( .NET CLR 3.5.30729)"
24.16.139.158 - - [28/Jun/2010:01:30:03 -0700] "GET blackstardojo.org/viewtopic.php?t=2362&start=15 HTTP/1.1" 200 130335 "http://blackstardojo.org/viewforum.php?f=15" "Mozilla/5.0 (Windows; U; Windows NT 5.1; en-US; rv:1.9.2.6) Gecko/20100625 Firefox/3.6.6 ( .NET CLR 3.5.30729)"
24.16.139.158 - - [28/Jun/2010:01:30:03 -0700] "GET blackstardojo.org/images/avatars/1493995017472820256e410.jpg HTTP/1.1" 404 1695 "http://blackstardojo.org/viewtopic.php?t=2362&start=15" "Mozilla/5.0 (Windows; U; Windows NT 5.1; en-US; rv:1.9.2.6) Gecko/20100625 Firefox/3.6.6 ( .NET CLR 3.5.30729)"
71.189.56.53 - - [28/Jun/2010:01:30:26 -0700] "GET www.blackstardojo.org/shop/images/Pokeball.gif HTTP/1.1" 200 314 "http://fuckyeahpokememe.tumblr.com/page/7" "Mozilla/5.0 (X11; U; Linux i686; en-US; rv:1.9.0.4) Gecko/2008102920 Firefox/3.0.4 (Splashtop-v1.1.2.4)"
24.16.139.158 - - [28/Jun/2010:01:30:28 -0700] "GET blackstardojo.org/privmsg.php?folder=inbox HTTP/1.1" 200 71420 "http://blackstardojo.org/viewtopic.php?t=2362&start=15" "Mozilla/5.0 (Windows; U; Windows NT 5.1; en-US; rv:1.9.2.6) Gecko/20100625 Firefox/3.6.6 ( .NET CLR 3.5.30729)"
24.16.139.158 - - [28/Jun/2010:01:30:37 -0700] "GET blackstardojo.org/privmsg.php?folder=inbox&mode=read&p=23876 HTTP/1.1" 200 27625 "http://blackstardojo.org/privmsg.php?folder=inbox" "Mozilla/5.0 (Windows; U; Windows NT 5.1; en-US; rv:1.9.2.6) Gecko/20100625 Firefox/3.6.6 ( .NET CLR 3.5.30729)"
24.16.139.158 - - [28/Jun/2010:01:30:39 -0700] "GET blackstardojo.org/privmsg.php?folder=sentbox HTTP/1.1" 200 49837 "http://blackstardojo.org/privmsg.php?folder=inbox&mode=read&p=23876" "Mozilla/5.0 (Windows; U; Windows NT 5.1; en-US; rv:1.9.2.6) Gecko/20100625 Firefox/3.6.6 ( .NET CLR 3.5.30729)"
24.16.139.158 - - [28/Jun/2010:01:30:41 -0700] "GET blackstardojo.org/privmsg.php?folder=sentbox&mode=read&p=23875 HTTP/1.1" 200 27562 "http://blackstardojo.org/privmsg.php?folder=sentbox" "Mozilla/5.0 (Windows; U; Windows NT 5.1; en-US; rv:1.9.2.6) Gecko/20100625 Firefox/3.6.6 ( .NET CLR 3.5.30729)"
24.16.139.158 - - [28/Jun/2010:01:31:08 -0700] "GET blackstardojo.org/index.php HTTP/1.1" 200 58095 "http://blackstardojo.org/privmsg.php?folder=sentbox&mode=read&p=23875" "Mozilla/5.0 (Windows; U; Windows NT 5.1; en-US; rv:1.9.2.6) Gecko/20100625 Firefox/3.6.6 ( .NET CLR 3.5.30729)"
24.16.139.158 - - [28/Jun/2010:01:31:13 -0700] "GET blackstardojo.org/viewforum.php?f=15 HTTP/1.1" 200 50717 "http://blackstardojo.org/index.php" "Mozilla/5.0 (Windows; U; Windows NT 5.1; en-US; rv:1.9.2.6) Gecko/20100625 Firefox/3.6.6 ( .NET CLR 3.5.30729)"
24.16.139.158 - - [28/Jun/2010:01:31:16 -0700] "GET blackstardojo.org/images/avatars/86442633446eb7a6217d49.jpg HTTP/1.1" 404 1695 "http://blackstardojo.org/viewtopic.php?t=2362&start=15" "Mozilla/5.0 (Windows; U; Windows NT 5.1; en-US; rv:1.9.2.6) Gecko/20100625 Firefox/3.6.6 ( .NET CLR 3.5.30729)"
24.16.139.158 - - [28/Jun/2010:01:31:16 -0700] "GET blackstardojo.org/viewtopic.php?t=2362&start=15 HTTP/1.1" 200 130322 "http://blackstardojo.org/viewforum.php?f=15" "Mozilla/5.0 (Windows; U; Windows NT 5.1; en-US; rv:1.9.2.6) Gecko/20100625 Firefox/3.6.6 ( .NET CLR 3.5.30729)"
24.16.139.158 - - [28/Jun/2010:01:31:16 -0700] "GET blackstardojo.org/images/avatars/1493995017472820256e410.jpg HTTP/1.1" 404 1695 "http://blackstardojo.org/viewtopic.php?t=2362&start=15" "Mozilla/5.0 (Windows; U; Windows NT 5.1; en-US; rv:1.9.2.6) Gecko/20100625 Firefox/3.6.6 ( .NET CLR 3.5.30729)"
67.195.115.240 - - [28/Jun/2010:01:31:33 -0700] "GET blackstardojo.org/viewtopic.php?t=1306&start=0 HTTP/1.0" 200 130281 "-" "Mozilla/5.0 (compatible; Yahoo! Slurp/3.0; http://help.yahoo.com/help/us/ysearch/slurp)"
67.195.111.226 - - [28/Jun/2010:01:34:00 -0700] "GET www.blackstardojo.org/wiki/index.php?title=Evil_Council HTTP/1.0" 200 9904 "-" "Mozilla/5.0 (compatible; Yahoo! Slurp/3.0; http://help.yahoo.com/help/us/ysearch/slurp)"
58.110.118.16 - - [28/Jun/2010:01:34:14 -0700] "GET www.blackstardojo.org/shop/images/Pokeball.gif HTTP/1.1" 304 - "http://fuckyeahpokememe.tumblr.com/page/2" "Mozilla/4.0 (compatible; MSIE 8.0; Windows NT 5.1; Trident/4.0; GTB6.4; InfoPath.2; .NET CLR 2.0.50727)"
67.195.115.240 - - [28/Jun/2010:01:34:36 -0700] "GET blackstardojo.org/wiki/index.php?title=User:Juicy2010099&action=edit HTTP/1.0" 200 2122 "-" "Mozilla/5.0 (compatible; Yahoo! Slurp/3.0; http://help.yahoo.com/help/us/ysearch/slurp)"
67.195.111.226 - - [28/Jun/2010:01:34:42 -0700] "GET www.blackstardojo.org/search.php?search_author=EnDSchultz HTTP/1.0" 200 45888 "-" "Mozilla/5.0 (compatible; Yahoo! Slurp/3.0; http://help.yahoo.com/help/us/ysearch/slurp)"
67.195.115.240 - - [28/Jun/2010:01:34:58 -0700] "GET blackstardojo.org/wiki/index.php?title=User:03qw_buy_parlodel_online_cheap&printable=yes HTTP/1.0" 200 6019 "-" "Mozilla/5.0 (compatible; Yahoo! Slurp/3.0; http://help.yahoo.com/help/us/ysearch/slurp)"
67.195.111.226 - - [28/Jun/2010:01:35:42 -0700] "GET www.blackstardojo.org/posting.php?mode=newtopic&f=12 HTTP/1.0" 302 39 "-" "Mozilla/5.0 (compatible; Yahoo! Slurp/3.0; http://help.yahoo.com/help/us/ysearch/slurp)"
67.195.111.226 - - [28/Jun/2010:01:35:42 -0700] "GET www.blackstardojo.org/login.php?redirect=posting.php&mode=newtopic&f=12&sid=be4003c50f6a528867743e35820e1138 HTTP/1.0" 200 22241 "-" "Mozilla/5.0 (compatible; Yahoo! Slurp/3.0; http://help.yahoo.com/help/us/ysearch/slurp)"
71.189.56.53 - - [28/Jun/2010:01:36:46 -0700] "GET www.blackstardojo.org/shop/images/Pokeball.gif HTTP/1.1" 200 314 "http://fuckyeahpokememe.tumblr.com/page/8" "Mozilla/5.0 (X11; U; Linux i686; en-US; rv:1.9.0.4) Gecko/2008102920 Firefox/3.0.4 (Splashtop-v1.1.2.4)"
89.130.139.141 - - [28/Jun/2010:01:36:51 -0700] "GET www.blackstardojo.org/shop/images/Pokeball.gif HTTP/1.1" 200 314 "http://fuckyeahpokememe.tumblr.com/" "Mozilla/5.0 (Windows; U; Windows NT 6.0; es-ES; rv:1.9.0.19) Gecko/2010031422 Firefox/3.0.19"
67.195.115.240 - - [28/Jun/2010:01:37:48 -0700] "GET blackstardojo.org/viewtopic.php?t=1576&postdays=0&postorder=asc&start=1590 HTTP/1.0" 200 102718 "-" "Mozilla/5.0 (compatible; Yahoo! Slurp/3.0; http://help.yahoo.com/help/us/ysearch/slurp)"
67.195.111.226 - - [28/Jun/2010:01:37:56 -0700] "GET www.blackstardojo.org/shop.php?action=district&d=1 HTTP/1.0" 200 24787 "-" "Mozilla/5.0 (compatible; Yahoo! Slurp/3.0; http://help.yahoo.com/help/us/ysearch/slurp)"
67.195.115.240 - - [28/Jun/2010:01:38:13 -0700] "GET blackstardojo.org/wiki/index.php?title=Private_Messaging&action=edit&section=3 HTTP/1.0" 200 2107 "-" "Mozilla/5.0 (compatible; Yahoo! Slurp/3.0; http://help.yahoo.com/help/us/ysearch/slurp)"
67.195.115.240 - - [28/Jun/2010:01:38:31 -0700] "GET blackstardojo.org/viewtopic.php?t=1872&start=0 HTTP/1.0" 200 137744 "-" "Mozilla/5.0 (compatible; Yahoo! Slurp/3.0; http://help.yahoo.com/help/us/ysearch/slurp)"
67.195.111.226 - - [28/Jun/2010:01:38:44 -0700] "GET www.blackstardojo.org/privmsg.php?mode=post&u=4 HTTP/1.0" 302 39 "-" "Mozilla/5.0 (compatible; Yahoo! Slurp/3.0; http://help.yahoo.com/help/us/ysearch/slurp)"
67.195.111.226 - - [28/Jun/2010:01:38:45 -0700] "GET www.blackstardojo.org/login.php?redirect=privmsg.php&folder=inbox&mode=post&u=4&sid=bfccf981fcef798c261d534ee2f335c9 HTTP/1.0" 200 22249 "-" "Mozilla/5.0 (compatible; Yahoo! Slurp/3.0; http://help.yahoo.com/help/us/ysearch/slurp)"
67.195.111.226 - - [28/Jun/2010:01:39:03 -0700] "GET www.blackstardojo.org/viewtopic.php?t=1512 HTTP/1.0" 200 47933 "-" "Mozilla/5.0 (compatible; Yahoo! Slurp/3.0; http://help.yahoo.com/help/us/ysearch/slurp)"
67.195.111.226 - - [28/Jun/2010:01:39:12 -0700] "GET www.blackstardojo.org/wiki/index.php?title=Dark_Crystal HTTP/1.0" 200 2726 "-" "Mozilla/5.0 (compatible; Yahoo! Slurp/3.0; http://help.yahoo.com/help/us/ysearch/slurp)"
116.123.83.22 - - [28/Jun/2010:01:39:21 -0700] "GET www.blackstardojo.org/shop/images/Pokeball.gif HTTP/1.1" 200 314 "http://fuckyeahpokememe.tumblr.com/" "Mozilla/5.0 (Windows; U; Windows NT 6.1; en-US; rv:1.9.2.4) Gecko/20100611 Firefox/3.6.4 (.NET CLR 3.5.30729)"
67.195.111.226 - - [28/Jun/2010:01:40:07 -0700] "GET www.blackstardojo.org/posting.php?mode=quote&p=33769 HTTP/1.0" 302 39 "-" "Mozilla/5.0 (compatible; Yahoo! Slurp/3.0; http://help.yahoo.com/help/us/ysearch/slurp)"
67.195.111.226 - - [28/Jun/2010:01:40:07 -0700] "GET www.blackstardojo.org/login.php?redirect=posting.php&mode=quote&p=33769&sid=e95072751f1042bdad2e485d00dae19b HTTP/1.0" 200 22241 "-" "Mozilla/5.0 (compatible; Yahoo! Slurp/3.0; http://help.yahoo.com/help/us/ysearch/slurp)"
67.195.115.240 - - [28/Jun/2010:01:40:23 -0700] "GET blackstardojo.org/wiki/index.php?title=Diamond_Heart_of_the_Dojo HTTP/1.0" 200 2822 "-" "Mozilla/5.0 (compatible; Yahoo! Slurp/3.0; http://help.yahoo.com/help/us/ysearch/slurp)"
67.195.115.240 - - [28/Jun/2010:01:40:39 -0700] "GET blackstardojo.org/wiki/index.php?title=Image:Embri.png&printable=yes HTTP/1.0" 200 2775 "-" "Mozilla/5.0 (compatible; Yahoo! Slurp/3.0; http://help.yahoo.com/help/us/ysearch/slurp)"
98.64.189.78 - - [28/Jun/2010:01:41:02 -0700] "GET www.blackstardojo.org/shop/images/Pokeball.gif HTTP/1.1" 200 314 "http://fuckyeahpokememe.tumblr.com/" "Mozilla/5.0 (Windows; U; Windows NT 6.0; en-US) AppleWebKit/533.4 (KHTML, like Gecko) Chrome/5.0.375.70 Safari/533.4"
67.195.115.240 - - [28/Jun/2010:01:41:38 -0700] "GET blackstardojo.org/profile.php?mode=viewprofile&u=63 HTTP/1.0" 200 46563 "-" "Mozilla/5.0 (compatible; Yahoo! Slurp/3.0; http://help.yahoo.com/help/us/ysearch/slurp)"
76.216.164.221 - - [28/Jun/2010:01:41:40 -0700] "GET www.blackstardojo.org/shop/images/Pokeball.gif HTTP/1.1" 200 314 "http://fuckyeahpokememe.tumblr.com/" "Mozilla/5.0 (Windows; U; Windows NT 5.1; en-US) AppleWebKit/533.4 (KHTML, like Gecko) Chrome/5.0.375.70 Safari/533.4"
216.129.119.45 - - [28/Jun/2010:01:42:16 -0700] "GET blackstardojo.org/privmsg.php?mode=post&u=40 HTTP/1.1" 302 51 "-" "Mozilla/5.0 (Twiceler-0.9 http://www.cuil.com/twiceler/robot.html)"
94.100.90.22 - - [28/Jun/2010:01:42:24 -0700] "GET www.blackstardojo.org/search.php HTTP/1.1" 200 29085 "-" "Mozilla/4.0 (compatible; MSIE 6.0; Windows NT 5.1)"
67.195.115.240 - - [28/Jun/2010:01:42:28 -0700] "GET blackstardojo.org/wiki/index.php?title=MediaWiki:Editingold HTTP/1.0" 200 2225 "-" "Mozilla/5.0 (compatible; Yahoo! Slurp/3.0; http://help.yahoo.com/help/us/ysearch/slurp)"
67.195.111.226 - - [28/Jun/2010:01:42:49 -0700] "GET www.blackstardojo.org/groupcp.php?sid=6c1b648e302b805df10dc72089250050 HTTP/1.0" 200 24725 "-" "Mozilla/5.0 (compatible; Yahoo! Slurp/3.0; http://help.yahoo.com/help/us/ysearch/slurp)"
94.100.90.22 - - [28/Jun/2010:01:42:56 -0700] "POST www.blackstardojo.org/search.php?mode=results&sid=2cff8aef5a83f2d9d0ea2394d08473ec HTTP/1.1" 500 624 "http://www.blackstardojo.org/search.php" "Mozilla/4.0 (compatible; MSIE 6.0; Windows NT 5.1)"
94.100.90.22 - - [28/Jun/2010:01:43:00 -0700] "GET www.blackstardojo.org/search.php HTTP/1.1" 200 29084 "-" "Mozilla/4.0 (compatible; MSIE 6.0; Windows NT 5.1)"
94.100.90.22 - - [28/Jun/2010:01:43:04 -0700] "POST www.blackstardojo.org/search.php?mode=results&sid=6ddd80fae33f14dcaeca3eece8b7ee9c HTTP/1.1" 200 20390 "http://www.blackstardojo.org/search.php" "Mozilla/4.0 (compatible; MSIE 6.0; Windows NT 5.1)"
24.16.139.158 - - [28/Jun/2010:01:43:41 -0700] "GET blackstardojo.org/templates/guildwars_tree/images/header_logo_01.gif HTTP/1.1" 304 - "http://blackstardojo.org/viewtopic.php?t=2362&start=15" "Mozilla/5.0 (Windows; U; Windows NT 5.1; en-US; rv:1.9.2.6) Gecko/20100625 Firefox/3.6.6 ( .NET CLR 3.5.30729)"
24.16.139.158 - - [28/Jun/2010:01:43:41 -0700] "GET blackstardojo.org/templates/guildwars_tree/images/header_logo_04.gif HTTP/1.1" 304 - "http://blackstardojo.org/viewtopic.php?t=2362&start=15" "Mozilla/5.0 (Windows; U; Windows NT 5.1; en-US; rv:1.9.2.6) Gecko/20100625 Firefox/3.6.6 ( .NET CLR 3.5.30729)"
24.16.139.158 - - [28/Jun/2010:01:43:41 -0700] "GET blackstardojo.org/templates/guildwars_tree/images/header_logo_02.gif HTTP/1.1" 304 - "http://blackstardojo.org/viewtopic.php?t=2362&start=15" "Mozilla/5.0 (Windows; U; Windows NT 5.1; en-US; rv:1.9.2.6) Gecko/20100625 Firefox/3.6.6 ( .NET CLR 3.5.30729)"
24.16.139.158 - - [28/Jun/2010:01:43:41 -0700] "GET blackstardojo.org/templates/guildwars_tree/images/header_logo_05.gif HTTP/1.1" 304 - "http://blackstardojo.org/viewtopic.php?t=2362&start=15" "Mozilla/5.0 (Windows; U; Windows NT 5.1; en-US; rv:1.9.2.6) Gecko/20100625 Firefox/3.6.6 ( .NET CLR 3.5.30729)"
24.16.139.158 - - [28/Jun/2010:01:43:41 -0700] "GET blackstardojo.org/templates/guildwars_tree/images/header_logo_03.gif HTTP/1.1" 304 - "http://blackstardojo.org/viewtopic.php?t=2362&start=15" "Mozilla/5.0 (Windows; U; Windows NT 5.1; en-US; rv:1.9.2.6) Gecko/20100625 Firefox/3.6.6 ( .NET CLR 3.5.30729)"
24.16.139.158 - - [28/Jun/2010:01:43:41 -0700] "GET blackstardojo.org/templates/guildwars_tree/images/lang_english/post.gif HTTP/1.1" 304 - "http://blackstardojo.org/viewtopic.php?t=2362&start=15" "Mozilla/5.0 (Windows; U; Windows NT 5.1; en-US; rv:1.9.2.6) Gecko/20100625 Firefox/3.6.6 ( .NET CLR 3.5.30729)"
24.16.139.158 - - [28/Jun/2010:01:43:41 -0700] "GET blackstardojo.org/templates/guildwars_tree/images/lang_english/reply.gif HTTP/1.1" 304 - "http://blackstardojo.org/viewtopic.php?t=2362&start=15" "Mozilla/5.0 (Windows; U; Windows NT 5.1; en-US; rv:1.9.2.6) Gecko/20100625 Firefox/3.6.6 ( .NET CLR 3.5.30729)"
24.16.139.158 - - [28/Jun/2010:01:43:41 -0700] "GET blackstardojo.org/viewtopic.php?t=2362&start=15 HTTP/1.1" 200 130323 "http://blackstardojo.org/viewforum.php?f=15" "Mozilla/5.0 (Windows; U; Windows NT 5.1; en-US; rv:1.9.2.6) Gecko/20100625 Firefox/3.6.6 ( .NET CLR 3.5.30729)"
24.16.139.158 - - [28/Jun/2010:01:43:41 -0700] "GET www.blackstardojo.org/images/senseibar.png HTTP/1.1" 304 - "http://blackstardojo.org/viewtopic.php?t=2362&start=15" "Mozilla/5.0 (Windows; U; Windows NT 5.1; en-US; rv:1.9.2.6) Gecko/20100625 Firefox/3.6.6 ( .NET CLR 3.5.30729)"
24.16.139.158 - - [28/Jun/2010:01:43:41 -0700] "GET www.blackstardojo.org/shop/images/PWEC Armband MARK II.gif HTTP/1.1" 304 - "http://blackstardojo.org/viewtopic.php?t=2362&start=15" "Mozilla/5.0 (Windows; U; Windows NT 5.1; en-US; rv:1.9.2.6) Gecko/20100625 Firefox/3.6.6 ( .NET CLR 3.5.30729)"
24.16.139.158 - - [28/Jun/2010:01:43:41 -0700] "GET blackstardojo.org/images/ranks/ECRANK.PNG HTTP/1.1" 304 - "http://blackstardojo.org/viewtopic.php?t=2362&start=15" "Mozilla/5.0 (Windows; U; Windows NT 5.1; en-US; rv:1.9.2.6) Gecko/20100625 Firefox/3.6.6 ( .NET CLR 3.5.30729)"
24.16.139.158 - - [28/Jun/2010:01:43:41 -0700] "GET blackstardojo.org/images/ranks/newbelts/Spider/GreenSpiderMod.png HTTP/1.1" 304 - "http://blackstardojo.org/viewtopic.php?t=2362&start=15" "Mozilla/5.0 (Windows; U; Windows NT 5.1; en-US; rv:1.9.2.6) Gecko/20100625 Firefox/3.6.6 ( .NET CLR 3.5.30729)"
24.16.139.158 - - [28/Jun/2010:01:43:41 -0700] "GET blackstardojo.org/images/ranks/newbelts/Mantis/BlackMantisMod.png HTTP/1.1" 304 - "http://blackstardojo.org/viewtopic.php?t=2362&start=15" "Mozilla/5.0 (Windows; U; Windows NT 5.1; en-US; rv:1.9.2.6) Gecko/20100625 Firefox/3.6.6 ( .NET CLR 3.5.30729)"
24.16.139.158 - - [28/Jun/2010:01:43:41 -0700] "GET blackstardojo.org/images/ranks/blackstar.png HTTP/1.1" 304 - "http://blackstardojo.org/viewtopic.php?t=2362&start=15" "Mozilla/5.0 (Windows; U; Windows NT 5.1; en-US; rv:1.9.2.6) Gecko/20100625 Firefox/3.6.6 ( .NET CLR 3.5.30729)"
24.16.139.158 - - [28/Jun/2010:01:43:41 -0700] "GET blackstardojo.org/templates/guildwars_tree/images/rank6.gif HTTP/1.1" 304 - "http://blackstardojo.org/viewtopic.php?t=2362&start=15" "Mozilla/5.0 (Windows; U; Windows NT 5.1; en-US; rv:1.9.2.6) Gecko/20100625 Firefox/3.6.6 ( .NET CLR 3.5.30729)"
24.16.139.158 - - [28/Jun/2010:01:43:41 -0700] "GET blackstardojo.org/images/avatars/11181213684a2b62bfb42f2.png HTTP/1.1" 304 - "http://blackstardojo.org/viewtopic.php?t=2362&start=15" "Mozilla/5.0 (Windows; U; Windows NT 5.1; en-US; rv:1.9.2.6) Gecko/20100625 Firefox/3.6.6 ( .NET CLR 3.5.30729)"
24.16.139.158 - - [28/Jun/2010:01:43:41 -0700] "GET blackstardojo.org/templates/guildwars_tree/images/cellpic1.gif HTTP/1.1" 304 - "http://blackstardojo.org/viewtopic.php?t=2362&start=15" "Mozilla/5.0 (Windows; U; Windows NT 5.1; en-US; rv:1.9.2.6) Gecko/20100625 Firefox/3.6.6 ( .NET CLR 3.5.30729)"
24.16.139.158 - - [28/Jun/2010:01:43:41 -0700] "GET blackstardojo.org/medals/gerbil.png HTTP/1.1" 304 - "http://blackstardojo.org/viewtopic.php?t=2362&start=15" "Mozilla/5.0 (Windows; U; Windows NT 5.1; en-US; rv:1.9.2.6) Gecko/20100625 Firefox/3.6.6 ( .NET CLR 3.5.30729)"
24.16.139.158 - - [28/Jun/2010:01:43:41 -0700] "GET blackstardojo.org/templates/guildwars_tree/images/cellpic3.gif HTTP/1.1" 304 - "http://blackstardojo.org/viewtopic.php?t=2362&start=15" "Mozilla/5.0 (Windows; U; Windows NT 5.1; en-US; rv:1.9.2.6) Gecko/20100625 Firefox/3.6.6 ( .NET CLR 3.5.30729)"
24.16.139.158 - - [28/Jun/2010:01:43:41 -0700] "GET blackstardojo.org/medals/imagination.png HTTP/1.1" 304 - "http://blackstardojo.org/viewtopic.php?t=2362&start=15" "Mozilla/5.0 (Windows; U; Windows NT 5.1; en-US; rv:1.9.2.6) Gecko/20100625 Firefox/3.6.6 ( .NET CLR 3.5.30729)"
24.16.139.158 - - [28/Jun/2010:01:43:41 -0700] "GET blackstardojo.org/medals/ConcordatMedal.png HTTP/1.1" 304 - "http://blackstardojo.org/viewtopic.php?t=2362&start=15" "Mozilla/5.0 (Windows; U; Windows NT 5.1; en-US; rv:1.9.2.6) Gecko/20100625 Firefox/3.6.6 ( .NET CLR 3.5.30729)"
24.16.139.158 - - [28/Jun/2010:01:43:41 -0700] "GET blackstardojo.org/medals/WiseMedal.png HTTP/1.1" 304 - "http://blackstardojo.org/viewtopic.php?t=2362&start=15" "Mozilla/5.0 (Windows; U; Windows NT 5.1; en-US; rv:1.9.2.6) Gecko/20100625 Firefox/3.6.6 ( .NET CLR 3.5.30729)"
24.16.139.158 - - [28/Jun/2010:01:43:41 -0700] "GET blackstardojo.org/medals/BugCatcher.png HTTP/1.1" 304 - "http://blackstardojo.org/viewtopic.php?t=2362&start=15" "Mozilla/5.0 (Windows; U; Windows NT 5.1; en-US; rv:1.9.2.6) Gecko/20100625 Firefox/3.6.6 ( .NET CLR 3.5.30729)"
24.16.139.158 - - [28/Jun/2010:01:43:41 -0700] "GET blackstardojo.org/medals/colonyRP.png HTTP/1.1" 304 - "http://blackstardojo.org/viewtopic.php?t=2362&start=15" "Mozilla/5.0 (Windows; U; Windows NT 5.1; en-US; rv:1.9.2.6) Gecko/20100625 Firefox/3.6.6 ( .NET CLR 3.5.30729)"
24.16.139.158 - - [28/Jun/2010:01:43:41 -0700] "GET blackstardojo.org/templates/guildwars_tree/images/icon_minipost.gif HTTP/1.1" 304 - "http://blackstardojo.org/viewtopic.php?t=2362&start=15" "Mozilla/5.0 (Windows; U; Windows NT 5.1; en-US; rv:1.9.2.6) Gecko/20100625 Firefox/3.6.6 ( .NET CLR 3.5.30729)"
24.16.139.158 - - [28/Jun/2010:01:43:41 -0700] "GET blackstardojo.org/templates/guildwars_tree/images/lang_english/icon_quote.gif HTTP/1.1" 304 - "http://blackstardojo.org/viewtopic.php?t=2362&start=15" "Mozilla/5.0 (Windows; U; Windows NT 5.1; en-US; rv:1.9.2.6) Gecko/20100625 Firefox/3.6.6 ( .NET CLR 3.5.30729)"
24.16.139.158 - - [28/Jun/2010:01:43:41 -0700] "GET blackstardojo.org/templates/guildwars_tree/images/lang_english/icon_edit.gif HTTP/1.1" 304 - "http://blackstardojo.org/viewtopic.php?t=2362&start=15" "Mozilla/5.0 (Windows; U; Windows NT 5.1; en-US; rv:1.9.2.6) Gecko/20100625 Firefox/3.6.6 ( .NET CLR 3.5.30729)"
24.16.139.158 - - [28/Jun/2010:01:43:41 -0700] "GET blackstardojo.org/templates/guildwars_tree/images/icon_delete.gif HTTP/1.1" 304 - "http://blackstardojo.org/viewtopic.php?t=2362&start=15" "Mozilla/5.0 (Windows; U; Windows NT 5.1; en-US; rv:1.9.2.6) Gecko/20100625 Firefox/3.6.6 ( .NET CLR 3.5.30729)"
24.16.139.158 - - [28/Jun/2010:01:43:41 -0700] "GET blackstardojo.org/templates/guildwars_tree/images/lang_english/icon_ip.gif HTTP/1.1" 304 - "http://blackstardojo.org/viewtopic.php?t=2362&start=15" "Mozilla/5.0 (Windows; U; Windows NT 5.1; en-US; rv:1.9.2.6) Gecko/20100625 Firefox/3.6.6 ( .NET CLR 3.5.30729)"
24.16.139.158 - - [28/Jun/2010:01:43:41 -0700] "GET blackstardojo.org/templates/guildwars_tree/images/icon_report.gif HTTP/1.1" 304 - "http://blackstardojo.org/viewtopic.php?t=2362&start=15" "Mozilla/5.0 (Windows; U; Windows NT 5.1; en-US; rv:1.9.2.6) Gecko/20100625 Firefox/3.6.6 ( .NET CLR 3.5.30729)"
24.16.139.158 - - [28/Jun/2010:01:43:41 -0700] "GET blackstardojo.org/templates/guildwars_tree/images/lang_english/icon_profile.gif HTTP/1.1" 304 - "http://blackstardojo.org/viewtopic.php?t=2362&start=15" "Mozilla/5.0 (Windows; U; Windows NT 5.1; en-US; rv:1.9.2.6) Gecko/20100625 Firefox/3.6.6 ( .NET CLR 3.5.30729)"
24.16.139.158 - - [28/Jun/2010:01:43:41 -0700] "GET blackstardojo.org/templates/guildwars_tree/images/lang_english/icon_pm.gif HTTP/1.1" 304 - "http://blackstardojo.org/viewtopic.php?t=2362&start=15" "Mozilla/5.0 (Windows; U; Windows NT 5.1; en-US; rv:1.9.2.6) Gecko/20100625 Firefox/3.6.6 ( .NET CLR 3.5.30729)"
24.16.139.158 - - [28/Jun/2010:01:43:41 -0700] "GET blackstardojo.org/images/smiles/icon_lol.gif HTTP/1.1" 304 - "http://blackstardojo.org/viewtopic.php?t=2362&start=15" "Mozilla/5.0 (Windows; U; Windows NT 5.1; en-US; rv:1.9.2.6) Gecko/20100625 Firefox/3.6.6 ( .NET CLR 3.5.30729)"
24.16.139.158 - - [28/Jun/2010:01:43:41 -0700] "GET blackstardojo.org/templates/guildwars_tree/images/lang_english/icon_email.gif HTTP/1.1" 304 - "http://blackstardojo.org/viewtopic.php?t=2362&start=15" "Mozilla/5.0 (Windows; U; Windows NT 5.1; en-US; rv:1.9.2.6) Gecko/20100625 Firefox/3.6.6 ( .NET CLR 3.5.30729)"
24.16.139.158 - - [28/Jun/2010:01:43:41 -0700] "GET blackstardojo.org/templates/guildwars_tree/images/lang_english/icon_www.gif HTTP/1.1" 304 - "http://blackstardojo.org/viewtopic.php?t=2362&start=15" "Mozilla/5.0 (Windows; U; Windows NT 5.1; en-US; rv:1.9.2.6) Gecko/20100625 Firefox/3.6.6 ( .NET CLR 3.5.30729)"
24.16.139.158 - - [28/Jun/2010:01:43:41 -0700] "GET blackstardojo.org/templates/guildwars_tree/images/lang_english/icon_msnm.gif HTTP/1.1" 304 - "http://blackstardojo.org/viewtopic.php?t=2362&start=15" "Mozilla/5.0 (Windows; U; Windows NT 5.1; en-US; rv:1.9.2.6) Gecko/20100625 Firefox/3.6.6 ( .NET CLR 3.5.30729)"
24.16.139.158 - - [28/Jun/2010:01:43:41 -0700] "GET blackstardojo.org/templates/guildwars_tree/images/spacer.gif HTTP/1.1" 304 - "http://blackstardojo.org/viewtopic.php?t=2362&start=15" "Mozilla/5.0 (Windows; U; Windows NT 5.1; en-US; rv:1.9.2.6) Gecko/20100625 Firefox/3.6.6 ( .NET CLR 3.5.30729)"
24.16.139.158 - - [28/Jun/2010:01:43:41 -0700] "GET blackstardojo.org/images/ranks/newbelts/Mantis/BlueMantisAdmin.png HTTP/1.1" 304 - "http://blackstardojo.org/viewtopic.php?t=2362&start=15" "Mozilla/5.0 (Windows; U; Windows NT 5.1; en-US; rv:1.9.2.6) Gecko/20100625 Firefox/3.6.6 ( .NET CLR 3.5.30729)"
24.16.139.158 - - [28/Jun/2010:01:43:41 -0700] "GET blackstardojo.org/images/avatars/10235696484c1a254a7976e.gif HTTP/1.1" 304 - "http://blackstardojo.org/viewtopic.php?t=2362&start=15" "Mozilla/5.0 (Windows; U; Windows NT 5.1; en-US; rv:1.9.2.6) Gecko/20100625 Firefox/3.6.6 ( .NET CLR 3.5.30729)"
24.16.139.158 - - [28/Jun/2010:01:43:41 -0700] "GET blackstardojo.org/images/ranks/newbelts/Tiger/BlackTigerAdmin.png HTTP/1.1" 304 - "http://blackstardojo.org/viewtopic.php?t=2362&start=15" "Mozilla/5.0 (Windows; U; Windows NT 5.1; en-US; rv:1.9.2.6) Gecko/20100625 Firefox/3.6.6 ( .NET CLR 3.5.30729)"
24.16.139.158 - - [28/Jun/2010:01:43:41 -0700] "GET blackstardojo.org/medals/doagmedal_212.png HTTP/1.1" 304 - "http://blackstardojo.org/viewtopic.php?t=2362&start=15" "Mozilla/5.0 (Windows; U; Windows NT 5.1; en-US; rv:1.9.2.6) Gecko/20100625 Firefox/3.6.6 ( .NET CLR 3.5.30729)"
24.16.139.158 - - [28/Jun/2010:01:43:41 -0700] "GET blackstardojo.org/medals/dojo_service.png HTTP/1.1" 304 - "http://blackstardojo.org/viewtopic.php?t=2362&start=15" "Mozilla/5.0 (Windows; U; Windows NT 5.1; en-US; rv:1.9.2.6) Gecko/20100625 Firefox/3.6.6 ( .NET CLR 3.5.30729)"
24.16.139.158 - - [28/Jun/2010:01:43:41 -0700] "GET blackstardojo.org/medals/qotmnominee.png HTTP/1.1" 304 - "http://blackstardojo.org/viewtopic.php?t=2362&start=15" "Mozilla/5.0 (Windows; U; Windows NT 5.1; en-US; rv:1.9.2.6) Gecko/20100625 Firefox/3.6.6 ( .NET CLR 3.5.30729)"
24.16.139.158 - - [28/Jun/2010:01:43:41 -0700] "GET blackstardojo.org/medals/LabyrinthMedal.png HTTP/1.1" 304 - "http://blackstardojo.org/viewtopic.php?t=2362&start=15" "Mozilla/5.0 (Windows; U; Windows NT 5.1; en-US; rv:1.9.2.6) Gecko/20100625 Firefox/3.6.6 ( .NET CLR 3.5.30729)"
24.16.139.158 - - [28/Jun/2010:01:43:41 -0700] "GET blackstardojo.org/templates/guildwars_tree/images/lang_english/icon_aim.gif HTTP/1.1" 304 - "http://blackstardojo.org/viewtopic.php?t=2362&start=15" "Mozilla/5.0 (Windows; U; Windows NT 5.1; en-US; rv:1.9.2.6) Gecko/20100625 Firefox/3.6.6 ( .NET CLR 3.5.30729)"
24.16.139.158 - - [28/Jun/2010:01:43:41 -0700] "GET blackstardojo.org/medals/HeartofGold.png HTTP/1.1" 304 - "http://blackstardojo.org/viewtopic.php?t=2362&start=15" "Mozilla/5.0 (Windows; U; Windows NT 5.1; en-US; rv:1.9.2.6) Gecko/20100625 Firefox/3.6.6 ( .NET CLR 3.5.30729)"
24.16.139.158 - - [28/Jun/2010:01:43:41 -0700] "GET blackstardojo.org/templates/guildwars_tree/images/lang_english/icon_yim.gif HTTP/1.1" 304 - "http://blackstardojo.org/viewtopic.php?t=2362&start=15" "Mozilla/5.0 (Windows; U; Windows NT 5.1; en-US; rv:1.9.2.6) Gecko/20100625 Firefox/3.6.6 ( .NET CLR 3.5.30729)"
24.16.139.158 - - [28/Jun/2010:01:43:41 -0700] "GET blackstardojo.org/images/ranks/GroupRank.png HTTP/1.1" 304 - "http://blackstardojo.org/viewtopic.php?t=2362&start=15" "Mozilla/5.0 (Windows; U; Windows NT 5.1; en-US; rv:1.9.2.6) Gecko/20100625 Firefox/3.6.6 ( .NET CLR 3.5.30729)"
24.16.139.158 - - [28/Jun/2010:01:43:41 -0700] "GET blackstardojo.org/images/avatars/122.png HTTP/1.1" 304 - "http://blackstardojo.org/viewtopic.php?t=2362&start=15" "Mozilla/5.0 (Windows; U; Windows NT 5.1; en-US; rv:1.9.2.6) Gecko/20100625 Firefox/3.6.6 ( .NET CLR 3.5.30729)"
24.16.139.158 - - [28/Jun/2010:01:43:41 -0700] "GET blackstardojo.org/images/ranks/newbelts/Chameleon/BlackChameleonMod.png HTTP/1.1" 304 - "http://blackstardojo.org/viewtopic.php?t=2362&start=15" "Mozilla/5.0 (Windows; U; Windows NT 5.1; en-US; rv:1.9.2.6) Gecko/20100625 Firefox/3.6.6 ( .NET CLR 3.5.30729)"
24.16.139.158 - - [28/Jun/2010:01:43:41 -0700] "GET blackstardojo.org/images/ranks/newbelts/Mantis/GreenMantisMod.png HTTP/1.1" 304 - "http://blackstardojo.org/viewtopic.php?t=2362&start=15" "Mozilla/5.0 (Windows; U; Windows NT 5.1; en-US; rv:1.9.2.6) Gecko/20100625 Firefox/3.6.6 ( .NET CLR 3.5.30729)"
24.16.139.158 - - [28/Jun/2010:01:43:41 -0700] "GET blackstardojo.org/images/ranks/gameware.png HTTP/1.1" 304 - "http://blackstardojo.org/viewtopic.php?t=2362&start=15" "Mozilla/5.0 (Windows; U; Windows NT 5.1; en-US; rv:1.9.2.6) Gecko/20100625 Firefox/3.6.6 ( .NET CLR 3.5.30729)"
24.16.139.158 - - [28/Jun/2010:01:43:41 -0700] "GET blackstardojo.org/images/avatars/86442633446eb7a6217d49.jpg HTTP/1.1" 404 1695 "http://blackstardojo.org/viewtopic.php?t=2362&start=15" "Mozilla/5.0 (Windows; U; Windows NT 5.1; en-US; rv:1.9.2.6) Gecko/20100625 Firefox/3.6.6 ( .NET CLR 3.5.30729)"
24.16.139.158 - - [28/Jun/2010:01:43:41 -0700] "GET blackstardojo.org/medals/challengemedalvy7.png HTTP/1.1" 304 - "http://blackstardojo.org/viewtopic.php?t=2362&start=15" "Mozilla/5.0 (Windows; U; Windows NT 5.1; en-US; rv:1.9.2.6) Gecko/20100625 Firefox/3.6.6 ( .NET CLR 3.5.30729)"
24.16.139.158 - - [28/Jun/2010:01:43:41 -0700] "GET blackstardojo.org/images/ranks/newbelts/Tiger/GreenTigerAdmin.png HTTP/1.1" 304 - "http://blackstardojo.org/viewtopic.php?t=2362&start=15" "Mozilla/5.0 (Windows; U; Windows NT 5.1; en-US; rv:1.9.2.6) Gecko/20100625 Firefox/3.6.6 ( .NET CLR 3.5.30729)"
24.16.139.158 - - [28/Jun/2010:01:43:41 -0700] "GET blackstardojo.org/images/ranks/a2k.png HTTP/1.1" 304 - "http://blackstardojo.org/viewtopic.php?t=2362&start=15" "Mozilla/5.0 (Windows; U; Windows NT 5.1; en-US; rv:1.9.2.6) Gecko/20100625 Firefox/3.6.6 ( .NET CLR 3.5.30729)"
24.16.139.158 - - [28/Jun/2010:01:43:41 -0700] "GET blackstardojo.org/medals/Guardian.gif HTTP/1.1" 304 - "http://blackstardojo.org/viewtopic.php?t=2362&start=15" "Mozilla/5.0 (Windows; U; Windows NT 5.1; en-US; rv:1.9.2.6) Gecko/20100625 Firefox/3.6.6 ( .NET CLR 3.5.30729)"
24.16.139.158 - - [28/Jun/2010:01:43:41 -0700] "GET blackstardojo.org/medals/BlobMedal.png HTTP/1.1" 304 - "http://blackstardojo.org/viewtopic.php?t=2362&start=15" "Mozilla/5.0 (Windows; U; Windows NT 5.1; en-US; rv:1.9.2.6) Gecko/20100625 Firefox/3.6.6 ( .NET CLR 3.5.30729)"
24.16.139.158 - - [28/Jun/2010:01:43:41 -0700] "GET blackstardojo.org/medals/bomb.png HTTP/1.1" 304 - "http://blackstardojo.org/viewtopic.php?t=2362&start=15" "Mozilla/5.0 (Windows; U; Windows NT 5.1; en-US; rv:1.9.2.6) Gecko/20100625 Firefox/3.6.6 ( .NET CLR 3.5.30729)"
24.16.139.158 - - [28/Jun/2010:01:43:42 -0700] "GET blackstardojo.org/medals/expedition.png HTTP/1.1" 304 - "http://blackstardojo.org/viewtopic.php?t=2362&start=15" "Mozilla/5.0 (Windows; U; Windows NT 5.1; en-US; rv:1.9.2.6) Gecko/20100625 Firefox/3.6.6 ( .NET CLR 3.5.30729)"
24.16.139.158 - - [28/Jun/2010:01:43:42 -0700] "GET blackstardojo.org/images/smiles/icon_confused.gif HTTP/1.1" 304 - "http://blackstardojo.org/viewtopic.php?t=2362&start=15" "Mozilla/5.0 (Windows; U; Windows NT 5.1; en-US; rv:1.9.2.6) Gecko/20100625 Firefox/3.6.6 ( .NET CLR 3.5.30729)"
24.16.139.158 - - [28/Jun/2010:01:43:42 -0700] "GET blackstardojo.org/images/avatars/1493995017472820256e410.jpg HTTP/1.1" 404 1695 "http://blackstardojo.org/viewtopic.php?t=2362&start=15" "Mozilla/5.0 (Windows; U; Windows NT 5.1; en-US; rv:1.9.2.6) Gecko/20100625 Firefox/3.6.6 ( .NET CLR 3.5.30729)"
24.16.139.158 - - [28/Jun/2010:01:43:42 -0700] "GET blackstardojo.org/images/ranks/newbelts/Owl/BlackOwlMod.png HTTP/1.1" 304 - "http://blackstardojo.org/viewtopic.php?t=2362&start=15" "Mozilla/5.0 (Windows; U; Windows NT 5.1; en-US; rv:1.9.2.6) Gecko/20100625 Firefox/3.6.6 ( .NET CLR 3.5.30729)"
24.16.139.158 - - [28/Jun/2010:01:43:42 -0700] "GET blackstardojo.org/medals/service.png HTTP/1.1" 304 - "http://blackstardojo.org/viewtopic.php?t=2362&start=15" "Mozilla/5.0 (Windows; U; Windows NT 5.1; en-US; rv:1.9.2.6) Gecko/20100625 Firefox/3.6.6 ( .NET CLR 3.5.30729)"
24.16.139.158 - - [28/Jun/2010:01:43:42 -0700] "GET blackstardojo.org/medals/VolcanoMedal.png HTTP/1.1" 304 - "http://blackstardojo.org/viewtopic.php?t=2362&start=15" "Mozilla/5.0 (Windows; U; Windows NT 5.1; en-US; rv:1.9.2.6) Gecko/20100625 Firefox/3.6.6 ( .NET CLR 3.5.30729)"
24.16.139.158 - - [28/Jun/2010:01:43:42 -0700] "GET blackstardojo.org/files/xrcu1_146.jpg HTTP/1.1" 304 - "http://blackstardojo.org/viewtopic.php?t=2362&start=15" "Mozilla/5.0 (Windows; U; Windows NT 5.1; en-US; rv:1.9.2.6) Gecko/20100625 Firefox/3.6.6 ( .NET CLR 3.5.30729)"
24.16.139.158 - - [28/Jun/2010:01:43:42 -0700] "GET blackstardojo.org/images/smiles/icon_razz.gif HTTP/1.1" 304 - "http://blackstardojo.org/viewtopic.php?t=2362&start=15" "Mozilla/5.0 (Windows; U; Windows NT 5.1; en-US; rv:1.9.2.6) Gecko/20100625 Firefox/3.6.6 ( .NET CLR 3.5.30729)"
24.16.139.158 - - [28/Jun/2010:01:43:42 -0700] "GET blackstardojo.org/templates/guildwars_tree/images/topic_move.gif HTTP/1.1" 304 - "http://blackstardojo.org/viewtopic.php?t=2362&start=15" "Mozilla/5.0 (Windows; U; Windows NT 5.1; en-US; rv:1.9.2.6) Gecko/20100625 Firefox/3.6.6 ( .NET CLR 3.5.30729)"
24.16.139.158 - - [28/Jun/2010:01:43:42 -0700] "GET blackstardojo.org/templates/guildwars_tree/images/topic_lock.gif HTTP/1.1" 304 - "http://blackstardojo.org/viewtopic.php?t=2362&start=15" "Mozilla/5.0 (Windows; U; Windows NT 5.1; en-US; rv:1.9.2.6) Gecko/20100625 Firefox/3.6.6 ( .NET CLR 3.5.30729)"
24.16.139.158 - - [28/Jun/2010:01:43:42 -0700] "GET blackstardojo.org/templates/guildwars_tree/images/topic_split.gif HTTP/1.1" 304 - "http://blackstardojo.org/viewtopic.php?t=2362&start=15" "Mozilla/5.0 (Windows; U; Windows NT 5.1; en-US; rv:1.9.2.6) Gecko/20100625 Firefox/3.6.6 ( .NET CLR 3.5.30729)"
24.16.139.158 - - [28/Jun/2010:01:43:42 -0700] "GET blackstardojo.org/templates/guildwars_tree/images/topic_delete.gif HTTP/1.1" 304 - "http://blackstardojo.org/viewtopic.php?t=2362&start=15" "Mozilla/5.0 (Windows; U; Windows NT 5.1; en-US; rv:1.9.2.6) Gecko/20100625 Firefox/3.6.6 ( .NET CLR 3.5.30729)"
