99.13.231.149 - - [14/Jun/2010:01:20:57 -0700] "GET www.blackstardojo.org/shop/images/Pokeball.gif HTTP/1.1" 200 314 "http://fuckyeahpokememe.tumblr.com/" "Mozilla/4.0 (compatible; MSIE 7.0; Windows NT 6.0; SLCC1; .NET CLR 2.0.50727; Media Center PC 5.0; Tablet PC 2.0; .NET CLR 3.5.30729; .NET CLR 3.0.30618; AskTB5.6)"
208.120.205.233 - - [14/Jun/2010:01:21:18 -0700] "GET www.blackstardojo.org/shop/images/Pokeball.gif HTTP/1.1" 200 314 "http://fuckyeahpokememe.tumblr.com/" "Mozilla/5.0 (Macintosh; U; Intel Mac OS X 10.5; en-US; rv:1.9.1.9) Gecko/20100315 Firefox/3.5.9"
67.195.111.226 - - [14/Jun/2010:01:21:27 -0700] "GET www.blackstardojo.org/search.php?search_author=EnDSchultz HTTP/1.0" 200 47314 "-" "Mozilla/5.0 (compatible; Yahoo! Slurp/3.0; http://help.yahoo.com/help/us/ysearch/slurp)"
67.195.111.226 - - [14/Jun/2010:01:21:40 -0700] "GET www.blackstardojo.org/wiki/index.php?title=Flour HTTP/1.0" 200 2666 "-" "Mozilla/5.0 (compatible; Yahoo! Slurp/3.0; http://help.yahoo.com/help/us/ysearch/slurp)"
67.195.111.226 - - [14/Jun/2010:01:21:44 -0700] "GET www.blackstardojo.org/viewtopic.php?t=1663&start=30 HTTP/1.0" 200 124259 "-" "Mozilla/5.0 (compatible; Yahoo! Slurp/3.0; http://help.yahoo.com/help/us/ysearch/slurp)"
67.195.115.240 - - [14/Jun/2010:01:21:46 -0700] "GET blackstardojo.org/viewtopic.php?t=2280 HTTP/1.0" 200 124903 "-" "Mozilla/5.0 (compatible; Yahoo! Slurp/3.0; http://help.yahoo.com/help/us/ysearch/slurp)"
67.195.111.226 - - [14/Jun/2010:01:23:03 -0700] "GET www.blackstardojo.org/vault.php?sid=0f5fd7227748fac32705bb8496326346 HTTP/1.0" 302 21932 "-" "Mozilla/5.0 (compatible; Yahoo! Slurp/3.0; http://help.yahoo.com/help/us/ysearch/slurp)"
67.195.111.226 - - [14/Jun/2010:01:23:04 -0700] "GET www.blackstardojo.org/login.php?redirect=vault.php&user_id=-1&sid=392ddd2bc22f4f1025abdf1b16639115 HTTP/1.0" 200 22226 "-" "Mozilla/5.0 (compatible; Yahoo! Slurp/3.0; http://help.yahoo.com/help/us/ysearch/slurp)"
70.173.253.202 - - [14/Jun/2010:01:23:10 -0700] "GET www.blackstardojo.org/shop/images/Pokeball.gif HTTP/1.1" 200 314 "http://fuckyeahpokememe.tumblr.com/" "Mozilla/5.0 (Macintosh; U; Intel Mac OS X 10.6; en-US; rv:1.9.2.3) Gecko/20100401 Firefox/3.6.3"
67.195.111.226 - - [14/Jun/2010:01:23:21 -0700] "GET www.blackstardojo.org/viewtopic.php?t=1576 HTTP/1.0" 200 119108 "-" "Mozilla/5.0 (compatible; Yahoo! Slurp/3.0; http://help.yahoo.com/help/us/ysearch/slurp)"
67.195.111.226 - - [14/Jun/2010:01:24:34 -0700] "GET www.blackstardojo.org/vault.php HTTP/1.0" 302 21932 "-" "Mozilla/5.0 (compatible; Yahoo! Slurp/3.0; http://help.yahoo.com/help/us/ysearch/slurp)"
67.195.111.226 - - [14/Jun/2010:01:24:36 -0700] "GET www.blackstardojo.org/login.php?redirect=vault.php&user_id=-1&sid=d161ec797cef3d8dbb53a94f109a09f9 HTTP/1.0" 200 22226 "-" "Mozilla/5.0 (compatible; Yahoo! Slurp/3.0; http://help.yahoo.com/help/us/ysearch/slurp)"
67.195.111.226 - - [14/Jun/2010:01:24:46 -0700] "GET www.blackstardojo.org/viewtopic.php?t=1576&view=previous HTTP/1.0" 200 133704 "-" "Mozilla/5.0 (compatible; Yahoo! Slurp/3.0; http://help.yahoo.com/help/us/ysearch/slurp)"
67.195.115.240 - - [14/Jun/2010:01:25:16 -0700] "GET blackstardojo.org/shop.php?action=inventory&searchid=194 HTTP/1.0" 302 11873 "-" "Mozilla/5.0 (compatible; Yahoo! Slurp/3.0; http://help.yahoo.com/help/us/ysearch/slurp)"
67.195.115.240 - - [14/Jun/2010:01:25:16 -0700] "GET blackstardojo.org/login.php?redirect=shop.php&action=inventory&searchid=194&sid=aab832dd5e4f2ebe27b17ef4f5155c37 HTTP/1.0" 200 22244 "-" "Mozilla/5.0 (compatible; Yahoo! Slurp/3.0; http://help.yahoo.com/help/us/ysearch/slurp)"
67.195.115.240 - - [14/Jun/2010:01:25:20 -0700] "GET blackstardojo.org/wiki/index.php?title=Blackstar_Dojo HTTP/1.0" 200 5401 "-" "Mozilla/5.0 (compatible; Yahoo! Slurp/3.0; http://help.yahoo.com/help/us/ysearch/slurp)"
70.27.247.93 - - [14/Jun/2010:01:26:23 -0700] "GET www.blackstardojo.org/shop/images/Pokeball.gif HTTP/1.1" 200 314 "http://fuckyeahpokememe.tumblr.com/" "Mozilla/5.0 (Windows; U; Windows NT 6.1; en-US; rv:1.9.2.3) Gecko/20100401 Firefox/3.6.3"
69.91.80.167 - - [14/Jun/2010:01:28:39 -0700] "GET www.blackstardojo.org/shop/images/Pokeball.gif HTTP/1.1" 200 314 "http://fuckyeahpokememe.tumblr.com/" "Mozilla/5.0 (Macintosh; U; Intel Mac OS X 10_5_8; en-US) AppleWebKit/533.4 (KHTML, like Gecko) Chrome/5.0.375.70 Safari/533.4"
67.195.111.226 - - [14/Jun/2010:01:28:59 -0700] "GET www.blackstardojo.org/wiki/index.php?title=Special:Recentchanges&limit=50&days=1&hidebots= HTTP/1.0" 200 2662 "-" "Mozilla/5.0 (compatible; Yahoo! Slurp/3.0; http://help.yahoo.com/help/us/ysearch/slurp)"
119.63.193.215 - - [14/Jun/2010:01:29:28 -0700] "GET www.blackstardojo.org/ HTTP/1.1" 200 73457 "-" "Mozilla/4.0 (compatible; MSIE 6.0; Windows NT 5.1)"
77.88.28.247 - - [14/Jun/2010:01:31:15 -0700] "GET www.blackstardojo.org/viewtopic.php?p=40852&sid=041083bbea1b0861fc67685becd0e5fb HTTP/1.1" 200 46211 "-" "Yandex/1.01.001 (compatible; Win16; I)"
67.195.115.240 - - [14/Jun/2010:01:31:17 -0700] "GET blackstardojo.org/wiki/index.php?title=Special:Recentchangeslinked/User:R6pu_buy_allopurinol_online_cheap HTTP/1.0" 200 2249 "-" "Mozilla/5.0 (compatible; Yahoo! Slurp/3.0; http://help.yahoo.com/help/us/ysearch/slurp)"
203.166.109.215 - - [14/Jun/2010:01:31:19 -0700] "GET blackstardojo.org/ HTTP/1.1" 200 65788 "-" "Mozilla/5.0 (Windows; U; Windows NT 6.1; en-GB; rv:1.9.2.3) Gecko/20100401 Firefox/3.6.3"
203.166.109.215 - - [14/Jun/2010:01:31:26 -0700] "POST blackstardojo.org/login.php HTTP/1.1" 302 51 "http://blackstardojo.org/" "Mozilla/5.0 (Windows; U; Windows NT 6.1; en-GB; rv:1.9.2.3) Gecko/20100401 Firefox/3.6.3"
67.195.111.226 - - [14/Jun/2010:01:31:27 -0700] "GET www.blackstardojo.org/posting.php?mode=newtopic&f=12 HTTP/1.0" 302 39 "-" "Mozilla/5.0 (compatible; Yahoo! Slurp/3.0; http://help.yahoo.com/help/us/ysearch/slurp)"
203.166.109.215 - - [14/Jun/2010:01:31:28 -0700] "GET www.blackstardojo.org/templates/guildwars_tree/images/header_logo_02.gif HTTP/1.1" 200 1050 "http://www.blackstardojo.org/index.php?sid=4431105c9e7e4fa30fb8be8fc291ceb8" "Mozilla/5.0 (Windows; U; Windows NT 6.1; en-GB; rv:1.9.2.3) Gecko/20100401 Firefox/3.6.3"
203.166.109.215 - - [14/Jun/2010:01:31:28 -0700] "GET www.blackstardojo.org/templates/guildwars_tree/images/header_logo_04.gif HTTP/1.1" 200 1050 "http://www.blackstardojo.org/index.php?sid=4431105c9e7e4fa30fb8be8fc291ceb8" "Mozilla/5.0 (Windows; U; Windows NT 6.1; en-GB; rv:1.9.2.3) Gecko/20100401 Firefox/3.6.3"
203.166.109.215 - - [14/Jun/2010:01:31:28 -0700] "GET www.blackstardojo.org/index.php?sid=4431105c9e7e4fa30fb8be8fc291ceb8 HTTP/1.1" 200 73578 "http://blackstardojo.org/" "Mozilla/5.0 (Windows; U; Windows NT 6.1; en-GB; rv:1.9.2.3) Gecko/20100401 Firefox/3.6.3"
203.166.109.215 - - [14/Jun/2010:01:31:28 -0700] "GET www.blackstardojo.org/templates/guildwars_tree/images/temblem_li.gif HTTP/1.1" 200 601 "http://www.blackstardojo.org/index.php?sid=4431105c9e7e4fa30fb8be8fc291ceb8" "Mozilla/5.0 (Windows; U; Windows NT 6.1; en-GB; rv:1.9.2.3) Gecko/20100401 Firefox/3.6.3"
67.195.111.226 - - [14/Jun/2010:01:31:28 -0700] "GET www.blackstardojo.org/login.php?redirect=posting.php&mode=newtopic&f=12&sid=fba3327ae2c32c758ab32c2d4cc94a27 HTTP/1.0" 200 22236 "-" "Mozilla/5.0 (compatible; Yahoo! Slurp/3.0; http://help.yahoo.com/help/us/ysearch/slurp)"
203.166.109.215 - - [14/Jun/2010:01:31:28 -0700] "GET www.blackstardojo.org/favicon.gif HTTP/1.1" 200 20142 "-" "Mozilla/5.0 (Windows; U; Windows NT 6.1; en-GB; rv:1.9.2.3) Gecko/20100401 Firefox/3.6.3"
203.166.109.215 - - [14/Jun/2010:01:31:28 -0700] "GET www.blackstardojo.org/templates/guildwars_tree/images/temblem_re.gif HTTP/1.1" 200 606 "http://www.blackstardojo.org/index.php?sid=4431105c9e7e4fa30fb8be8fc291ceb8" "Mozilla/5.0 (Windows; U; Windows NT 6.1; en-GB; rv:1.9.2.3) Gecko/20100401 Firefox/3.6.3"
203.166.109.215 - - [14/Jun/2010:01:31:28 -0700] "GET www.blackstardojo.org/forum_images/scroll.png HTTP/1.1" 200 3976 "http://www.blackstardojo.org/index.php?sid=4431105c9e7e4fa30fb8be8fc291ceb8" "Mozilla/5.0 (Windows; U; Windows NT 6.1; en-GB; rv:1.9.2.3) Gecko/20100401 Firefox/3.6.3"
203.166.109.215 - - [14/Jun/2010:01:31:28 -0700] "GET www.blackstardojo.org/templates/guildwars_tree/images/icon_latest_reply.gif HTTP/1.1" 200 952 "http://www.blackstardojo.org/index.php?sid=4431105c9e7e4fa30fb8be8fc291ceb8" "Mozilla/5.0 (Windows; U; Windows NT 6.1; en-GB; rv:1.9.2.3) Gecko/20100401 Firefox/3.6.3"
203.166.109.215 - - [14/Jun/2010:01:31:28 -0700] "GET www.blackstardojo.org/templates/guildwars_tree/images/header_logo_03.gif HTTP/1.1" 200 23856 "http://www.blackstardojo.org/index.php?sid=4431105c9e7e4fa30fb8be8fc291ceb8" "Mozilla/5.0 (Windows; U; Windows NT 6.1; en-GB; rv:1.9.2.3) Gecko/20100401 Firefox/3.6.3"
203.166.109.215 - - [14/Jun/2010:01:31:28 -0700] "GET www.blackstardojo.org/forum_images/pin.png HTTP/1.1" 200 2520 "http://www.blackstardojo.org/index.php?sid=4431105c9e7e4fa30fb8be8fc291ceb8" "Mozilla/5.0 (Windows; U; Windows NT 6.1; en-GB; rv:1.9.2.3) Gecko/20100401 Firefox/3.6.3"
203.166.109.215 - - [14/Jun/2010:01:31:29 -0700] "GET www.blackstardojo.org/templates/guildwars_tree/images/header_logo_01.gif HTTP/1.1" 200 26822 "http://www.blackstardojo.org/index.php?sid=4431105c9e7e4fa30fb8be8fc291ceb8" "Mozilla/5.0 (Windows; U; Windows NT 6.1; en-GB; rv:1.9.2.3) Gecko/20100401 Firefox/3.6.3"
203.166.109.215 - - [14/Jun/2010:01:31:29 -0700] "GET www.blackstardojo.org/templates/guildwars_tree/images/cellpic3.gif HTTP/1.1" 200 256 "http://www.blackstardojo.org/index.php?sid=4431105c9e7e4fa30fb8be8fc291ceb8" "Mozilla/5.0 (Windows; U; Windows NT 6.1; en-GB; rv:1.9.2.3) Gecko/20100401 Firefox/3.6.3"
203.166.109.215 - - [14/Jun/2010:01:31:29 -0700] "GET www.blackstardojo.org/templates/guildwars_tree/images/cellpic1.gif HTTP/1.1" 200 281 "http://www.blackstardojo.org/index.php?sid=4431105c9e7e4fa30fb8be8fc291ceb8" "Mozilla/5.0 (Windows; U; Windows NT 6.1; en-GB; rv:1.9.2.3) Gecko/20100401 Firefox/3.6.3"
203.166.109.215 - - [14/Jun/2010:01:31:29 -0700] "GET www.blackstardojo.org/templates/guildwars_tree/images/cellpic2.gif HTTP/1.1" 200 1161 "http://www.blackstardojo.org/index.php?sid=4431105c9e7e4fa30fb8be8fc291ceb8" "Mozilla/5.0 (Windows; U; Windows NT 6.1; en-GB; rv:1.9.2.3) Gecko/20100401 Firefox/3.6.3"
203.166.109.215 - - [14/Jun/2010:01:31:29 -0700] "GET www.blackstardojo.org/templates/guildwars_tree/images/header_logo_05.gif HTTP/1.1" 200 26586 "http://www.blackstardojo.org/index.php?sid=4431105c9e7e4fa30fb8be8fc291ceb8" "Mozilla/5.0 (Windows; U; Windows NT 6.1; en-GB; rv:1.9.2.3) Gecko/20100401 Firefox/3.6.3"
203.166.109.215 - - [14/Jun/2010:01:31:29 -0700] "GET www.blackstardojo.org/forum_images/bug.png HTTP/1.1" 200 2734 "http://www.blackstardojo.org/index.php?sid=4431105c9e7e4fa30fb8be8fc291ceb8" "Mozilla/5.0 (Windows; U; Windows NT 6.1; en-GB; rv:1.9.2.3) Gecko/20100401 Firefox/3.6.3"
203.166.109.215 - - [14/Jun/2010:01:31:29 -0700] "GET www.blackstardojo.org/forum_images/dragon.png HTTP/1.1" 200 4520 "http://www.blackstardojo.org/index.php?sid=4431105c9e7e4fa30fb8be8fc291ceb8" "Mozilla/5.0 (Windows; U; Windows NT 6.1; en-GB; rv:1.9.2.3) Gecko/20100401 Firefox/3.6.3"
203.166.109.215 - - [14/Jun/2010:01:31:29 -0700] "GET www.blackstardojo.org/forum_images/star.png HTTP/1.1" 200 2442 "http://www.blackstardojo.org/index.php?sid=4431105c9e7e4fa30fb8be8fc291ceb8" "Mozilla/5.0 (Windows; U; Windows NT 6.1; en-GB; rv:1.9.2.3) Gecko/20100401 Firefox/3.6.3"
203.166.109.215 - - [14/Jun/2010:01:31:29 -0700] "GET www.blackstardojo.org/forum_images/chat.png HTTP/1.1" 200 3555 "http://www.blackstardojo.org/index.php?sid=4431105c9e7e4fa30fb8be8fc291ceb8" "Mozilla/5.0 (Windows; U; Windows NT 6.1; en-GB; rv:1.9.2.3) Gecko/20100401 Firefox/3.6.3"
203.166.109.215 - - [14/Jun/2010:01:31:29 -0700] "GET www.blackstardojo.org/forum_images/shame.png HTTP/1.1" 200 3532 "http://www.blackstardojo.org/index.php?sid=4431105c9e7e4fa30fb8be8fc291ceb8" "Mozilla/5.0 (Windows; U; Windows NT 6.1; en-GB; rv:1.9.2.3) Gecko/20100401 Firefox/3.6.3"
203.166.109.215 - - [14/Jun/2010:01:31:29 -0700] "GET www.blackstardojo.org/forum_images/archives.png HTTP/1.1" 200 3097 "http://www.blackstardojo.org/index.php?sid=4431105c9e7e4fa30fb8be8fc291ceb8" "Mozilla/5.0 (Windows; U; Windows NT 6.1; en-GB; rv:1.9.2.3) Gecko/20100401 Firefox/3.6.3"
203.166.109.215 - - [14/Jun/2010:01:31:29 -0700] "GET www.blackstardojo.org/forum_images/dna.png HTTP/1.1" 200 2713 "http://www.blackstardojo.org/index.php?sid=4431105c9e7e4fa30fb8be8fc291ceb8" "Mozilla/5.0 (Windows; U; Windows NT 6.1; en-GB; rv:1.9.2.3) Gecko/20100401 Firefox/3.6.3"
203.166.109.215 - - [14/Jun/2010:01:31:29 -0700] "GET www.blackstardojo.org/forum_images/bunker.png HTTP/1.1" 200 2649 "http://www.blackstardojo.org/index.php?sid=4431105c9e7e4fa30fb8be8fc291ceb8" "Mozilla/5.0 (Windows; U; Windows NT 6.1; en-GB; rv:1.9.2.3) Gecko/20100401 Firefox/3.6.3"
203.166.109.215 - - [14/Jun/2010:01:31:29 -0700] "GET www.blackstardojo.org/forum_images/art.png HTTP/1.1" 200 4214 "http://www.blackstardojo.org/index.php?sid=4431105c9e7e4fa30fb8be8fc291ceb8" "Mozilla/5.0 (Windows; U; Windows NT 6.1; en-GB; rv:1.9.2.3) Gecko/20100401 Firefox/3.6.3"
203.166.109.215 - - [14/Jun/2010:01:31:29 -0700] "GET www.blackstardojo.org/forum_images/ampitheater.png HTTP/1.1" 200 3639 "http://www.blackstardojo.org/index.php?sid=4431105c9e7e4fa30fb8be8fc291ceb8" "Mozilla/5.0 (Windows; U; Windows NT 6.1; en-GB; rv:1.9.2.3) Gecko/20100401 Firefox/3.6.3"
203.166.109.215 - - [14/Jun/2010:01:31:29 -0700] "GET www.blackstardojo.org/forum_images/bingo.png HTTP/1.1" 200 2859 "http://www.blackstardojo.org/index.php?sid=4431105c9e7e4fa30fb8be8fc291ceb8" "Mozilla/5.0 (Windows; U; Windows NT 6.1; en-GB; rv:1.9.2.3) Gecko/20100401 Firefox/3.6.3"
203.166.109.215 - - [14/Jun/2010:01:31:29 -0700] "GET www.blackstardojo.org/forum_images/market.png HTTP/1.1" 200 3915 "http://www.blackstardojo.org/index.php?sid=4431105c9e7e4fa30fb8be8fc291ceb8" "Mozilla/5.0 (Windows; U; Windows NT 6.1; en-GB; rv:1.9.2.3) Gecko/20100401 Firefox/3.6.3"
203.166.109.215 - - [14/Jun/2010:01:31:29 -0700] "GET www.blackstardojo.org/forum_images/meeting.png HTTP/1.1" 200 2434 "http://www.blackstardojo.org/index.php?sid=4431105c9e7e4fa30fb8be8fc291ceb8" "Mozilla/5.0 (Windows; U; Windows NT 6.1; en-GB; rv:1.9.2.3) Gecko/20100401 Firefox/3.6.3"
203.166.109.215 - - [14/Jun/2010:01:31:29 -0700] "GET www.blackstardojo.org/forum_images/suggestion.png HTTP/1.1" 200 2959 "http://www.blackstardojo.org/index.php?sid=4431105c9e7e4fa30fb8be8fc291ceb8" "Mozilla/5.0 (Windows; U; Windows NT 6.1; en-GB; rv:1.9.2.3) Gecko/20100401 Firefox/3.6.3"
203.166.109.215 - - [14/Jun/2010:01:31:29 -0700] "GET www.blackstardojo.org/forum_images/olympics.png HTTP/1.1" 200 3195 "http://www.blackstardojo.org/index.php?sid=4431105c9e7e4fa30fb8be8fc291ceb8" "Mozilla/5.0 (Windows; U; Windows NT 6.1; en-GB; rv:1.9.2.3) Gecko/20100401 Firefox/3.6.3"
203.166.109.215 - - [14/Jun/2010:01:31:29 -0700] "GET www.blackstardojo.org/forum_images/dojopolis.png HTTP/1.1" 200 3146 "http://www.blackstardojo.org/index.php?sid=4431105c9e7e4fa30fb8be8fc291ceb8" "Mozilla/5.0 (Windows; U; Windows NT 6.1; en-GB; rv:1.9.2.3) Gecko/20100401 Firefox/3.6.3"
203.166.109.215 - - [14/Jun/2010:01:31:29 -0700] "GET www.blackstardojo.org/forum_images/pumpkin.png HTTP/1.1" 200 4271 "http://www.blackstardojo.org/index.php?sid=4431105c9e7e4fa30fb8be8fc291ceb8" "Mozilla/5.0 (Windows; U; Windows NT 6.1; en-GB; rv:1.9.2.3) Gecko/20100401 Firefox/3.6.3"
203.166.109.215 - - [14/Jun/2010:01:31:29 -0700] "GET www.blackstardojo.org/forum_images/cave.png HTTP/1.1" 200 3899 "http://www.blackstardojo.org/index.php?sid=4431105c9e7e4fa30fb8be8fc291ceb8" "Mozilla/5.0 (Windows; U; Windows NT 6.1; en-GB; rv:1.9.2.3) Gecko/20100401 Firefox/3.6.3"
203.166.109.215 - - [14/Jun/2010:01:31:30 -0700] "GET www.blackstardojo.org/forum_images/wolf.png HTTP/1.1" 200 2819 "http://www.blackstardojo.org/index.php?sid=4431105c9e7e4fa30fb8be8fc291ceb8" "Mozilla/5.0 (Windows; U; Windows NT 6.1; en-GB; rv:1.9.2.3) Gecko/20100401 Firefox/3.6.3"
203.166.109.215 - - [14/Jun/2010:01:31:30 -0700] "GET www.blackstardojo.org/forum_images/training.png HTTP/1.1" 200 3129 "http://www.blackstardojo.org/index.php?sid=4431105c9e7e4fa30fb8be8fc291ceb8" "Mozilla/5.0 (Windows; U; Windows NT 6.1; en-GB; rv:1.9.2.3) Gecko/20100401 Firefox/3.6.3"
203.166.109.215 - - [14/Jun/2010:01:31:30 -0700] "GET www.blackstardojo.org/forum_images/south.png HTTP/1.1" 200 2821 "http://www.blackstardojo.org/index.php?sid=4431105c9e7e4fa30fb8be8fc291ceb8" "Mozilla/5.0 (Windows; U; Windows NT 6.1; en-GB; rv:1.9.2.3) Gecko/20100401 Firefox/3.6.3"
203.166.109.215 - - [14/Jun/2010:01:31:30 -0700] "GET www.blackstardojo.org/forum_images/sanctuary.png HTTP/1.1" 200 3395 "http://www.blackstardojo.org/index.php?sid=4431105c9e7e4fa30fb8be8fc291ceb8" "Mozilla/5.0 (Windows; U; Windows NT 6.1; en-GB; rv:1.9.2.3) Gecko/20100401 Firefox/3.6.3"
203.166.109.215 - - [14/Jun/2010:01:31:30 -0700] "GET www.blackstardojo.org/forum_images/north.png HTTP/1.1" 200 4238 "http://www.blackstardojo.org/index.php?sid=4431105c9e7e4fa30fb8be8fc291ceb8" "Mozilla/5.0 (Windows; U; Windows NT 6.1; en-GB; rv:1.9.2.3) Gecko/20100401 Firefox/3.6.3"
203.166.109.215 - - [14/Jun/2010:01:31:30 -0700] "GET www.blackstardojo.org/forum_images/citadel.png HTTP/1.1" 200 3081 "http://www.blackstardojo.org/index.php?sid=4431105c9e7e4fa30fb8be8fc291ceb8" "Mozilla/5.0 (Windows; U; Windows NT 6.1; en-GB; rv:1.9.2.3) Gecko/20100401 Firefox/3.6.3"
203.166.109.215 - - [14/Jun/2010:01:31:30 -0700] "GET www.blackstardojo.org/forum_images/arena.png HTTP/1.1" 200 4047 "http://www.blackstardojo.org/index.php?sid=4431105c9e7e4fa30fb8be8fc291ceb8" "Mozilla/5.0 (Windows; U; Windows NT 6.1; en-GB; rv:1.9.2.3) Gecko/20100401 Firefox/3.6.3"
203.166.109.215 - - [14/Jun/2010:01:31:30 -0700] "GET www.blackstardojo.org/templates/guildwars_tree/images/whosonline.gif HTTP/1.1" 200 6108 "http://www.blackstardojo.org/index.php?sid=4431105c9e7e4fa30fb8be8fc291ceb8" "Mozilla/5.0 (Windows; U; Windows NT 6.1; en-GB; rv:1.9.2.3) Gecko/20100401 Firefox/3.6.3"
203.166.109.215 - - [14/Jun/2010:01:31:30 -0700] "GET www.blackstardojo.org/forum_images/norn.png HTTP/1.1" 200 2834 "http://www.blackstardojo.org/index.php?sid=4431105c9e7e4fa30fb8be8fc291ceb8" "Mozilla/5.0 (Windows; U; Windows NT 6.1; en-GB; rv:1.9.2.3) Gecko/20100401 Firefox/3.6.3"
203.166.109.215 - - [14/Jun/2010:01:31:30 -0700] "GET www.blackstardojo.org/templates/guildwars_tree/images/icon_birthday.gif HTTP/1.1" 200 1795 "http://www.blackstardojo.org/index.php?sid=4431105c9e7e4fa30fb8be8fc291ceb8" "Mozilla/5.0 (Windows; U; Windows NT 6.1; en-GB; rv:1.9.2.3) Gecko/20100401 Firefox/3.6.3"
203.166.109.215 - - [14/Jun/2010:01:31:30 -0700] "GET www.blackstardojo.org/templates/guildwars_tree/images/folder_new_big.gif HTTP/1.1" 200 1121 "http://www.blackstardojo.org/index.php?sid=4431105c9e7e4fa30fb8be8fc291ceb8" "Mozilla/5.0 (Windows; U; Windows NT 6.1; en-GB; rv:1.9.2.3) Gecko/20100401 Firefox/3.6.3"
203.166.109.215 - - [14/Jun/2010:01:31:30 -0700] "GET www.blackstardojo.org/templates/guildwars_tree/images/folder_big.gif HTTP/1.1" 200 713 "http://www.blackstardojo.org/index.php?sid=4431105c9e7e4fa30fb8be8fc291ceb8" "Mozilla/5.0 (Windows; U; Windows NT 6.1; en-GB; rv:1.9.2.3) Gecko/20100401 Firefox/3.6.3"
203.166.109.215 - - [14/Jun/2010:01:31:30 -0700] "GET www.blackstardojo.org/templates/guildwars_tree/images/folder_locked_big.gif HTTP/1.1" 200 1209 "http://www.blackstardojo.org/index.php?sid=4431105c9e7e4fa30fb8be8fc291ceb8" "Mozilla/5.0 (Windows; U; Windows NT 6.1; en-GB; rv:1.9.2.3) Gecko/20100401 Firefox/3.6.3"
203.166.109.215 - - [14/Jun/2010:01:31:36 -0700] "GET www.blackstardojo.org/viewforum.php?f=9&sid=e58dc58d36e8c3b6efa2b5d3b1a43ca7 HTTP/1.1" 200 38385 "http://www.blackstardojo.org/index.php?sid=4431105c9e7e4fa30fb8be8fc291ceb8" "Mozilla/5.0 (Windows; U; Windows NT 6.1; en-GB; rv:1.9.2.3) Gecko/20100401 Firefox/3.6.3"
203.166.109.215 - - [14/Jun/2010:01:31:37 -0700] "GET www.blackstardojo.org/templates/guildwars_tree/images/folder_announce.gif HTTP/1.1" 200 364 "http://www.blackstardojo.org/viewforum.php?f=9&sid=e58dc58d36e8c3b6efa2b5d3b1a43ca7" "Mozilla/5.0 (Windows; U; Windows NT 6.1; en-GB; rv:1.9.2.3) Gecko/20100401 Firefox/3.6.3"
203.166.109.215 - - [14/Jun/2010:01:31:37 -0700] "GET www.blackstardojo.org/templates/guildwars_tree/images/lang_english/post.gif HTTP/1.1" 200 1761 "http://www.blackstardojo.org/viewforum.php?f=9&sid=e58dc58d36e8c3b6efa2b5d3b1a43ca7" "Mozilla/5.0 (Windows; U; Windows NT 6.1; en-GB; rv:1.9.2.3) Gecko/20100401 Firefox/3.6.3"
203.166.109.215 - - [14/Jun/2010:01:31:37 -0700] "GET www.blackstardojo.org/templates/guildwars_tree/images/icon_minipost.gif HTTP/1.1" 200 877 "http://www.blackstardojo.org/viewforum.php?f=9&sid=e58dc58d36e8c3b6efa2b5d3b1a43ca7" "Mozilla/5.0 (Windows; U; Windows NT 6.1; en-GB; rv:1.9.2.3) Gecko/20100401 Firefox/3.6.3"
203.166.109.215 - - [14/Jun/2010:01:31:37 -0700] "GET www.blackstardojo.org/templates/guildwars_tree/images/folder.gif HTTP/1.1" 200 344 "http://www.blackstardojo.org/viewforum.php?f=9&sid=e58dc58d36e8c3b6efa2b5d3b1a43ca7" "Mozilla/5.0 (Windows; U; Windows NT 6.1; en-GB; rv:1.9.2.3) Gecko/20100401 Firefox/3.6.3"
203.166.109.215 - - [14/Jun/2010:01:31:37 -0700] "GET www.blackstardojo.org/templates/guildwars_tree/images/folder_new.gif HTTP/1.1" 200 348 "http://www.blackstardojo.org/viewforum.php?f=9&sid=e58dc58d36e8c3b6efa2b5d3b1a43ca7" "Mozilla/5.0 (Windows; U; Windows NT 6.1; en-GB; rv:1.9.2.3) Gecko/20100401 Firefox/3.6.3"
203.166.109.215 - - [14/Jun/2010:01:31:37 -0700] "GET www.blackstardojo.org/templates/guildwars_tree/images/folder_new_hot.gif HTTP/1.1" 200 598 "http://www.blackstardojo.org/viewforum.php?f=9&sid=e58dc58d36e8c3b6efa2b5d3b1a43ca7" "Mozilla/5.0 (Windows; U; Windows NT 6.1; en-GB; rv:1.9.2.3) Gecko/20100401 Firefox/3.6.3"
203.166.109.215 - - [14/Jun/2010:01:31:37 -0700] "GET www.blackstardojo.org/templates/guildwars_tree/images/folder_sticky.gif HTTP/1.1" 200 392 "http://www.blackstardojo.org/viewforum.php?f=9&sid=e58dc58d36e8c3b6efa2b5d3b1a43ca7" "Mozilla/5.0 (Windows; U; Windows NT 6.1; en-GB; rv:1.9.2.3) Gecko/20100401 Firefox/3.6.3"
203.166.109.215 - - [14/Jun/2010:01:31:37 -0700] "GET www.blackstardojo.org/templates/guildwars_tree/images/folder_lock_new.gif HTTP/1.1" 200 591 "http://www.blackstardojo.org/viewforum.php?f=9&sid=e58dc58d36e8c3b6efa2b5d3b1a43ca7" "Mozilla/5.0 (Windows; U; Windows NT 6.1; en-GB; rv:1.9.2.3) Gecko/20100401 Firefox/3.6.3"
203.166.109.215 - - [14/Jun/2010:01:31:37 -0700] "GET www.blackstardojo.org/templates/guildwars_tree/images/folder_hot.gif HTTP/1.1" 200 385 "http://www.blackstardojo.org/viewforum.php?f=9&sid=e58dc58d36e8c3b6efa2b5d3b1a43ca7" "Mozilla/5.0 (Windows; U; Windows NT 6.1; en-GB; rv:1.9.2.3) Gecko/20100401 Firefox/3.6.3"
203.166.109.215 - - [14/Jun/2010:01:31:37 -0700] "GET www.blackstardojo.org/templates/guildwars_tree/images/folder_lock.gif HTTP/1.1" 200 590 "http://www.blackstardojo.org/viewforum.php?f=9&sid=e58dc58d36e8c3b6efa2b5d3b1a43ca7" "Mozilla/5.0 (Windows; U; Windows NT 6.1; en-GB; rv:1.9.2.3) Gecko/20100401 Firefox/3.6.3"
203.166.109.215 - - [14/Jun/2010:01:31:41 -0700] "GET www.blackstardojo.org/viewtopic.php?t=2226&start=270 HTTP/1.1" 200 59374 "http://www.blackstardojo.org/viewforum.php?f=9&sid=e58dc58d36e8c3b6efa2b5d3b1a43ca7" "Mozilla/5.0 (Windows; U; Windows NT 6.1; en-GB; rv:1.9.2.3) Gecko/20100401 Firefox/3.6.3"
203.166.109.215 - - [14/Jun/2010:01:31:41 -0700] "GET www.blackstardojo.org/templates/guildwars_tree/images/lang_english/reply.gif HTTP/1.1" 200 1756 "http://www.blackstardojo.org/viewtopic.php?t=2226&start=270" "Mozilla/5.0 (Windows; U; Windows NT 6.1; en-GB; rv:1.9.2.3) Gecko/20100401 Firefox/3.6.3"
203.166.109.215 - - [14/Jun/2010:01:31:41 -0700] "GET www.blackstardojo.org/images/ranks/weirdbelt.png HTTP/1.1" 200 6196 "http://www.blackstardojo.org/viewtopic.php?t=2226&start=270" "Mozilla/5.0 (Windows; U; Windows NT 6.1; en-GB; rv:1.9.2.3) Gecko/20100401 Firefox/3.6.3"
203.166.109.215 - - [14/Jun/2010:01:31:41 -0700] "GET www.blackstardojo.org/templates/guildwars_tree/images/rank6.gif HTTP/1.1" 200 1086 "http://www.blackstardojo.org/viewtopic.php?t=2226&start=270" "Mozilla/5.0 (Windows; U; Windows NT 6.1; en-GB; rv:1.9.2.3) Gecko/20100401 Firefox/3.6.3"
203.166.109.215 - - [14/Jun/2010:01:31:41 -0700] "GET www.blackstardojo.org/images/ranks/powerapathy.png HTTP/1.1" 200 966 "http://www.blackstardojo.org/viewtopic.php?t=2226&start=270" "Mozilla/5.0 (Windows; U; Windows NT 6.1; en-GB; rv:1.9.2.3) Gecko/20100401 Firefox/3.6.3"
203.166.109.215 - - [14/Jun/2010:01:31:41 -0700] "GET www.blackstardojo.org/images/avatars/12541419624aaec8492d77d.png HTTP/1.1" 200 10522 "http://www.blackstardojo.org/viewtopic.php?t=2226&start=270" "Mozilla/5.0 (Windows; U; Windows NT 6.1; en-GB; rv:1.9.2.3) Gecko/20100401 Firefox/3.6.3"
203.166.109.215 - - [14/Jun/2010:01:31:41 -0700] "GET www.blackstardojo.org/medals/imagination.png HTTP/1.1" 200 3402 "http://www.blackstardojo.org/viewtopic.php?t=2226&start=270" "Mozilla/5.0 (Windows; U; Windows NT 6.1; en-GB; rv:1.9.2.3) Gecko/20100401 Firefox/3.6.3"
203.166.109.215 - - [14/Jun/2010:01:31:42 -0700] "GET www.blackstardojo.org/templates/guildwars_tree/images/spacer.gif HTTP/1.1" 200 43 "http://www.blackstardojo.org/viewtopic.php?t=2226&start=270" "Mozilla/5.0 (Windows; U; Windows NT 6.1; en-GB; rv:1.9.2.3) Gecko/20100401 Firefox/3.6.3"
203.166.109.215 - - [14/Jun/2010:01:31:42 -0700] "GET www.blackstardojo.org/medals/doagmedal_212.png HTTP/1.1" 200 1418 "http://www.blackstardojo.org/viewtopic.php?t=2226&start=270" "Mozilla/5.0 (Windows; U; Windows NT 6.1; en-GB; rv:1.9.2.3) Gecko/20100401 Firefox/3.6.3"
203.166.109.215 - - [14/Jun/2010:01:31:42 -0700] "GET www.blackstardojo.org/medals/bomb.png HTTP/1.1" 200 1251 "http://www.blackstardojo.org/viewtopic.php?t=2226&start=270" "Mozilla/5.0 (Windows; U; Windows NT 6.1; en-GB; rv:1.9.2.3) Gecko/20100401 Firefox/3.6.3"
203.166.109.215 - - [14/Jun/2010:01:31:42 -0700] "GET www.blackstardojo.org/templates/guildwars_tree/images/lang_english/icon_quote.gif HTTP/1.1" 200 1139 "http://www.blackstardojo.org/viewtopic.php?t=2226&start=270" "Mozilla/5.0 (Windows; U; Windows NT 6.1; en-GB; rv:1.9.2.3) Gecko/20100401 Firefox/3.6.3"
203.166.109.215 - - [14/Jun/2010:01:31:42 -0700] "GET www.blackstardojo.org/templates/guildwars_tree/images/lang_english/icon_profile.gif HTTP/1.1" 200 736 "http://www.blackstardojo.org/viewtopic.php?t=2226&start=270" "Mozilla/5.0 (Windows; U; Windows NT 6.1; en-GB; rv:1.9.2.3) Gecko/20100401 Firefox/3.6.3"
203.166.109.215 - - [14/Jun/2010:01:31:42 -0700] "GET www.blackstardojo.org/templates/guildwars_tree/images/lang_english/icon_pm.gif HTTP/1.1" 200 679 "http://www.blackstardojo.org/viewtopic.php?t=2226&start=270" "Mozilla/5.0 (Windows; U; Windows NT 6.1; en-GB; rv:1.9.2.3) Gecko/20100401 Firefox/3.6.3"
203.166.109.215 - - [14/Jun/2010:01:31:42 -0700] "GET www.blackstardojo.org/images/avatars/22096719247814d7840a70.jpg HTTP/1.1" 404 1695 "http://www.blackstardojo.org/viewtopic.php?t=2226&start=270" "Mozilla/5.0 (Windows; U; Windows NT 6.1; en-GB; rv:1.9.2.3) Gecko/20100401 Firefox/3.6.3"
203.166.109.215 - - [14/Jun/2010:01:31:42 -0700] "GET www.blackstardojo.org/images/ranks/ECRANK.PNG HTTP/1.1" 200 3312 "http://www.blackstardojo.org/viewtopic.php?t=2226&start=270" "Mozilla/5.0 (Windows; U; Windows NT 6.1; en-GB; rv:1.9.2.3) Gecko/20100401 Firefox/3.6.3"
203.166.109.215 - - [14/Jun/2010:01:31:42 -0700] "GET www.blackstardojo.org/medals/BlobMedal.png HTTP/1.1" 200 4345 "http://www.blackstardojo.org/viewtopic.php?t=2226&start=270" "Mozilla/5.0 (Windows; U; Windows NT 6.1; en-GB; rv:1.9.2.3) Gecko/20100401 Firefox/3.6.3"
203.166.109.215 - - [14/Jun/2010:01:31:42 -0700] "GET www.blackstardojo.org/images/ranks/newbelts/Fox/GreenFox.png HTTP/1.1" 404 1695 "http://www.blackstardojo.org/viewtopic.php?t=2226&start=270" "Mozilla/5.0 (Windows; U; Windows NT 6.1; en-GB; rv:1.9.2.3) Gecko/20100401 Firefox/3.6.3"
203.166.109.215 - - [14/Jun/2010:01:31:42 -0700] "GET www.blackstardojo.org/medals/VilePlottingMedal.gif HTTP/1.1" 200 1706 "http://www.blackstardojo.org/viewtopic.php?t=2226&start=270" "Mozilla/5.0 (Windows; U; Windows NT 6.1; en-GB; rv:1.9.2.3) Gecko/20100401 Firefox/3.6.3"
203.166.109.215 - - [14/Jun/2010:01:31:42 -0700] "GET www.blackstardojo.org/templates/guildwars_tree/images/lang_english/icon_email.gif HTTP/1.1" 200 728 "http://www.blackstardojo.org/viewtopic.php?t=2226&start=270" "Mozilla/5.0 (Windows; U; Windows NT 6.1; en-GB; rv:1.9.2.3) Gecko/20100401 Firefox/3.6.3"
203.166.109.215 - - [14/Jun/2010:01:31:42 -0700] "GET www.blackstardojo.org/templates/guildwars_tree/images/lang_english/icon_aim.gif HTTP/1.1" 200 697 "http://www.blackstardojo.org/viewtopic.php?t=2226&start=270" "Mozilla/5.0 (Windows; U; Windows NT 6.1; en-GB; rv:1.9.2.3) Gecko/20100401 Firefox/3.6.3"
203.166.109.215 - - [14/Jun/2010:01:31:42 -0700] "GET www.blackstardojo.org/images/ranks/newbelts/Chameleon/BlackChameleonMod.png HTTP/1.1" 200 8678 "http://www.blackstardojo.org/viewtopic.php?t=2226&start=270" "Mozilla/5.0 (Windows; U; Windows NT 6.1; en-GB; rv:1.9.2.3) Gecko/20100401 Firefox/3.6.3"
203.166.109.215 - - [14/Jun/2010:01:31:42 -0700] "GET www.blackstardojo.org/images/ranks/newbelts/Mantis/GreenMantisMod.png HTTP/1.1" 200 8642 "http://www.blackstardojo.org/viewtopic.php?t=2226&start=270" "Mozilla/5.0 (Windows; U; Windows NT 6.1; en-GB; rv:1.9.2.3) Gecko/20100401 Firefox/3.6.3"
203.166.109.215 - - [14/Jun/2010:01:31:42 -0700] "GET www.blackstardojo.org/images/ranks/gameware.png HTTP/1.1" 200 2341 "http://www.blackstardojo.org/viewtopic.php?t=2226&start=270" "Mozilla/5.0 (Windows; U; Windows NT 6.1; en-GB; rv:1.9.2.3) Gecko/20100401 Firefox/3.6.3"
203.166.109.215 - - [14/Jun/2010:01:31:42 -0700] "GET www.blackstardojo.org/images/avatars/86442633446eb7a6217d49.jpg HTTP/1.1" 404 1695 "http://www.blackstardojo.org/viewtopic.php?t=2226&start=270" "Mozilla/5.0 (Windows; U; Windows NT 6.1; en-GB; rv:1.9.2.3) Gecko/20100401 Firefox/3.6.3"
203.166.109.215 - - [14/Jun/2010:01:31:42 -0700] "GET www.blackstardojo.org/medals/ConcordatMedal.png HTTP/1.1" 200 3047 "http://www.blackstardojo.org/viewtopic.php?t=2226&start=270" "Mozilla/5.0 (Windows; U; Windows NT 6.1; en-GB; rv:1.9.2.3) Gecko/20100401 Firefox/3.6.3"
203.166.109.215 - - [14/Jun/2010:01:31:42 -0700] "GET www.blackstardojo.org/medals/WiseMedal.png HTTP/1.1" 200 4657 "http://www.blackstardojo.org/viewtopic.php?t=2226&start=270" "Mozilla/5.0 (Windows; U; Windows NT 6.1; en-GB; rv:1.9.2.3) Gecko/20100401 Firefox/3.6.3"
203.166.109.215 - - [14/Jun/2010:01:31:42 -0700] "GET www.blackstardojo.org/medals/challengemedalvy7.png HTTP/1.1" 200 4453 "http://www.blackstardojo.org/viewtopic.php?t=2226&start=270" "Mozilla/5.0 (Windows; U; Windows NT 6.1; en-GB; rv:1.9.2.3) Gecko/20100401 Firefox/3.6.3"
203.166.109.215 - - [14/Jun/2010:01:31:42 -0700] "GET www.blackstardojo.org/images/smiles/icon_sad.gif HTTP/1.1" 200 171 "http://www.blackstardojo.org/viewtopic.php?t=2226&start=270" "Mozilla/5.0 (Windows; U; Windows NT 6.1; en-GB; rv:1.9.2.3) Gecko/20100401 Firefox/3.6.3"
203.166.109.215 - - [14/Jun/2010:01:31:42 -0700] "GET www.blackstardojo.org/images/smiles/icon_wink.gif HTTP/1.1" 200 170 "http://www.blackstardojo.org/viewtopic.php?t=2226&start=270" "Mozilla/5.0 (Windows; U; Windows NT 6.1; en-GB; rv:1.9.2.3) Gecko/20100401 Firefox/3.6.3"
203.166.109.215 - - [14/Jun/2010:01:31:43 -0700] "GET www.blackstardojo.org/templates/guildwars_tree/images/lang_english/icon_msnm.gif HTTP/1.1" 200 701 "http://www.blackstardojo.org/viewtopic.php?t=2226&start=270" "Mozilla/5.0 (Windows; U; Windows NT 6.1; en-GB; rv:1.9.2.3) Gecko/20100401 Firefox/3.6.3"
203.166.109.215 - - [14/Jun/2010:01:31:43 -0700] "GET www.blackstardojo.org/medals/LabyrinthMedal.png HTTP/1.1" 200 3591 "http://www.blackstardojo.org/viewtopic.php?t=2226&start=270" "Mozilla/5.0 (Windows; U; Windows NT 6.1; en-GB; rv:1.9.2.3) Gecko/20100401 Firefox/3.6.3"
203.166.109.215 - - [14/Jun/2010:01:31:43 -0700] "GET www.blackstardojo.org/medals/dojo_service.png HTTP/1.1" 200 2406 "http://www.blackstardojo.org/viewtopic.php?t=2226&start=270" "Mozilla/5.0 (Windows; U; Windows NT 6.1; en-GB; rv:1.9.2.3) Gecko/20100401 Firefox/3.6.3"
67.195.111.226 - - [14/Jun/2010:01:32:25 -0700] "GET www.blackstardojo.org/viewtopic.php?p=51929&highlight= HTTP/1.0" 200 171892 "-" "Mozilla/5.0 (compatible; Yahoo! Slurp/3.0; http://help.yahoo.com/help/us/ysearch/slurp)"
203.166.109.215 - - [14/Jun/2010:01:32:50 -0700] "GET www.blackstardojo.org/images/avatars/86442633446eb7a6217d49.jpg HTTP/1.1" 404 1695 "http://www.blackstardojo.org/viewtopic.php?t=2226&postdays=0&postorder=asc&start=255" "Mozilla/5.0 (Windows; U; Windows NT 6.1; en-GB; rv:1.9.2.3) Gecko/20100401 Firefox/3.6.3"
203.166.109.215 - - [14/Jun/2010:01:32:50 -0700] "GET www.blackstardojo.org/images/ranks/newbelts/Chameleon/BlackChameleonMod.png HTTP/1.1" 206 8678 "http://www.blackstardojo.org/viewtopic.php?t=2226&postdays=0&postorder=asc&start=255" "Mozilla/5.0 (Windows; U; Windows NT 6.1; en-GB; rv:1.9.2.3) Gecko/20100401 Firefox/3.6.3"
203.166.109.215 - - [14/Jun/2010:01:32:50 -0700] "GET www.blackstardojo.org/images/ranks/newbelts/Mantis/GreenMantisMod.png HTTP/1.1" 206 8642 "http://www.blackstardojo.org/viewtopic.php?t=2226&postdays=0&postorder=asc&start=255" "Mozilla/5.0 (Windows; U; Windows NT 6.1; en-GB; rv:1.9.2.3) Gecko/20100401 Firefox/3.6.3"
203.166.109.215 - - [14/Jun/2010:01:32:50 -0700] "GET www.blackstardojo.org/images/smiles/icon_biggrin.gif HTTP/1.1" 200 172 "http://www.blackstardojo.org/viewtopic.php?t=2226&postdays=0&postorder=asc&start=255" "Mozilla/5.0 (Windows; U; Windows NT 6.1; en-GB; rv:1.9.2.3) Gecko/20100401 Firefox/3.6.3"
203.166.109.215 - - [14/Jun/2010:01:32:50 -0700] "GET www.blackstardojo.org/images/ranks/newbelts/Fox/GreenFox.png HTTP/1.1" 404 1695 "http://www.blackstardojo.org/viewtopic.php?t=2226&postdays=0&postorder=asc&start=255" "Mozilla/5.0 (Windows; U; Windows NT 6.1; en-GB; rv:1.9.2.3) Gecko/20100401 Firefox/3.6.3"
203.166.109.215 - - [14/Jun/2010:01:32:50 -0700] "GET www.blackstardojo.org/viewtopic.php?t=2226&postdays=0&postorder=asc&start=255 HTTP/1.1" 200 163775 "http://www.blackstardojo.org/viewtopic.php?t=2226&start=270" "Mozilla/5.0 (Windows; U; Windows NT 6.1; en-GB; rv:1.9.2.3) Gecko/20100401 Firefox/3.6.3"
203.166.109.215 - - [14/Jun/2010:01:32:50 -0700] "GET www.blackstardojo.org/images/ranks/newbelts/Mantis/BlackMantisMod.png HTTP/1.1" 200 8642 "http://www.blackstardojo.org/viewtopic.php?t=2226&postdays=0&postorder=asc&start=255" "Mozilla/5.0 (Windows; U; Windows NT 6.1; en-GB; rv:1.9.2.3) Gecko/20100401 Firefox/3.6.3"
203.166.109.215 - - [14/Jun/2010:01:32:50 -0700] "GET www.blackstardojo.org/images/ranks/newbelts/Spider/GreenSpiderMod.png HTTP/1.1" 200 8642 "http://www.blackstardojo.org/viewtopic.php?t=2226&postdays=0&postorder=asc&start=255" "Mozilla/5.0 (Windows; U; Windows NT 6.1; en-GB; rv:1.9.2.3) Gecko/20100401 Firefox/3.6.3"
203.166.109.215 - - [14/Jun/2010:01:32:50 -0700] "GET www.blackstardojo.org/images/ranks/blackstar.png HTTP/1.1" 200 1845 "http://www.blackstardojo.org/viewtopic.php?t=2226&postdays=0&postorder=asc&start=255" "Mozilla/5.0 (Windows; U; Windows NT 6.1; en-GB; rv:1.9.2.3) Gecko/20100401 Firefox/3.6.3"
203.166.109.215 - - [14/Jun/2010:01:32:50 -0700] "GET www.blackstardojo.org/medals/gerbil.png HTTP/1.1" 200 3946 "http://www.blackstardojo.org/viewtopic.php?t=2226&postdays=0&postorder=asc&start=255" "Mozilla/5.0 (Windows; U; Windows NT 6.1; en-GB; rv:1.9.2.3) Gecko/20100401 Firefox/3.6.3"
203.166.109.215 - - [14/Jun/2010:01:32:50 -0700] "GET www.blackstardojo.org/medals/BugCatcher.png HTTP/1.1" 200 3548 "http://www.blackstardojo.org/viewtopic.php?t=2226&postdays=0&postorder=asc&start=255" "Mozilla/5.0 (Windows; U; Windows NT 6.1; en-GB; rv:1.9.2.3) Gecko/20100401 Firefox/3.6.3"
203.166.109.215 - - [14/Jun/2010:01:32:50 -0700] "GET www.blackstardojo.org/medals/spambot.gif HTTP/1.1" 200 1783 "http://www.blackstardojo.org/viewtopic.php?t=2226&postdays=0&postorder=asc&start=255" "Mozilla/5.0 (Windows; U; Windows NT 6.1; en-GB; rv:1.9.2.3) Gecko/20100401 Firefox/3.6.3"
203.166.109.215 - - [14/Jun/2010:01:32:50 -0700] "GET www.blackstardojo.org/images/avatars/22096719247814d7840a70.jpg HTTP/1.1" 404 1695 "http://www.blackstardojo.org/viewtopic.php?t=2226&postdays=0&postorder=asc&start=255" "Mozilla/5.0 (Windows; U; Windows NT 6.1; en-GB; rv:1.9.2.3) Gecko/20100401 Firefox/3.6.3"
203.166.109.215 - - [14/Jun/2010:01:32:51 -0700] "GET www.blackstardojo.org/images/avatars/11181213684a2b62bfb42f2.png HTTP/1.1" 200 7220 "http://www.blackstardojo.org/viewtopic.php?t=2226&postdays=0&postorder=asc&start=255" "Mozilla/5.0 (Windows; U; Windows NT 6.1; en-GB; rv:1.9.2.3) Gecko/20100401 Firefox/3.6.3"
203.166.109.215 - - [14/Jun/2010:01:32:51 -0700] "GET www.blackstardojo.org/medals/colonyRP.png HTTP/1.1" 200 3434 "http://www.blackstardojo.org/viewtopic.php?t=2226&postdays=0&postorder=asc&start=255" "Mozilla/5.0 (Windows; U; Windows NT 6.1; en-GB; rv:1.9.2.3) Gecko/20100401 Firefox/3.6.3"
203.166.109.215 - - [14/Jun/2010:01:32:51 -0700] "GET www.blackstardojo.org/images/smiles/icon_mad.gif HTTP/1.1" 200 174 "http://www.blackstardojo.org/viewtopic.php?t=2226&postdays=0&postorder=asc&start=255" "Mozilla/5.0 (Windows; U; Windows NT 6.1; en-GB; rv:1.9.2.3) Gecko/20100401 Firefox/3.6.3"
67.195.111.226 - - [14/Jun/2010:01:32:51 -0700] "GET www.blackstardojo.org/viewtopic.php?p=49287 HTTP/1.0" 200 42196 "-" "Mozilla/5.0 (compatible; Yahoo! Slurp/3.0; http://help.yahoo.com/help/us/ysearch/slurp)"
203.166.109.215 - - [14/Jun/2010:01:32:51 -0700] "GET www.blackstardojo.org/templates/guildwars_tree/images/lang_english/icon_www.gif HTTP/1.1" 200 704 "http://www.blackstardojo.org/viewtopic.php?t=2226&postdays=0&postorder=asc&start=255" "Mozilla/5.0 (Windows; U; Windows NT 6.1; en-GB; rv:1.9.2.3) Gecko/20100401 Firefox/3.6.3"
122.54.99.99 - - [14/Jun/2010:01:33:06 -0700] "GET www.blackstardojo.org/shop/images/Pokeball.gif HTTP/1.1" 200 314 "http://fuckyeahpokememe.tumblr.com/post/675000354/absentimental-fuckyeahsupereffective" "Mozilla/5.0 (X11; U; Linux x86_64; en-US; rv:1.9.2.3) Gecko/20100423 Ubuntu/10.04 (lucid) Firefox/3.6.3"
67.195.111.226 - - [14/Jun/2010:01:33:46 -0700] "GET www.blackstardojo.org/privmsg.php?mode=post&u=4 HTTP/1.0" 302 39 "-" "Mozilla/5.0 (compatible; Yahoo! Slurp/3.0; http://help.yahoo.com/help/us/ysearch/slurp)"
67.195.111.226 - - [14/Jun/2010:01:33:47 -0700] "GET www.blackstardojo.org/login.php?redirect=privmsg.php&folder=inbox&mode=post&u=4&sid=95c8860a122d96a47a2521dba1fb4171 HTTP/1.0" 200 22244 "-" "Mozilla/5.0 (compatible; Yahoo! Slurp/3.0; http://help.yahoo.com/help/us/ysearch/slurp)"
67.195.115.240 - - [14/Jun/2010:01:33:55 -0700] "GET blackstardojo.org/wiki/index.php?title=User_talk:4gvt_buy_stress_relief_online_cheap&action=edit HTTP/1.0" 200 2170 "-" "Mozilla/5.0 (compatible; Yahoo! Slurp/3.0; http://help.yahoo.com/help/us/ysearch/slurp)"
193.47.80.40 - - [14/Jun/2010:01:33:58 -0700] "GET blackstardojo.org/wiki/index.php?title=User_talk:AL~X2&action=history HTTP/1.1" 200 2854 "-" "Mozilla/5.0 (compatible; Exabot/3.0; +http://www.exabot.com/go/robot)"
67.195.111.226 - - [14/Jun/2010:01:33:58 -0700] "GET www.blackstardojo.org/shop.php?action=district&d=1 HTTP/1.0" 200 24782 "-" "Mozilla/5.0 (compatible; Yahoo! Slurp/3.0; http://help.yahoo.com/help/us/ysearch/slurp)"
193.47.80.40 - - [14/Jun/2010:01:34:03 -0700] "GET blackstardojo.org/wiki/index.php?title=Special:Whatlinkshere/Juniper_Berries HTTP/1.1" 200 2010 "-" "Mozilla/5.0 (compatible; Exabot/3.0; +http://www.exabot.com/go/robot)"
67.195.111.226 - - [14/Jun/2010:01:34:41 -0700] "GET www.blackstardojo.org/wiki/index.php?title=Talk:Kat_05&action=edit HTTP/1.0" 200 2111 "-" "Mozilla/5.0 (compatible; Yahoo! Slurp/3.0; http://help.yahoo.com/help/us/ysearch/slurp)"
67.195.111.226 - - [14/Jun/2010:01:34:42 -0700] "GET www.blackstardojo.org/viewtopic.php?t=2270&start=15 HTTP/1.0" 200 63737 "-" "Mozilla/5.0 (compatible; Yahoo! Slurp/3.0; http://help.yahoo.com/help/us/ysearch/slurp)"
67.195.111.226 - - [14/Jun/2010:01:35:49 -0700] "GET www.blackstardojo.org/shop_inventory.php?action=shoplist&shop=3 HTTP/1.0" 200 23107 "-" "Mozilla/5.0 (compatible; Yahoo! Slurp/3.0; http://help.yahoo.com/help/us/ysearch/slurp)"
67.195.111.226 - - [14/Jun/2010:01:36:08 -0700] "GET www.blackstardojo.org/wiki/index.php?title=Special:Recentchanges&limit=250&days=14&hidebots= HTTP/1.0" 200 2686 "-" "Mozilla/5.0 (compatible; Yahoo! Slurp/3.0; http://help.yahoo.com/help/us/ysearch/slurp)"
203.166.109.215 - - [14/Jun/2010:01:36:36 -0700] "GET www.blackstardojo.org/viewtopic.php?t=2226&postdays=0&postorder=asc&start=270 HTTP/1.1" 200 59373 "http://www.blackstardojo.org/viewtopic.php?t=2226&postdays=0&postorder=asc&start=255" "Mozilla/5.0 (Windows; U; Windows NT 6.1; en-GB; rv:1.9.2.3) Gecko/20100401 Firefox/3.6.3"
203.166.109.215 - - [14/Jun/2010:01:36:37 -0700] "GET www.blackstardojo.org/images/ranks/newbelts/Fox/GreenFox.png HTTP/1.1" 404 1695 "http://www.blackstardojo.org/viewtopic.php?t=2226&postdays=0&postorder=asc&start=270" "Mozilla/5.0 (Windows; U; Windows NT 6.1; en-GB; rv:1.9.2.3) Gecko/20100401 Firefox/3.6.3"
203.166.109.215 - - [14/Jun/2010:01:36:37 -0700] "GET www.blackstardojo.org/images/avatars/22096719247814d7840a70.jpg HTTP/1.1" 404 1695 "http://www.blackstardojo.org/viewtopic.php?t=2226&postdays=0&postorder=asc&start=270" "Mozilla/5.0 (Windows; U; Windows NT 6.1; en-GB; rv:1.9.2.3) Gecko/20100401 Firefox/3.6.3"
203.166.109.215 - - [14/Jun/2010:01:36:37 -0700] "GET www.blackstardojo.org/images/ranks/newbelts/Chameleon/BlackChameleonMod.png HTTP/1.1" 206 8678 "http://www.blackstardojo.org/viewtopic.php?t=2226&postdays=0&postorder=asc&start=270" "Mozilla/5.0 (Windows; U; Windows NT 6.1; en-GB; rv:1.9.2.3) Gecko/20100401 Firefox/3.6.3"
203.166.109.215 - - [14/Jun/2010:01:36:37 -0700] "GET www.blackstardojo.org/images/ranks/newbelts/Mantis/GreenMantisMod.png HTTP/1.1" 206 8642 "http://www.blackstardojo.org/viewtopic.php?t=2226&postdays=0&postorder=asc&start=270" "Mozilla/5.0 (Windows; U; Windows NT 6.1; en-GB; rv:1.9.2.3) Gecko/20100401 Firefox/3.6.3"
203.166.109.215 - - [14/Jun/2010:01:36:37 -0700] "GET www.blackstardojo.org/images/avatars/86442633446eb7a6217d49.jpg HTTP/1.1" 404 1695 "http://www.blackstardojo.org/viewtopic.php?t=2226&postdays=0&postorder=asc&start=270" "Mozilla/5.0 (Windows; U; Windows NT 6.1; en-GB; rv:1.9.2.3) Gecko/20100401 Firefox/3.6.3"
67.195.111.226 - - [14/Jun/2010:01:37:01 -0700] "GET www.blackstardojo.org/viewtopic.php?t=1444&start=0&postdays=0&postorder=asc&highlight= HTTP/1.0" 200 46066 "-" "Mozilla/5.0 (compatible; Yahoo! Slurp/3.0; http://help.yahoo.com/help/us/ysearch/slurp)"
123.208.121.3 - - [14/Jun/2010:01:37:21 -0700] "GET www.blackstardojo.org/shop/images/Pokeball.gif HTTP/1.1" 200 314 "http://fuckyeahpokememe.tumblr.com/" "Mozilla/5.0 (Windows; U; Windows NT 6.0; en-US) AppleWebKit/533.4 (KHTML, like Gecko) Chrome/5.0.375.70 Safari/533.4"
67.195.111.226 - - [14/Jun/2010:01:38:07 -0700] "GET www.blackstardojo.org/wiki/index.php?title=Special:Recentchangeslinked&target=Category:Dojo_Help_Guide&hideminor=0&days=7&limit=250 HTTP/1.0" 200 2220 "-" "Mozilla/5.0 (compatible; Yahoo! Slurp/3.0; http://help.yahoo.com/help/us/ysearch/slurp)"
203.166.109.215 - - [14/Jun/2010:01:38:16 -0700] "GET www.blackstardojo.org/posting.php?mode=reply&t=2226 HTTP/1.1" 302 51 "http://www.blackstardojo.org/viewtopic.php?t=2226&postdays=0&postorder=asc&start=270" "Mozilla/5.0 (Windows; U; Windows NT 6.1; en-GB; rv:1.9.2.3) Gecko/20100401 Firefox/3.6.3"
203.166.109.215 - - [14/Jun/2010:01:38:17 -0700] "GET www.blackstardojo.org/login.php?redirect=posting.php&mode=reply&t=2226 HTTP/1.1" 200 21305 "http://www.blackstardojo.org/viewtopic.php?t=2226&postdays=0&postorder=asc&start=270" "Mozilla/5.0 (Windows; U; Windows NT 6.1; en-GB; rv:1.9.2.3) Gecko/20100401 Firefox/3.6.3"
193.47.80.40 - - [14/Jun/2010:01:39:28 -0700] "GET blackstardojo.org/wiki/index.php?title=KAIN&action=edit HTTP/1.1" 200 2108 "-" "Mozilla/5.0 (compatible; Exabot/3.0; +http://www.exabot.com/go/robot)"
83.226.89.181 - - [14/Jun/2010:01:39:55 -0700] "GET www.blackstardojo.org/shop/images/Pokeball.gif HTTP/1.1" 200 314 "http://fuckyeahpokememe.tumblr.com/" "Mozilla/5.0 (Windows; U; Windows NT 6.0; sv-SE; rv:1.9.2.3) Gecko/20100401 Firefox/3.6.3 ( .NET CLR 3.5.30729)"
203.166.109.215 - - [14/Jun/2010:01:40:12 -0700] "GET blackstardojo.org/ HTTP/1.1" 200 75725 "-" "Mozilla/5.0 (Windows; U; Windows NT 6.1; en-GB; rv:1.9.2.3) Gecko/20100401 Firefox/3.6.3"
203.166.109.215 - - [14/Jun/2010:01:40:12 -0700] "GET blackstardojo.org/forum_images/door.png HTTP/1.1" 200 3226 "http://blackstardojo.org/" "Mozilla/5.0 (Windows; U; Windows NT 6.1; en-GB; rv:1.9.2.3) Gecko/20100401 Firefox/3.6.3"
203.166.109.215 - - [14/Jun/2010:01:40:12 -0700] "GET blackstardojo.org/forum_images/secret.png HTTP/1.1" 200 3376 "http://blackstardojo.org/" "Mozilla/5.0 (Windows; U; Windows NT 6.1; en-GB; rv:1.9.2.3) Gecko/20100401 Firefox/3.6.3"
203.166.109.215 - - [14/Jun/2010:01:40:12 -0700] "GET blackstardojo.org/forum_images/corporation.png HTTP/1.1" 200 2427 "http://blackstardojo.org/" "Mozilla/5.0 (Windows; U; Windows NT 6.1; en-GB; rv:1.9.2.3) Gecko/20100401 Firefox/3.6.3"
203.166.109.215 - - [14/Jun/2010:01:40:12 -0700] "GET blackstardojo.org/forum_images/maze.png HTTP/1.1" 200 3116 "http://blackstardojo.org/" "Mozilla/5.0 (Windows; U; Windows NT 6.1; en-GB; rv:1.9.2.3) Gecko/20100401 Firefox/3.6.3"
203.166.109.215 - - [14/Jun/2010:01:40:12 -0700] "GET blackstardojo.org/forum_images/immortal.png HTTP/1.1" 200 4039 "http://blackstardojo.org/" "Mozilla/5.0 (Windows; U; Windows NT 6.1; en-GB; rv:1.9.2.3) Gecko/20100401 Firefox/3.6.3"
203.166.109.215 - - [14/Jun/2010:01:40:21 -0700] "GET blackstardojo.org/viewtopic.php?p=52030 HTTP/1.1" 200 64329 "http://blackstardojo.org/" "Mozilla/5.0 (Windows; U; Windows NT 6.1; en-GB; rv:1.9.2.3) Gecko/20100401 Firefox/3.6.3"
203.166.109.215 - - [14/Jun/2010:01:40:21 -0700] "GET blackstardojo.org/templates/guildwars_tree/images/lang_english/post.gif HTTP/1.1" 200 1761 "http://blackstardojo.org/viewtopic.php?p=52030" "Mozilla/5.0 (Windows; U; Windows NT 6.1; en-GB; rv:1.9.2.3) Gecko/20100401 Firefox/3.6.3"
203.166.109.215 - - [14/Jun/2010:01:40:21 -0700] "GET blackstardojo.org/templates/guildwars_tree/images/lang_english/reply.gif HTTP/1.1" 200 1756 "http://blackstardojo.org/viewtopic.php?p=52030" "Mozilla/5.0 (Windows; U; Windows NT 6.1; en-GB; rv:1.9.2.3) Gecko/20100401 Firefox/3.6.3"
203.166.109.215 - - [14/Jun/2010:01:40:21 -0700] "GET blackstardojo.org/images/ranks/weirdbelt.png HTTP/1.1" 200 6196 "http://blackstardojo.org/viewtopic.php?p=52030" "Mozilla/5.0 (Windows; U; Windows NT 6.1; en-GB; rv:1.9.2.3) Gecko/20100401 Firefox/3.6.3"
203.166.109.215 - - [14/Jun/2010:01:40:21 -0700] "GET blackstardojo.org/templates/guildwars_tree/images/rank6.gif HTTP/1.1" 200 1086 "http://blackstardojo.org/viewtopic.php?p=52030" "Mozilla/5.0 (Windows; U; Windows NT 6.1; en-GB; rv:1.9.2.3) Gecko/20100401 Firefox/3.6.3"
203.166.109.215 - - [14/Jun/2010:01:40:21 -0700] "GET blackstardojo.org/images/ranks/powerapathy.png HTTP/1.1" 200 966 "http://blackstardojo.org/viewtopic.php?p=52030" "Mozilla/5.0 (Windows; U; Windows NT 6.1; en-GB; rv:1.9.2.3) Gecko/20100401 Firefox/3.6.3"
203.166.109.215 - - [14/Jun/2010:01:40:21 -0700] "GET blackstardojo.org/templates/guildwars_tree/images/icon_minipost.gif HTTP/1.1" 200 877 "http://blackstardojo.org/viewtopic.php?p=52030" "Mozilla/5.0 (Windows; U; Windows NT 6.1; en-GB; rv:1.9.2.3) Gecko/20100401 Firefox/3.6.3"
203.166.109.215 - - [14/Jun/2010:01:40:21 -0700] "GET blackstardojo.org/images/avatars/12541419624aaec8492d77d.png HTTP/1.1" 200 10522 "http://blackstardojo.org/viewtopic.php?p=52030" "Mozilla/5.0 (Windows; U; Windows NT 6.1; en-GB; rv:1.9.2.3) Gecko/20100401 Firefox/3.6.3"
203.166.109.215 - - [14/Jun/2010:01:40:22 -0700] "GET blackstardojo.org/templates/guildwars_tree/images/spacer.gif HTTP/1.1" 200 43 "http://blackstardojo.org/viewtopic.php?p=52030" "Mozilla/5.0 (Windows; U; Windows NT 6.1; en-GB; rv:1.9.2.3) Gecko/20100401 Firefox/3.6.3"
203.166.109.215 - - [14/Jun/2010:01:40:22 -0700] "GET blackstardojo.org/medals/imagination.png HTTP/1.1" 200 3402 "http://blackstardojo.org/viewtopic.php?p=52030" "Mozilla/5.0 (Windows; U; Windows NT 6.1; en-GB; rv:1.9.2.3) Gecko/20100401 Firefox/3.6.3"
203.166.109.215 - - [14/Jun/2010:01:40:22 -0700] "GET blackstardojo.org/medals/doagmedal_212.png HTTP/1.1" 200 1418 "http://blackstardojo.org/viewtopic.php?p=52030" "Mozilla/5.0 (Windows; U; Windows NT 6.1; en-GB; rv:1.9.2.3) Gecko/20100401 Firefox/3.6.3"
203.166.109.215 - - [14/Jun/2010:01:40:22 -0700] "GET blackstardojo.org/medals/bomb.png HTTP/1.1" 200 1251 "http://blackstardojo.org/viewtopic.php?p=52030" "Mozilla/5.0 (Windows; U; Windows NT 6.1; en-GB; rv:1.9.2.3) Gecko/20100401 Firefox/3.6.3"
203.166.109.215 - - [14/Jun/2010:01:40:22 -0700] "GET blackstardojo.org/templates/guildwars_tree/images/lang_english/icon_quote.gif HTTP/1.1" 200 1139 "http://blackstardojo.org/viewtopic.php?p=52030" "Mozilla/5.0 (Windows; U; Windows NT 6.1; en-GB; rv:1.9.2.3) Gecko/20100401 Firefox/3.6.3"
203.166.109.215 - - [14/Jun/2010:01:40:22 -0700] "GET blackstardojo.org/templates/guildwars_tree/images/lang_english/icon_edit.gif HTTP/1.1" 200 1115 "http://blackstardojo.org/viewtopic.php?p=52030" "Mozilla/5.0 (Windows; U; Windows NT 6.1; en-GB; rv:1.9.2.3) Gecko/20100401 Firefox/3.6.3"
203.166.109.215 - - [14/Jun/2010:01:40:22 -0700] "GET blackstardojo.org/templates/guildwars_tree/images/icon_delete.gif HTTP/1.1" 200 1146 "http://blackstardojo.org/viewtopic.php?p=52030" "Mozilla/5.0 (Windows; U; Windows NT 6.1; en-GB; rv:1.9.2.3) Gecko/20100401 Firefox/3.6.3"
