66.90.104.159 - - [05/Jul/2010:02:20:39 -0700] "GET www.blackstardojo.org/profile.php?mode=editprofile HTTP/1.0" 302 39 "http://www.blackstardojo.org/profile.php?mode=editprofile" "Mozilla/4.0 (compatible; MSIE 5.5; Windows NT 5.0)"
67.195.111.226 - - [05/Jul/2010:02:20:55 -0700] "GET www.blackstardojo.org/posting.php?mode=quote&p=34102 HTTP/1.0" 302 39 "-" "Mozilla/5.0 (compatible; Yahoo! Slurp/3.0; http://help.yahoo.com/help/us/ysearch/slurp)"
67.195.111.226 - - [05/Jul/2010:02:20:56 -0700] "GET www.blackstardojo.org/login.php?redirect=posting.php&mode=quote&p=34102&sid=201adfcb22bb1e8476bc10db0516c565 HTTP/1.0" 200 18916 "-" "Mozilla/5.0 (compatible; Yahoo! Slurp/3.0; http://help.yahoo.com/help/us/ysearch/slurp)"
67.195.115.240 - - [05/Jul/2010:02:20:57 -0700] "GET blackstardojo.org/wiki/index.php?title=User:553_buy_betapace HTTP/1.0" 200 4131 "-" "Mozilla/5.0 (compatible; Yahoo! Slurp/3.0; http://help.yahoo.com/help/us/ysearch/slurp)"
67.195.115.240 - - [05/Jul/2010:02:21:13 -0700] "GET blackstardojo.org/viewtopic.php?t=1357&view=previous HTTP/1.0" 200 43732 "-" "Mozilla/5.0 (compatible; Yahoo! Slurp/3.0; http://help.yahoo.com/help/us/ysearch/slurp)"
67.195.115.240 - - [05/Jul/2010:02:22:02 -0700] "GET blackstardojo.org/viewtopic.php?t=1974&start=75 HTTP/1.0" 200 134217 "-" "Mozilla/5.0 (compatible; Yahoo! Slurp/3.0; http://help.yahoo.com/help/us/ysearch/slurp)"
118.137.14.58 - - [05/Jul/2010:02:23:08 -0700] "GET www.blackstardojo.org/shop/images/Pokeball.gif HTTP/1.1" 200 314 "http://fuckyeahpokememe.tumblr.com/page/17" "Mozilla/5.0 (Windows; U; Windows NT 6.0; en-US; rv:1.9.0.16) Gecko/2010010414 Firefox/3.0.16 Flock/2.5.6"
216.129.119.45 - - [05/Jul/2010:02:23:17 -0700] "GET blackstardojo.org/viewtopic.php?t=274&start=0 HTTP/1.1" 200 132158 "-" "Mozilla/5.0 (Twiceler-0.9 http://www.cuil.com/twiceler/robot.html)"
90.199.54.48 - - [05/Jul/2010:02:23:46 -0700] "GET www.blackstardojo.org/shop/images/Pokeball.gif HTTP/1.1" 304 - "http://fuckyeahpokememe.tumblr.com/" "Mozilla/4.0 (compatible; MSIE 8.0; Windows NT 6.1; WOW64; Trident/4.0; SLCC2; .NET CLR 2.0.50727; .NET CLR 3.5.30729; .NET CLR 3.0.30729; Media Center PC 6.0; MDDC; InfoPath.2; OfficeLiveConnector.1.4; OfficeLivePatch.1.3; .NAP 1.1)"
67.195.115.240 - - [05/Jul/2010:02:23:56 -0700] "GET blackstardojo.org/wiki/index.php?title=The_Guardians&oldid=1891 HTTP/1.0" 200 2857 "-" "Mozilla/5.0 (compatible; Yahoo! Slurp/3.0; http://help.yahoo.com/help/us/ysearch/slurp)"
67.195.111.226 - - [05/Jul/2010:02:24:16 -0700] "GET www.blackstardojo.org/wiki/index.php?title=Category:The_Tribal_Pool HTTP/1.0" 200 2769 "-" "Mozilla/5.0 (compatible; Yahoo! Slurp/3.0; http://help.yahoo.com/help/us/ysearch/slurp)"
67.195.111.226 - - [05/Jul/2010:02:25:05 -0700] "GET www.blackstardojo.org/posting.php?mode=reply&t=1602 HTTP/1.0" 302 39 "-" "Mozilla/5.0 (compatible; Yahoo! Slurp/3.0; http://help.yahoo.com/help/us/ysearch/slurp)"
67.195.111.226 - - [05/Jul/2010:02:25:06 -0700] "GET www.blackstardojo.org/login.php?redirect=posting.php&mode=reply&t=1602&sid=6c4fe0bb568915e3f6b90ab41db155a5 HTTP/1.0" 200 18915 "-" "Mozilla/5.0 (compatible; Yahoo! Slurp/3.0; http://help.yahoo.com/help/us/ysearch/slurp)"
75.126.156.14 - - [05/Jul/2010:02:25:18 -0700] "GET www.blackstardojo.org/forum_images/chat.png HTTP/1.1" 200 3555 "http://westsideteam.super-forum.net/index.forum" "Mozilla/5.0 (compatible; Konqueror/3.5; Linux) KHTML/3.5.4 (like Gecko)"
67.195.111.226 - - [05/Jul/2010:02:25:51 -0700] "GET www.blackstardojo.org/privmsg.php?mode=post&u=212 HTTP/1.0" 302 39 "-" "Mozilla/5.0 (compatible; Yahoo! Slurp/3.0; http://help.yahoo.com/help/us/ysearch/slurp)"
67.195.111.226 - - [05/Jul/2010:02:25:51 -0700] "GET www.blackstardojo.org/login.php?redirect=privmsg.php&folder=inbox&mode=post&u=212&sid=6ec4e78325b23c07193b8e07cccad677 HTTP/1.0" 200 18926 "-" "Mozilla/5.0 (compatible; Yahoo! Slurp/3.0; http://help.yahoo.com/help/us/ysearch/slurp)"
220.136.120.176 - - [05/Jul/2010:02:26:16 -0700] "GET www.blackstardojo.org/shop/images/Pokeball.gif HTTP/1.1" 200 314 "http://fuckyeahpokememe.tumblr.com/" "Mozilla/5.0 (Windows; U; Windows NT 6.0; en-US; rv:1.9.2.4) Gecko/20100611 Firefox/3.6.4 (.NET CLR 3.5.30729)"
67.195.111.226 - - [05/Jul/2010:02:26:36 -0700] "GET www.blackstardojo.org/viewtopic.php?t=1953 HTTP/1.0" 200 32216 "-" "Mozilla/5.0 (compatible; Yahoo! Slurp/3.0; http://help.yahoo.com/help/us/ysearch/slurp)"
67.195.115.240 - - [05/Jul/2010:02:27:38 -0700] "GET blackstardojo.org/wiki/index.php?title=Boards&action=edit HTTP/1.0" 200 2097 "-" "Mozilla/5.0 (compatible; Yahoo! Slurp/3.0; http://help.yahoo.com/help/us/ysearch/slurp)"
68.104.73.246 - - [05/Jul/2010:02:27:48 -0700] "GET www.blackstardojo.org/shop/images/Pokeball.gif HTTP/1.1" 200 314 "http://fuckyeahpokememe.tumblr.com/" "Mozilla/5.0 (Windows; U; Windows NT 5.1; en-US; rv:1.9.1.10) Gecko/20100504 Firefox/3.5.10 GTB7.0 ( .NET CLR 3.5.30729)"
24.46.165.196 - - [05/Jul/2010:02:28:07 -0700] "GET www.blackstardojo.org/shop/images/Pokeball.gif HTTP/1.1" 200 314 "http://fuckyeahpokememe.tumblr.com/" "Mozilla/5.0 (Macintosh; U; Intel Mac OS X 10_6_3; en-us) AppleWebKit/531.21.11 (KHTML, like Gecko) Version/4.0.4 Safari/531.21.10"
121.54.92.35 - - [05/Jul/2010:02:30:23 -0700] "GET www.blackstardojo.org/shop/images/Pokeball.gif HTTP/1.1" 200 314 "http://fuckyeahpokememe.tumblr.com/" "Mozilla/4.0 (compatible; MSIE 8.0; Windows NT 5.1; Trident/4.0; GTB6.5; .NET CLR 2.0.50727; InfoPath.2; .NET CLR 3.0.4506.2152; .NET CLR 3.5.30729; FDM)"
67.195.111.226 - - [05/Jul/2010:02:30:32 -0700] "GET www.blackstardojo.org/viewtopic.php?p=53181 HTTP/1.0" 200 72463 "-" "Mozilla/5.0 (compatible; Yahoo! Slurp/3.0; http://help.yahoo.com/help/us/ysearch/slurp)"
67.195.115.240 - - [05/Jul/2010:02:30:52 -0700] "GET blackstardojo.org/viewtopic.php?p=49891 HTTP/1.0" 302 39 "-" "Mozilla/5.0 (compatible; Yahoo! Slurp/3.0; http://help.yahoo.com/help/us/ysearch/slurp)"
67.195.111.226 - - [05/Jul/2010:02:30:53 -0700] "GET www.blackstardojo.org/login.php?redirect=viewtopic.php&p=49891&sid=11f600208fd3f555deb8ab01ee3315a2 HTTP/1.0" 200 18907 "-" "Mozilla/5.0 (compatible; Yahoo! Slurp/3.0; http://help.yahoo.com/help/us/ysearch/slurp)"
121.54.92.35 - - [05/Jul/2010:02:31:16 -0700] "GET www.blackstardojo.org/shop/images/Pokeball.gif HTTP/1.1" 304 - "http://fuckyeahpokememe.tumblr.com/" "Mozilla/4.0 (compatible; MSIE 8.0; Windows NT 5.1; Trident/4.0; GTB6.5; .NET CLR 2.0.50727; InfoPath.2; .NET CLR 3.0.4506.2152; .NET CLR 3.5.30729; FDM)"
98.250.88.157 - - [05/Jul/2010:02:31:53 -0700] "GET www.blackstardojo.org/shop/images/Pokeball.gif HTTP/1.1" 200 314 "http://fuckyeahpokememe.tumblr.com/" "Mozilla/5.0 (Macintosh; U; Intel Mac OS X 10_5_8; en-us) AppleWebKit/533.16 (KHTML, like Gecko) Version/5.0 Safari/533.16"
67.195.115.240 - - [05/Jul/2010:02:32:30 -0700] "GET blackstardojo.org/profile.php?mode=sendpassword HTTP/1.0" 200 18593 "-" "Mozilla/5.0 (compatible; Yahoo! Slurp/3.0; http://help.yahoo.com/help/us/ysearch/slurp)"
66.249.68.235 - - [05/Jul/2010:02:32:38 -0700] "GET www.blackstardojo.org/profile.php?mode=viewprofile&u=41 HTTP/1.1" 200 33811 "-" "Mozilla/5.0 (compatible; Googlebot/2.1; +http://www.google.com/bot.html)"
67.195.115.240 - - [05/Jul/2010:02:33:04 -0700] "GET blackstardojo.org/wiki/index.php?title=Gold_Cracker&printable=yes HTTP/1.0" 200 2805 "-" "Mozilla/5.0 (compatible; Yahoo! Slurp/3.0; http://help.yahoo.com/help/us/ysearch/slurp)"
193.47.80.40 - - [05/Jul/2010:02:33:16 -0700] "GET blackstardojo.org/wiki/index.php?title=Special:Contributions/2w1m_buy_neurontin_online_cheap HTTP/1.1" 200 2481 "-" "Mozilla/5.0 (compatible; Exabot/3.0; +http://www.exabot.com/go/robot)"
67.195.111.226 - - [05/Jul/2010:02:33:29 -0700] "GET www.blackstardojo.org/bookies.php?sid=402f86413c50f22c45b84c6c2188b94b HTTP/1.0" 302 39 "-" "Mozilla/5.0 (compatible; Yahoo! Slurp/3.0; http://help.yahoo.com/help/us/ysearch/slurp)"
67.195.111.226 - - [05/Jul/2010:02:33:29 -0700] "GET www.blackstardojo.org/login.php?redirect=bookies.php&sid=efecb6efc8feeb158115e00141f6ea32 HTTP/1.0" 200 18898 "-" "Mozilla/5.0 (compatible; Yahoo! Slurp/3.0; http://help.yahoo.com/help/us/ysearch/slurp)"
66.249.68.235 - - [05/Jul/2010:02:33:36 -0700] "GET www.blackstardojo.org/viewtopic.php?p=52913&sid=1421ccd89942acb9c321d6bcd9744b52 HTTP/1.1" 200 148586 "-" "Mozilla/5.0 (compatible; Googlebot/2.1; +http://www.google.com/bot.html)"
66.249.68.235 - - [05/Jul/2010:02:33:52 -0700] "GET www.blackstardojo.org/viewtopic.php?t=2324&view=next&sid=17724a4ec3eba2662c744a6ddc6faff9 HTTP/1.1" 200 37227 "-" "Mozilla/5.0 (compatible; Googlebot/2.1; +http://www.google.com/bot.html)"
67.195.111.226 - - [05/Jul/2010:02:33:54 -0700] "GET www.blackstardojo.org/viewtopic.php?p=41552 HTTP/1.0" 200 106780 "-" "Mozilla/5.0 (compatible; Yahoo! Slurp/3.0; http://help.yahoo.com/help/us/ysearch/slurp)"
66.235.124.132 - - [05/Jul/2010:02:34:03 -0700] "GET www.blackstardojo.org/robots.txt HTTP/1.1" 404 1695 "-" "-"
66.235.124.132 - - [05/Jul/2010:02:34:04 -0700] "GET www.blackstardojo.org/ HTTP/1.1" 200 49403 "-" "Mozilla/5.0 (X11; U; Linux i686; en-US; rv:1.9.0.11) Gecko GranParadiso/3.0.11"
66.235.124.132 - - [05/Jul/2010:02:34:04 -0700] "GET www.blackstardojo.org/templates/guildwars_tree/images/header_logo_02.gif HTTP/1.1" 200 1050 "http://www.blackstardojo.org/" "Mozilla/5.0 (X11; U; Linux i686; en-US; rv:1.9.0.11) Gecko GranParadiso/3.0.11"
66.235.124.132 - - [05/Jul/2010:02:34:04 -0700] "GET www.blackstardojo.org/templates/guildwars_tree/images/header_logo_04.gif HTTP/1.1" 200 1050 "http://www.blackstardojo.org/" "Mozilla/5.0 (X11; U; Linux i686; en-US; rv:1.9.0.11) Gecko GranParadiso/3.0.11"
66.235.124.132 - - [05/Jul/2010:02:34:04 -0700] "GET www.blackstardojo.org/templates/guildwars_tree/images/temblem_li.gif HTTP/1.1" 200 601 "http://www.blackstardojo.org/" "Mozilla/5.0 (X11; U; Linux i686; en-US; rv:1.9.0.11) Gecko GranParadiso/3.0.11"
66.235.124.132 - - [05/Jul/2010:02:34:04 -0700] "GET www.blackstardojo.org/templates/guildwars_tree/images/cellpic3.gif HTTP/1.1" 200 256 "http://www.blackstardojo.org/" "Mozilla/5.0 (X11; U; Linux i686; en-US; rv:1.9.0.11) Gecko GranParadiso/3.0.11"
66.235.124.132 - - [05/Jul/2010:02:34:04 -0700] "GET www.blackstardojo.org/templates/guildwars_tree/images/temblem_re.gif HTTP/1.1" 200 606 "http://www.blackstardojo.org/" "Mozilla/5.0 (X11; U; Linux i686; en-US; rv:1.9.0.11) Gecko GranParadiso/3.0.11"
66.235.124.132 - - [05/Jul/2010:02:34:04 -0700] "GET www.blackstardojo.org/templates/guildwars_tree/images/cellpic1.gif HTTP/1.1" 200 281 "http://www.blackstardojo.org/" "Mozilla/5.0 (X11; U; Linux i686; en-US; rv:1.9.0.11) Gecko GranParadiso/3.0.11"
66.235.124.132 - - [05/Jul/2010:02:34:04 -0700] "GET www.blackstardojo.org/templates/guildwars_tree/images/cellpic2.gif HTTP/1.1" 200 1161 "http://www.blackstardojo.org/" "Mozilla/5.0 (X11; U; Linux i686; en-US; rv:1.9.0.11) Gecko GranParadiso/3.0.11"
66.235.124.132 - - [05/Jul/2010:02:34:04 -0700] "GET www.blackstardojo.org/templates/guildwars_tree/images/icon_latest_reply.gif HTTP/1.1" 200 952 "http://www.blackstardojo.org/" "Mozilla/5.0 (X11; U; Linux i686; en-US; rv:1.9.0.11) Gecko GranParadiso/3.0.11"
66.235.124.132 - - [05/Jul/2010:02:34:04 -0700] "GET www.blackstardojo.org/forum_images/scroll.png HTTP/1.1" 200 3976 "http://www.blackstardojo.org/" "Mozilla/5.0 (X11; U; Linux i686; en-US; rv:1.9.0.11) Gecko GranParadiso/3.0.11"
66.235.124.132 - - [05/Jul/2010:02:34:04 -0700] "GET www.blackstardojo.org/templates/guildwars_tree/images/header_logo_03.gif HTTP/1.1" 200 23856 "http://www.blackstardojo.org/" "Mozilla/5.0 (X11; U; Linux i686; en-US; rv:1.9.0.11) Gecko GranParadiso/3.0.11"
66.235.124.132 - - [05/Jul/2010:02:34:04 -0700] "GET www.blackstardojo.org/templates/guildwars_tree/images/header_logo_01.gif HTTP/1.1" 200 26822 "http://www.blackstardojo.org/" "Mozilla/5.0 (X11; U; Linux i686; en-US; rv:1.9.0.11) Gecko GranParadiso/3.0.11"
66.235.124.132 - - [05/Jul/2010:02:34:04 -0700] "GET www.blackstardojo.org/templates/guildwars_tree/images/header_logo_05.gif HTTP/1.1" 200 26586 "http://www.blackstardojo.org/" "Mozilla/5.0 (X11; U; Linux i686; en-US; rv:1.9.0.11) Gecko GranParadiso/3.0.11"
66.235.124.132 - - [05/Jul/2010:02:34:04 -0700] "GET www.blackstardojo.org/forum_images/pin.png HTTP/1.1" 200 2520 "http://www.blackstardojo.org/" "Mozilla/5.0 (X11; U; Linux i686; en-US; rv:1.9.0.11) Gecko GranParadiso/3.0.11"
66.235.124.132 - - [05/Jul/2010:02:34:04 -0700] "GET www.blackstardojo.org/forum_images/bug.png HTTP/1.1" 200 2734 "http://www.blackstardojo.org/" "Mozilla/5.0 (X11; U; Linux i686; en-US; rv:1.9.0.11) Gecko GranParadiso/3.0.11"
66.235.124.132 - - [05/Jul/2010:02:34:04 -0700] "GET www.blackstardojo.org/forum_images/dragon.png HTTP/1.1" 200 4520 "http://www.blackstardojo.org/" "Mozilla/5.0 (X11; U; Linux i686; en-US; rv:1.9.0.11) Gecko GranParadiso/3.0.11"
66.235.124.132 - - [05/Jul/2010:02:34:04 -0700] "GET www.blackstardojo.org/forum_images/star.png HTTP/1.1" 200 2442 "http://www.blackstardojo.org/" "Mozilla/5.0 (X11; U; Linux i686; en-US; rv:1.9.0.11) Gecko GranParadiso/3.0.11"
66.235.124.132 - - [05/Jul/2010:02:34:04 -0700] "GET www.blackstardojo.org/forum_images/chat.png HTTP/1.1" 200 3555 "http://www.blackstardojo.org/" "Mozilla/5.0 (X11; U; Linux i686; en-US; rv:1.9.0.11) Gecko GranParadiso/3.0.11"
66.235.124.132 - - [05/Jul/2010:02:34:04 -0700] "GET www.blackstardojo.org/forum_images/training.png HTTP/1.1" 200 3129 "http://www.blackstardojo.org/" "Mozilla/5.0 (X11; U; Linux i686; en-US; rv:1.9.0.11) Gecko GranParadiso/3.0.11"
66.235.124.132 - - [05/Jul/2010:02:34:04 -0700] "GET www.blackstardojo.org/forum_images/north.png HTTP/1.1" 200 4238 "http://www.blackstardojo.org/" "Mozilla/5.0 (X11; U; Linux i686; en-US; rv:1.9.0.11) Gecko GranParadiso/3.0.11"
66.235.124.132 - - [05/Jul/2010:02:34:04 -0700] "GET www.blackstardojo.org/forum_images/wolf.png HTTP/1.1" 200 2819 "http://www.blackstardojo.org/" "Mozilla/5.0 (X11; U; Linux i686; en-US; rv:1.9.0.11) Gecko GranParadiso/3.0.11"
66.235.124.132 - - [05/Jul/2010:02:34:04 -0700] "GET www.blackstardojo.org/forum_images/south.png HTTP/1.1" 200 2821 "http://www.blackstardojo.org/" "Mozilla/5.0 (X11; U; Linux i686; en-US; rv:1.9.0.11) Gecko GranParadiso/3.0.11"
66.235.124.132 - - [05/Jul/2010:02:34:04 -0700] "GET www.blackstardojo.org/forum_images/arena.png HTTP/1.1" 200 4047 "http://www.blackstardojo.org/" "Mozilla/5.0 (X11; U; Linux i686; en-US; rv:1.9.0.11) Gecko GranParadiso/3.0.11"
66.235.124.132 - - [05/Jul/2010:02:34:04 -0700] "GET www.blackstardojo.org/forum_images/ampitheater.png HTTP/1.1" 200 3639 "http://www.blackstardojo.org/" "Mozilla/5.0 (X11; U; Linux i686; en-US; rv:1.9.0.11) Gecko GranParadiso/3.0.11"
66.235.124.132 - - [05/Jul/2010:02:34:04 -0700] "GET www.blackstardojo.org/forum_images/art.png HTTP/1.1" 200 4214 "http://www.blackstardojo.org/" "Mozilla/5.0 (X11; U; Linux i686; en-US; rv:1.9.0.11) Gecko GranParadiso/3.0.11"
66.235.124.132 - - [05/Jul/2010:02:34:04 -0700] "GET www.blackstardojo.org/forum_images/market.png HTTP/1.1" 200 3915 "http://www.blackstardojo.org/" "Mozilla/5.0 (X11; U; Linux i686; en-US; rv:1.9.0.11) Gecko GranParadiso/3.0.11"
66.235.124.132 - - [05/Jul/2010:02:34:04 -0700] "GET www.blackstardojo.org/forum_images/cave.png HTTP/1.1" 200 3899 "http://www.blackstardojo.org/" "Mozilla/5.0 (X11; U; Linux i686; en-US; rv:1.9.0.11) Gecko GranParadiso/3.0.11"
66.235.124.132 - - [05/Jul/2010:02:34:04 -0700] "GET www.blackstardojo.org/templates/guildwars_tree/images/whosonline.gif HTTP/1.1" 200 6108 "http://www.blackstardojo.org/" "Mozilla/5.0 (X11; U; Linux i686; en-US; rv:1.9.0.11) Gecko GranParadiso/3.0.11"
66.235.124.132 - - [05/Jul/2010:02:34:04 -0700] "GET www.blackstardojo.org/forum_images/suggestion.png HTTP/1.1" 200 2959 "http://www.blackstardojo.org/" "Mozilla/5.0 (X11; U; Linux i686; en-US; rv:1.9.0.11) Gecko GranParadiso/3.0.11"
66.235.124.132 - - [05/Jul/2010:02:34:04 -0700] "GET www.blackstardojo.org/templates/guildwars_tree/images/icon_birthday.gif HTTP/1.1" 200 1795 "http://www.blackstardojo.org/" "Mozilla/5.0 (X11; U; Linux i686; en-US; rv:1.9.0.11) Gecko GranParadiso/3.0.11"
66.235.124.132 - - [05/Jul/2010:02:34:04 -0700] "GET www.blackstardojo.org/forum_images/norn.png HTTP/1.1" 200 2834 "http://www.blackstardojo.org/" "Mozilla/5.0 (X11; U; Linux i686; en-US; rv:1.9.0.11) Gecko GranParadiso/3.0.11"
66.235.124.132 - - [05/Jul/2010:02:34:04 -0700] "GET www.blackstardojo.org/templates/guildwars_tree/images/folder_new_big.gif HTTP/1.1" 200 1121 "http://www.blackstardojo.org/" "Mozilla/5.0 (X11; U; Linux i686; en-US; rv:1.9.0.11) Gecko GranParadiso/3.0.11"
66.235.124.132 - - [05/Jul/2010:02:34:04 -0700] "GET www.blackstardojo.org/templates/guildwars_tree/images/folder_big.gif HTTP/1.1" 200 713 "http://www.blackstardojo.org/" "Mozilla/5.0 (X11; U; Linux i686; en-US; rv:1.9.0.11) Gecko GranParadiso/3.0.11"
66.235.124.132 - - [05/Jul/2010:02:34:04 -0700] "GET www.blackstardojo.org/templates/guildwars_tree/images/folder_locked_big.gif HTTP/1.1" 200 1209 "http://www.blackstardojo.org/" "Mozilla/5.0 (X11; U; Linux i686; en-US; rv:1.9.0.11) Gecko GranParadiso/3.0.11"
67.195.111.226 - - [05/Jul/2010:02:34:16 -0700] "GET www.blackstardojo.org/wiki/index.php?title=Goron40&action=edit&section=3 HTTP/1.0" 200 2099 "-" "Mozilla/5.0 (compatible; Yahoo! Slurp/3.0; http://help.yahoo.com/help/us/ysearch/slurp)"
60.242.7.69 - - [05/Jul/2010:02:34:16 -0700] "GET www.blackstardojo.org/shop/images/Pokeball.gif HTTP/1.1" 200 314 "http://fuckyeahpokememe.tumblr.com/" "Mozilla/5.0 (Windows; U; Windows NT 5.1; en-US) AppleWebKit/533.4 (KHTML, like Gecko) Chrome/5.0.375.99 Safari/533.4"
85.82.237.249 - - [05/Jul/2010:02:36:05 -0700] "GET www.blackstardojo.org/shop/images/Pokeball.gif HTTP/1.1" 200 314 "-" "Mozilla/5.0 (Windows; U; Windows NT 5.1; da; rv:1.9.2.6) Gecko/20100625 Firefox/3.6.6"
67.195.111.226 - - [05/Jul/2010:02:36:44 -0700] "GET www.blackstardojo.org/viewtopic.php?t=1984&highlight= HTTP/1.0" 200 32330 "-" "Mozilla/5.0 (compatible; Yahoo! Slurp/3.0; http://help.yahoo.com/help/us/ysearch/slurp)"
67.195.115.240 - - [05/Jul/2010:02:37:04 -0700] "GET blackstardojo.org/viewtopic.php?p=53176 HTTP/1.0" 200 68195 "-" "Mozilla/5.0 (compatible; Yahoo! Slurp/3.0; http://help.yahoo.com/help/us/ysearch/slurp)"
67.195.115.240 - - [05/Jul/2010:02:37:46 -0700] "GET blackstardojo.org/profile.php?mode=miniprofile&u=12 HTTP/1.0" 200 12133 "-" "Mozilla/5.0 (compatible; Yahoo! Slurp/3.0; http://help.yahoo.com/help/us/ysearch/slurp)"
67.195.115.240 - - [05/Jul/2010:02:37:46 -0700] "GET blackstardojo.org/templates/subSilver/prillian/layout.css HTTP/1.0" 304 - "http://blackstardojo.org/profile.php?mode=miniprofile&u=12" "Mozilla/5.0 (compatible; Yahoo! Slurp/3.0; http://help.yahoo.com/help/us/ysearch/slurp)"
67.195.115.240 - - [05/Jul/2010:02:38:04 -0700] "GET blackstardojo.org/wiki/index.php?title=User HTTP/1.0" 200 2367 "-" "Mozilla/5.0 (compatible; Yahoo! Slurp/3.0; http://help.yahoo.com/help/us/ysearch/slurp)"
67.195.111.226 - - [05/Jul/2010:02:38:21 -0700] "GET www.blackstardojo.org/wiki/index.php?title=Special:Recentchanges&limit=500&days=3&hideminor=1 HTTP/1.0" 200 3551 "-" "Mozilla/5.0 (compatible; Yahoo! Slurp/3.0; http://help.yahoo.com/help/us/ysearch/slurp)"
74.105.147.82 - - [05/Jul/2010:02:38:39 -0700] "GET www.blackstardojo.org/shop/images/Pokeball.gif HTTP/1.1" 200 314 "http://fuckyeahpokememe.tumblr.com/search/slowpoke/page/3" "Mozilla/5.0 (Windows; U; Windows NT 6.1; en-US) AppleWebKit/533.4 (KHTML, like Gecko) Chrome/5.0.375.99 Safari/533.4"
67.195.115.240 - - [05/Jul/2010:02:38:57 -0700] "GET blackstardojo.org/login.php HTTP/1.0" 200 18886 "-" "Mozilla/5.0 (compatible; Yahoo! Slurp/3.0; http://help.yahoo.com/help/us/ysearch/slurp)"
88.131.106.4 - - [05/Jul/2010:02:39:16 -0700] "GET www.blackstardojo.org/robots.txt HTTP/1.0" 404 1683 "-" "Mozilla/5.0 (Windows; U; Windows NT 5.1; en-US) Speedy Spider (http://www.entireweb.com/about/search_tech/speedy_spider/)"
67.195.115.240 - - [05/Jul/2010:02:39:19 -0700] "GET blackstardojo.org/wiki/index.php?title=The_Corperation&action=edit HTTP/1.0" 200 2088 "-" "Mozilla/5.0 (compatible; Yahoo! Slurp/3.0; http://help.yahoo.com/help/us/ysearch/slurp)"
88.131.106.5 - - [05/Jul/2010:02:39:35 -0700] "GET www.blackstardojo.org/viewforum.php?f=9 HTTP/1.0" 200 36889 "-" "Mozilla/5.0 (Windows; U; Windows NT 5.1; en-US) Speedy Spider (http://www.entireweb.com/about/search_tech/speedy_spider/)"
67.195.115.240 - - [05/Jul/2010:02:40:11 -0700] "GET blackstardojo.org/viewtopic.php?t=2371 HTTP/1.0" 200 34034 "-" "Mozilla/5.0 (compatible; Yahoo! Slurp/3.0; http://help.yahoo.com/help/us/ysearch/slurp)"
84.21.220.69 - - [05/Jul/2010:02:40:16 -0700] "GET www.blackstardojo.org/shop/images/Pokeball.gif HTTP/1.1" 200 314 "-" "Mozilla/5.0 (Windows; U; Windows NT 6.0; bg; rv:1.9.2) Gecko/20100115 Firefox/3.6"
67.195.115.240 - - [05/Jul/2010:02:40:21 -0700] "GET blackstardojo.org/viewtopic.php?p=53045 HTTP/1.0" 200 73170 "-" "Mozilla/5.0 (compatible; Yahoo! Slurp/3.0; http://help.yahoo.com/help/us/ysearch/slurp)"
67.195.111.226 - - [05/Jul/2010:02:40:57 -0700] "GET www.blackstardojo.org/viewtopic.php?p=49792 HTTP/1.0" 200 138030 "-" "Mozilla/5.0 (compatible; Yahoo! Slurp/3.0; http://help.yahoo.com/help/us/ysearch/slurp)"
67.195.111.226 - - [05/Jul/2010:02:41:45 -0700] "GET www.blackstardojo.org/profile.php?mode=miniprofile&u=179 HTTP/1.0" 200 12144 "-" "Mozilla/5.0 (compatible; Yahoo! Slurp/3.0; http://help.yahoo.com/help/us/ysearch/slurp)"
67.195.111.226 - - [05/Jul/2010:02:41:46 -0700] "GET www.blackstardojo.org/templates/subSilver/prillian/layout.css HTTP/1.0" 200 2108 "http://www.blackstardojo.org/profile.php?mode=miniprofile&u=179" "Mozilla/5.0 (compatible; Yahoo! Slurp/3.0; http://help.yahoo.com/help/us/ysearch/slurp)"
67.195.111.226 - - [05/Jul/2010:02:42:04 -0700] "GET www.blackstardojo.org/viewtopic.php?t=1564&view=next HTTP/1.0" 200 137136 "-" "Mozilla/5.0 (compatible; Yahoo! Slurp/3.0; http://help.yahoo.com/help/us/ysearch/slurp)"
67.195.115.240 - - [05/Jul/2010:02:42:14 -0700] "GET blackstardojo.org/viewtopic.php?t=1936&start=0 HTTP/1.0" 200 140547 "-" "Mozilla/5.0 (compatible; Yahoo! Slurp/3.0; http://help.yahoo.com/help/us/ysearch/slurp)"
210.9.141.124 - - [05/Jul/2010:02:42:17 -0700] "GET www.blackstardojo.org/shop/images/Pokeball.gif HTTP/1.1" 200 314 "http://fuckyeahpokememe.tumblr.com/" "Mozilla/5.0 (Windows; U; Windows NT 6.1; en-US) AppleWebKit/533.4 (KHTML, like Gecko) Chrome/5.0.375.99 Safari/533.4"
193.47.80.40 - - [05/Jul/2010:02:42:28 -0700] "GET blackstardojo.org/wiki/index.php?title=Talk:Silver_Cracker&action=edit HTTP/1.1" 200 2127 "-" "Mozilla/5.0 (compatible; Exabot/3.0; +http://www.exabot.com/go/robot)"
98.207.145.201 - - [05/Jul/2010:02:42:37 -0700] "GET www.blackstardojo.org/shop/images/Pokeball.gif HTTP/1.1" 200 314 "http://fuckyeahpokememe.tumblr.com/" "Mozilla/5.0 (Windows; U; Windows NT 6.0; en-US; rv:1.9.2.6) Gecko/20100625 Firefox/3.6.6 ( .NET CLR 3.5.30729; .NET4.0C)"
67.195.115.240 - - [05/Jul/2010:02:43:20 -0700] "GET blackstardojo.org/wiki/index.php?title=Special:Recentchanges&hideminor=1&days=30&limit=500 HTTP/1.0" 200 3959 "-" "Mozilla/5.0 (compatible; Yahoo! Slurp/3.0; http://help.yahoo.com/help/us/ysearch/slurp)"
82.66.67.97 - - [05/Jul/2010:02:43:26 -0700] "GET www.blackstardojo.org/shop/images/Pokeball.gif HTTP/1.1" 200 314 "http://fuckyeahpokememe.tumblr.com/" "Mozilla/5.0 (Windows; U; Windows NT 6.0; fr; rv:1.9.2.6) Gecko/20100625 Firefox/3.6.6 ( .NET CLR 3.5.30729; .NET4.0C)"
99.8.163.248 - - [05/Jul/2010:02:43:34 -0700] "GET www.blackstardojo.org/shop/images/Pokeball.gif HTTP/1.1" 200 314 "http://fuckyeahpokememe.tumblr.com/" "Mozilla/5.0 (Windows; U; Windows NT 6.1; en-US; rv:1.9.2.6) Gecko/20100625 Firefox/3.6.6"
67.195.115.240 - - [05/Jul/2010:02:44:20 -0700] "GET blackstardojo.org/profile.php?mode=viewprofile&u=4 HTTP/1.0" 200 37436 "-" "Mozilla/5.0 (compatible; Yahoo! Slurp/3.0; http://help.yahoo.com/help/us/ysearch/slurp)"
67.195.111.226 - - [05/Jul/2010:02:44:56 -0700] "GET www.blackstardojo.org/wio.php HTTP/1.0" 200 20964 "-" "Mozilla/5.0 (compatible; Yahoo! Slurp/3.0; http://help.yahoo.com/help/us/ysearch/slurp)"
94.142.130.26 - - [05/Jul/2010:02:45:22 -0700] "GET www.blackstardojo.org/index.php HTTP/1.0" 200 49296 "http://www.blackstardojo.org/index.php" "Mozilla/4.0 (compatible; MSIE 6.0; Windows NT 5.1; SV1; MRA 4.6 (build 01425); MRSPUTNIK 1, 5, 0, 19 SW)"
94.142.130.26 - - [05/Jul/2010:02:45:23 -0700] "GET www.blackstardojo.org/profile.php?mode=register&sid=184107cb8775a93c050d1c99a14e1e48 HTTP/1.0" 200 19068 "http://www.blackstardojo.org/profile.php?mode=register&sid=184107cb8775a93c050d1c99a14e1e48" "Mozilla/4.0 (compatible; MSIE 6.0; Windows NT 5.1; SV1; MRA 4.6 (build 01425); MRSPUTNIK 1, 5, 0, 19 SW)"
94.142.130.26 - - [05/Jul/2010:02:45:25 -0700] "GET www.blackstardojo.org/profile.php?mode=register&agreed=true HTTP/1.0" 200 29204 "http://www.blackstardojo.org/profile.php?mode=register&agreed=true" "Mozilla/4.0 (compatible; MSIE 6.0; Windows NT 5.1; SV1; MRA 4.6 (build 01425); MRSPUTNIK 1, 5, 0, 19 SW)"
94.142.130.26 - - [05/Jul/2010:02:45:26 -0700] "GET www.blackstardojo.org/profile.php?mode=confirm&id=ede78ff68b03cfcc85d77571c92bfcfb HTTP/1.0" 200 10032 "http://www.blackstardojo.org/profile.php?mode=register&agreed=true" "Mozilla/4.0 (compatible; MSIE 6.0; Windows NT 5.1; SV1; MRA 4.6 (build 01425); MRSPUTNIK 1, 5, 0, 19 SW)"
94.142.130.26 - - [05/Jul/2010:02:45:29 -0700] "POST www.blackstardojo.org/profile.php HTTP/1.0" 200 29769 "http://www.blackstardojo.org/profile.php?mode=register&agreed=true" "Mozilla/4.0 (compatible; MSIE 6.0; Windows NT 5.1; SV1; MRA 4.6 (build 01425); MRSPUTNIK 1, 5, 0, 19 SW)"
94.142.130.26 - - [05/Jul/2010:02:45:30 -0700] "GET www.blackstardojo.org/profile.php?mode=confirm&id=08e2f25afcae5946925f58e05f4df755 HTTP/1.0" 200 7660 "http://www.blackstardojo.org/profile.php?mode=register&agreed=true" "Mozilla/4.0 (compatible; MSIE 6.0; Windows NT 5.1; SV1; MRA 4.6 (build 01425); MRSPUTNIK 1, 5, 0, 19 SW)"
94.142.130.26 - - [05/Jul/2010:02:45:32 -0700] "POST www.blackstardojo.org/profile.php HTTP/1.0" 200 29798 "http://www.blackstardojo.org/profile.php?mode=register&agreed=true" "Mozilla/4.0 (compatible; MSIE 6.0; Windows NT 5.1; SV1; MRA 4.6 (build 01425); MRSPUTNIK 1, 5, 0, 19 SW)"
94.142.130.26 - - [05/Jul/2010:02:45:33 -0700] "GET www.blackstardojo.org/profile.php?mode=confirm&id=8d7c6ecf6e15b3707771e554579267c4 HTTP/1.0" 200 7463 "http://www.blackstardojo.org/profile.php?mode=register&agreed=true" "Mozilla/4.0 (compatible; MSIE 6.0; Windows NT 5.1; SV1; MRA 4.6 (build 01425); MRSPUTNIK 1, 5, 0, 19 SW)"
94.142.130.26 - - [05/Jul/2010:02:45:35 -0700] "POST www.blackstardojo.org/profile.php HTTP/1.0" 200 29794 "http://www.blackstardojo.org/profile.php?mode=register&agreed=true" "Mozilla/4.0 (compatible; MSIE 6.0; Windows NT 5.1; SV1; MRA 4.6 (build 01425); MRSPUTNIK 1, 5, 0, 19 SW)"
94.142.130.26 - - [05/Jul/2010:02:45:37 -0700] "GET www.blackstardojo.org/profile.php?mode=confirm&id=9851d4945bf44120fa76c8d1865b0f74 HTTP/1.0" 200 11031 "http://www.blackstardojo.org/profile.php?mode=register&agreed=true" "Mozilla/4.0 (compatible; MSIE 6.0; Windows NT 5.1; SV1; MRA 4.6 (build 01425); MRSPUTNIK 1, 5, 0, 19 SW)"
94.142.130.26 - - [05/Jul/2010:02:45:39 -0700] "POST www.blackstardojo.org/profile.php HTTP/1.0" 200 17040 "http://www.blackstardojo.org/profile.php?mode=register&agreed=true" "Mozilla/4.0 (compatible; MSIE 6.0; Windows NT 5.1; SV1; MRA 4.6 (build 01425); MRSPUTNIK 1, 5, 0, 19 SW)"
67.195.111.226 - - [05/Jul/2010:02:45:46 -0700] "GET www.blackstardojo.org/viewtopic.php?p=52729 HTTP/1.0" 200 96404 "-" "Mozilla/5.0 (compatible; Yahoo! Slurp/3.0; http://help.yahoo.com/help/us/ysearch/slurp)"
210.56.70.214 - - [05/Jul/2010:02:46:53 -0700] "GET www.blackstardojo.org/shop/images/Pokeball.gif HTTP/1.1" 200 314 "http://fuckyeahpokememe.tumblr.com/" "Mozilla/5.0 (Windows; U; Windows NT 5.1; en-US; rv:1.9.2.6) Gecko/20100625 Firefox/3.6.6 ( .NET CLR 3.5.30729)"
66.249.68.235 - - [05/Jul/2010:02:47:16 -0700] "GET www.blackstardojo.org/viewtopic.php?p=52480&sid=1421ccd89942acb9c321d6bcd9744b52 HTTP/1.1" 200 148586 "-" "Mozilla/5.0 (compatible; Googlebot/2.1; +http://www.google.com/bot.html)"
95.108.150.235 - - [05/Jul/2010:02:48:08 -0700] "GET blackstardojo.org/robots.txt HTTP/1.1" 404 1695 "-" "Mozilla/5.0 (compatible; YandexBot/3.0; MirrorDetector; +http://yandex.com/bots)"
95.108.150.235 - - [05/Jul/2010:02:48:08 -0700] "GET www.blackstardojo.org/robots.txt HTTP/1.1" 404 1695 "-" "Mozilla/5.0 (compatible; YandexBot/3.0; MirrorDetector; +http://yandex.com/bots)"
95.108.150.235 - - [05/Jul/2010:02:48:10 -0700] "GET blackstardojo.org/ HTTP/1.1" 200 49404 "-" "Mozilla/5.0 (compatible; YandexBot/3.0; MirrorDetector; +http://yandex.com/bots)"
95.108.150.235 - - [05/Jul/2010:02:48:10 -0700] "GET www.blackstardojo.org/ HTTP/1.1" 200 49404 "-" "Mozilla/5.0 (compatible; YandexBot/3.0; MirrorDetector; +http://yandex.com/bots)"
95.108.150.235 - - [05/Jul/2010:02:48:12 -0700] "GET blackstardojo.org/ HTTP/1.1" 200 49403 "-" "Mozilla/5.0 (compatible; YandexBot/3.0; MirrorDetector; +http://yandex.com/bots)"
95.108.150.235 - - [05/Jul/2010:02:48:12 -0700] "GET www.blackstardojo.org/ HTTP/1.1" 200 49403 "-" "Mozilla/5.0 (compatible; YandexBot/3.0; MirrorDetector; +http://yandex.com/bots)"
67.195.111.226 - - [05/Jul/2010:02:49:03 -0700] "GET www.blackstardojo.org/bookies.php?sid=65697808bae2c4711adcc76dcf24e559 HTTP/1.0" 302 39 "-" "Mozilla/5.0 (compatible; Yahoo! Slurp/3.0; http://help.yahoo.com/help/us/ysearch/slurp)"
67.195.111.226 - - [05/Jul/2010:02:49:04 -0700] "GET www.blackstardojo.org/login.php?redirect=bookies.php&sid=fb1e0796f4c5e5c440280464f61ce7b4 HTTP/1.0" 200 18898 "-" "Mozilla/5.0 (compatible; Yahoo! Slurp/3.0; http://help.yahoo.com/help/us/ysearch/slurp)"
93.97.80.91 - - [05/Jul/2010:02:49:53 -0700] "GET www.blackstardojo.org/shop/images/Pokeball.gif HTTP/1.1" 200 314 "http://fuckyeahpokememe.tumblr.com/" "Mozilla/4.0 (compatible; MSIE 7.0; Windows NT 5.1; Trident/4.0; SU 3.21; GTB6.5; .NET CLR 1.1.4322; .NET CLR 2.0.50727; .NET CLR 3.0.4506.2152; .NET CLR 3.5.30729)"
68.190.10.9 - - [05/Jul/2010:02:50:07 -0700] "GET www.blackstardojo.org/shop/images/Pokeball.gif HTTP/1.1" 200 314 "http://fuckyeahpokememe.tumblr.com/" "Mozilla/5.0 (Windows; U; Windows NT 5.1; en-US; rv:1.9.2.3) Gecko/20100401 Firefox/3.6.3 (.NET CLR 3.5.30729)"
67.195.111.226 - - [05/Jul/2010:02:50:16 -0700] "GET www.blackstardojo.org/shop_Firepit.php HTTP/1.0" 200 19670 "-" "Mozilla/5.0 (compatible; Yahoo! Slurp/3.0; http://help.yahoo.com/help/us/ysearch/slurp)"
67.195.115.240 - - [05/Jul/2010:02:50:38 -0700] "GET blackstardojo.org/wiki/index.php?title=Platinum_Ingot HTTP/1.0" 200 2809 "-" "Mozilla/5.0 (compatible; Yahoo! Slurp/3.0; http://help.yahoo.com/help/us/ysearch/slurp)"
95.168.183.249 - - [05/Jul/2010:02:52:37 -0700] "GET www.blackstardojo.org/index.php HTTP/1.0" 200 49296 "http://www.blackstardojo.org/index.php" "Mozilla/4.0 (compatible; MSIE 6.0; Windows NT 5.1; SV1; Media Center PC"
95.168.183.249 - - [05/Jul/2010:02:52:39 -0700] "GET www.blackstardojo.org/profile.php?mode=register&sid=8925e7b251152c40ea84d480d9f50168 HTTP/1.0" 200 19068 "http://www.blackstardojo.org/profile.php?mode=register&sid=8925e7b251152c40ea84d480d9f50168" "Mozilla/4.0 (compatible; MSIE 6.0; Windows NT 5.1; SV1; Media Center PC"
95.168.183.249 - - [05/Jul/2010:02:52:42 -0700] "GET www.blackstardojo.org/profile.php?mode=register&agreed=true HTTP/1.0" 200 29204 "http://www.blackstardojo.org/profile.php?mode=register&agreed=true" "Mozilla/4.0 (compatible; MSIE 6.0; Windows NT 5.1; SV1; Media Center PC"
95.168.183.249 - - [05/Jul/2010:02:52:44 -0700] "GET www.blackstardojo.org/profile.php?mode=confirm&id=cff361c3e2841fc6b40306025110d26b HTTP/1.0" 200 9414 "http://www.blackstardojo.org/profile.php?mode=register&agreed=true" "Mozilla/4.0 (compatible; MSIE 6.0; Windows NT 5.1; SV1; Media Center PC"
193.47.80.40 - - [05/Jul/2010:02:52:44 -0700] "GET blackstardojo.org/wiki/index.php?title=Woad&action=history HTTP/1.1" 200 2504 "-" "Mozilla/5.0 (compatible; Exabot/3.0; +http://www.exabot.com/go/robot)"
95.168.183.249 - - [05/Jul/2010:02:52:46 -0700] "POST www.blackstardojo.org/profile.php HTTP/1.0" 200 29774 "http://www.blackstardojo.org/profile.php?mode=register&agreed=true" "Mozilla/4.0 (compatible; MSIE 6.0; Windows NT 5.1; SV1; Media Center PC"
95.168.183.249 - - [05/Jul/2010:02:52:47 -0700] "GET www.blackstardojo.org/profile.php?mode=confirm&id=e08fff44649b0121bb5094d7c53aefb4 HTTP/1.0" 200 2719 "http://www.blackstardojo.org/profile.php?mode=register&agreed=true" "Mozilla/4.0 (compatible; MSIE 6.0; Windows NT 5.1; SV1; Media Center PC"
95.168.183.249 - - [05/Jul/2010:02:52:48 -0700] "POST www.blackstardojo.org/profile.php HTTP/1.0" 200 29774 "http://www.blackstardojo.org/profile.php?mode=register&agreed=true" "Mozilla/4.0 (compatible; MSIE 6.0; Windows NT 5.1; SV1; Media Center PC"
95.168.183.249 - - [05/Jul/2010:02:52:49 -0700] "GET www.blackstardojo.org/profile.php?mode=confirm&id=e2e61db264ee85e9e64fe7f00a822d26 HTTP/1.0" 200 8492 "http://www.blackstardojo.org/profile.php?mode=register&agreed=true" "Mozilla/4.0 (compatible; MSIE 6.0; Windows NT 5.1; SV1; Media Center PC"
95.168.183.249 - - [05/Jul/2010:02:52:51 -0700] "POST www.blackstardojo.org/profile.php HTTP/1.0" 200 29774 "http://www.blackstardojo.org/profile.php?mode=register&agreed=true" "Mozilla/4.0 (compatible; MSIE 6.0; Windows NT 5.1; SV1; Media Center PC"
95.168.183.249 - - [05/Jul/2010:02:52:52 -0700] "GET www.blackstardojo.org/profile.php?mode=confirm&id=1511e55e5c316e0cd51ed07feb8b56f9 HTTP/1.0" 200 8713 "http://www.blackstardojo.org/profile.php?mode=register&agreed=true" "Mozilla/4.0 (compatible; MSIE 6.0; Windows NT 5.1; SV1; Media Center PC"
95.168.183.249 - - [05/Jul/2010:02:52:54 -0700] "POST www.blackstardojo.org/profile.php HTTP/1.0" 200 17040 "http://www.blackstardojo.org/profile.php?mode=register&agreed=true" "Mozilla/4.0 (compatible; MSIE 6.0; Windows NT 5.1; SV1; Media Center PC"
95.168.183.249 - - [05/Jul/2010:02:52:55 -0700] "GET www.blackstardojo.org/login.php HTTP/1.0" 200 17863 "http://www.blackstardojo.org/login.php" "Mozilla/4.0 (compatible; MSIE 6.0; Windows NT 5.1; SV1; Media Center PC"
67.195.111.226 - - [05/Jul/2010:02:52:56 -0700] "GET www.blackstardojo.org/viewtopic.php?p=31333 HTTP/1.0" 200 56464 "-" "Mozilla/5.0 (compatible; Yahoo! Slurp/3.0; http://help.yahoo.com/help/us/ysearch/slurp)"
95.168.183.249 - - [05/Jul/2010:02:52:56 -0700] "POST www.blackstardojo.org/login.php HTTP/1.0" 200 17215 "http://www.blackstardojo.org/login.php" "Mozilla/4.0 (compatible; MSIE 6.0; Windows NT 5.1; SV1; Media Center PC"
67.195.111.226 - - [05/Jul/2010:02:52:57 -0700] "GET www.blackstardojo.org/wiki/index.php?title=Special:Whatlinkshere&target=TheDarkPsycho&limit=50&offset=0 HTTP/1.0" 200 2719 "-" "Mozilla/5.0 (compatible; Yahoo! Slurp/3.0; http://help.yahoo.com/help/us/ysearch/slurp)"
95.168.183.249 - - [05/Jul/2010:02:52:58 -0700] "GET www.blackstardojo.org/login.php?redirect= HTTP/1.0" 200 17863 "http://www.blackstardojo.org/login.php?redirect=" "Mozilla/4.0 (compatible; MSIE 6.0; Windows NT 5.1; SV1; Media Center PC"
95.168.183.249 - - [05/Jul/2010:02:52:59 -0700] "GET www.blackstardojo.org/profile.php?mode=editprofile HTTP/1.0" 302 39 "http://www.blackstardojo.org/profile.php?mode=editprofile" "Mozilla/4.0 (compatible; MSIE 6.0; Windows NT 5.1; SV1; Media Center PC"
193.47.80.40 - - [05/Jul/2010:02:53:04 -0700] "GET blackstardojo.org/wiki/index.php?title=Image:Sand.gif&action=edit HTTP/1.1" 200 2113 "-" "Mozilla/5.0 (compatible; Exabot/3.0; +http://www.exabot.com/go/robot)"
67.195.115.240 - - [05/Jul/2010:02:54:24 -0700] "GET blackstardojo.org/profile.php?mode=miniprofile&u=83 HTTP/1.0" 200 12124 "-" "Mozilla/5.0 (compatible; Yahoo! Slurp/3.0; http://help.yahoo.com/help/us/ysearch/slurp)"
67.195.115.240 - - [05/Jul/2010:02:54:29 -0700] "GET blackstardojo.org/viewtopic.php?p=49402 HTTP/1.0" 200 32890 "-" "Mozilla/5.0 (compatible; Yahoo! Slurp/3.0; http://help.yahoo.com/help/us/ysearch/slurp)"
67.195.115.240 - - [05/Jul/2010:02:54:52 -0700] "GET blackstardojo.org/profile.php?mode=viewprofile&u=10 HTTP/1.0" 200 66498 "-" "Mozilla/5.0 (compatible; Yahoo! Slurp/3.0; http://help.yahoo.com/help/us/ysearch/slurp)"
67.195.115.240 - - [05/Jul/2010:02:55:28 -0700] "GET blackstardojo.org/viewtopic.php?p=53050 HTTP/1.0" 200 69715 "-" "Mozilla/5.0 (compatible; Yahoo! Slurp/3.0; http://help.yahoo.com/help/us/ysearch/slurp)"
67.195.115.240 - - [05/Jul/2010:02:55:29 -0700] "GET blackstardojo.org/wiki/index.php?title=Image:UncutQuartz.gif HTTP/1.0" 200 2747 "-" "Mozilla/5.0 (compatible; Yahoo! Slurp/3.0; http://help.yahoo.com/help/us/ysearch/slurp)"
67.195.111.226 - - [05/Jul/2010:02:56:24 -0700] "GET www.blackstardojo.org/shop_auctions.php?sid=f03b4ba68059fad84bf95ded0d36e933 HTTP/1.0" 302 25425 "-" "Mozilla/5.0 (compatible; Yahoo! Slurp/3.0; http://help.yahoo.com/help/us/ysearch/slurp)"
67.195.111.226 - - [05/Jul/2010:02:56:27 -0700] "GET www.blackstardojo.org/login.php?redirect=/shop_auctions.php&sid=1db96350744f351c4c522ab606ad2a6c HTTP/1.0" 200 18905 "-" "Mozilla/5.0 (compatible; Yahoo! Slurp/3.0; http://help.yahoo.com/help/us/ysearch/slurp)"
67.195.115.240 - - [05/Jul/2010:02:57:01 -0700] "GET blackstardojo.org/posting.php?mode=quote&p=53152 HTTP/1.0" 302 39 "-" "Mozilla/5.0 (compatible; Yahoo! Slurp/3.0; http://help.yahoo.com/help/us/ysearch/slurp)"
67.195.111.226 - - [05/Jul/2010:02:57:11 -0700] "GET www.blackstardojo.org/login.php?redirect=posting.php&mode=quote&p=53152&sid=20c949d24e1b282909a56454a247d116 HTTP/1.0" 200 18916 "-" "Mozilla/5.0 (compatible; Yahoo! Slurp/3.0; http://help.yahoo.com/help/us/ysearch/slurp)"
208.115.111.249 - - [05/Jul/2010:02:57:40 -0700] "GET www.blackstardojo.org/cash.php?mode=modedit&ref=viewprofile&u=26 HTTP/1.1" 302 51 "-" "Mozilla/5.0 (compatible; DotBot/1.1; http://www.dotnetdotcom.org/, crawler@dotnetdotcom.org)"
208.115.111.249 - - [05/Jul/2010:02:57:44 -0700] "GET www.blackstardojo.org/profile.php?mode=viewprofile&u=136 HTTP/1.1" 200 34395 "-" "Mozilla/5.0 (compatible; DotBot/1.1; http://www.dotnetdotcom.org/, crawler@dotnetdotcom.org)"
208.115.111.249 - - [05/Jul/2010:02:57:48 -0700] "GET www.blackstardojo.org/wiki/index.php?title=Powerplaying&action=edit&section=1 HTTP/1.1" 200 2113 "-" "Mozilla/5.0 (compatible; DotBot/1.1; http://www.dotnetdotcom.org/, crawler@dotnetdotcom.org)"
67.195.115.240 - - [05/Jul/2010:02:57:52 -0700] "GET blackstardojo.org/wiki/index.php?title=User:i1bu_buy_anacin_online_cheap&printable=yes HTTP/1.0" 200 5601 "-" "Mozilla/5.0 (compatible; Yahoo! Slurp/3.0; http://help.yahoo.com/help/us/ysearch/slurp)"
208.115.111.249 - - [05/Jul/2010:02:57:53 -0700] "GET www.blackstardojo.org/wiki/index.php?title=Powerplaying&action=history HTTP/1.1" 200 3023 "-" "Mozilla/5.0 (compatible; DotBot/1.1; http://www.dotnetdotcom.org/, crawler@dotnetdotcom.org)"
208.115.111.249 - - [05/Jul/2010:02:57:58 -0700] "GET www.blackstardojo.org/wiki/index.php?title=The_Evil_Council HTTP/1.1" 200 9954 "-" "Mozilla/5.0 (compatible; DotBot/1.1; http://www.dotnetdotcom.org/, crawler@dotnetdotcom.org)"
208.115.111.249 - - [05/Jul/2010:02:58:03 -0700] "GET blackstardojo.org/wiki/index.php?title=Embri&action=edit HTTP/1.1" 200 2108 "-" "Mozilla/5.0 (compatible; DotBot/1.1; http://www.dotnetdotcom.org/, crawler@dotnetdotcom.org)"
208.115.111.249 - - [05/Jul/2010:02:58:08 -0700] "GET blackstardojo.org/wiki/index.php?title=User&action=edit HTTP/1.1" 200 2104 "-" "Mozilla/5.0 (compatible; DotBot/1.1; http://www.dotnetdotcom.org/, crawler@dotnetdotcom.org)"
67.195.115.240 - - [05/Jul/2010:02:58:11 -0700] "GET blackstardojo.org/wiki/index.php?title=Talk:Toad&action=edit HTTP/1.0" 200 2105 "-" "Mozilla/5.0 (compatible; Yahoo! Slurp/3.0; http://help.yahoo.com/help/us/ysearch/slurp)"
208.115.111.249 - - [05/Jul/2010:02:58:13 -0700] "GET blackstardojo.org/wiki/index.php?title=User&action=history HTTP/1.1" 200 2506 "-" "Mozilla/5.0 (compatible; DotBot/1.1; http://www.dotnetdotcom.org/, crawler@dotnetdotcom.org)"
208.115.111.249 - - [05/Jul/2010:02:58:18 -0700] "GET blackstardojo.org/wiki/index.php?title=Usergroup&action=edit HTTP/1.1" 200 2108 "-" "Mozilla/5.0 (compatible; DotBot/1.1; http://www.dotnetdotcom.org/, crawler@dotnetdotcom.org)"
208.115.111.249 - - [05/Jul/2010:02:58:24 -0700] "GET blackstardojo.org/wiki/index.php?title=Usergroup&action=history HTTP/1.1" 200 2766 "-" "Mozilla/5.0 (compatible; DotBot/1.1; http://www.dotnetdotcom.org/, crawler@dotnetdotcom.org)"
67.195.111.226 - - [05/Jul/2010:02:59:17 -0700] "GET www.blackstardojo.org/wiki/index.php?title=Bloodstone_Necklace HTTP/1.0" 200 2773 "-" "Mozilla/5.0 (compatible; Yahoo! Slurp/3.0; http://help.yahoo.com/help/us/ysearch/slurp)"
222.152.167.29 - - [05/Jul/2010:02:59:34 -0700] "GET www.blackstardojo.org/shop/images/Pokeball.gif HTTP/1.1" 200 314 "http://fuckyeahpokememe.tumblr.com/page/47" "Mozilla/5.0 (Windows; U; Windows NT 5.1; en-US; rv:1.9.1.10) Gecko/20100504 Firefox/3.5.10"
67.195.115.240 - - [05/Jul/2010:02:59:54 -0700] "GET blackstardojo.org/wiki/index.php?title=Image:PropertyDeed.png HTTP/1.0" 200 2784 "-" "Mozilla/5.0 (compatible; Yahoo! Slurp/3.0; http://help.yahoo.com/help/us/ysearch/slurp)"
90.196.166.235 - - [05/Jul/2010:03:00:05 -0700] "GET www.blackstardojo.org/shop/images/Pokeball.gif HTTP/1.1" 200 314 "http://fuckyeahpokememe.tumblr.com/" "Mozilla/5.0 (Windows; U; Windows NT 5.1; en-GB; rv:1.9.2.6) Gecko/20100625 Firefox/3.6.6 ( .NET CLR 3.5.30729)"
188.221.100.183 - - [05/Jul/2010:03:03:51 -0700] "GET www.blackstardojo.org/shop/images/Pokeball.gif HTTP/1.1" 200 314 "http://fuckyeahpokememe.tumblr.com/search/slowpoke/page/3" "Mozilla/5.0 (Windows; U; Windows NT 6.1; en-GB; rv:1.9.2.6) Gecko/20100625 Firefox/3.6.6"
64.180.64.201 - - [05/Jul/2010:03:04:16 -0700] "GET www.blackstardojo.org/shop/images/Pokeball.gif HTTP/1.1" 200 314 "http://fuckyeahpokememe.tumblr.com/" "Mozilla/5.0 (Windows; U; Windows NT 6.0; en-US) AppleWebKit/533.4 (KHTML, like Gecko) Chrome/5.0.375.86 Safari/533.4"
66.249.68.235 - - [05/Jul/2010:03:04:24 -0700] "GET www.blackstardojo.org/viewtopic.php?p=52589&sid=1421ccd89942acb9c321d6bcd9744b52 HTTP/1.1" 200 148585 "-" "Mozilla/5.0 (compatible; Googlebot/2.1; +http://www.google.com/bot.html)"
67.195.111.226 - - [05/Jul/2010:03:04:26 -0700] "GET www.blackstardojo.org/viewtopic.php?t=825 HTTP/1.0" 200 59036 "-" "Mozilla/5.0 (compatible; Yahoo! Slurp/3.0; http://help.yahoo.com/help/us/ysearch/slurp)"
67.195.111.226 - - [05/Jul/2010:03:06:05 -0700] "GET www.blackstardojo.org/wiki/index.php?title=User:20bu_buy_zestril_online_cheap HTTP/1.0" 200 5542 "-" "Mozilla/5.0 (compatible; Yahoo! Slurp/3.0; http://help.yahoo.com/help/us/ysearch/slurp)"
193.47.80.40 - - [05/Jul/2010:03:06:06 -0700] "GET blackstardojo.org/wiki/index.php?title=Image:SugarCane.gif HTTP/1.1" 304 0 "-" "Mozilla/5.0 (compatible; Exabot/3.0; +http://www.exabot.com/go/robot)"
99.14.85.42 - - [05/Jul/2010:03:06:07 -0700] "GET www.blackstardojo.org/shop/images/Pokeball.gif HTTP/1.1" 200 314 "http://fuckyeahpokememe.tumblr.com/" "Mozilla/5.0 (Macintosh; U; Intel Mac OS X 10_6_4; en-us) AppleWebKit/533.16 (KHTML, like Gecko) Version/5.0 Safari/533.16"
67.195.115.240 - - [05/Jul/2010:03:06:22 -0700] "GET blackstardojo.org/wiki/index.php?title=Fauna HTTP/1.0" 200 2817 "-" "Mozilla/5.0 (compatible; Yahoo! Slurp/3.0; http://help.yahoo.com/help/us/ysearch/slurp)"
67.195.115.240 - - [05/Jul/2010:03:06:22 -0700] "GET blackstardojo.org/wiki/skins/monobook/main.css HTTP/1.0" 304 - "http://blackstardojo.org/wiki/index.php?title=Fauna" "Mozilla/5.0 (compatible; Yahoo! Slurp/3.0; http://help.yahoo.com/help/us/ysearch/slurp)"
67.195.115.240 - - [05/Jul/2010:03:06:22 -0700] "GET blackstardojo.org/wiki/skins/common/commonPrint.css HTTP/1.0" 304 - "http://blackstardojo.org/wiki/index.php?title=Fauna" "Mozilla/5.0 (compatible; Yahoo! Slurp/3.0; http://help.yahoo.com/help/us/ysearch/slurp)"
67.195.115.240 - - [05/Jul/2010:03:06:23 -0700] "GET blackstardojo.org/wiki/index.php?title=-&action=raw&gen=css&maxage=18000 HTTP/1.0" 200 98 "http://blackstardojo.org/wiki/index.php?title=Fauna" "Mozilla/5.0 (compatible; Yahoo! Slurp/3.0; http://help.yahoo.com/help/us/ysearch/slurp)"
193.47.80.40 - - [05/Jul/2010:03:06:59 -0700] "GET blackstardojo.org/wiki/index.php?title=Special:Userlogin&returnto=Category:Psychotopian_P/R_Facility HTTP/1.1" 200 2626 "-" "Mozilla/5.0 (compatible; Exabot/3.0; +http://www.exabot.com/go/robot)"
67.195.111.226 - - [05/Jul/2010:03:07:17 -0700] "GET www.blackstardojo.org/viewtopic.php?p=43200&highlight= HTTP/1.0" 200 119256 "-" "Mozilla/5.0 (compatible; Yahoo! Slurp/3.0; http://help.yahoo.com/help/us/ysearch/slurp)"
67.195.111.226 - - [05/Jul/2010:03:07:52 -0700] "GET www.blackstardojo.org/wiki/index.php?title=Glass_Jar HTTP/1.0" 200 2689 "-" "Mozilla/5.0 (compatible; Yahoo! Slurp/3.0; http://help.yahoo.com/help/us/ysearch/slurp)"
67.195.111.226 - - [05/Jul/2010:03:08:03 -0700] "GET www.blackstardojo.org/posting.php?mode=quote&p=51554 HTTP/1.0" 302 39 "-" "Mozilla/5.0 (compatible; Yahoo! Slurp/3.0; http://help.yahoo.com/help/us/ysearch/slurp)"
67.195.111.226 - - [05/Jul/2010:03:08:05 -0700] "GET www.blackstardojo.org/login.php?redirect=posting.php&mode=quote&p=51554&sid=b82c2922219e7bea07995ecb43c5630a HTTP/1.0" 200 18916 "-" "Mozilla/5.0 (compatible; Yahoo! Slurp/3.0; http://help.yahoo.com/help/us/ysearch/slurp)"
93.45.124.244 - - [05/Jul/2010:03:09:59 -0700] "GET www.blackstardojo.org/shop/images/Pokeball.gif HTTP/1.1" 200 314 "http://fuckyeahpokememe.tumblr.com/post/513274548/via-orangealert" "Mozilla/5.0 (Windows; U; Windows NT 5.1; it; rv:1.9.2.6) Gecko/20100625 Firefox/3.6.6"
216.129.119.45 - - [05/Jul/2010:03:10:32 -0700] "GET blackstardojo.org/shop_inventory.php?action=shoplist&shop=7 HTTP/1.1" 200 35451 "-" "Mozilla/5.0 (Twiceler-0.9 http://www.cuil.com/twiceler/robot.html)"
79.185.17.89 - - [05/Jul/2010:03:10:56 -0700] "GET www.blackstardojo.org/shop/images/Ultraball.gif HTTP/1.1" 200 353 "http://www.pokemonrpgpbf.fora.pl/ogolne,3/legendarne-poki-rozdawane,847.html" "Mozilla/5.0 (Windows; U; Windows NT 5.1; pl; rv:1.9.0.19) Gecko/2010031422 Firefox/3.0.19"
67.195.111.226 - - [05/Jul/2010:03:11:58 -0700] "GET www.blackstardojo.org/profile.php?mode=viewprofile&u=93 HTTP/1.0" 200 31570 "-" "Mozilla/5.0 (compatible; Yahoo! Slurp/3.0; http://help.yahoo.com/help/us/ysearch/slurp)"
67.195.115.240 - - [05/Jul/2010:03:12:19 -0700] "GET blackstardojo.org/wiki/index.php?title=Special:Categories&article=Cardboard_Box HTTP/1.0" 200 3091 "-" "Mozilla/5.0 (compatible; Yahoo! Slurp/3.0; http://help.yahoo.com/help/us/ysearch/slurp)"
67.195.111.226 - - [05/Jul/2010:03:12:52 -0700] "GET www.blackstardojo.org/ranks.php?sid=68d3db8e5c90dfdae2dfe39ff2dcf6b2 HTTP/1.0" 200 59723 "-" "Mozilla/5.0 (compatible; Yahoo! Slurp/3.0; http://help.yahoo.com/help/us/ysearch/slurp)"
67.195.111.226 - - [05/Jul/2010:03:13:32 -0700] "GET www.blackstardojo.org/wiki/index.php?title=Category_talk:Root&redirect=no HTTP/1.0" 200 2264 "-" "Mozilla/5.0 (compatible; Yahoo! Slurp/3.0; http://help.yahoo.com/help/us/ysearch/slurp)"
67.195.111.226 - - [05/Jul/2010:03:15:20 -0700] "GET www.blackstardojo.org/wiki/index.php?title=Special:Whatlinkshere&target=Dyes&limit=100&offset=0 HTTP/1.0" 200 2145 "-" "Mozilla/5.0 (compatible; Yahoo! Slurp/3.0; http://help.yahoo.com/help/us/ysearch/slurp)"
67.195.115.240 - - [05/Jul/2010:03:17:50 -0700] "GET blackstardojo.org/profile.php?mode=viewprofile&u=13 HTTP/1.0" 200 50778 "-" "Mozilla/5.0 (compatible; Yahoo! Slurp/3.0; http://help.yahoo.com/help/us/ysearch/slurp)"
67.195.115.240 - - [05/Jul/2010:03:18:34 -0700] "GET blackstardojo.org/wiki/index.php?title=Template_talk:Main_Page/Left&action=edit HTTP/1.0" 200 2119 "-" "Mozilla/5.0 (compatible; Yahoo! Slurp/3.0; http://help.yahoo.com/help/us/ysearch/slurp)"
67.195.115.240 - - [05/Jul/2010:03:18:54 -0700] "GET blackstardojo.org/viewtopic.php?t=2264 HTTP/1.0" 200 42852 "-" "Mozilla/5.0 (compatible; Yahoo! Slurp/3.0; http://help.yahoo.com/help/us/ysearch/slurp)"
67.195.111.226 - - [05/Jul/2010:03:18:55 -0700] "GET www.blackstardojo.org/memberlist.php HTTP/1.0" 200 114635 "-" "Mozilla/5.0 (compatible; Yahoo! Slurp/3.0; http://help.yahoo.com/help/us/ysearch/slurp)"
87.115.139.225 - - [05/Jul/2010:03:19:17 -0700] "GET www.blackstardojo.org/shop/images/Pokeball.gif HTTP/1.1" 200 314 "http://fuckyeahpokememe.tumblr.com/" "Mozilla/5.0 (Macintosh; U; Intel Mac OS X 10_5_8; en-gb) AppleWebKit/533.16 (KHTML, like Gecko) Version/5.0 Safari/533.16"
67.195.115.240 - - [05/Jul/2010:03:19:21 -0700] "GET blackstardojo.org/wiki/index.php?title=Special:Whatlinkshere&target=Busters_Flamepit HTTP/1.0" 200 2216 "-" "Mozilla/5.0 (compatible; Yahoo! Slurp/3.0; http://help.yahoo.com/help/us/ysearch/slurp)"
67.195.115.240 - - [05/Jul/2010:03:19:40 -0700] "GET blackstardojo.org/wiki/index.php?title=Special:Recentchangeslinked&target=Owls&hideminor=0&days=7&limit=100 HTTP/1.0" 200 2204 "-" "Mozilla/5.0 (compatible; Yahoo! Slurp/3.0; http://help.yahoo.com/help/us/ysearch/slurp)"
67.195.115.240 - - [05/Jul/2010:03:19:49 -0700] "GET blackstardojo.org/wiki/index.php?title=User:AL%7EX2&action=edit&section=3 HTTP/1.0" 200 2124 "-" "Mozilla/5.0 (compatible; Yahoo! Slurp/3.0; http://help.yahoo.com/help/us/ysearch/slurp)"
67.195.115.240 - - [05/Jul/2010:03:20:13 -0700] "GET blackstardojo.org/profile.php?mode=viewprofile&u=304 HTTP/1.0" 200 34093 "-" "Mozilla/5.0 (compatible; Yahoo! Slurp/3.0; http://help.yahoo.com/help/us/ysearch/slurp)"
67.195.115.240 - - [05/Jul/2010:03:20:21 -0700] "GET blackstardojo.org/cash.php HTTP/1.0" 302 39 "-" "Mozilla/5.0 (compatible; Yahoo! Slurp/3.0; http://help.yahoo.com/help/us/ysearch/slurp)"
