146.229.45.117 - - [17/Jun/2010:06:12:42 -0700] "GET www.blackstardojo.org/forum_images/ampitheater.png HTTP/1.1" 200 3639 "http://www.blackstardojo.org/" "Mozilla/5.0 (Windows; U; Windows NT 5.1; en-US; rv:1.9.1.9) Gecko/20100315 Firefox/3.5.9 (.NET CLR 3.5.30729)"
146.229.45.117 - - [17/Jun/2010:06:12:42 -0700] "GET www.blackstardojo.org/forum_images/art.png HTTP/1.1" 200 4214 "http://www.blackstardojo.org/" "Mozilla/5.0 (Windows; U; Windows NT 5.1; en-US; rv:1.9.1.9) Gecko/20100315 Firefox/3.5.9 (.NET CLR 3.5.30729)"
146.229.45.117 - - [17/Jun/2010:06:12:42 -0700] "GET www.blackstardojo.org/forum_images/market.png HTTP/1.1" 200 3915 "http://www.blackstardojo.org/" "Mozilla/5.0 (Windows; U; Windows NT 5.1; en-US; rv:1.9.1.9) Gecko/20100315 Firefox/3.5.9 (.NET CLR 3.5.30729)"
146.229.45.117 - - [17/Jun/2010:06:12:42 -0700] "GET www.blackstardojo.org/forum_images/suggestion.png HTTP/1.1" 200 2959 "http://www.blackstardojo.org/" "Mozilla/5.0 (Windows; U; Windows NT 5.1; en-US; rv:1.9.1.9) Gecko/20100315 Firefox/3.5.9 (.NET CLR 3.5.30729)"
146.229.45.117 - - [17/Jun/2010:06:12:42 -0700] "GET www.blackstardojo.org/forum_images/cave.png HTTP/1.1" 200 3899 "http://www.blackstardojo.org/" "Mozilla/5.0 (Windows; U; Windows NT 5.1; en-US; rv:1.9.1.9) Gecko/20100315 Firefox/3.5.9 (.NET CLR 3.5.30729)"
146.229.45.117 - - [17/Jun/2010:06:12:42 -0700] "GET www.blackstardojo.org/templates/guildwars_tree/images/whosonline.gif HTTP/1.1" 200 6108 "http://www.blackstardojo.org/" "Mozilla/5.0 (Windows; U; Windows NT 5.1; en-US; rv:1.9.1.9) Gecko/20100315 Firefox/3.5.9 (.NET CLR 3.5.30729)"
146.229.45.117 - - [17/Jun/2010:06:12:42 -0700] "GET www.blackstardojo.org/forum_images/norn.png HTTP/1.1" 200 2834 "http://www.blackstardojo.org/" "Mozilla/5.0 (Windows; U; Windows NT 5.1; en-US; rv:1.9.1.9) Gecko/20100315 Firefox/3.5.9 (.NET CLR 3.5.30729)"
146.229.45.117 - - [17/Jun/2010:06:12:42 -0700] "GET www.blackstardojo.org/templates/guildwars_tree/images/icon_birthday.gif HTTP/1.1" 200 1795 "http://www.blackstardojo.org/" "Mozilla/5.0 (Windows; U; Windows NT 5.1; en-US; rv:1.9.1.9) Gecko/20100315 Firefox/3.5.9 (.NET CLR 3.5.30729)"
146.229.45.117 - - [17/Jun/2010:06:12:42 -0700] "GET www.blackstardojo.org/templates/guildwars_tree/images/folder_new_big.gif HTTP/1.1" 200 1121 "http://www.blackstardojo.org/" "Mozilla/5.0 (Windows; U; Windows NT 5.1; en-US; rv:1.9.1.9) Gecko/20100315 Firefox/3.5.9 (.NET CLR 3.5.30729)"
146.229.45.117 - - [17/Jun/2010:06:12:42 -0700] "GET www.blackstardojo.org/templates/guildwars_tree/images/folder_big.gif HTTP/1.1" 200 713 "http://www.blackstardojo.org/" "Mozilla/5.0 (Windows; U; Windows NT 5.1; en-US; rv:1.9.1.9) Gecko/20100315 Firefox/3.5.9 (.NET CLR 3.5.30729)"
146.229.45.117 - - [17/Jun/2010:06:12:42 -0700] "GET www.blackstardojo.org/templates/guildwars_tree/images/folder_locked_big.gif HTTP/1.1" 200 1209 "http://www.blackstardojo.org/" "Mozilla/5.0 (Windows; U; Windows NT 5.1; en-US; rv:1.9.1.9) Gecko/20100315 Firefox/3.5.9 (.NET CLR 3.5.30729)"
146.229.45.117 - - [17/Jun/2010:06:12:44 -0700] "GET www.blackstardojo.org/login.php?sid=a864dd0d43180de30b9f6e99053da839 HTTP/1.1" 200 21283 "http://www.blackstardojo.org/" "Mozilla/5.0 (Windows; U; Windows NT 5.1; en-US; rv:1.9.1.9) Gecko/20100315 Firefox/3.5.9 (.NET CLR 3.5.30729)"
66.249.68.77 - - [17/Jun/2010:06:12:46 -0700] "GET blackstardojo.org/wiki/index.php?title=User:2di9_buy_trazodone_online_cheap&action=history HTTP/1.1" 200 2572 "-" "Mozilla/5.0 (compatible; Googlebot/2.1; +http://www.google.com/bot.html)"
146.229.45.117 - - [17/Jun/2010:06:12:56 -0700] "POST www.blackstardojo.org/login.php HTTP/1.1" 302 51 "http://www.blackstardojo.org/login.php?sid=a864dd0d43180de30b9f6e99053da839" "Mozilla/5.0 (Windows; U; Windows NT 5.1; en-US; rv:1.9.1.9) Gecko/20100315 Firefox/3.5.9 (.NET CLR 3.5.30729)"
146.229.45.117 - - [17/Jun/2010:06:12:56 -0700] "GET www.blackstardojo.org/index.php?sid=a864dd0d43180de30b9f6e99053da839 HTTP/1.1" 200 81417 "http://www.blackstardojo.org/login.php?sid=a864dd0d43180de30b9f6e99053da839" "Mozilla/5.0 (Windows; U; Windows NT 5.1; en-US; rv:1.9.1.9) Gecko/20100315 Firefox/3.5.9 (.NET CLR 3.5.30729)"
146.229.45.117 - - [17/Jun/2010:06:12:56 -0700] "GET www.blackstardojo.org/forum_images/sanctuary.png HTTP/1.1" 200 3395 "http://www.blackstardojo.org/index.php?sid=a864dd0d43180de30b9f6e99053da839" "Mozilla/5.0 (Windows; U; Windows NT 5.1; en-US; rv:1.9.1.9) Gecko/20100315 Firefox/3.5.9 (.NET CLR 3.5.30729)"
146.229.45.117 - - [17/Jun/2010:06:12:56 -0700] "GET www.blackstardojo.org/forum_images/corporation.png HTTP/1.1" 200 2427 "http://www.blackstardojo.org/index.php?sid=a864dd0d43180de30b9f6e99053da839" "Mozilla/5.0 (Windows; U; Windows NT 5.1; en-US; rv:1.9.1.9) Gecko/20100315 Firefox/3.5.9 (.NET CLR 3.5.30729)"
146.229.45.117 - - [17/Jun/2010:06:12:56 -0700] "GET www.blackstardojo.org/forum_images/citadel.png HTTP/1.1" 200 3081 "http://www.blackstardojo.org/index.php?sid=a864dd0d43180de30b9f6e99053da839" "Mozilla/5.0 (Windows; U; Windows NT 5.1; en-US; rv:1.9.1.9) Gecko/20100315 Firefox/3.5.9 (.NET CLR 3.5.30729)"
146.229.45.117 - - [17/Jun/2010:06:12:56 -0700] "GET www.blackstardojo.org/forum_images/immortal.png HTTP/1.1" 200 4039 "http://www.blackstardojo.org/index.php?sid=a864dd0d43180de30b9f6e99053da839" "Mozilla/5.0 (Windows; U; Windows NT 5.1; en-US; rv:1.9.1.9) Gecko/20100315 Firefox/3.5.9 (.NET CLR 3.5.30729)"
146.229.45.117 - - [17/Jun/2010:06:12:56 -0700] "GET www.blackstardojo.org/forum_images/maze.png HTTP/1.1" 200 3116 "http://www.blackstardojo.org/index.php?sid=a864dd0d43180de30b9f6e99053da839" "Mozilla/5.0 (Windows; U; Windows NT 5.1; en-US; rv:1.9.1.9) Gecko/20100315 Firefox/3.5.9 (.NET CLR 3.5.30729)"
146.229.45.117 - - [17/Jun/2010:06:12:57 -0700] "GET www.blackstardojo.org/forum_images/shame.png HTTP/1.1" 200 3532 "http://www.blackstardojo.org/index.php?sid=a864dd0d43180de30b9f6e99053da839" "Mozilla/5.0 (Windows; U; Windows NT 5.1; en-US; rv:1.9.1.9) Gecko/20100315 Firefox/3.5.9 (.NET CLR 3.5.30729)"
146.229.45.117 - - [17/Jun/2010:06:12:57 -0700] "GET www.blackstardojo.org/forum_images/meeting.png HTTP/1.1" 200 2434 "http://www.blackstardojo.org/index.php?sid=a864dd0d43180de30b9f6e99053da839" "Mozilla/5.0 (Windows; U; Windows NT 5.1; en-US; rv:1.9.1.9) Gecko/20100315 Firefox/3.5.9 (.NET CLR 3.5.30729)"
146.229.45.117 - - [17/Jun/2010:06:12:57 -0700] "GET www.blackstardojo.org/forum_images/olympics.png HTTP/1.1" 200 3195 "http://www.blackstardojo.org/index.php?sid=a864dd0d43180de30b9f6e99053da839" "Mozilla/5.0 (Windows; U; Windows NT 5.1; en-US; rv:1.9.1.9) Gecko/20100315 Firefox/3.5.9 (.NET CLR 3.5.30729)"
146.229.45.117 - - [17/Jun/2010:06:12:57 -0700] "GET www.blackstardojo.org/forum_images/archives.png HTTP/1.1" 200 3097 "http://www.blackstardojo.org/index.php?sid=a864dd0d43180de30b9f6e99053da839" "Mozilla/5.0 (Windows; U; Windows NT 5.1; en-US; rv:1.9.1.9) Gecko/20100315 Firefox/3.5.9 (.NET CLR 3.5.30729)"
146.229.45.117 - - [17/Jun/2010:06:12:57 -0700] "GET www.blackstardojo.org/forum_images/door.png HTTP/1.1" 200 3226 "http://www.blackstardojo.org/index.php?sid=a864dd0d43180de30b9f6e99053da839" "Mozilla/5.0 (Windows; U; Windows NT 5.1; en-US; rv:1.9.1.9) Gecko/20100315 Firefox/3.5.9 (.NET CLR 3.5.30729)"
146.229.45.117 - - [17/Jun/2010:06:12:57 -0700] "GET www.blackstardojo.org/forum_images/bunker.png HTTP/1.1" 200 2649 "http://www.blackstardojo.org/index.php?sid=a864dd0d43180de30b9f6e99053da839" "Mozilla/5.0 (Windows; U; Windows NT 5.1; en-US; rv:1.9.1.9) Gecko/20100315 Firefox/3.5.9 (.NET CLR 3.5.30729)"
146.229.45.117 - - [17/Jun/2010:06:12:57 -0700] "GET www.blackstardojo.org/forum_images/dna.png HTTP/1.1" 200 2713 "http://www.blackstardojo.org/index.php?sid=a864dd0d43180de30b9f6e99053da839" "Mozilla/5.0 (Windows; U; Windows NT 5.1; en-US; rv:1.9.1.9) Gecko/20100315 Firefox/3.5.9 (.NET CLR 3.5.30729)"
146.229.45.117 - - [17/Jun/2010:06:12:57 -0700] "GET www.blackstardojo.org/forum_images/dojopolis.png HTTP/1.1" 200 3146 "http://www.blackstardojo.org/index.php?sid=a864dd0d43180de30b9f6e99053da839" "Mozilla/5.0 (Windows; U; Windows NT 5.1; en-US; rv:1.9.1.9) Gecko/20100315 Firefox/3.5.9 (.NET CLR 3.5.30729)"
146.229.45.117 - - [17/Jun/2010:06:12:57 -0700] "GET www.blackstardojo.org/forum_images/secret.png HTTP/1.1" 200 3376 "http://www.blackstardojo.org/index.php?sid=a864dd0d43180de30b9f6e99053da839" "Mozilla/5.0 (Windows; U; Windows NT 5.1; en-US; rv:1.9.1.9) Gecko/20100315 Firefox/3.5.9 (.NET CLR 3.5.30729)"
146.229.45.117 - - [17/Jun/2010:06:12:57 -0700] "GET www.blackstardojo.org/forum_images/pumpkin.png HTTP/1.1" 200 4271 "http://www.blackstardojo.org/index.php?sid=a864dd0d43180de30b9f6e99053da839" "Mozilla/5.0 (Windows; U; Windows NT 5.1; en-US; rv:1.9.1.9) Gecko/20100315 Firefox/3.5.9 (.NET CLR 3.5.30729)"
146.229.45.117 - - [17/Jun/2010:06:12:57 -0700] "GET www.blackstardojo.org/forum_images/bingo.png HTTP/1.1" 200 2859 "http://www.blackstardojo.org/index.php?sid=a864dd0d43180de30b9f6e99053da839" "Mozilla/5.0 (Windows; U; Windows NT 5.1; en-US; rv:1.9.1.9) Gecko/20100315 Firefox/3.5.9 (.NET CLR 3.5.30729)"
216.129.119.47 - - [17/Jun/2010:06:13:23 -0700] "GET blackstardojo.org/viewtopic.php?t=1494 HTTP/1.1" 302 51 "-" "Mozilla/5.0 (Twiceler-0.9 http://www.cuil.com/twiceler/robot.html)"
64.148.251.47 - - [17/Jun/2010:06:13:38 -0700] "GET www.blackstardojo.org/shop/images/Pokeball.gif HTTP/1.1" 200 314 "http://fuckyeahpokememe.tumblr.com/" "Mozilla/5.0 (Windows; U; Windows NT 5.1; en-US; rv:1.9.2.3) Gecko/20100401 AskTbDIC2V5/3.8.0.12304 Firefox/3.6.3 ( .NET CLR 3.5.30729)"
67.195.115.240 - - [17/Jun/2010:06:13:42 -0700] "GET blackstardojo.org/viewtopic.php?p=44114 HTTP/1.0" 200 68020 "-" "Mozilla/5.0 (compatible; Yahoo! Slurp/3.0; http://help.yahoo.com/help/us/ysearch/slurp)"
146.95.29.143 - - [17/Jun/2010:06:13:51 -0700] "GET www.blackstardojo.org/shop/images/Pokeball.gif HTTP/1.1" 200 314 "http://fuckyeahpokememe.tumblr.com/" "Mozilla/5.0 (Windows; U; Windows NT 6.0; en-US; rv:1.9.2.3) Gecko/20100401 Firefox/3.6.3"
67.195.111.226 - - [17/Jun/2010:06:13:52 -0700] "GET www.blackstardojo.org/viewtopic.php?t=2229 HTTP/1.0" 200 44843 "-" "Mozilla/5.0 (compatible; Yahoo! Slurp/3.0; http://help.yahoo.com/help/us/ysearch/slurp)"
142.167.164.201 - - [17/Jun/2010:06:13:59 -0700] "GET www.blackstardojo.org/shop/images/Pokeball.gif HTTP/1.1" 200 314 "http://fuckyeahpokememe.tumblr.com/page/53" "Mozilla/4.0 (compatible; MSIE 7.0; Windows NT 5.1; SU 3.27; GTB6.5; .NET CLR 2.0.50727; OfficeLiveConnector.1.3; OfficeLivePatch.0.0; .NET CLR 3.0.4506.2152; .NET CLR 3.5.30729; AskTbBT3/5.8.0.12304)"
67.195.111.226 - - [17/Jun/2010:06:14:39 -0700] "GET www.blackstardojo.org/viewtopic.php?t=2229&view=previous HTTP/1.0" 200 48367 "-" "Mozilla/5.0 (compatible; Yahoo! Slurp/3.0; http://help.yahoo.com/help/us/ysearch/slurp)"
67.195.115.240 - - [17/Jun/2010:06:14:43 -0700] "GET blackstardojo.org/wiki/index.php?title=Bookmakers HTTP/1.0" 200 2768 "-" "Mozilla/5.0 (compatible; Yahoo! Slurp/3.0; http://help.yahoo.com/help/us/ysearch/slurp)"
67.195.115.240 - - [17/Jun/2010:06:15:26 -0700] "GET blackstardojo.org/wiki/index.php?title=Mod HTTP/1.0" 200 2763 "-" "Mozilla/5.0 (compatible; Yahoo! Slurp/3.0; http://help.yahoo.com/help/us/ysearch/slurp)"
67.195.111.226 - - [17/Jun/2010:06:16:04 -0700] "GET www.blackstardojo.org/viewtopic.php?p=43113 HTTP/1.0" 200 37129 "-" "Mozilla/5.0 (compatible; Yahoo! Slurp/3.0; http://help.yahoo.com/help/us/ysearch/slurp)"
67.195.115.240 - - [17/Jun/2010:06:16:34 -0700] "GET blackstardojo.org/posting.php?mode=reply&t=2095 HTTP/1.0" 302 39 "-" "Mozilla/5.0 (compatible; Yahoo! Slurp/3.0; http://help.yahoo.com/help/us/ysearch/slurp)"
67.195.111.226 - - [17/Jun/2010:06:16:35 -0700] "GET www.blackstardojo.org/login.php?redirect=posting.php&mode=reply&t=2095&sid=23eafec7ad7162af97ac05d1fe2fe21a HTTP/1.0" 200 22242 "-" "Mozilla/5.0 (compatible; Yahoo! Slurp/3.0; http://help.yahoo.com/help/us/ysearch/slurp)"
216.129.119.49 - - [17/Jun/2010:06:17:33 -0700] "GET blackstardojo.org/viewtopic.php?t=1496 HTTP/1.1" 302 51 "-" "Mozilla/5.0 (Twiceler-0.9 http://www.cuil.com/twiceler/robot.html)"
79.149.142.69 - - [17/Jun/2010:06:17:42 -0700] "GET www.blackstardojo.org/shop/images/Pokeball.gif HTTP/1.1" 200 314 "http://forospokemonworld.foroactivo.net/forum.htm" "Mozilla/4.0 (compatible; MSIE 7.0; Windows NT 6.0; SLCC1; .NET CLR 2.0.50727; Media Center PC 5.0; .NET CLR 3.0.04506)"
146.229.45.117 - - [17/Jun/2010:06:18:00 -0700] "GET www.blackstardojo.org/viewtopic.php?t=2346 HTTP/1.1" 200 63455 "http://ctopia.treesprite.com/treesprite.com/ctopia/viewtopic.php?f=2&t=1194&p=15150" "Mozilla/5.0 (Windows; U; Windows NT 5.1; en-US; rv:1.9.1.9) Gecko/20100315 Firefox/3.5.9 (.NET CLR 3.5.30729)"
146.229.45.117 - - [17/Jun/2010:06:18:01 -0700] "GET www.blackstardojo.org/templates/guildwars_tree/images/lang_english/reply.gif HTTP/1.1" 200 1756 "http://www.blackstardojo.org/viewtopic.php?t=2346" "Mozilla/5.0 (Windows; U; Windows NT 5.1; en-US; rv:1.9.1.9) Gecko/20100315 Firefox/3.5.9 (.NET CLR 3.5.30729)"
146.229.45.117 - - [17/Jun/2010:06:18:01 -0700] "GET www.blackstardojo.org/templates/guildwars_tree/images/lang_english/post.gif HTTP/1.1" 200 1761 "http://www.blackstardojo.org/viewtopic.php?t=2346" "Mozilla/5.0 (Windows; U; Windows NT 5.1; en-US; rv:1.9.1.9) Gecko/20100315 Firefox/3.5.9 (.NET CLR 3.5.30729)"
146.229.45.117 - - [17/Jun/2010:06:18:01 -0700] "GET www.blackstardojo.org/templates/guildwars_tree/images/spacer.gif HTTP/1.1" 200 43 "http://www.blackstardojo.org/viewtopic.php?t=2346" "Mozilla/5.0 (Windows; U; Windows NT 5.1; en-US; rv:1.9.1.9) Gecko/20100315 Firefox/3.5.9 (.NET CLR 3.5.30729)"
146.229.45.117 - - [17/Jun/2010:06:18:01 -0700] "GET www.blackstardojo.org/images/ranks/newbelts/Mantis/BlackMantisMod.png HTTP/1.1" 200 8642 "http://www.blackstardojo.org/viewtopic.php?t=2346" "Mozilla/5.0 (Windows; U; Windows NT 5.1; en-US; rv:1.9.1.9) Gecko/20100315 Firefox/3.5.9 (.NET CLR 3.5.30729)"
146.229.45.117 - - [17/Jun/2010:06:18:01 -0700] "GET www.blackstardojo.org/templates/guildwars_tree/images/icon_minipost.gif HTTP/1.1" 200 877 "http://www.blackstardojo.org/viewtopic.php?t=2346" "Mozilla/5.0 (Windows; U; Windows NT 5.1; en-US; rv:1.9.1.9) Gecko/20100315 Firefox/3.5.9 (.NET CLR 3.5.30729)"
146.229.45.117 - - [17/Jun/2010:06:18:01 -0700] "GET www.blackstardojo.org/images/ranks/ECRANK.PNG HTTP/1.1" 200 3312 "http://www.blackstardojo.org/viewtopic.php?t=2346" "Mozilla/5.0 (Windows; U; Windows NT 5.1; en-US; rv:1.9.1.9) Gecko/20100315 Firefox/3.5.9 (.NET CLR 3.5.30729)"
146.229.45.117 - - [17/Jun/2010:06:18:01 -0700] "GET www.blackstardojo.org/images/ranks/blackstar.png HTTP/1.1" 200 1845 "http://www.blackstardojo.org/viewtopic.php?t=2346" "Mozilla/5.0 (Windows; U; Windows NT 5.1; en-US; rv:1.9.1.9) Gecko/20100315 Firefox/3.5.9 (.NET CLR 3.5.30729)"
146.229.45.117 - - [17/Jun/2010:06:18:01 -0700] "GET www.blackstardojo.org/images/ranks/newbelts/Spider/GreenSpiderMod.png HTTP/1.1" 200 8642 "http://www.blackstardojo.org/viewtopic.php?t=2346" "Mozilla/5.0 (Windows; U; Windows NT 5.1; en-US; rv:1.9.1.9) Gecko/20100315 Firefox/3.5.9 (.NET CLR 3.5.30729)"
146.229.45.117 - - [17/Jun/2010:06:18:01 -0700] "GET www.blackstardojo.org/templates/guildwars_tree/images/rank6.gif HTTP/1.1" 200 1086 "http://www.blackstardojo.org/viewtopic.php?t=2346" "Mozilla/5.0 (Windows; U; Windows NT 5.1; en-US; rv:1.9.1.9) Gecko/20100315 Firefox/3.5.9 (.NET CLR 3.5.30729)"
146.229.45.117 - - [17/Jun/2010:06:18:01 -0700] "GET www.blackstardojo.org/images/avatars/11181213684a2b62bfb42f2.png HTTP/1.1" 200 7220 "http://www.blackstardojo.org/viewtopic.php?t=2346" "Mozilla/5.0 (Windows; U; Windows NT 5.1; en-US; rv:1.9.1.9) Gecko/20100315 Firefox/3.5.9 (.NET CLR 3.5.30729)"
146.229.45.117 - - [17/Jun/2010:06:18:01 -0700] "GET www.blackstardojo.org/medals/gerbil.png HTTP/1.1" 200 3946 "http://www.blackstardojo.org/viewtopic.php?t=2346" "Mozilla/5.0 (Windows; U; Windows NT 5.1; en-US; rv:1.9.1.9) Gecko/20100315 Firefox/3.5.9 (.NET CLR 3.5.30729)"
146.229.45.117 - - [17/Jun/2010:06:18:01 -0700] "GET www.blackstardojo.org/medals/imagination.png HTTP/1.1" 200 3402 "http://www.blackstardojo.org/viewtopic.php?t=2346" "Mozilla/5.0 (Windows; U; Windows NT 5.1; en-US; rv:1.9.1.9) Gecko/20100315 Firefox/3.5.9 (.NET CLR 3.5.30729)"
146.229.45.117 - - [17/Jun/2010:06:18:01 -0700] "GET www.blackstardojo.org/medals/ConcordatMedal.png HTTP/1.1" 200 3047 "http://www.blackstardojo.org/viewtopic.php?t=2346" "Mozilla/5.0 (Windows; U; Windows NT 5.1; en-US; rv:1.9.1.9) Gecko/20100315 Firefox/3.5.9 (.NET CLR 3.5.30729)"
146.229.45.117 - - [17/Jun/2010:06:18:01 -0700] "GET www.blackstardojo.org/medals/colonyRP.png HTTP/1.1" 200 3434 "http://www.blackstardojo.org/viewtopic.php?t=2346" "Mozilla/5.0 (Windows; U; Windows NT 5.1; en-US; rv:1.9.1.9) Gecko/20100315 Firefox/3.5.9 (.NET CLR 3.5.30729)"
146.229.45.117 - - [17/Jun/2010:06:18:01 -0700] "GET www.blackstardojo.org/templates/guildwars_tree/images/lang_english/icon_quote.gif HTTP/1.1" 200 1139 "http://www.blackstardojo.org/viewtopic.php?t=2346" "Mozilla/5.0 (Windows; U; Windows NT 5.1; en-US; rv:1.9.1.9) Gecko/20100315 Firefox/3.5.9 (.NET CLR 3.5.30729)"
146.229.45.117 - - [17/Jun/2010:06:18:01 -0700] "GET www.blackstardojo.org/medals/WiseMedal.png HTTP/1.1" 200 4657 "http://www.blackstardojo.org/viewtopic.php?t=2346" "Mozilla/5.0 (Windows; U; Windows NT 5.1; en-US; rv:1.9.1.9) Gecko/20100315 Firefox/3.5.9 (.NET CLR 3.5.30729)"
146.229.45.117 - - [17/Jun/2010:06:18:01 -0700] "GET www.blackstardojo.org/templates/guildwars_tree/images/icon_delete.gif HTTP/1.1" 200 1146 "http://www.blackstardojo.org/viewtopic.php?t=2346" "Mozilla/5.0 (Windows; U; Windows NT 5.1; en-US; rv:1.9.1.9) Gecko/20100315 Firefox/3.5.9 (.NET CLR 3.5.30729)"
146.229.45.117 - - [17/Jun/2010:06:18:01 -0700] "GET www.blackstardojo.org/templates/guildwars_tree/images/lang_english/icon_ip.gif HTTP/1.1" 200 1081 "http://www.blackstardojo.org/viewtopic.php?t=2346" "Mozilla/5.0 (Windows; U; Windows NT 5.1; en-US; rv:1.9.1.9) Gecko/20100315 Firefox/3.5.9 (.NET CLR 3.5.30729)"
146.229.45.117 - - [17/Jun/2010:06:18:01 -0700] "GET www.blackstardojo.org/templates/guildwars_tree/images/lang_english/icon_edit.gif HTTP/1.1" 200 1115 "http://www.blackstardojo.org/viewtopic.php?t=2346" "Mozilla/5.0 (Windows; U; Windows NT 5.1; en-US; rv:1.9.1.9) Gecko/20100315 Firefox/3.5.9 (.NET CLR 3.5.30729)"
146.229.45.117 - - [17/Jun/2010:06:18:01 -0700] "GET www.blackstardojo.org/medals/BugCatcher.png HTTP/1.1" 200 3548 "http://www.blackstardojo.org/viewtopic.php?t=2346" "Mozilla/5.0 (Windows; U; Windows NT 5.1; en-US; rv:1.9.1.9) Gecko/20100315 Firefox/3.5.9 (.NET CLR 3.5.30729)"
146.229.45.117 - - [17/Jun/2010:06:18:01 -0700] "GET www.blackstardojo.org/templates/guildwars_tree/images/icon_report.gif HTTP/1.1" 200 371 "http://www.blackstardojo.org/viewtopic.php?t=2346" "Mozilla/5.0 (Windows; U; Windows NT 5.1; en-US; rv:1.9.1.9) Gecko/20100315 Firefox/3.5.9 (.NET CLR 3.5.30729)"
146.229.45.117 - - [17/Jun/2010:06:18:01 -0700] "GET www.blackstardojo.org/templates/guildwars_tree/images/lang_english/icon_pm.gif HTTP/1.1" 200 679 "http://www.blackstardojo.org/viewtopic.php?t=2346" "Mozilla/5.0 (Windows; U; Windows NT 5.1; en-US; rv:1.9.1.9) Gecko/20100315 Firefox/3.5.9 (.NET CLR 3.5.30729)"
146.229.45.117 - - [17/Jun/2010:06:18:01 -0700] "GET www.blackstardojo.org/templates/guildwars_tree/images/lang_english/icon_profile.gif HTTP/1.1" 200 736 "http://www.blackstardojo.org/viewtopic.php?t=2346" "Mozilla/5.0 (Windows; U; Windows NT 5.1; en-US; rv:1.9.1.9) Gecko/20100315 Firefox/3.5.9 (.NET CLR 3.5.30729)"
146.229.45.117 - - [17/Jun/2010:06:18:01 -0700] "GET www.blackstardojo.org/images/smiles/icon_sad.gif HTTP/1.1" 200 171 "http://www.blackstardojo.org/viewtopic.php?t=2346" "Mozilla/5.0 (Windows; U; Windows NT 5.1; en-US; rv:1.9.1.9) Gecko/20100315 Firefox/3.5.9 (.NET CLR 3.5.30729)"
146.229.45.117 - - [17/Jun/2010:06:18:01 -0700] "GET www.blackstardojo.org/templates/guildwars_tree/images/lang_english/icon_www.gif HTTP/1.1" 200 704 "http://www.blackstardojo.org/viewtopic.php?t=2346" "Mozilla/5.0 (Windows; U; Windows NT 5.1; en-US; rv:1.9.1.9) Gecko/20100315 Firefox/3.5.9 (.NET CLR 3.5.30729)"
146.229.45.117 - - [17/Jun/2010:06:18:01 -0700] "GET www.blackstardojo.org/templates/guildwars_tree/images/lang_english/icon_email.gif HTTP/1.1" 200 728 "http://www.blackstardojo.org/viewtopic.php?t=2346" "Mozilla/5.0 (Windows; U; Windows NT 5.1; en-US; rv:1.9.1.9) Gecko/20100315 Firefox/3.5.9 (.NET CLR 3.5.30729)"
146.229.45.117 - - [17/Jun/2010:06:18:01 -0700] "GET www.blackstardojo.org/templates/guildwars_tree/images/lang_english/icon_msnm.gif HTTP/1.1" 200 701 "http://www.blackstardojo.org/viewtopic.php?t=2346" "Mozilla/5.0 (Windows; U; Windows NT 5.1; en-US; rv:1.9.1.9) Gecko/20100315 Firefox/3.5.9 (.NET CLR 3.5.30729)"
146.229.45.117 - - [17/Jun/2010:06:18:01 -0700] "GET www.blackstardojo.org/medals/Guardian.gif HTTP/1.1" 200 2528 "http://www.blackstardojo.org/viewtopic.php?t=2346" "Mozilla/5.0 (Windows; U; Windows NT 5.1; en-US; rv:1.9.1.9) Gecko/20100315 Firefox/3.5.9 (.NET CLR 3.5.30729)"
146.229.45.117 - - [17/Jun/2010:06:18:01 -0700] "GET www.blackstardojo.org/images/ranks/a2k.png HTTP/1.1" 200 1850 "http://www.blackstardojo.org/viewtopic.php?t=2346" "Mozilla/5.0 (Windows; U; Windows NT 5.1; en-US; rv:1.9.1.9) Gecko/20100315 Firefox/3.5.9 (.NET CLR 3.5.30729)"
146.229.45.117 - - [17/Jun/2010:06:18:01 -0700] "GET www.blackstardojo.org/medals/BlobMedal.png HTTP/1.1" 200 4345 "http://www.blackstardojo.org/viewtopic.php?t=2346" "Mozilla/5.0 (Windows; U; Windows NT 5.1; en-US; rv:1.9.1.9) Gecko/20100315 Firefox/3.5.9 (.NET CLR 3.5.30729)"
146.229.45.117 - - [17/Jun/2010:06:18:01 -0700] "GET www.blackstardojo.org/medals/service.png HTTP/1.1" 200 2837 "http://www.blackstardojo.org/viewtopic.php?t=2346" "Mozilla/5.0 (Windows; U; Windows NT 5.1; en-US; rv:1.9.1.9) Gecko/20100315 Firefox/3.5.9 (.NET CLR 3.5.30729)"
146.229.45.117 - - [17/Jun/2010:06:18:01 -0700] "GET www.blackstardojo.org/medals/doagmedal_212.png HTTP/1.1" 200 1418 "http://www.blackstardojo.org/viewtopic.php?t=2346" "Mozilla/5.0 (Windows; U; Windows NT 5.1; en-US; rv:1.9.1.9) Gecko/20100315 Firefox/3.5.9 (.NET CLR 3.5.30729)"
146.229.45.117 - - [17/Jun/2010:06:18:01 -0700] "GET www.blackstardojo.org/images/smiles/icon_biggrin.gif HTTP/1.1" 200 172 "http://www.blackstardojo.org/viewtopic.php?t=2346" "Mozilla/5.0 (Windows; U; Windows NT 5.1; en-US; rv:1.9.1.9) Gecko/20100315 Firefox/3.5.9 (.NET CLR 3.5.30729)"
146.229.45.117 - - [17/Jun/2010:06:18:01 -0700] "GET www.blackstardojo.org/medals/bomb.png HTTP/1.1" 200 1251 "http://www.blackstardojo.org/viewtopic.php?t=2346" "Mozilla/5.0 (Windows; U; Windows NT 5.1; en-US; rv:1.9.1.9) Gecko/20100315 Firefox/3.5.9 (.NET CLR 3.5.30729)"
146.229.45.117 - - [17/Jun/2010:06:18:01 -0700] "GET www.blackstardojo.org/medals/expedition.png HTTP/1.1" 200 4339 "http://www.blackstardojo.org/viewtopic.php?t=2346" "Mozilla/5.0 (Windows; U; Windows NT 5.1; en-US; rv:1.9.1.9) Gecko/20100315 Firefox/3.5.9 (.NET CLR 3.5.30729)"
146.229.45.117 - - [17/Jun/2010:06:18:01 -0700] "GET www.blackstardojo.org/images/ranks/oblivion.jpg HTTP/1.1" 200 2250 "http://www.blackstardojo.org/viewtopic.php?t=2346" "Mozilla/5.0 (Windows; U; Windows NT 5.1; en-US; rv:1.9.1.9) Gecko/20100315 Firefox/3.5.9 (.NET CLR 3.5.30729)"
146.229.45.117 - - [17/Jun/2010:06:18:01 -0700] "GET www.blackstardojo.org/images/ranks/newbelts/Red.png HTTP/1.1" 200 4082 "http://www.blackstardojo.org/viewtopic.php?t=2346" "Mozilla/5.0 (Windows; U; Windows NT 5.1; en-US; rv:1.9.1.9) Gecko/20100315 Firefox/3.5.9 (.NET CLR 3.5.30729)"
146.229.45.117 - - [17/Jun/2010:06:18:01 -0700] "GET www.blackstardojo.org/medals/HeartofGold.png HTTP/1.1" 200 5577 "http://www.blackstardojo.org/viewtopic.php?t=2346" "Mozilla/5.0 (Windows; U; Windows NT 5.1; en-US; rv:1.9.1.9) Gecko/20100315 Firefox/3.5.9 (.NET CLR 3.5.30729)"
146.229.45.117 - - [17/Jun/2010:06:18:01 -0700] "GET www.blackstardojo.org/medals/service2.png HTTP/1.1" 200 3980 "http://www.blackstardojo.org/viewtopic.php?t=2346" "Mozilla/5.0 (Windows; U; Windows NT 5.1; en-US; rv:1.9.1.9) Gecko/20100315 Firefox/3.5.9 (.NET CLR 3.5.30729)"
146.229.45.117 - - [17/Jun/2010:06:18:01 -0700] "GET www.blackstardojo.org/medals/VolcanoMedal.png HTTP/1.1" 200 3600 "http://www.blackstardojo.org/viewtopic.php?t=2346" "Mozilla/5.0 (Windows; U; Windows NT 5.1; en-US; rv:1.9.1.9) Gecko/20100315 Firefox/3.5.9 (.NET CLR 3.5.30729)"
146.229.45.117 - - [17/Jun/2010:06:18:01 -0700] "GET www.blackstardojo.org/medals/safari.png HTTP/1.1" 200 1696 "http://www.blackstardojo.org/viewtopic.php?t=2346" "Mozilla/5.0 (Windows; U; Windows NT 5.1; en-US; rv:1.9.1.9) Gecko/20100315 Firefox/3.5.9 (.NET CLR 3.5.30729)"
146.229.45.117 - - [17/Jun/2010:06:18:01 -0700] "GET www.blackstardojo.org/templates/guildwars_tree/images/topic_delete.gif HTTP/1.1" 200 1463 "http://www.blackstardojo.org/viewtopic.php?t=2346" "Mozilla/5.0 (Windows; U; Windows NT 5.1; en-US; rv:1.9.1.9) Gecko/20100315 Firefox/3.5.9 (.NET CLR 3.5.30729)"
146.229.45.117 - - [17/Jun/2010:06:18:01 -0700] "GET www.blackstardojo.org/templates/guildwars_tree/images/topic_move.gif HTTP/1.1" 200 1516 "http://www.blackstardojo.org/viewtopic.php?t=2346" "Mozilla/5.0 (Windows; U; Windows NT 5.1; en-US; rv:1.9.1.9) Gecko/20100315 Firefox/3.5.9 (.NET CLR 3.5.30729)"
146.229.45.117 - - [17/Jun/2010:06:18:01 -0700] "GET www.blackstardojo.org/templates/guildwars_tree/images/topic_split.gif HTTP/1.1" 200 1498 "http://www.blackstardojo.org/viewtopic.php?t=2346" "Mozilla/5.0 (Windows; U; Windows NT 5.1; en-US; rv:1.9.1.9) Gecko/20100315 Firefox/3.5.9 (.NET CLR 3.5.30729)"
146.229.45.117 - - [17/Jun/2010:06:18:01 -0700] "GET www.blackstardojo.org/templates/guildwars_tree/images/topic_lock.gif HTTP/1.1" 200 1510 "http://www.blackstardojo.org/viewtopic.php?t=2346" "Mozilla/5.0 (Windows; U; Windows NT 5.1; en-US; rv:1.9.1.9) Gecko/20100315 Firefox/3.5.9 (.NET CLR 3.5.30729)"
89.248.168.156 - - [17/Jun/2010:06:18:05 -0700] "GET www.blackstardojo.org/index.php HTTP/1.0" 200 52311 "http://www.blackstardojo.org/index.php" "Mozilla/4.0 (compatible; MSIE 6.0; AOL 9.0; Windows NT 5.1)"
146.229.45.117 - - [17/Jun/2010:06:18:08 -0700] "GET www.blackstardojo.org/templates/guildwars_tree/images/folder_announce.gif HTTP/1.1" 200 364 "http://www.blackstardojo.org/viewforum.php?f=1" "Mozilla/5.0 (Windows; U; Windows NT 5.1; en-US; rv:1.9.1.9) Gecko/20100315 Firefox/3.5.9 (.NET CLR 3.5.30729)"
146.229.45.117 - - [17/Jun/2010:06:18:08 -0700] "GET www.blackstardojo.org/templates/guildwars_tree/images/folder.gif HTTP/1.1" 200 344 "http://www.blackstardojo.org/viewforum.php?f=1" "Mozilla/5.0 (Windows; U; Windows NT 5.1; en-US; rv:1.9.1.9) Gecko/20100315 Firefox/3.5.9 (.NET CLR 3.5.30729)"
146.229.45.117 - - [17/Jun/2010:06:18:08 -0700] "GET www.blackstardojo.org/templates/guildwars_tree/images/folder_sticky.gif HTTP/1.1" 200 392 "http://www.blackstardojo.org/viewforum.php?f=1" "Mozilla/5.0 (Windows; U; Windows NT 5.1; en-US; rv:1.9.1.9) Gecko/20100315 Firefox/3.5.9 (.NET CLR 3.5.30729)"
146.229.45.117 - - [17/Jun/2010:06:18:08 -0700] "GET www.blackstardojo.org/templates/guildwars_tree/images/folder_hot.gif HTTP/1.1" 200 385 "http://www.blackstardojo.org/viewforum.php?f=1" "Mozilla/5.0 (Windows; U; Windows NT 5.1; en-US; rv:1.9.1.9) Gecko/20100315 Firefox/3.5.9 (.NET CLR 3.5.30729)"
146.229.45.117 - - [17/Jun/2010:06:18:08 -0700] "GET www.blackstardojo.org/viewforum.php?f=1 HTTP/1.1" 200 93295 "http://www.blackstardojo.org/viewtopic.php?t=2346" "Mozilla/5.0 (Windows; U; Windows NT 5.1; en-US; rv:1.9.1.9) Gecko/20100315 Firefox/3.5.9 (.NET CLR 3.5.30729)"
146.229.45.117 - - [17/Jun/2010:06:18:08 -0700] "GET www.blackstardojo.org/templates/guildwars_tree/images/folder_lock.gif HTTP/1.1" 200 590 "http://www.blackstardojo.org/viewforum.php?f=1" "Mozilla/5.0 (Windows; U; Windows NT 5.1; en-US; rv:1.9.1.9) Gecko/20100315 Firefox/3.5.9 (.NET CLR 3.5.30729)"
146.229.45.117 - - [17/Jun/2010:06:18:08 -0700] "GET www.blackstardojo.org/images/icon_clip.gif HTTP/1.1" 200 71 "http://www.blackstardojo.org/viewforum.php?f=1" "Mozilla/5.0 (Windows; U; Windows NT 5.1; en-US; rv:1.9.1.9) Gecko/20100315 Firefox/3.5.9 (.NET CLR 3.5.30729)"
146.229.45.117 - - [17/Jun/2010:06:18:08 -0700] "GET www.blackstardojo.org/templates/guildwars_tree/images/folder_new_hot.gif HTTP/1.1" 200 598 "http://www.blackstardojo.org/viewforum.php?f=1" "Mozilla/5.0 (Windows; U; Windows NT 5.1; en-US; rv:1.9.1.9) Gecko/20100315 Firefox/3.5.9 (.NET CLR 3.5.30729)"
146.229.45.117 - - [17/Jun/2010:06:18:08 -0700] "GET www.blackstardojo.org/templates/guildwars_tree/images/folder_lock_new.gif HTTP/1.1" 200 591 "http://www.blackstardojo.org/viewforum.php?f=1" "Mozilla/5.0 (Windows; U; Windows NT 5.1; en-US; rv:1.9.1.9) Gecko/20100315 Firefox/3.5.9 (.NET CLR 3.5.30729)"
146.229.45.117 - - [17/Jun/2010:06:18:08 -0700] "GET www.blackstardojo.org/templates/guildwars_tree/images/folder_new.gif HTTP/1.1" 200 348 "http://www.blackstardojo.org/viewforum.php?f=1" "Mozilla/5.0 (Windows; U; Windows NT 5.1; en-US; rv:1.9.1.9) Gecko/20100315 Firefox/3.5.9 (.NET CLR 3.5.30729)"
146.229.45.117 - - [17/Jun/2010:06:18:11 -0700] "GET www.blackstardojo.org/viewtopic.php?t=2346 HTTP/1.1" 200 63455 "http://www.blackstardojo.org/viewforum.php?f=1" "Mozilla/5.0 (Windows; U; Windows NT 5.1; en-US; rv:1.9.1.9) Gecko/20100315 Firefox/3.5.9 (.NET CLR 3.5.30729)"
146.229.45.117 - - [17/Jun/2010:06:18:11 -0700] "GET www.blackstardojo.org/images/ranks/newbelts/Mantis/BlackMantisMod.png HTTP/1.1" 206 8642 "http://www.blackstardojo.org/viewtopic.php?t=2346" "Mozilla/5.0 (Windows; U; Windows NT 5.1; en-US; rv:1.9.1.9) Gecko/20100315 Firefox/3.5.9 (.NET CLR 3.5.30729)"
146.229.45.117 - - [17/Jun/2010:06:18:11 -0700] "GET www.blackstardojo.org/images/ranks/newbelts/Spider/GreenSpiderMod.png HTTP/1.1" 206 8642 "http://www.blackstardojo.org/viewtopic.php?t=2346" "Mozilla/5.0 (Windows; U; Windows NT 5.1; en-US; rv:1.9.1.9) Gecko/20100315 Firefox/3.5.9 (.NET CLR 3.5.30729)"
146.229.45.117 - - [17/Jun/2010:06:18:12 -0700] "GET www.blackstardojo.org/favicon.ico HTTP/1.1" 200 3638 "-" "Mozilla/5.0 (Windows; U; Windows NT 5.1; en-US; rv:1.9.1.9) Gecko/20100315 Firefox/3.5.9 (.NET CLR 3.5.30729)"
146.229.45.117 - - [17/Jun/2010:06:18:15 -0700] "GET www.blackstardojo.org/favicon.ico HTTP/1.1" 200 3638 "-" "Mozilla/5.0 (Windows; U; Windows NT 5.1; en-US; rv:1.9.1.9) Gecko/20100315 Firefox/3.5.9 (.NET CLR 3.5.30729)"
146.229.45.117 - - [17/Jun/2010:06:18:16 -0700] "GET www.blackstardojo.org/images/avatars/76745281247fd6c1275e84.png HTTP/1.1" 404 1695 "http://www.blackstardojo.org/viewtopic.php?t=2347" "Mozilla/5.0 (Windows; U; Windows NT 5.1; en-US; rv:1.9.1.9) Gecko/20100315 Firefox/3.5.9 (.NET CLR 3.5.30729)"
146.229.45.117 - - [17/Jun/2010:06:18:16 -0700] "GET www.blackstardojo.org/images/ranks/newbelts/Mantis/BlueMantisAdmin.png HTTP/1.1" 200 8648 "http://www.blackstardojo.org/viewtopic.php?t=2347" "Mozilla/5.0 (Windows; U; Windows NT 5.1; en-US; rv:1.9.1.9) Gecko/20100315 Firefox/3.5.9 (.NET CLR 3.5.30729)"
146.229.45.117 - - [17/Jun/2010:06:18:16 -0700] "GET www.blackstardojo.org/images/ranks/newbelts/Tiger/BlackTigerAdmin.png HTTP/1.1" 200 8642 "http://www.blackstardojo.org/viewtopic.php?t=2347" "Mozilla/5.0 (Windows; U; Windows NT 5.1; en-US; rv:1.9.1.9) Gecko/20100315 Firefox/3.5.9 (.NET CLR 3.5.30729)"
146.229.45.117 - - [17/Jun/2010:06:18:16 -0700] "GET www.blackstardojo.org/medals/LabyrinthMedal.png HTTP/1.1" 200 3591 "http://www.blackstardojo.org/viewtopic.php?t=2347" "Mozilla/5.0 (Windows; U; Windows NT 5.1; en-US; rv:1.9.1.9) Gecko/20100315 Firefox/3.5.9 (.NET CLR 3.5.30729)"
146.229.45.117 - - [17/Jun/2010:06:18:16 -0700] "GET www.blackstardojo.org/medals/dojo_service.png HTTP/1.1" 200 2406 "http://www.blackstardojo.org/viewtopic.php?t=2347" "Mozilla/5.0 (Windows; U; Windows NT 5.1; en-US; rv:1.9.1.9) Gecko/20100315 Firefox/3.5.9 (.NET CLR 3.5.30729)"
146.229.45.117 - - [17/Jun/2010:06:18:16 -0700] "GET www.blackstardojo.org/shop/images/The Sanity Blade.gif HTTP/1.1" 404 1695 "http://www.blackstardojo.org/viewtopic.php?t=2347" "Mozilla/5.0 (Windows; U; Windows NT 5.1; en-US; rv:1.9.1.9) Gecko/20100315 Firefox/3.5.9 (.NET CLR 3.5.30729)"
146.229.45.117 - - [17/Jun/2010:06:18:16 -0700] "GET www.blackstardojo.org/images/senseibar.png HTTP/1.1" 200 2009 "http://www.blackstardojo.org/viewtopic.php?t=2347" "Mozilla/5.0 (Windows; U; Windows NT 5.1; en-US; rv:1.9.1.9) Gecko/20100315 Firefox/3.5.9 (.NET CLR 3.5.30729)"
146.229.45.117 - - [17/Jun/2010:06:18:16 -0700] "GET www.blackstardojo.org/medals/qotmnominee.png HTTP/1.1" 200 3550 "http://www.blackstardojo.org/viewtopic.php?t=2347" "Mozilla/5.0 (Windows; U; Windows NT 5.1; en-US; rv:1.9.1.9) Gecko/20100315 Firefox/3.5.9 (.NET CLR 3.5.30729)"
146.229.45.117 - - [17/Jun/2010:06:18:16 -0700] "GET www.blackstardojo.org/templates/guildwars_tree/images/lang_english/icon_aim.gif HTTP/1.1" 200 697 "http://www.blackstardojo.org/viewtopic.php?t=2347" "Mozilla/5.0 (Windows; U; Windows NT 5.1; en-US; rv:1.9.1.9) Gecko/20100315 Firefox/3.5.9 (.NET CLR 3.5.30729)"
146.229.45.117 - - [17/Jun/2010:06:18:16 -0700] "GET www.blackstardojo.org/templates/guildwars_tree/images/lang_english/icon_yim.gif HTTP/1.1" 200 695 "http://www.blackstardojo.org/viewtopic.php?t=2347" "Mozilla/5.0 (Windows; U; Windows NT 5.1; en-US; rv:1.9.1.9) Gecko/20100315 Firefox/3.5.9 (.NET CLR 3.5.30729)"
146.229.45.117 - - [17/Jun/2010:06:18:16 -0700] "GET www.blackstardojo.org/images/ranks/weirdbelt.png HTTP/1.1" 200 6196 "http://www.blackstardojo.org/viewtopic.php?t=2347" "Mozilla/5.0 (Windows; U; Windows NT 5.1; en-US; rv:1.9.1.9) Gecko/20100315 Firefox/3.5.9 (.NET CLR 3.5.30729)"
146.229.45.117 - - [17/Jun/2010:06:18:16 -0700] "GET www.blackstardojo.org/images/ranks/GroupRank.png HTTP/1.1" 200 4426 "http://www.blackstardojo.org/viewtopic.php?t=2347" "Mozilla/5.0 (Windows; U; Windows NT 5.1; en-US; rv:1.9.1.9) Gecko/20100315 Firefox/3.5.9 (.NET CLR 3.5.30729)"
146.229.45.117 - - [17/Jun/2010:06:18:16 -0700] "GET www.blackstardojo.org/images/avatars/122.png HTTP/1.1" 200 4886 "http://www.blackstardojo.org/viewtopic.php?t=2347" "Mozilla/5.0 (Windows; U; Windows NT 5.1; en-US; rv:1.9.1.9) Gecko/20100315 Firefox/3.5.9 (.NET CLR 3.5.30729)"
146.229.45.117 - - [17/Jun/2010:06:18:16 -0700] "GET www.blackstardojo.org/images/ranks/powerapathy.png HTTP/1.1" 200 966 "http://www.blackstardojo.org/viewtopic.php?t=2347" "Mozilla/5.0 (Windows; U; Windows NT 5.1; en-US; rv:1.9.1.9) Gecko/20100315 Firefox/3.5.9 (.NET CLR 3.5.30729)"
146.229.45.117 - - [17/Jun/2010:06:18:16 -0700] "GET www.blackstardojo.org/viewtopic.php?t=2347 HTTP/1.1" 200 124354 "http://www.blackstardojo.org/viewforum.php?f=1" "Mozilla/5.0 (Windows; U; Windows NT 5.1; en-US; rv:1.9.1.9) Gecko/20100315 Firefox/3.5.9 (.NET CLR 3.5.30729)"
146.229.45.117 - - [17/Jun/2010:06:18:16 -0700] "GET www.blackstardojo.org/images/avatars/12541419624aaec8492d77d.png HTTP/1.1" 200 10522 "http://www.blackstardojo.org/viewtopic.php?t=2347" "Mozilla/5.0 (Windows; U; Windows NT 5.1; en-US; rv:1.9.1.9) Gecko/20100315 Firefox/3.5.9 (.NET CLR 3.5.30729)"
146.229.45.117 - - [17/Jun/2010:06:18:16 -0700] "GET www.blackstardojo.org/images/ranks/newbelts/Owl/GreenOwl.png HTTP/1.1" 404 1695 "http://www.blackstardojo.org/viewtopic.php?t=2347" "Mozilla/5.0 (Windows; U; Windows NT 5.1; en-US; rv:1.9.1.9) Gecko/20100315 Firefox/3.5.9 (.NET CLR 3.5.30729)"
146.229.45.117 - - [17/Jun/2010:06:18:16 -0700] "GET www.blackstardojo.org/shop/images/Purple Party Horn.gif HTTP/1.1" 200 1353 "http://www.blackstardojo.org/viewtopic.php?t=2347" "Mozilla/5.0 (Windows; U; Windows NT 5.1; en-US; rv:1.9.1.9) Gecko/20100315 Firefox/3.5.9 (.NET CLR 3.5.30729)"
146.229.45.117 - - [17/Jun/2010:06:18:16 -0700] "GET www.blackstardojo.org/images/avatars/10378101494c1815006268c.png HTTP/1.1" 200 4153 "http://www.blackstardojo.org/viewtopic.php?t=2347" "Mozilla/5.0 (Windows; U; Windows NT 5.1; en-US; rv:1.9.1.9) Gecko/20100315 Firefox/3.5.9 (.NET CLR 3.5.30729)"
146.229.45.117 - - [17/Jun/2010:06:18:16 -0700] "GET www.blackstardojo.org/images/ranks/newbelts/Spider/GreenSpiderMod.png HTTP/1.1" 206 8642 "http://www.blackstardojo.org/viewtopic.php?t=2347" "Mozilla/5.0 (Windows; U; Windows NT 5.1; en-US; rv:1.9.1.9) Gecko/20100315 Firefox/3.5.9 (.NET CLR 3.5.30729)"
146.229.45.117 - - [17/Jun/2010:06:18:16 -0700] "GET www.blackstardojo.org/images/avatars/15650721624770839a0d294.png HTTP/1.1" 404 1695 "http://www.blackstardojo.org/viewtopic.php?t=2347" "Mozilla/5.0 (Windows; U; Windows NT 5.1; en-US; rv:1.9.1.9) Gecko/20100315 Firefox/3.5.9 (.NET CLR 3.5.30729)"
146.229.45.117 - - [17/Jun/2010:06:18:16 -0700] "GET www.blackstardojo.org/medals/music.png HTTP/1.1" 200 2680 "http://www.blackstardojo.org/viewtopic.php?t=2347" "Mozilla/5.0 (Windows; U; Windows NT 5.1; en-US; rv:1.9.1.9) Gecko/20100315 Firefox/3.5.9 (.NET CLR 3.5.30729)"
146.229.45.117 - - [17/Jun/2010:06:18:16 -0700] "GET www.blackstardojo.org/medals/moonflowmedalpu0.png HTTP/1.1" 200 3172 "http://www.blackstardojo.org/viewtopic.php?t=2347" "Mozilla/5.0 (Windows; U; Windows NT 5.1; en-US; rv:1.9.1.9) Gecko/20100315 Firefox/3.5.9 (.NET CLR 3.5.30729)"
146.229.45.117 - - [17/Jun/2010:06:18:16 -0700] "GET www.blackstardojo.org/medals/VilePlottingMedal.gif HTTP/1.1" 200 1706 "http://www.blackstardojo.org/viewtopic.php?t=2347" "Mozilla/5.0 (Windows; U; Windows NT 5.1; en-US; rv:1.9.1.9) Gecko/20100315 Firefox/3.5.9 (.NET CLR 3.5.30729)"
146.229.45.117 - - [17/Jun/2010:06:18:16 -0700] "GET www.blackstardojo.org/medals/ResistanceMedal.gif HTTP/1.1" 200 1820 "http://www.blackstardojo.org/viewtopic.php?t=2347" "Mozilla/5.0 (Windows; U; Windows NT 5.1; en-US; rv:1.9.1.9) Gecko/20100315 Firefox/3.5.9 (.NET CLR 3.5.30729)"
146.229.45.117 - - [17/Jun/2010:06:18:16 -0700] "GET www.blackstardojo.org/images/ranks/newbelts/Mantis/BlackMantisMod.png HTTP/1.1" 206 8642 "http://www.blackstardojo.org/viewtopic.php?t=2347" "Mozilla/5.0 (Windows; U; Windows NT 5.1; en-US; rv:1.9.1.9) Gecko/20100315 Firefox/3.5.9 (.NET CLR 3.5.30729)"
146.229.45.117 - - [17/Jun/2010:06:18:16 -0700] "GET www.blackstardojo.org/shop/images/Aqua Torrent X3.gif HTTP/1.1" 200 1638 "http://www.blackstardojo.org/viewtopic.php?t=2347" "Mozilla/5.0 (Windows; U; Windows NT 5.1; en-US; rv:1.9.1.9) Gecko/20100315 Firefox/3.5.9 (.NET CLR 3.5.30729)"
146.229.45.117 - - [17/Jun/2010:06:18:16 -0700] "GET www.blackstardojo.org/images/smiles/icon_razz.gif HTTP/1.1" 200 233 "http://www.blackstardojo.org/viewtopic.php?t=2347" "Mozilla/5.0 (Windows; U; Windows NT 5.1; en-US; rv:1.9.1.9) Gecko/20100315 Firefox/3.5.9 (.NET CLR 3.5.30729)"
146.229.45.117 - - [17/Jun/2010:06:18:17 -0700] "GET www.blackstardojo.org/images/ranks/newbelts/RedMod.png HTTP/1.1" 200 5294 "http://www.blackstardojo.org/viewtopic.php?t=2347" "Mozilla/5.0 (Windows; U; Windows NT 5.1; en-US; rv:1.9.1.9) Gecko/20100315 Firefox/3.5.9 (.NET CLR 3.5.30729)"
146.229.45.117 - - [17/Jun/2010:06:18:17 -0700] "GET www.blackstardojo.org/medals/behave.png HTTP/1.1" 200 3769 "http://www.blackstardojo.org/viewtopic.php?t=2347" "Mozilla/5.0 (Windows; U; Windows NT 5.1; en-US; rv:1.9.1.9) Gecko/20100315 Firefox/3.5.9 (.NET CLR 3.5.30729)"
89.248.168.156 - - [17/Jun/2010:06:18:22 -0700] "GET www.blackstardojo.org/profile.php?mode=register&sid=a34235f95543cd926a2dc73300ef2fa2 HTTP/1.0" 200 22436 "http://www.blackstardojo.org/profile.php?mode=register&sid=a34235f95543cd926a2dc73300ef2fa2" "Mozilla/4.0 (compatible; MSIE 6.0; AOL 9.0; Windows NT 5.1)"
146.229.45.117 - - [17/Jun/2010:06:18:24 -0700] "GET www.blackstardojo.org/posting.php?mode=editpost&p=52129 HTTP/1.1" 200 43120 "http://www.blackstardojo.org/viewtopic.php?t=2347" "Mozilla/5.0 (Windows; U; Windows NT 5.1; en-US; rv:1.9.1.9) Gecko/20100315 Firefox/3.5.9 (.NET CLR 3.5.30729)"
146.229.45.117 - - [17/Jun/2010:06:18:24 -0700] "GET www.blackstardojo.org/images/smiles/icon_smile.gif HTTP/1.1" 200 174 "http://www.blackstardojo.org/posting.php?mode=editpost&p=52129" "Mozilla/5.0 (Windows; U; Windows NT 5.1; en-US; rv:1.9.1.9) Gecko/20100315 Firefox/3.5.9 (.NET CLR 3.5.30729)"
146.229.45.117 - - [17/Jun/2010:06:18:24 -0700] "GET www.blackstardojo.org/images/smiles/icon_surprised.gif HTTP/1.1" 200 174 "http://www.blackstardojo.org/posting.php?mode=editpost&p=52129" "Mozilla/5.0 (Windows; U; Windows NT 5.1; en-US; rv:1.9.1.9) Gecko/20100315 Firefox/3.5.9 (.NET CLR 3.5.30729)"
146.229.45.117 - - [17/Jun/2010:06:18:24 -0700] "GET www.blackstardojo.org/images/smiles/icon_eek.gif HTTP/1.1" 200 170 "http://www.blackstardojo.org/posting.php?mode=editpost&p=52129" "Mozilla/5.0 (Windows; U; Windows NT 5.1; en-US; rv:1.9.1.9) Gecko/20100315 Firefox/3.5.9 (.NET CLR 3.5.30729)"
146.229.45.117 - - [17/Jun/2010:06:18:24 -0700] "GET www.blackstardojo.org/images/smiles/icon_confused.gif HTTP/1.1" 200 171 "http://www.blackstardojo.org/posting.php?mode=editpost&p=52129" "Mozilla/5.0 (Windows; U; Windows NT 5.1; en-US; rv:1.9.1.9) Gecko/20100315 Firefox/3.5.9 (.NET CLR 3.5.30729)"
146.229.45.117 - - [17/Jun/2010:06:18:24 -0700] "GET www.blackstardojo.org/images/smiles/icon_lol.gif HTTP/1.1" 200 336 "http://www.blackstardojo.org/posting.php?mode=editpost&p=52129" "Mozilla/5.0 (Windows; U; Windows NT 5.1; en-US; rv:1.9.1.9) Gecko/20100315 Firefox/3.5.9 (.NET CLR 3.5.30729)"
146.229.45.117 - - [17/Jun/2010:06:18:24 -0700] "GET www.blackstardojo.org/images/smiles/icon_cool.gif HTTP/1.1" 200 172 "http://www.blackstardojo.org/posting.php?mode=editpost&p=52129" "Mozilla/5.0 (Windows; U; Windows NT 5.1; en-US; rv:1.9.1.9) Gecko/20100315 Firefox/3.5.9 (.NET CLR 3.5.30729)"
146.229.45.117 - - [17/Jun/2010:06:18:24 -0700] "GET www.blackstardojo.org/images/smiles/icon_redface.gif HTTP/1.1" 200 650 "http://www.blackstardojo.org/posting.php?mode=editpost&p=52129" "Mozilla/5.0 (Windows; U; Windows NT 5.1; en-US; rv:1.9.1.9) Gecko/20100315 Firefox/3.5.9 (.NET CLR 3.5.30729)"
146.229.45.117 - - [17/Jun/2010:06:18:24 -0700] "GET www.blackstardojo.org/images/smiles/icon_mad.gif HTTP/1.1" 200 174 "http://www.blackstardojo.org/posting.php?mode=editpost&p=52129" "Mozilla/5.0 (Windows; U; Windows NT 5.1; en-US; rv:1.9.1.9) Gecko/20100315 Firefox/3.5.9 (.NET CLR 3.5.30729)"
146.229.45.117 - - [17/Jun/2010:06:18:24 -0700] "GET www.blackstardojo.org/images/smiles/icon_cry.gif HTTP/1.1" 200 498 "http://www.blackstardojo.org/posting.php?mode=editpost&p=52129" "Mozilla/5.0 (Windows; U; Windows NT 5.1; en-US; rv:1.9.1.9) Gecko/20100315 Firefox/3.5.9 (.NET CLR 3.5.30729)"
146.229.45.117 - - [17/Jun/2010:06:18:24 -0700] "GET www.blackstardojo.org/images/smiles/icon_evil.gif HTTP/1.1" 200 236 "http://www.blackstardojo.org/posting.php?mode=editpost&p=52129" "Mozilla/5.0 (Windows; U; Windows NT 5.1; en-US; rv:1.9.1.9) Gecko/20100315 Firefox/3.5.9 (.NET CLR 3.5.30729)"
146.229.45.117 - - [17/Jun/2010:06:18:24 -0700] "GET www.blackstardojo.org/images/smiles/icon_twisted.gif HTTP/1.1" 200 238 "http://www.blackstardojo.org/posting.php?mode=editpost&p=52129" "Mozilla/5.0 (Windows; U; Windows NT 5.1; en-US; rv:1.9.1.9) Gecko/20100315 Firefox/3.5.9 (.NET CLR 3.5.30729)"
146.229.45.117 - - [17/Jun/2010:06:18:24 -0700] "GET www.blackstardojo.org/images/smiles/icon_rolleyes.gif HTTP/1.1" 200 485 "http://www.blackstardojo.org/posting.php?mode=editpost&p=52129" "Mozilla/5.0 (Windows; U; Windows NT 5.1; en-US; rv:1.9.1.9) Gecko/20100315 Firefox/3.5.9 (.NET CLR 3.5.30729)"
146.229.45.117 - - [17/Jun/2010:06:18:24 -0700] "GET www.blackstardojo.org/images/smiles/icon_wink.gif HTTP/1.1" 200 170 "http://www.blackstardojo.org/posting.php?mode=editpost&p=52129" "Mozilla/5.0 (Windows; U; Windows NT 5.1; en-US; rv:1.9.1.9) Gecko/20100315 Firefox/3.5.9 (.NET CLR 3.5.30729)"
146.229.45.117 - - [17/Jun/2010:06:18:24 -0700] "GET www.blackstardojo.org/images/smiles/icon_exclaim.gif HTTP/1.1" 200 236 "http://www.blackstardojo.org/posting.php?mode=editpost&p=52129" "Mozilla/5.0 (Windows; U; Windows NT 5.1; en-US; rv:1.9.1.9) Gecko/20100315 Firefox/3.5.9 (.NET CLR 3.5.30729)"
146.229.45.117 - - [17/Jun/2010:06:18:24 -0700] "GET www.blackstardojo.org/images/smiles/icon_idea.gif HTTP/1.1" 200 176 "http://www.blackstardojo.org/posting.php?mode=editpost&p=52129" "Mozilla/5.0 (Windows; U; Windows NT 5.1; en-US; rv:1.9.1.9) Gecko/20100315 Firefox/3.5.9 (.NET CLR 3.5.30729)"
146.229.45.117 - - [17/Jun/2010:06:18:24 -0700] "GET www.blackstardojo.org/images/smiles/icon_question.gif HTTP/1.1" 200 248 "http://www.blackstardojo.org/posting.php?mode=editpost&p=52129" "Mozilla/5.0 (Windows; U; Windows NT 5.1; en-US; rv:1.9.1.9) Gecko/20100315 Firefox/3.5.9 (.NET CLR 3.5.30729)"
146.229.45.117 - - [17/Jun/2010:06:18:24 -0700] "GET www.blackstardojo.org/images/smiles/icon_arrow.gif HTTP/1.1" 200 170 "http://www.blackstardojo.org/posting.php?mode=editpost&p=52129" "Mozilla/5.0 (Windows; U; Windows NT 5.1; en-US; rv:1.9.1.9) Gecko/20100315 Firefox/3.5.9 (.NET CLR 3.5.30729)"
89.248.168.156 - - [17/Jun/2010:06:18:28 -0700] "GET www.blackstardojo.org/profile.php?mode=register&agreed=true HTTP/1.0" 200 32572 "http://www.blackstardojo.org/profile.php?mode=register&agreed=true" "Mozilla/4.0 (compatible; MSIE 6.0; AOL 9.0; Windows NT 5.1)"
89.248.168.156 - - [17/Jun/2010:06:18:34 -0700] "GET www.blackstardojo.org/profile.php?mode=confirm&id=22b66a804dfc3f8f2e6716ab380d81ac HTTP/1.0" 200 7782 "http://www.blackstardojo.org/profile.php?mode=register&agreed=true" "Mozilla/4.0 (compatible; MSIE 6.0; AOL 9.0; Windows NT 5.1)"
89.248.168.156 - - [17/Jun/2010:06:18:39 -0700] "POST www.blackstardojo.org/profile.php HTTP/1.0" 200 33332 "http://www.blackstardojo.org/profile.php?mode=register&agreed=true" "Mozilla/4.0 (compatible; MSIE 6.0; AOL 9.0; Windows NT 5.1)"
67.195.111.226 - - [17/Jun/2010:06:18:40 -0700] "GET www.blackstardojo.org/viewtopic.php?t=1525&highlight= HTTP/1.0" 200 116801 "-" "Mozilla/5.0 (compatible; Yahoo! Slurp/3.0; http://help.yahoo.com/help/us/ysearch/slurp)"
67.195.111.226 - - [17/Jun/2010:06:18:43 -0700] "GET www.blackstardojo.org/viewtopic.php?p=49821 HTTP/1.0" 200 160971 "-" "Mozilla/5.0 (compatible; Yahoo! Slurp/3.0; http://help.yahoo.com/help/us/ysearch/slurp)"
146.229.45.117 - - [17/Jun/2010:06:18:44 -0700] "GET www.blackstardojo.org/shop/images/The Sanity Blade.gif HTTP/1.1" 404 1695 "-" "Mozilla/5.0 (Windows; U; Windows NT 5.1; en-US; rv:1.9.1.9) Gecko/20100315 Firefox/3.5.9 (.NET CLR 3.5.30729)"
89.248.168.156 - - [17/Jun/2010:06:18:46 -0700] "GET www.blackstardojo.org/profile.php?mode=confirm&id=e277188cf3b9514557bbe264b8cd8b18 HTTP/1.0" 200 9185 "http://www.blackstardojo.org/profile.php?mode=register&agreed=true" "Mozilla/4.0 (compatible; MSIE 6.0; AOL 9.0; Windows NT 5.1)"
146.229.45.117 - - [17/Jun/2010:06:18:49 -0700] "GET www.blackstardojo.org/shop/images/ HTTP/1.1" 403 1695 "-" "Mozilla/5.0 (Windows; U; Windows NT 5.1; en-US; rv:1.9.1.9) Gecko/20100315 Firefox/3.5.9 (.NET CLR 3.5.30729)"
89.248.168.156 - - [17/Jun/2010:06:18:49 -0700] "GET www.blackstardojo.org/login.php HTTP/1.0" 200 21231 "http://www.blackstardojo.org/login.php" "Mozilla/4.0 (compatible; MSIE 6.0; AOL 9.0; Windows NT 5.1)"
89.248.168.156 - - [17/Jun/2010:06:18:51 -0700] "POST www.blackstardojo.org/login.php HTTP/1.0" 200 20583 "http://www.blackstardojo.org/login.php" "Mozilla/4.0 (compatible; MSIE 6.0; AOL 9.0; Windows NT 5.1)"
89.248.168.156 - - [17/Jun/2010:06:18:52 -0700] "GET www.blackstardojo.org/login.php?redirect= HTTP/1.0" 200 21231 "http://www.blackstardojo.org/login.php?redirect=" "Mozilla/4.0 (compatible; MSIE 6.0; AOL 9.0; Windows NT 5.1)"
146.229.45.117 - - [17/Jun/2010:06:18:53 -0700] "GET www.blackstardojo.org/shop/ HTTP/1.1" 403 1695 "-" "Mozilla/5.0 (Windows; U; Windows NT 5.1; en-US; rv:1.9.1.9) Gecko/20100315 Firefox/3.5.9 (.NET CLR 3.5.30729)"
89.248.168.156 - - [17/Jun/2010:06:18:58 -0700] "GET www.blackstardojo.org/profile.php?mode=editprofile HTTP/1.0" 302 39 "http://www.blackstardojo.org/profile.php?mode=editprofile" "Mozilla/4.0 (compatible; MSIE 6.0; AOL 9.0; Windows NT 5.1)"
66.90.104.159 - - [17/Jun/2010:06:19:12 -0700] "GET www.blackstardojo.org/profile.php?mode=register&agreed=true HTTP/1.0" 200 33595 "http://www.blackstardojo.org/profile.php?mode=register&agreed=true" "Mozilla/4.0 (compatible; MSIE 6.0; Windows NT 5.1; TheFreeDictionary.com; .NET CLR 1.1.4322; .NET CLR 1.0.3705; .NET CLR 2.0.50727)"
67.195.115.240 - - [17/Jun/2010:06:19:12 -0700] "GET blackstardojo.org/viewtopic.php?p=29503 HTTP/1.0" 200 55435 "-" "Mozilla/5.0 (compatible; Yahoo! Slurp/3.0; http://help.yahoo.com/help/us/ysearch/slurp)"
66.90.104.159 - - [17/Jun/2010:06:19:13 -0700] "GET www.blackstardojo.org/profile.php?mode=confirm&id=6bee0a2a731bfa37bb9bdec78e3cd3f5&sid=7c456cb37fedcfb3bb347d38f57d9f6a HTTP/1.0" 200 11102 "http://www.blackstardojo.org/profile.php?mode=register&agreed=true" "Mozilla/4.0 (compatible; MSIE 6.0; Windows NT 5.1; TheFreeDictionary.com; .NET CLR 1.1.4322; .NET CLR 1.0.3705; .NET CLR 2.0.50727)"
66.90.104.159 - - [17/Jun/2010:06:19:27 -0700] "GET www.blackstardojo.org/profile.php?mode=confirm&id=6bee0a2a731bfa37bb9bdec78e3cd3f5&sid=7c456cb37fedcfb3bb347d38f57d9f6a HTTP/1.0" 200 11439 "http://www.blackstardojo.org/profile.php?mode=register&agreed=true" "Mozilla/4.0 (compatible; MSIE 6.0; Windows NT 5.1; TheFreeDictionary.com; .NET CLR 1.1.4322; .NET CLR 1.0.3705; .NET CLR 2.0.50727)"
67.195.111.226 - - [17/Jun/2010:06:19:30 -0700] "GET www.blackstardojo.org/viewtopic.php?p=26411&highlight= HTTP/1.0" 200 122054 "-" "Mozilla/5.0 (compatible; Yahoo! Slurp/3.0; http://help.yahoo.com/help/us/ysearch/slurp)"
66.90.104.159 - - [17/Jun/2010:06:19:52 -0700] "POST www.blackstardojo.org/profile.php?sid=7c456cb37fedcfb3bb347d38f57d9f6a HTTP/1.0" 200 33255 "http://www.blackstardojo.org/profile.php?mode=register&agreed=true" "Mozilla/4.0 (compatible; MSIE 6.0; Windows NT 5.1; TheFreeDictionary.com; .NET CLR 1.1.4322; .NET CLR 1.0.3705; .NET CLR 2.0.50727)"
