68.151.240.23 - - [29/Jun/2010:00:10:33 -0700] "GET www.blackstardojo.org/viewtopic.php?t=2269&postdays=0&postorder=asc&start=15 HTTP/1.1" 200 69571 "http://www.blackstardojo.org/viewtopic.php?t=2269" "Mozilla/5.0 (Windows; U; Windows NT 5.1; en-US; rv:1.9.2.6) Gecko/20100625 Firefox/3.6.6 ( .NET CLR 3.5.30729)"
67.195.115.240 - - [29/Jun/2010:00:10:49 -0700] "GET blackstardojo.org/viewtopic.php?t=2190 HTTP/1.0" 200 141900 "-" "Mozilla/5.0 (compatible; Yahoo! Slurp/3.0; http://help.yahoo.com/help/us/ysearch/slurp)"
67.195.111.226 - - [29/Jun/2010:00:11:08 -0700] "GET www.blackstardojo.org/wiki/index.php?title=Platinum_Ingot HTTP/1.0" 200 2807 "-" "Mozilla/5.0 (compatible; Yahoo! Slurp/3.0; http://help.yahoo.com/help/us/ysearch/slurp)"
87.159.205.203 - - [29/Jun/2010:00:11:14 -0700] "GET www.blackstardojo.org/login.php?redirect=posting.php&mode=newtopic&f=5 HTTP/1.0" 200 11040 "http://www.blackstardojo.org/login.php?redirect=posting.php&mode=newtopic&f=5" "Mozilla/4.0 (compatible; MSIE 5.0; Windows 3.1)"
87.159.205.203 - - [29/Jun/2010:00:11:15 -0700] "GET www.blackstardojo.org/viewforum.php?f=5 HTTP/1.0" 200 87186 "http://www.blackstardojo.org/viewforum.php?f=5" "Mozilla/4.0 (compatible; MSIE 5.0; Windows 3.1)"
87.159.205.203 - - [29/Jun/2010:00:11:16 -0700] "GET www.blackstardojo.org/login.php HTTP/1.0" 200 21228 "http://www.blackstardojo.org/login.php" "Mozilla/4.0 (compatible; MSIE 5.0; Windows 3.1)"
67.195.115.240 - - [29/Jun/2010:00:11:17 -0700] "GET blackstardojo.org/viewtopic.php?t=1357 HTTP/1.0" 200 120070 "-" "Mozilla/5.0 (compatible; Yahoo! Slurp/3.0; http://help.yahoo.com/help/us/ysearch/slurp)"
68.151.240.23 - - [29/Jun/2010:00:11:28 -0700] "GET www.blackstardojo.org/index.php HTTP/1.1" 200 82979 "http://www.blackstardojo.org/viewtopic.php?t=2269&postdays=0&postorder=asc&start=15" "Mozilla/5.0 (Windows; U; Windows NT 5.1; en-US; rv:1.9.2.6) Gecko/20100625 Firefox/3.6.6 ( .NET CLR 3.5.30729)"
68.151.240.23 - - [29/Jun/2010:00:11:35 -0700] "GET www.blackstardojo.org/viewforum.php?f=16 HTTP/1.1" 200 94192 "http://www.blackstardojo.org/index.php" "Mozilla/5.0 (Windows; U; Windows NT 5.1; en-US; rv:1.9.2.6) Gecko/20100625 Firefox/3.6.6 ( .NET CLR 3.5.30729)"
67.195.111.226 - - [29/Jun/2010:00:11:51 -0700] "GET www.blackstardojo.org/shop_users_view.php?action=display_item&item=1435 HTTP/1.0" 200 23605 "-" "Mozilla/5.0 (compatible; Yahoo! Slurp/3.0; http://help.yahoo.com/help/us/ysearch/slurp)"
67.195.115.240 - - [29/Jun/2010:00:12:07 -0700] "GET blackstardojo.org/viewtopic.php?t=2292 HTTP/1.0" 200 89196 "-" "Mozilla/5.0 (compatible; Yahoo! Slurp/3.0; http://help.yahoo.com/help/us/ysearch/slurp)"
68.151.240.23 - - [29/Jun/2010:00:12:20 -0700] "GET www.blackstardojo.org/templates/guildwars_tree/images/lang_english/reply-locked.gif HTTP/1.1" 200 1633 "http://www.blackstardojo.org/viewtopic.php?t=1640" "Mozilla/5.0 (Windows; U; Windows NT 5.1; en-US; rv:1.9.2.6) Gecko/20100625 Firefox/3.6.6 ( .NET CLR 3.5.30729)"
68.151.240.23 - - [29/Jun/2010:00:12:20 -0700] "GET www.blackstardojo.org/medals/ResistanceMedal.gif HTTP/1.1" 200 1820 "http://www.blackstardojo.org/viewtopic.php?t=1640" "Mozilla/5.0 (Windows; U; Windows NT 5.1; en-US; rv:1.9.2.6) Gecko/20100625 Firefox/3.6.6 ( .NET CLR 3.5.30729)"
68.151.240.23 - - [29/Jun/2010:00:12:20 -0700] "GET www.blackstardojo.org/viewtopic.php?t=1640 HTTP/1.1" 200 72210 "http://www.blackstardojo.org/viewforum.php?f=16" "Mozilla/5.0 (Windows; U; Windows NT 5.1; en-US; rv:1.9.2.6) Gecko/20100625 Firefox/3.6.6 ( .NET CLR 3.5.30729)"
68.151.240.23 - - [29/Jun/2010:00:12:20 -0700] "GET www.blackstardojo.org/images/avatars/217083227474244472f7b9.jpg HTTP/1.1" 404 1695 "http://www.blackstardojo.org/viewtopic.php?t=1640" "Mozilla/5.0 (Windows; U; Windows NT 5.1; en-US; rv:1.9.2.6) Gecko/20100625 Firefox/3.6.6 ( .NET CLR 3.5.30729)"
68.151.240.23 - - [29/Jun/2010:00:12:20 -0700] "GET www.blackstardojo.org/images/avatars/15650721624770839a0d294.png HTTP/1.1" 404 1695 "http://www.blackstardojo.org/viewtopic.php?t=1640" "Mozilla/5.0 (Windows; U; Windows NT 5.1; en-US; rv:1.9.2.6) Gecko/20100625 Firefox/3.6.6 ( .NET CLR 3.5.30729)"
68.151.240.23 - - [29/Jun/2010:00:12:20 -0700] "GET www.blackstardojo.org/medals/qotmnominee.png HTTP/1.1" 200 3550 "http://www.blackstardojo.org/viewtopic.php?t=1640" "Mozilla/5.0 (Windows; U; Windows NT 5.1; en-US; rv:1.9.2.6) Gecko/20100625 Firefox/3.6.6 ( .NET CLR 3.5.30729)"
68.151.240.23 - - [29/Jun/2010:00:12:20 -0700] "GET www.blackstardojo.org/images/ranks/newbelts/Spider/GreenSpiderMod.png HTTP/1.1" 200 5837 "http://www.blackstardojo.org/viewtopic.php?t=1640" "Mozilla/5.0 (Windows; U; Windows NT 5.1; en-US; rv:1.9.2.6) Gecko/20100625 Firefox/3.6.6 ( .NET CLR 3.5.30729)"
68.151.240.23 - - [29/Jun/2010:00:12:20 -0700] "GET www.blackstardojo.org/medals/music.png HTTP/1.1" 200 2680 "http://www.blackstardojo.org/viewtopic.php?t=1640" "Mozilla/5.0 (Windows; U; Windows NT 5.1; en-US; rv:1.9.2.6) Gecko/20100625 Firefox/3.6.6 ( .NET CLR 3.5.30729)"
68.151.240.23 - - [29/Jun/2010:00:12:20 -0700] "GET www.blackstardojo.org/templates/guildwars_tree/images/topic_unlock.gif HTTP/1.1" 200 1492 "http://www.blackstardojo.org/viewtopic.php?t=1640" "Mozilla/5.0 (Windows; U; Windows NT 5.1; en-US; rv:1.9.2.6) Gecko/20100625 Firefox/3.6.6 ( .NET CLR 3.5.30729)"
67.195.115.240 - - [29/Jun/2010:00:13:05 -0700] "GET blackstardojo.org/viewtopic.php?t=1756 HTTP/1.0" 200 86990 "-" "Mozilla/5.0 (compatible; Yahoo! Slurp/3.0; http://help.yahoo.com/help/us/ysearch/slurp)"
68.151.240.23 - - [29/Jun/2010:00:13:14 -0700] "GET www.blackstardojo.org/viewforum.php?f=16&topicdays=0&start=50 HTTP/1.1" 200 91698 "http://www.blackstardojo.org/viewforum.php?f=16" "Mozilla/5.0 (Windows; U; Windows NT 5.1; en-US; rv:1.9.2.6) Gecko/20100625 Firefox/3.6.6 ( .NET CLR 3.5.30729)"
68.151.240.23 - - [29/Jun/2010:00:13:19 -0700] "GET www.blackstardojo.org/images/ranks/Master.png HTTP/1.1" 200 333 "http://www.blackstardojo.org/viewtopic.php?t=280" "Mozilla/5.0 (Windows; U; Windows NT 5.1; en-US; rv:1.9.2.6) Gecko/20100625 Firefox/3.6.6 ( .NET CLR 3.5.30729)"
68.151.240.23 - - [29/Jun/2010:00:13:19 -0700] "GET www.blackstardojo.org/images/ranks/ECRANK.PNG HTTP/1.1" 200 3312 "http://www.blackstardojo.org/viewtopic.php?t=280" "Mozilla/5.0 (Windows; U; Windows NT 5.1; en-US; rv:1.9.2.6) Gecko/20100625 Firefox/3.6.6 ( .NET CLR 3.5.30729)"
68.151.240.23 - - [29/Jun/2010:00:13:19 -0700] "GET www.blackstardojo.org/images/ranks/newbelts/Chameleon/BlackChameleonMod.png HTTP/1.1" 200 5200 "http://www.blackstardojo.org/viewtopic.php?t=280" "Mozilla/5.0 (Windows; U; Windows NT 5.1; en-US; rv:1.9.2.6) Gecko/20100625 Firefox/3.6.6 ( .NET CLR 3.5.30729)"
68.151.240.23 - - [29/Jun/2010:00:13:19 -0700] "GET www.blackstardojo.org/images/avatars/3387843064851c36d2e25b.jpg HTTP/1.1" 404 1695 "http://www.blackstardojo.org/viewtopic.php?t=280" "Mozilla/5.0 (Windows; U; Windows NT 5.1; en-US; rv:1.9.2.6) Gecko/20100625 Firefox/3.6.6 ( .NET CLR 3.5.30729)"
68.151.240.23 - - [29/Jun/2010:00:13:19 -0700] "GET www.blackstardojo.org/medals/ConcordatMedal.png HTTP/1.1" 200 3047 "http://www.blackstardojo.org/viewtopic.php?t=280" "Mozilla/5.0 (Windows; U; Windows NT 5.1; en-US; rv:1.9.2.6) Gecko/20100625 Firefox/3.6.6 ( .NET CLR 3.5.30729)"
68.151.240.23 - - [29/Jun/2010:00:13:19 -0700] "GET www.blackstardojo.org/images/avatars/86442633446eb7a6217d49.jpg HTTP/1.1" 404 1695 "http://www.blackstardojo.org/viewtopic.php?t=280" "Mozilla/5.0 (Windows; U; Windows NT 5.1; en-US; rv:1.9.2.6) Gecko/20100625 Firefox/3.6.6 ( .NET CLR 3.5.30729)"
68.151.240.23 - - [29/Jun/2010:00:13:19 -0700] "GET www.blackstardojo.org/images/ranks/newbelts/Mantis/GreenMantisMod.png HTTP/1.1" 200 5830 "http://www.blackstardojo.org/viewtopic.php?t=280" "Mozilla/5.0 (Windows; U; Windows NT 5.1; en-US; rv:1.9.2.6) Gecko/20100625 Firefox/3.6.6 ( .NET CLR 3.5.30729)"
68.151.240.23 - - [29/Jun/2010:00:13:19 -0700] "GET www.blackstardojo.org/medals/WiseMedal.png HTTP/1.1" 200 4657 "http://www.blackstardojo.org/viewtopic.php?t=280" "Mozilla/5.0 (Windows; U; Windows NT 5.1; en-US; rv:1.9.2.6) Gecko/20100625 Firefox/3.6.6 ( .NET CLR 3.5.30729)"
68.151.240.23 - - [29/Jun/2010:00:13:19 -0700] "GET www.blackstardojo.org/medals/challengemedalvy7.png HTTP/1.1" 200 4453 "http://www.blackstardojo.org/viewtopic.php?t=280" "Mozilla/5.0 (Windows; U; Windows NT 5.1; en-US; rv:1.9.2.6) Gecko/20100625 Firefox/3.6.6 ( .NET CLR 3.5.30729)"
68.151.240.23 - - [29/Jun/2010:00:13:19 -0700] "GET www.blackstardojo.org/medals/LabyrinthMedal.png HTTP/1.1" 200 3591 "http://www.blackstardojo.org/viewtopic.php?t=280" "Mozilla/5.0 (Windows; U; Windows NT 5.1; en-US; rv:1.9.2.6) Gecko/20100625 Firefox/3.6.6 ( .NET CLR 3.5.30729)"
68.151.240.23 - - [29/Jun/2010:00:13:19 -0700] "GET www.blackstardojo.org/viewtopic.php?t=280 HTTP/1.1" 200 139029 "http://www.blackstardojo.org/viewforum.php?f=16&topicdays=0&start=50" "Mozilla/5.0 (Windows; U; Windows NT 5.1; en-US; rv:1.9.2.6) Gecko/20100625 Firefox/3.6.6 ( .NET CLR 3.5.30729)"
76.11.54.47 - - [29/Jun/2010:00:13:20 -0700] "GET www.blackstardojo.org/viewforum.php?f=22 HTTP/1.1" 200 85405 "http://www.blackstardojo.org/index.php" "Mozilla/5.0 (Windows; U; Windows NT 5.1; en-US; rv:1.9.2.6) Gecko/20100625 Firefox/3.6.6"
67.195.111.226 - - [29/Jun/2010:00:13:26 -0700] "GET www.blackstardojo.org/viewtopic.php?p=15767 HTTP/1.0" 200 87908 "-" "Mozilla/5.0 (compatible; Yahoo! Slurp/3.0; http://help.yahoo.com/help/us/ysearch/slurp)"
76.11.54.47 - - [29/Jun/2010:00:13:26 -0700] "GET www.blackstardojo.org/viewtopic.php?t=311 HTTP/1.1" 200 64471 "http://www.blackstardojo.org/viewforum.php?f=22" "Mozilla/5.0 (Windows; U; Windows NT 5.1; en-US; rv:1.9.2.6) Gecko/20100625 Firefox/3.6.6"
76.11.54.47 - - [29/Jun/2010:00:13:26 -0700] "GET www.blackstardojo.org/images/ranks/newbelts/Spider/BlackSpiderMod.png HTTP/1.1" 200 5222 "http://www.blackstardojo.org/viewtopic.php?t=311" "Mozilla/5.0 (Windows; U; Windows NT 5.1; en-US; rv:1.9.2.6) Gecko/20100625 Firefox/3.6.6"
76.11.54.47 - - [29/Jun/2010:00:13:26 -0700] "GET www.blackstardojo.org/images/ranks/ECRANK.PNG HTTP/1.1" 200 3312 "http://www.blackstardojo.org/viewtopic.php?t=311" "Mozilla/5.0 (Windows; U; Windows NT 5.1; en-US; rv:1.9.2.6) Gecko/20100625 Firefox/3.6.6"
76.11.54.47 - - [29/Jun/2010:00:13:26 -0700] "GET www.blackstardojo.org/images/ranks/Master.png HTTP/1.1" 200 333 "http://www.blackstardojo.org/viewtopic.php?t=311" "Mozilla/5.0 (Windows; U; Windows NT 5.1; en-US; rv:1.9.2.6) Gecko/20100625 Firefox/3.6.6"
76.11.54.47 - - [29/Jun/2010:00:13:26 -0700] "GET www.blackstardojo.org/images/ranks/powerapathy.png HTTP/1.1" 200 966 "http://www.blackstardojo.org/viewtopic.php?t=311" "Mozilla/5.0 (Windows; U; Windows NT 5.1; en-US; rv:1.9.2.6) Gecko/20100625 Firefox/3.6.6"
76.11.54.47 - - [29/Jun/2010:00:13:26 -0700] "GET www.blackstardojo.org/images/ranks/blackstar.png HTTP/1.1" 200 1845 "http://www.blackstardojo.org/viewtopic.php?t=311" "Mozilla/5.0 (Windows; U; Windows NT 5.1; en-US; rv:1.9.2.6) Gecko/20100625 Firefox/3.6.6"
76.11.54.47 - - [29/Jun/2010:00:13:26 -0700] "GET www.blackstardojo.org/medals/imagination.png HTTP/1.1" 200 3402 "http://www.blackstardojo.org/viewtopic.php?t=311" "Mozilla/5.0 (Windows; U; Windows NT 5.1; en-US; rv:1.9.2.6) Gecko/20100625 Firefox/3.6.6"
76.11.54.47 - - [29/Jun/2010:00:13:26 -0700] "GET www.blackstardojo.org/medals/ConcordatMedal.png HTTP/1.1" 200 3047 "http://www.blackstardojo.org/viewtopic.php?t=311" "Mozilla/5.0 (Windows; U; Windows NT 5.1; en-US; rv:1.9.2.6) Gecko/20100625 Firefox/3.6.6"
76.11.54.47 - - [29/Jun/2010:00:13:26 -0700] "GET www.blackstardojo.org/images/avatars/18004860746c940d3af7e0.png HTTP/1.1" 404 1695 "http://www.blackstardojo.org/viewtopic.php?t=311" "Mozilla/5.0 (Windows; U; Windows NT 5.1; en-US; rv:1.9.2.6) Gecko/20100625 Firefox/3.6.6"
76.11.54.47 - - [29/Jun/2010:00:13:26 -0700] "GET www.blackstardojo.org/medals/WikiMedal.png HTTP/1.1" 200 3803 "http://www.blackstardojo.org/viewtopic.php?t=311" "Mozilla/5.0 (Windows; U; Windows NT 5.1; en-US; rv:1.9.2.6) Gecko/20100625 Firefox/3.6.6"
76.11.54.47 - - [29/Jun/2010:00:13:26 -0700] "GET www.blackstardojo.org/medals/VilePlottingMedal.gif HTTP/1.1" 200 1706 "http://www.blackstardojo.org/viewtopic.php?t=311" "Mozilla/5.0 (Windows; U; Windows NT 5.1; en-US; rv:1.9.2.6) Gecko/20100625 Firefox/3.6.6"
76.11.54.47 - - [29/Jun/2010:00:13:26 -0700] "GET www.blackstardojo.org/templates/guildwars_tree/images/lang_english/icon_email.gif HTTP/1.1" 200 728 "http://www.blackstardojo.org/viewtopic.php?t=311" "Mozilla/5.0 (Windows; U; Windows NT 5.1; en-US; rv:1.9.2.6) Gecko/20100625 Firefox/3.6.6"
76.11.54.47 - - [29/Jun/2010:00:13:26 -0700] "GET www.blackstardojo.org/images/ranks/weirdbelt.png HTTP/1.1" 200 6196 "http://www.blackstardojo.org/viewtopic.php?t=311" "Mozilla/5.0 (Windows; U; Windows NT 5.1; en-US; rv:1.9.2.6) Gecko/20100625 Firefox/3.6.6"
76.11.54.47 - - [29/Jun/2010:00:13:26 -0700] "GET www.blackstardojo.org/images/avatars/12541419624aaec8492d77d.png HTTP/1.1" 200 10522 "http://www.blackstardojo.org/viewtopic.php?t=311" "Mozilla/5.0 (Windows; U; Windows NT 5.1; en-US; rv:1.9.2.6) Gecko/20100625 Firefox/3.6.6"
76.11.54.47 - - [29/Jun/2010:00:13:43 -0700] "GET www.blackstardojo.org/favicon.ico HTTP/1.1" 200 3638 "-" "Mozilla/5.0 (Windows; U; Windows NT 5.1; en-US; rv:1.9.2.6) Gecko/20100625 Firefox/3.6.6"
76.11.54.47 - - [29/Jun/2010:00:13:46 -0700] "GET www.blackstardojo.org/favicon.ico HTTP/1.1" 200 3638 "-" "Mozilla/5.0 (Windows; U; Windows NT 5.1; en-US; rv:1.9.2.6) Gecko/20100625 Firefox/3.6.6"
153.20.24.68 - - [29/Jun/2010:00:13:48 -0700] "GET www.blackstardojo.org/shop/images/Pokeball.gif HTTP/1.1" 304 - "http://fuckyeahpokememe.tumblr.com/" "Mozilla/5.0 (Macintosh; U; Intel Mac OS X 10.6; en-US; rv:1.9.2.6) Gecko/20100625 Firefox/3.6.6"
193.47.80.40 - - [29/Jun/2010:00:13:53 -0700] "GET blackstardojo.org/wiki/index.php?title=User:AL~X2/PoleUSlotB&action=edit&oldid=1653 HTTP/1.1" 200 2144 "-" "Mozilla/5.0 (compatible; Exabot/3.0; +http://www.exabot.com/go/robot)"
68.151.240.23 - - [29/Jun/2010:00:14:11 -0700] "GET www.blackstardojo.org/viewtopic.php?t=1159 HTTP/1.1" 200 41437 "http://www.blackstardojo.org/viewforum.php?f=16&topicdays=0&start=50" "Mozilla/5.0 (Windows; U; Windows NT 5.1; en-US; rv:1.9.2.6) Gecko/20100625 Firefox/3.6.6 ( .NET CLR 3.5.30729)"
68.151.240.23 - - [29/Jun/2010:00:14:12 -0700] "GET www.blackstardojo.org/images/ranks/newbelts/Tiger/BlackTigerAdmin.png HTTP/1.1" 200 5127 "http://www.blackstardojo.org/viewtopic.php?t=1159" "Mozilla/5.0 (Windows; U; Windows NT 5.1; en-US; rv:1.9.2.6) Gecko/20100625 Firefox/3.6.6 ( .NET CLR 3.5.30729)"
68.151.240.23 - - [29/Jun/2010:00:14:12 -0700] "GET www.blackstardojo.org/images/ranks/newbelts/Mantis/BlueMantisAdmin.png HTTP/1.1" 200 5709 "http://www.blackstardojo.org/viewtopic.php?t=1159" "Mozilla/5.0 (Windows; U; Windows NT 5.1; en-US; rv:1.9.2.6) Gecko/20100625 Firefox/3.6.6 ( .NET CLR 3.5.30729)"
68.151.240.23 - - [29/Jun/2010:00:14:12 -0700] "GET www.blackstardojo.org/images/senseibar.png HTTP/1.1" 200 2009 "http://www.blackstardojo.org/viewtopic.php?t=1159" "Mozilla/5.0 (Windows; U; Windows NT 5.1; en-US; rv:1.9.2.6) Gecko/20100625 Firefox/3.6.6 ( .NET CLR 3.5.30729)"
68.151.240.23 - - [29/Jun/2010:00:14:12 -0700] "GET www.blackstardojo.org/images/avatars/10235696484c1a254a7976e.gif HTTP/1.1" 200 2211 "http://www.blackstardojo.org/viewtopic.php?t=1159" "Mozilla/5.0 (Windows; U; Windows NT 5.1; en-US; rv:1.9.2.6) Gecko/20100625 Firefox/3.6.6 ( .NET CLR 3.5.30729)"
67.195.115.240 - - [29/Jun/2010:00:14:35 -0700] "GET blackstardojo.org/wiki/index.php?title=Template_talk:Notable_Threads&action=edit HTTP/1.0" 200 2124 "-" "Mozilla/5.0 (compatible; Yahoo! Slurp/3.0; http://help.yahoo.com/help/us/ysearch/slurp)"
67.195.115.240 - - [29/Jun/2010:00:14:44 -0700] "GET blackstardojo.org/viewtopic.php?t=2253&highlight= HTTP/1.0" 200 37516 "-" "Mozilla/5.0 (compatible; Yahoo! Slurp/3.0; http://help.yahoo.com/help/us/ysearch/slurp)"
67.195.111.226 - - [29/Jun/2010:00:14:50 -0700] "GET www.blackstardojo.org/profile.php?mode=viewprofile&u=159 HTTP/1.0" 200 36400 "-" "Mozilla/5.0 (compatible; Yahoo! Slurp/3.0; http://help.yahoo.com/help/us/ysearch/slurp)"
67.195.111.226 - - [29/Jun/2010:00:14:59 -0700] "GET www.blackstardojo.org/posting.php?mode=quote&p=53069 HTTP/1.0" 302 39 "-" "Mozilla/5.0 (compatible; Yahoo! Slurp/3.0; http://help.yahoo.com/help/us/ysearch/slurp)"
67.195.111.226 - - [29/Jun/2010:00:15:00 -0700] "GET www.blackstardojo.org/login.php?redirect=posting.php&mode=quote&p=53069&sid=dfde803b9da7fd13433c6fa01f2f23cb HTTP/1.0" 200 22240 "-" "Mozilla/5.0 (compatible; Yahoo! Slurp/3.0; http://help.yahoo.com/help/us/ysearch/slurp)"
193.47.80.40 - - [29/Jun/2010:00:15:11 -0700] "GET www.blackstardojo.org/viewforum.php?f=22&topicdays=0&start=0 HTTP/1.1" 200 95260 "-" "Mozilla/5.0 (compatible; Exabot/3.0; +http://www.exabot.com/go/robot)"
69.126.222.218 - - [29/Jun/2010:00:15:20 -0700] "GET www.blackstardojo.org/shop/images/Pokeball.gif HTTP/1.1" 200 314 "http://fuckyeahpokememe.tumblr.com/" "Mozilla/5.0 (Windows; U; Windows NT 6.0; en-US; rv:1.9.0.19) Gecko/2010031422 Firefox/3.0.19 (.NET CLR 3.5.30729)"
67.195.111.226 - - [29/Jun/2010:00:15:20 -0700] "GET www.blackstardojo.org/wiki/index.php?title=Special:Recentchanges&days=3&limit=100 HTTP/1.0" 200 2676 "-" "Mozilla/5.0 (compatible; Yahoo! Slurp/3.0; http://help.yahoo.com/help/us/ysearch/slurp)"
68.151.240.23 - - [29/Jun/2010:00:15:34 -0700] "GET www.blackstardojo.org/viewforum.php?f=16&topicdays=0&start=100 HTTP/1.1" 200 90939 "http://www.blackstardojo.org/viewforum.php?f=16&topicdays=0&start=50" "Mozilla/5.0 (Windows; U; Windows NT 5.1; en-US; rv:1.9.2.6) Gecko/20100625 Firefox/3.6.6 ( .NET CLR 3.5.30729)"
67.195.111.226 - - [29/Jun/2010:00:15:35 -0700] "GET www.blackstardojo.org/profile.php?mode=viewprofile&u=24 HTTP/1.0" 200 39186 "-" "Mozilla/5.0 (compatible; Yahoo! Slurp/3.0; http://help.yahoo.com/help/us/ysearch/slurp)"
71.105.20.217 - - [29/Jun/2010:00:15:37 -0700] "GET www.blackstardojo.org/shop/images/Pokeball.gif HTTP/1.1" 200 314 "http://fuckyeahpokememe.tumblr.com/" "Mozilla/5.0 (Windows; U; Windows NT 6.1; en-US) AppleWebKit/533.4 (KHTML, like Gecko) Chrome/5.0.375.70 Safari/533.4"
68.151.240.23 - - [29/Jun/2010:00:15:48 -0700] "GET www.blackstardojo.org/viewtopic.php?t=595&start=120 HTTP/1.1" 200 57639 "http://www.blackstardojo.org/viewforum.php?f=16&topicdays=0&start=100" "Mozilla/5.0 (Windows; U; Windows NT 5.1; en-US; rv:1.9.2.6) Gecko/20100625 Firefox/3.6.6 ( .NET CLR 3.5.30729)"
68.151.240.23 - - [29/Jun/2010:00:15:49 -0700] "GET www.blackstardojo.org/images/avatars/15650721624770839a0d294.png HTTP/1.1" 404 1695 "http://www.blackstardojo.org/viewtopic.php?t=595&start=120" "Mozilla/5.0 (Windows; U; Windows NT 5.1; en-US; rv:1.9.2.6) Gecko/20100625 Firefox/3.6.6 ( .NET CLR 3.5.30729)"
68.151.240.23 - - [29/Jun/2010:00:15:49 -0700] "GET www.blackstardojo.org/images/avatars/676394017448eb20c241e2.jpg HTTP/1.1" 200 2342 "http://www.blackstardojo.org/viewtopic.php?t=595&start=120" "Mozilla/5.0 (Windows; U; Windows NT 5.1; en-US; rv:1.9.2.6) Gecko/20100625 Firefox/3.6.6 ( .NET CLR 3.5.30729)"
193.47.80.40 - - [29/Jun/2010:00:15:56 -0700] "GET blackstardojo.org/wiki/index.php?title=Special:Recentchangeslinked/Image:Neutrino.png HTTP/1.1" 200 2228 "-" "Mozilla/5.0 (compatible; Exabot/3.0; +http://www.exabot.com/go/robot)"
68.151.240.23 - - [29/Jun/2010:00:16:01 -0700] "GET www.blackstardojo.org/images/avatars/14840518054a7b926230da2.png HTTP/1.1" 200 11863 "http://www.blackstardojo.org/viewtopic.php?t=675" "Mozilla/5.0 (Windows; U; Windows NT 5.1; en-US; rv:1.9.2.6) Gecko/20100625 Firefox/3.6.6 ( .NET CLR 3.5.30729)"
68.151.240.23 - - [29/Jun/2010:00:16:01 -0700] "GET www.blackstardojo.org/medals/RookieArpie.png HTTP/1.1" 200 4683 "http://www.blackstardojo.org/viewtopic.php?t=675" "Mozilla/5.0 (Windows; U; Windows NT 5.1; en-US; rv:1.9.2.6) Gecko/20100625 Firefox/3.6.6 ( .NET CLR 3.5.30729)"
68.151.240.23 - - [29/Jun/2010:00:16:01 -0700] "GET www.blackstardojo.org/viewtopic.php?t=675 HTTP/1.1" 200 84576 "http://www.blackstardojo.org/viewforum.php?f=16&topicdays=0&start=100" "Mozilla/5.0 (Windows; U; Windows NT 5.1; en-US; rv:1.9.2.6) Gecko/20100625 Firefox/3.6.6 ( .NET CLR 3.5.30729)"
68.151.240.23 - - [29/Jun/2010:00:16:01 -0700] "GET www.blackstardojo.org/images/avatars/16289778194854e33f354f6.gif HTTP/1.1" 404 1695 "http://www.blackstardojo.org/viewtopic.php?t=675" "Mozilla/5.0 (Windows; U; Windows NT 5.1; en-US; rv:1.9.2.6) Gecko/20100625 Firefox/3.6.6 ( .NET CLR 3.5.30729)"
68.151.240.23 - - [29/Jun/2010:00:16:01 -0700] "GET www.blackstardojo.org/images/ranks/newbelts/Chameleon/GreenChameleon.png HTTP/1.1" 200 4804 "http://www.blackstardojo.org/viewtopic.php?t=675" "Mozilla/5.0 (Windows; U; Windows NT 5.1; en-US; rv:1.9.2.6) Gecko/20100625 Firefox/3.6.6 ( .NET CLR 3.5.30729)"
68.151.240.23 - - [29/Jun/2010:00:16:01 -0700] "GET www.blackstardojo.org/images/avatars/36556135147b9a3951a374.gif HTTP/1.1" 404 1695 "http://www.blackstardojo.org/viewtopic.php?t=675" "Mozilla/5.0 (Windows; U; Windows NT 5.1; en-US; rv:1.9.2.6) Gecko/20100625 Firefox/3.6.6 ( .NET CLR 3.5.30729)"
24.16.139.158 - - [29/Jun/2010:00:16:02 -0700] "GET blackstardojo.org/ HTTP/1.1" 200 52944 "-" "Mozilla/5.0 (Windows; U; Windows NT 5.1; en-US; rv:1.9.2.6) Gecko/20100625 Firefox/3.6.6 ( .NET CLR 3.5.30729)"
72.134.99.152 - - [29/Jun/2010:00:16:14 -0700] "GET www.blackstardojo.org/shop/images/Pokeball.gif HTTP/1.1" 200 314 "http://fuckyeahpokememe.tumblr.com/" "Mozilla/5.0 (Windows; U; Windows NT 5.1; en-US; rv:1.9.2.6) Gecko/20100625 Firefox/3.6.6"
67.195.115.240 - - [29/Jun/2010:00:16:42 -0700] "GET blackstardojo.org/profile.php?mode=viewprofile&u=283 HTTP/1.0" 200 34781 "-" "Mozilla/5.0 (compatible; Yahoo! Slurp/3.0; http://help.yahoo.com/help/us/ysearch/slurp)"
68.151.240.23 - - [29/Jun/2010:00:17:15 -0700] "GET www.blackstardojo.org/viewforum.php?f=16&topicdays=0&start=150 HTTP/1.1" 200 29252 "http://www.blackstardojo.org/viewforum.php?f=16&topicdays=0&start=100" "Mozilla/5.0 (Windows; U; Windows NT 5.1; en-US; rv:1.9.2.6) Gecko/20100625 Firefox/3.6.6 ( .NET CLR 3.5.30729)"
68.151.240.23 - - [29/Jun/2010:00:17:31 -0700] "GET www.blackstardojo.org/viewforum.php?f=14 HTTP/1.1" 200 52896 "http://www.blackstardojo.org/index.php" "Mozilla/5.0 (Windows; U; Windows NT 5.1; en-US; rv:1.9.2.6) Gecko/20100625 Firefox/3.6.6 ( .NET CLR 3.5.30729)"
68.151.240.23 - - [29/Jun/2010:00:17:47 -0700] "GET www.blackstardojo.org/viewforum.php?f=15 HTTP/1.1" 200 50769 "http://www.blackstardojo.org/index.php" "Mozilla/5.0 (Windows; U; Windows NT 5.1; en-US; rv:1.9.2.6) Gecko/20100625 Firefox/3.6.6 ( .NET CLR 3.5.30729)"
68.151.240.23 - - [29/Jun/2010:00:17:47 -0700] "GET www.blackstardojo.org/images/icon_clip.gif HTTP/1.1" 200 71 "http://www.blackstardojo.org/viewforum.php?f=15" "Mozilla/5.0 (Windows; U; Windows NT 5.1; en-US; rv:1.9.2.6) Gecko/20100625 Firefox/3.6.6 ( .NET CLR 3.5.30729)"
68.151.240.23 - - [29/Jun/2010:00:18:16 -0700] "GET www.blackstardojo.org/viewforum.php?f=11 HTTP/1.1" 200 47886 "http://www.blackstardojo.org/index.php" "Mozilla/5.0 (Windows; U; Windows NT 5.1; en-US; rv:1.9.2.6) Gecko/20100625 Firefox/3.6.6 ( .NET CLR 3.5.30729)"
68.151.240.23 - - [29/Jun/2010:00:18:29 -0700] "GET www.blackstardojo.org/viewtopic.php?t=1449 HTTP/1.1" 200 39800 "http://www.blackstardojo.org/viewforum.php?f=11" "Mozilla/5.0 (Windows; U; Windows NT 5.1; en-US; rv:1.9.2.6) Gecko/20100625 Firefox/3.6.6 ( .NET CLR 3.5.30729)"
67.195.115.240 - - [29/Jun/2010:00:18:51 -0700] "GET blackstardojo.org/viewtopic.php?t=2270&start=0 HTTP/1.0" 200 117851 "-" "Mozilla/5.0 (compatible; Yahoo! Slurp/3.0; http://help.yahoo.com/help/us/ysearch/slurp)"
67.195.115.240 - - [29/Jun/2010:00:19:16 -0700] "GET blackstardojo.org/viewtopic.php?t=123 HTTP/1.0" 200 40662 "-" "Mozilla/5.0 (compatible; Yahoo! Slurp/3.0; http://help.yahoo.com/help/us/ysearch/slurp)"
66.215.203.83 - - [29/Jun/2010:00:19:24 -0700] "GET www.blackstardojo.org/shop/images/Pokeball.gif HTTP/1.1" 200 314 "http://fuckyeahpokememe.tumblr.com/" "Opera/9.50 (Nintendo DSi; Opera/507; U; en-US)"
68.151.240.23 - - [29/Jun/2010:00:20:08 -0700] "GET www.blackstardojo.org/search.php HTTP/1.1" 200 29768 "http://www.blackstardojo.org/index.php" "Mozilla/5.0 (Windows; U; Windows NT 5.1; en-US; rv:1.9.2.6) Gecko/20100625 Firefox/3.6.6 ( .NET CLR 3.5.30729)"
193.47.80.40 - - [29/Jun/2010:00:20:11 -0700] "GET blackstardojo.org/wiki/index.php?title=The_Roshi&action=edit&section=1 HTTP/1.1" 200 2109 "-" "Mozilla/5.0 (compatible; Exabot/3.0; +http://www.exabot.com/go/robot)"
193.47.80.40 - - [29/Jun/2010:00:20:13 -0700] "GET blackstardojo.org/wiki/index.php?title=Special:Whatlinkshere/Sentinel HTTP/1.1" 200 2182 "-" "Mozilla/5.0 (compatible; Exabot/3.0; +http://www.exabot.com/go/robot)"
68.151.240.23 - - [29/Jun/2010:00:20:18 -0700] "POST www.blackstardojo.org/search.php?mode=results HTTP/1.1" 200 56911 "http://www.blackstardojo.org/search.php" "Mozilla/5.0 (Windows; U; Windows NT 5.1; en-US; rv:1.9.2.6) Gecko/20100625 Firefox/3.6.6 ( .NET CLR 3.5.30729)"
68.151.240.23 - - [29/Jun/2010:00:20:30 -0700] "GET www.blackstardojo.org/images/avatars/13.gif HTTP/1.1" 200 1724 "http://www.blackstardojo.org/viewtopic.php?t=613&highlight=labyrinth" "Mozilla/5.0 (Windows; U; Windows NT 5.1; en-US; rv:1.9.2.6) Gecko/20100625 Firefox/3.6.6 ( .NET CLR 3.5.30729)"
68.151.240.23 - - [29/Jun/2010:00:20:30 -0700] "GET www.blackstardojo.org/medals/WikiMedal.png HTTP/1.1" 200 3803 "http://www.blackstardojo.org/viewtopic.php?t=613&highlight=labyrinth" "Mozilla/5.0 (Windows; U; Windows NT 5.1; en-US; rv:1.9.2.6) Gecko/20100625 Firefox/3.6.6 ( .NET CLR 3.5.30729)"
68.151.240.23 - - [29/Jun/2010:00:20:30 -0700] "GET www.blackstardojo.org/images/ranks/newbelts/Monkey/BlackMonkeyMod.png HTTP/1.1" 200 5241 "http://www.blackstardojo.org/viewtopic.php?t=613&highlight=labyrinth" "Mozilla/5.0 (Windows; U; Windows NT 5.1; en-US; rv:1.9.2.6) Gecko/20100625 Firefox/3.6.6 ( .NET CLR 3.5.30729)"
68.151.240.23 - - [29/Jun/2010:00:20:30 -0700] "GET www.blackstardojo.org/images/ranks/newbelts/Tiger/BlueTiger.png HTTP/1.1" 200 4872 "http://www.blackstardojo.org/viewtopic.php?t=613&highlight=labyrinth" "Mozilla/5.0 (Windows; U; Windows NT 5.1; en-US; rv:1.9.2.6) Gecko/20100625 Firefox/3.6.6 ( .NET CLR 3.5.30729)"
68.151.240.23 - - [29/Jun/2010:00:20:30 -0700] "GET www.blackstardojo.org/images/ranks/newbelts/Mantis/BlueMantis.png HTTP/1.1" 200 4784 "http://www.blackstardojo.org/viewtopic.php?t=613&highlight=labyrinth" "Mozilla/5.0 (Windows; U; Windows NT 5.1; en-US; rv:1.9.2.6) Gecko/20100625 Firefox/3.6.6 ( .NET CLR 3.5.30729)"
68.151.240.23 - - [29/Jun/2010:00:20:30 -0700] "GET www.blackstardojo.org/images/avatars/5464002354466d30041764.jpg HTTP/1.1" 200 3888 "http://www.blackstardojo.org/viewtopic.php?t=613&highlight=labyrinth" "Mozilla/5.0 (Windows; U; Windows NT 5.1; en-US; rv:1.9.2.6) Gecko/20100625 Firefox/3.6.6 ( .NET CLR 3.5.30729)"
68.151.240.23 - - [29/Jun/2010:00:20:30 -0700] "GET www.blackstardojo.org/images/ranks/newbelts/Monkey/BlueMonkey.png HTTP/1.1" 200 4823 "http://www.blackstardojo.org/viewtopic.php?t=613&highlight=labyrinth" "Mozilla/5.0 (Windows; U; Windows NT 5.1; en-US; rv:1.9.2.6) Gecko/20100625 Firefox/3.6.6 ( .NET CLR 3.5.30729)"
68.151.240.23 - - [29/Jun/2010:00:20:30 -0700] "GET www.blackstardojo.org/images/avatars/1052200847464830589a6be.png HTTP/1.1" 404 1695 "http://www.blackstardojo.org/viewtopic.php?t=613&highlight=labyrinth" "Mozilla/5.0 (Windows; U; Windows NT 5.1; en-US; rv:1.9.2.6) Gecko/20100625 Firefox/3.6.6 ( .NET CLR 3.5.30729)"
68.151.240.23 - - [29/Jun/2010:00:20:30 -0700] "GET www.blackstardojo.org/viewtopic.php?t=613&highlight=labyrinth HTTP/1.1" 200 148065 "http://www.blackstardojo.org/search.php?mode=results" "Mozilla/5.0 (Windows; U; Windows NT 5.1; en-US; rv:1.9.2.6) Gecko/20100625 Firefox/3.6.6 ( .NET CLR 3.5.30729)"
68.151.240.23 - - [29/Jun/2010:00:20:30 -0700] "GET www.blackstardojo.org/medals/egomedalmr5.png HTTP/1.1" 200 3613 "http://www.blackstardojo.org/viewtopic.php?t=613&highlight=labyrinth" "Mozilla/5.0 (Windows; U; Windows NT 5.1; en-US; rv:1.9.2.6) Gecko/20100625 Firefox/3.6.6 ( .NET CLR 3.5.30729)"
68.151.240.23 - - [29/Jun/2010:00:20:30 -0700] "GET www.blackstardojo.org/medals/HumorArpie.png HTTP/1.1" 200 5113 "http://www.blackstardojo.org/viewtopic.php?t=613&highlight=labyrinth" "Mozilla/5.0 (Windows; U; Windows NT 5.1; en-US; rv:1.9.2.6) Gecko/20100625 Firefox/3.6.6 ( .NET CLR 3.5.30729)"
68.151.240.23 - - [29/Jun/2010:00:20:30 -0700] "GET www.blackstardojo.org/images/avatars/36556135147b9a3951a374.gif HTTP/1.1" 404 1695 "http://www.blackstardojo.org/viewtopic.php?t=613&highlight=labyrinth" "Mozilla/5.0 (Windows; U; Windows NT 5.1; en-US; rv:1.9.2.6) Gecko/20100625 Firefox/3.6.6 ( .NET CLR 3.5.30729)"
68.151.240.23 - - [29/Jun/2010:00:20:30 -0700] "GET www.blackstardojo.org/images/avatars/16289778194854e33f354f6.gif HTTP/1.1" 404 1695 "http://www.blackstardojo.org/viewtopic.php?t=613&highlight=labyrinth" "Mozilla/5.0 (Windows; U; Windows NT 5.1; en-US; rv:1.9.2.6) Gecko/20100625 Firefox/3.6.6 ( .NET CLR 3.5.30729)"
68.151.240.23 - - [29/Jun/2010:00:20:33 -0700] "GET www.blackstardojo.org/images/avatars/86442633446eb7a6217d49.jpg HTTP/1.1" 404 1695 "http://www.blackstardojo.org/viewtopic.php?t=613&postdays=0&postorder=asc&highlight=labyrinth&start=135" "Mozilla/5.0 (Windows; U; Windows NT 5.1; en-US; rv:1.9.2.6) Gecko/20100625 Firefox/3.6.6 ( .NET CLR 3.5.30729)"
68.151.240.23 - - [29/Jun/2010:00:20:33 -0700] "GET www.blackstardojo.org/images/ranks/chris141.gif HTTP/1.1" 200 10822 "http://www.blackstardojo.org/viewtopic.php?t=613&postdays=0&postorder=asc&highlight=labyrinth&start=135" "Mozilla/5.0 (Windows; U; Windows NT 5.1; en-US; rv:1.9.2.6) Gecko/20100625 Firefox/3.6.6 ( .NET CLR 3.5.30729)"
68.151.240.23 - - [29/Jun/2010:00:20:33 -0700] "GET www.blackstardojo.org/images/avatars/45.jpg HTTP/1.1" 200 5202 "http://www.blackstardojo.org/viewtopic.php?t=613&postdays=0&postorder=asc&highlight=labyrinth&start=135" "Mozilla/5.0 (Windows; U; Windows NT 5.1; en-US; rv:1.9.2.6) Gecko/20100625 Firefox/3.6.6 ( .NET CLR 3.5.30729)"
68.151.240.23 - - [29/Jun/2010:00:20:33 -0700] "GET www.blackstardojo.org/images/ranks/newbelts/Yellow.png HTTP/1.1" 200 4589 "http://www.blackstardojo.org/viewtopic.php?t=613&postdays=0&postorder=asc&highlight=labyrinth&start=135" "Mozilla/5.0 (Windows; U; Windows NT 5.1; en-US; rv:1.9.2.6) Gecko/20100625 Firefox/3.6.6 ( .NET CLR 3.5.30729)"
68.151.240.23 - - [29/Jun/2010:00:20:33 -0700] "GET www.blackstardojo.org/images/avatars/36556135147b9a3951a374.gif HTTP/1.1" 404 1695 "http://www.blackstardojo.org/viewtopic.php?t=613&postdays=0&postorder=asc&highlight=labyrinth&start=135" "Mozilla/5.0 (Windows; U; Windows NT 5.1; en-US; rv:1.9.2.6) Gecko/20100625 Firefox/3.6.6 ( .NET CLR 3.5.30729)"
68.151.240.23 - - [29/Jun/2010:00:20:33 -0700] "GET www.blackstardojo.org/viewtopic.php?t=613&postdays=0&postorder=asc&highlight=labyrinth&start=135 HTTP/1.1" 200 118483 "http://www.blackstardojo.org/viewtopic.php?t=613&highlight=labyrinth" "Mozilla/5.0 (Windows; U; Windows NT 5.1; en-US; rv:1.9.2.6) Gecko/20100625 Firefox/3.6.6 ( .NET CLR 3.5.30729)"
68.151.240.23 - - [29/Jun/2010:00:20:33 -0700] "GET www.blackstardojo.org/images/ranks/ceo.png HTTP/1.1" 200 1004 "http://www.blackstardojo.org/viewtopic.php?t=613&postdays=0&postorder=asc&highlight=labyrinth&start=135" "Mozilla/5.0 (Windows; U; Windows NT 5.1; en-US; rv:1.9.2.6) Gecko/20100625 Firefox/3.6.6 ( .NET CLR 3.5.30729)"
68.151.240.23 - - [29/Jun/2010:00:20:33 -0700] "GET www.blackstardojo.org/images/avatars/21.png HTTP/1.1" 200 4160 "http://www.blackstardojo.org/viewtopic.php?t=613&postdays=0&postorder=asc&highlight=labyrinth&start=135" "Mozilla/5.0 (Windows; U; Windows NT 5.1; en-US; rv:1.9.2.6) Gecko/20100625 Firefox/3.6.6 ( .NET CLR 3.5.30729)"
68.151.240.23 - - [29/Jun/2010:00:20:33 -0700] "GET www.blackstardojo.org/medals/CharacterArpie.png HTTP/1.1" 200 4684 "http://www.blackstardojo.org/viewtopic.php?t=613&postdays=0&postorder=asc&highlight=labyrinth&start=135" "Mozilla/5.0 (Windows; U; Windows NT 5.1; en-US; rv:1.9.2.6) Gecko/20100625 Firefox/3.6.6 ( .NET CLR 3.5.30729)"
66.215.203.83 - - [29/Jun/2010:00:20:50 -0700] "GET www.blackstardojo.org/shop/images/Pokeball.gif HTTP/1.1" 200 314 "http://fuckyeahpokememe.tumblr.com/" "Opera/9.50 (Nintendo DSi; Opera/507; U; en-US)"
68.151.240.23 - - [29/Jun/2010:00:22:03 -0700] "GET www.blackstardojo.org/images/avatars/1052200847464830589a6be.png HTTP/1.1" 404 1695 "http://www.blackstardojo.org/viewtopic.php?t=613&postdays=0&postorder=asc&highlight=labyrinth&start=0" "Mozilla/5.0 (Windows; U; Windows NT 5.1; en-US; rv:1.9.2.6) Gecko/20100625 Firefox/3.6.6 ( .NET CLR 3.5.30729)"
68.151.240.23 - - [29/Jun/2010:00:22:03 -0700] "GET www.blackstardojo.org/images/avatars/36556135147b9a3951a374.gif HTTP/1.1" 404 1695 "http://www.blackstardojo.org/viewtopic.php?t=613&postdays=0&postorder=asc&highlight=labyrinth&start=0" "Mozilla/5.0 (Windows; U; Windows NT 5.1; en-US; rv:1.9.2.6) Gecko/20100625 Firefox/3.6.6 ( .NET CLR 3.5.30729)"
68.151.240.23 - - [29/Jun/2010:00:22:03 -0700] "GET www.blackstardojo.org/images/avatars/16289778194854e33f354f6.gif HTTP/1.1" 404 1695 "http://www.blackstardojo.org/viewtopic.php?t=613&postdays=0&postorder=asc&highlight=labyrinth&start=0" "Mozilla/5.0 (Windows; U; Windows NT 5.1; en-US; rv:1.9.2.6) Gecko/20100625 Firefox/3.6.6 ( .NET CLR 3.5.30729)"
68.151.240.23 - - [29/Jun/2010:00:22:04 -0700] "GET www.blackstardojo.org/viewtopic.php?t=613&postdays=0&postorder=asc&highlight=labyrinth&start=0 HTTP/1.1" 200 148065 "http://www.blackstardojo.org/viewtopic.php?t=613&postdays=0&postorder=asc&highlight=labyrinth&start=135" "Mozilla/5.0 (Windows; U; Windows NT 5.1; en-US; rv:1.9.2.6) Gecko/20100625 Firefox/3.6.6 ( .NET CLR 3.5.30729)"
67.195.115.240 - - [29/Jun/2010:00:22:06 -0700] "GET blackstardojo.org/viewtopic.php?p=51390 HTTP/1.0" 200 109623 "-" "Mozilla/5.0 (compatible; Yahoo! Slurp/3.0; http://help.yahoo.com/help/us/ysearch/slurp)"
76.11.54.47 - - [29/Jun/2010:00:22:50 -0700] "GET www.blackstardojo.org/index.php HTTP/1.1" 200 49965 "http://www.blackstardojo.org/viewforum.php?f=22" "Mozilla/5.0 (Windows; U; Windows NT 5.1; en-US; rv:1.9.2.6) Gecko/20100625 Firefox/3.6.6"
67.195.115.240 - - [29/Jun/2010:00:23:15 -0700] "GET blackstardojo.org/wiki/index.php?title=Property_Deed&redirect=no HTTP/1.0" 200 2920 "-" "Mozilla/5.0 (compatible; Yahoo! Slurp/3.0; http://help.yahoo.com/help/us/ysearch/slurp)"
66.183.7.205 - - [29/Jun/2010:00:23:50 -0700] "GET www.blackstardojo.org/shop/images/Pokeball.gif HTTP/1.1" 200 314 "http://fuckyeahpokememe.tumblr.com/" "Mozilla/4.0 (compatible; MSIE 8.0; Windows NT 6.1; WOW64; Trident/4.0; SLCC2; .NET CLR 2.0.50727; .NET CLR 3.5.30729; .NET CLR 3.0.30729; Media Center PC 6.0; .NET4.0C; AskTB5.6)"
193.47.80.40 - - [29/Jun/2010:00:24:27 -0700] "GET blackstardojo.org/wiki/index.php?title=CC_Forums&action=edit HTTP/1.1" 200 2095 "-" "Mozilla/5.0 (compatible; Exabot/3.0; +http://www.exabot.com/go/robot)"
68.151.240.23 - - [29/Jun/2010:00:24:28 -0700] "GET www.blackstardojo.org/wiki/index.php HTTP/1.1" 301 38 "http://www.blackstardojo.org/viewtopic.php?t=613&postdays=0&postorder=asc&highlight=labyrinth&start=0" "Mozilla/5.0 (Windows; U; Windows NT 5.1; en-US; rv:1.9.2.6) Gecko/20100625 Firefox/3.6.6 ( .NET CLR 3.5.30729)"
68.151.240.23 - - [29/Jun/2010:00:24:29 -0700] "GET www.blackstardojo.org/wiki/index.php?title=Main_Page HTTP/1.1" 200 3444 "http://www.blackstardojo.org/viewtopic.php?t=613&postdays=0&postorder=asc&highlight=labyrinth&start=0" "Mozilla/5.0 (Windows; U; Windows NT 5.1; en-US; rv:1.9.2.6) Gecko/20100625 Firefox/3.6.6 ( .NET CLR 3.5.30729)"
82.141.159.82 - - [29/Jun/2010:00:24:39 -0700] "GET www.blackstardojo.org/Embris_Dropbox/Arboria/Arboria/Screenshots_files/droppedImage_14.jpg HTTP/1.1" 200 67011 "http://forum.nationstates.net/viewtopic.php?t=53785&f=23&view=unread" "Mozilla/5.0 (Windows; U; Windows NT 5.1; en-US) AppleWebKit/533.4 (KHTML, like Gecko) Chrome/5.0.375.70 Safari/533.4"
82.141.159.82 - - [29/Jun/2010:00:24:39 -0700] "GET www.blackstardojo.org/Embris_Dropbox/Arboria/Arboria/Screenshots_files/droppedImage_10.jpg HTTP/1.1" 200 57961 "http://forum.nationstates.net/viewtopic.php?t=53785&f=23&view=unread" "Mozilla/5.0 (Windows; U; Windows NT 5.1; en-US) AppleWebKit/533.4 (KHTML, like Gecko) Chrome/5.0.375.70 Safari/533.4"
82.141.159.82 - - [29/Jun/2010:00:24:39 -0700] "GET www.blackstardojo.org/Embris_Dropbox/Arboria/Arboria/Screenshots_files/droppedImage_8.jpg HTTP/1.1" 200 35136 "http://forum.nationstates.net/viewtopic.php?t=53785&f=23&view=unread" "Mozilla/5.0 (Windows; U; Windows NT 5.1; en-US) AppleWebKit/533.4 (KHTML, like Gecko) Chrome/5.0.375.70 Safari/533.4"
82.141.159.82 - - [29/Jun/2010:00:24:39 -0700] "GET www.blackstardojo.org/Embris_Dropbox/Arboria/Arboria/Screenshots_files/droppedImage_12.jpg HTTP/1.1" 200 61158 "http://forum.nationstates.net/viewtopic.php?t=53785&f=23&view=unread" "Mozilla/5.0 (Windows; U; Windows NT 5.1; en-US) AppleWebKit/533.4 (KHTML, like Gecko) Chrome/5.0.375.70 Safari/533.4"
68.151.240.23 - - [29/Jun/2010:00:24:48 -0700] "GET www.blackstardojo.org/wiki/index.php?search=relics&go=Go HTTP/1.1" 200 3721 "http://www.blackstardojo.org/wiki/index.php?title=Main_Page" "Mozilla/5.0 (Windows; U; Windows NT 5.1; en-US; rv:1.9.2.6) Gecko/20100625 Firefox/3.6.6 ( .NET CLR 3.5.30729)"
67.195.111.226 - - [29/Jun/2010:00:24:50 -0700] "GET www.blackstardojo.org/robots.txt HTTP/1.0" 404 1683 "-" "Mozilla/5.0 (compatible; Yahoo! Slurp; http://help.yahoo.com/help/us/ysearch/slurp)"
68.151.240.23 - - [29/Jun/2010:00:24:52 -0700] "GET www.blackstardojo.org/wiki/index.php?title=HollowEyes HTTP/1.1" 200 9201 "http://www.blackstardojo.org/wiki/index.php?search=relics&go=Go" "Mozilla/5.0 (Windows; U; Windows NT 5.1; en-US; rv:1.9.2.6) Gecko/20100625 Firefox/3.6.6 ( .NET CLR 3.5.30729)"
68.151.240.23 - - [29/Jun/2010:00:25:10 -0700] "GET www.blackstardojo.org/wiki/index.php?title=Little_Sister HTTP/1.1" 200 4637 "http://www.blackstardojo.org/wiki/index.php?title=HollowEyes" "Mozilla/5.0 (Windows; U; Windows NT 5.1; en-US; rv:1.9.2.6) Gecko/20100625 Firefox/3.6.6 ( .NET CLR 3.5.30729)"
91.187.103.22 - - [29/Jun/2010:00:26:04 -0700] "GET www.blackstardojo.org/shop/images/Pokeball.gif HTTP/1.1" 200 314 "http://forum.onemanga.com/group.php?do=discuss&discussionid=1198&pp=10&page=10" "Mozilla/4.0 (compatible; MSIE 6.0; Windows NT 5.1; SV1)"
68.151.240.23 - - [29/Jun/2010:00:26:20 -0700] "GET www.blackstardojo.org/wiki/index.php?search=ruby+dagger&go=Go HTTP/1.1" 302 38 "http://www.blackstardojo.org/wiki/index.php?title=Little_Sister" "Mozilla/5.0 (Windows; U; Windows NT 5.1; en-US; rv:1.9.2.6) Gecko/20100625 Firefox/3.6.6 ( .NET CLR 3.5.30729)"
68.151.240.23 - - [29/Jun/2010:00:26:21 -0700] "GET www.blackstardojo.org/wiki/index.php?title=Ruby_Dagger HTTP/1.1" 200 2792 "http://www.blackstardojo.org/wiki/index.php?title=Little_Sister" "Mozilla/5.0 (Windows; U; Windows NT 5.1; en-US; rv:1.9.2.6) Gecko/20100625 Firefox/3.6.6 ( .NET CLR 3.5.30729)"
68.151.240.23 - - [29/Jun/2010:00:26:29 -0700] "GET www.blackstardojo.org/wiki/index.php?title=Category:Unique_Items HTTP/1.1" 200 2880 "http://www.blackstardojo.org/wiki/index.php?title=Ruby_Dagger" "Mozilla/5.0 (Windows; U; Windows NT 5.1; en-US; rv:1.9.2.6) Gecko/20100625 Firefox/3.6.6 ( .NET CLR 3.5.30729)"
68.151.240.23 - - [29/Jun/2010:00:26:37 -0700] "GET www.blackstardojo.org/wiki/index.php?title=Emerald_Bow HTTP/1.1" 200 2850 "http://www.blackstardojo.org/wiki/index.php?title=Category:Unique_Items" "Mozilla/5.0 (Windows; U; Windows NT 5.1; en-US; rv:1.9.2.6) Gecko/20100625 Firefox/3.6.6 ( .NET CLR 3.5.30729)"
68.151.240.23 - - [29/Jun/2010:00:26:46 -0700] "GET www.blackstardojo.org/wiki/index.php?title=Diamond_Heart_of_the_Dojo HTTP/1.1" 200 2831 "http://www.blackstardojo.org/wiki/index.php?title=Category:Unique_Items" "Mozilla/5.0 (Windows; U; Windows NT 5.1; en-US; rv:1.9.2.6) Gecko/20100625 Firefox/3.6.6 ( .NET CLR 3.5.30729)"
68.151.240.23 - - [29/Jun/2010:00:26:56 -0700] "GET www.blackstardojo.org/wiki/index.php?title=Onyx_Longsword HTTP/1.1" 200 2807 "http://www.blackstardojo.org/wiki/index.php?title=Category:Unique_Items" "Mozilla/5.0 (Windows; U; Windows NT 5.1; en-US; rv:1.9.2.6) Gecko/20100625 Firefox/3.6.6 ( .NET CLR 3.5.30729)"
68.151.240.23 - - [29/Jun/2010:00:27:05 -0700] "GET www.blackstardojo.org/wiki/index.php?title=Crystalline_Staff HTTP/1.1" 200 2862 "http://www.blackstardojo.org/wiki/index.php?title=Category:Unique_Items" "Mozilla/5.0 (Windows; U; Windows NT 5.1; en-US; rv:1.9.2.6) Gecko/20100625 Firefox/3.6.6 ( .NET CLR 3.5.30729)"
68.151.240.23 - - [29/Jun/2010:00:27:21 -0700] "GET www.blackstardojo.org/index.php HTTP/1.1" 200 83044 "-" "Mozilla/5.0 (Windows; U; Windows NT 5.1; en-US; rv:1.9.2.6) Gecko/20100625 Firefox/3.6.6 ( .NET CLR 3.5.30729)"
68.151.240.23 - - [29/Jun/2010:00:27:27 -0700] "GET www.blackstardojo.org/admin/index.php?sid=470a012ef395790d822fbaac8cfdf639 HTTP/1.1" 302 51 "http://www.blackstardojo.org/index.php" "Mozilla/5.0 (Windows; U; Windows NT 5.1; en-US; rv:1.9.2.6) Gecko/20100625 Firefox/3.6.6 ( .NET CLR 3.5.30729)"
68.151.240.23 - - [29/Jun/2010:00:27:28 -0700] "GET www.blackstardojo.org/login.php?redirect=admin/index.php&admin=1&sid=470a012ef395790d822fbaac8cfdf639 HTTP/1.1" 200 22111 "http://www.blackstardojo.org/index.php" "Mozilla/5.0 (Windows; U; Windows NT 5.1; en-US; rv:1.9.2.6) Gecko/20100625 Firefox/3.6.6 ( .NET CLR 3.5.30729)"
68.151.240.23 - - [29/Jun/2010:00:27:37 -0700] "POST www.blackstardojo.org/login.php HTTP/1.1" 302 51 "http://www.blackstardojo.org/login.php?redirect=admin/index.php&admin=1&sid=470a012ef395790d822fbaac8cfdf639" "Mozilla/5.0 (Windows; U; Windows NT 5.1; en-US; rv:1.9.2.6) Gecko/20100625 Firefox/3.6.6 ( .NET CLR 3.5.30729)"
68.151.240.23 - - [29/Jun/2010:00:27:38 -0700] "GET www.blackstardojo.org/admin/index.php?admin=1&sid=470a012ef395790d822fbaac8cfdf639 HTTP/1.1" 200 684 "http://www.blackstardojo.org/login.php?redirect=admin/index.php&admin=1&sid=470a012ef395790d822fbaac8cfdf639" "Mozilla/5.0 (Windows; U; Windows NT 5.1; en-US; rv:1.9.2.6) Gecko/20100625 Firefox/3.6.6 ( .NET CLR 3.5.30729)"
68.151.240.23 - - [29/Jun/2010:00:27:39 -0700] "GET www.blackstardojo.org/admin/index.php?pane=right&sid=470a012ef395790d822fbaac8cfdf639 HTTP/1.1" 200 13920 "http://www.blackstardojo.org/admin/index.php?admin=1&sid=470a012ef395790d822fbaac8cfdf639" "Mozilla/5.0 (Windows; U; Windows NT 5.1; en-US; rv:1.9.2.6) Gecko/20100625 Firefox/3.6.6 ( .NET CLR 3.5.30729)"
68.151.240.23 - - [29/Jun/2010:00:27:40 -0700] "GET www.blackstardojo.org/templates/guildwars_tree/images/logo_phpBB_med.gif HTTP/1.1" 200 3894 "http://www.blackstardojo.org/admin/index.php?pane=left&sid=470a012ef395790d822fbaac8cfdf639" "Mozilla/5.0 (Windows; U; Windows NT 5.1; en-US; rv:1.9.2.6) Gecko/20100625 Firefox/3.6.6 ( .NET CLR 3.5.30729)"
68.151.240.23 - - [29/Jun/2010:00:27:40 -0700] "GET www.blackstardojo.org/admin/index.php?pane=left&sid=470a012ef395790d822fbaac8cfdf639 HTTP/1.1" 200 26737 "http://www.blackstardojo.org/admin/index.php?admin=1&sid=470a012ef395790d822fbaac8cfdf639" "Mozilla/5.0 (Windows; U; Windows NT 5.1; en-US; rv:1.9.2.6) Gecko/20100625 Firefox/3.6.6 ( .NET CLR 3.5.30729)"
174.100.43.99 - - [29/Jun/2010:00:27:45 -0700] "GET www.blackstardojo.org/viewtopic.php?t=2374 HTTP/1.1" 200 50135 "http://www.blackstardojo.org/viewforum.php?f=4" "Mozilla/5.0 (Windows; U; Windows NT 5.1; en-US; rv:1.9.1.10) Gecko/20100504 Firefox/3.5.10 ( .NET CLR 3.5.30729)"
174.100.43.99 - - [29/Jun/2010:00:27:46 -0700] "GET www.blackstardojo.org/templates/guildwars_tree/images/header_logo_02.gif HTTP/1.1" 304 - "http://www.blackstardojo.org/viewtopic.php?t=2374" "Mozilla/5.0 (Windows; U; Windows NT 5.1; en-US; rv:1.9.1.10) Gecko/20100504 Firefox/3.5.10 ( .NET CLR 3.5.30729)"
174.100.43.99 - - [29/Jun/2010:00:27:46 -0700] "GET www.blackstardojo.org/templates/guildwars_tree/images/header_logo_01.gif HTTP/1.1" 304 - "http://www.blackstardojo.org/viewtopic.php?t=2374" "Mozilla/5.0 (Windows; U; Windows NT 5.1; en-US; rv:1.9.1.10) Gecko/20100504 Firefox/3.5.10 ( .NET CLR 3.5.30729)"
174.100.43.99 - - [29/Jun/2010:00:27:46 -0700] "GET www.blackstardojo.org/templates/guildwars_tree/images/header_logo_03.gif HTTP/1.1" 304 - "http://www.blackstardojo.org/viewtopic.php?t=2374" "Mozilla/5.0 (Windows; U; Windows NT 5.1; en-US; rv:1.9.1.10) Gecko/20100504 Firefox/3.5.10 ( .NET CLR 3.5.30729)"
174.100.43.99 - - [29/Jun/2010:00:27:46 -0700] "GET www.blackstardojo.org/templates/guildwars_tree/images/header_logo_04.gif HTTP/1.1" 304 - "http://www.blackstardojo.org/viewtopic.php?t=2374" "Mozilla/5.0 (Windows; U; Windows NT 5.1; en-US; rv:1.9.1.10) Gecko/20100504 Firefox/3.5.10 ( .NET CLR 3.5.30729)"
174.100.43.99 - - [29/Jun/2010:00:27:46 -0700] "GET www.blackstardojo.org/templates/guildwars_tree/images/header_logo_05.gif HTTP/1.1" 304 - "http://www.blackstardojo.org/viewtopic.php?t=2374" "Mozilla/5.0 (Windows; U; Windows NT 5.1; en-US; rv:1.9.1.10) Gecko/20100504 Firefox/3.5.10 ( .NET CLR 3.5.30729)"
174.100.43.99 - - [29/Jun/2010:00:27:47 -0700] "GET www.blackstardojo.org/images/ranks/newbelts/White.png HTTP/1.1" 304 - "http://www.blackstardojo.org/viewtopic.php?t=2374" "Mozilla/5.0 (Windows; U; Windows NT 5.1; en-US; rv:1.9.1.10) Gecko/20100504 Firefox/3.5.10 ( .NET CLR 3.5.30729)"
174.100.43.99 - - [29/Jun/2010:00:27:47 -0700] "GET www.blackstardojo.org/templates/guildwars_tree/images/lang_english/post.gif HTTP/1.1" 304 - "http://www.blackstardojo.org/viewtopic.php?t=2374" "Mozilla/5.0 (Windows; U; Windows NT 5.1; en-US; rv:1.9.1.10) Gecko/20100504 Firefox/3.5.10 ( .NET CLR 3.5.30729)"
174.100.43.99 - - [29/Jun/2010:00:27:47 -0700] "GET www.blackstardojo.org/templates/guildwars_tree/images/lang_english/reply.gif HTTP/1.1" 304 - "http://www.blackstardojo.org/viewtopic.php?t=2374" "Mozilla/5.0 (Windows; U; Windows NT 5.1; en-US; rv:1.9.1.10) Gecko/20100504 Firefox/3.5.10 ( .NET CLR 3.5.30729)"
174.100.43.99 - - [29/Jun/2010:00:27:47 -0700] "GET www.blackstardojo.org/images/avatars/4619597534c296b84163b1.jpg HTTP/1.1" 304 - "http://www.blackstardojo.org/viewtopic.php?t=2374" "Mozilla/5.0 (Windows; U; Windows NT 5.1; en-US; rv:1.9.1.10) Gecko/20100504 Firefox/3.5.10 ( .NET CLR 3.5.30729)"
174.100.43.99 - - [29/Jun/2010:00:27:47 -0700] "GET www.blackstardojo.org/templates/guildwars_tree/images/icon_minipost.gif HTTP/1.1" 304 - "http://www.blackstardojo.org/viewtopic.php?t=2374" "Mozilla/5.0 (Windows; U; Windows NT 5.1; en-US; rv:1.9.1.10) Gecko/20100504 Firefox/3.5.10 ( .NET CLR 3.5.30729)"
174.100.43.99 - - [29/Jun/2010:00:27:47 -0700] "GET www.blackstardojo.org/templates/guildwars_tree/images/lang_english/icon_quote.gif HTTP/1.1" 304 - "http://www.blackstardojo.org/viewtopic.php?t=2374" "Mozilla/5.0 (Windows; U; Windows NT 5.1; en-US; rv:1.9.1.10) Gecko/20100504 Firefox/3.5.10 ( .NET CLR 3.5.30729)"
174.100.43.99 - - [29/Jun/2010:00:27:47 -0700] "GET www.blackstardojo.org/templates/guildwars_tree/images/icon_report.gif HTTP/1.1" 304 - "http://www.blackstardojo.org/viewtopic.php?t=2374" "Mozilla/5.0 (Windows; U; Windows NT 5.1; en-US; rv:1.9.1.10) Gecko/20100504 Firefox/3.5.10 ( .NET CLR 3.5.30729)"
174.100.43.99 - - [29/Jun/2010:00:27:47 -0700] "GET www.blackstardojo.org/templates/guildwars_tree/images/lang_english/icon_profile.gif HTTP/1.1" 304 - "http://www.blackstardojo.org/viewtopic.php?t=2374" "Mozilla/5.0 (Windows; U; Windows NT 5.1; en-US; rv:1.9.1.10) Gecko/20100504 Firefox/3.5.10 ( .NET CLR 3.5.30729)"
174.100.43.99 - - [29/Jun/2010:00:27:47 -0700] "GET www.blackstardojo.org/templates/guildwars_tree/images/lang_english/icon_pm.gif HTTP/1.1" 304 - "http://www.blackstardojo.org/viewtopic.php?t=2374" "Mozilla/5.0 (Windows; U; Windows NT 5.1; en-US; rv:1.9.1.10) Gecko/20100504 Firefox/3.5.10 ( .NET CLR 3.5.30729)"
174.100.43.99 - - [29/Jun/2010:00:27:47 -0700] "GET www.blackstardojo.org/templates/guildwars_tree/images/lang_english/icon_aim.gif HTTP/1.1" 304 - "http://www.blackstardojo.org/viewtopic.php?t=2374" "Mozilla/5.0 (Windows; U; Windows NT 5.1; en-US; rv:1.9.1.10) Gecko/20100504 Firefox/3.5.10 ( .NET CLR 3.5.30729)"
174.100.43.99 - - [29/Jun/2010:00:27:47 -0700] "GET www.blackstardojo.org/templates/guildwars_tree/images/lang_english/icon_msnm.gif HTTP/1.1" 304 - "http://www.blackstardojo.org/viewtopic.php?t=2374" "Mozilla/5.0 (Windows; U; Windows NT 5.1; en-US; rv:1.9.1.10) Gecko/20100504 Firefox/3.5.10 ( .NET CLR 3.5.30729)"
174.100.43.99 - - [29/Jun/2010:00:27:47 -0700] "GET www.blackstardojo.org/templates/guildwars_tree/images/spacer.gif HTTP/1.1" 304 - "http://www.blackstardojo.org/viewtopic.php?t=2374" "Mozilla/5.0 (Windows; U; Windows NT 5.1; en-US; rv:1.9.1.10) Gecko/20100504 Firefox/3.5.10 ( .NET CLR 3.5.30729)"
174.100.43.99 - - [29/Jun/2010:00:27:47 -0700] "GET www.blackstardojo.org/templates/guildwars_tree/images/rank6.gif HTTP/1.1" 304 - "http://www.blackstardojo.org/viewtopic.php?t=2374" "Mozilla/5.0 (Windows; U; Windows NT 5.1; en-US; rv:1.9.1.10) Gecko/20100504 Firefox/3.5.10 ( .NET CLR 3.5.30729)"
174.100.43.99 - - [29/Jun/2010:00:27:47 -0700] "GET www.blackstardojo.org/images/ranks/newbelts/Tiger/GreenTigerAdmin.png HTTP/1.1" 304 - "http://www.blackstardojo.org/viewtopic.php?t=2374" "Mozilla/5.0 (Windows; U; Windows NT 5.1; en-US; rv:1.9.1.10) Gecko/20100504 Firefox/3.5.10 ( .NET CLR 3.5.30729)"
174.100.43.99 - - [29/Jun/2010:00:27:47 -0700] "GET www.blackstardojo.org/images/ranks/a2k.png HTTP/1.1" 304 - "http://www.blackstardojo.org/viewtopic.php?t=2374" "Mozilla/5.0 (Windows; U; Windows NT 5.1; en-US; rv:1.9.1.10) Gecko/20100504 Firefox/3.5.10 ( .NET CLR 3.5.30729)"
