67.195.111.226 - - [17/Jun/2010:04:29:19 -0700] "GET www.blackstardojo.org/viewtopic.php?t=96&start=15 HTTP/1.0" 200 106561 "-" "Mozilla/5.0 (compatible; Yahoo! Slurp/3.0; http://help.yahoo.com/help/us/ysearch/slurp)"
67.195.115.240 - - [17/Jun/2010:04:30:08 -0700] "GET blackstardojo.org/wiki/index.php?title=Blackstar_History&action=edit HTTP/1.0" 200 2097 "-" "Mozilla/5.0 (compatible; Yahoo! Slurp/3.0; http://help.yahoo.com/help/us/ysearch/slurp)"
67.195.115.240 - - [17/Jun/2010:04:31:31 -0700] "GET blackstardojo.org/wiki/index.php?title=User:4e5r_buy_zometa_online_cheap&action=edit&section=1 HTTP/1.0" 200 2151 "-" "Mozilla/5.0 (compatible; Yahoo! Slurp/3.0; http://help.yahoo.com/help/us/ysearch/slurp)"
67.195.111.226 - - [17/Jun/2010:04:32:18 -0700] "GET www.blackstardojo.org/bookies.php HTTP/1.0" 302 39 "-" "Mozilla/5.0 (compatible; Yahoo! Slurp/3.0; http://help.yahoo.com/help/us/ysearch/slurp)"
67.195.111.226 - - [17/Jun/2010:04:32:20 -0700] "GET www.blackstardojo.org/login.php?redirect=bookies.php&sid=fa8837691609514453258d9384d49f5c HTTP/1.0" 200 22225 "-" "Mozilla/5.0 (compatible; Yahoo! Slurp/3.0; http://help.yahoo.com/help/us/ysearch/slurp)"
213.238.100.235 - - [17/Jun/2010:04:32:58 -0700] "GET www.blackstardojo.org/shop/images/Pokeball.gif HTTP/1.1" 200 314 "http://fuckyeahpokememe.tumblr.com/post/706343473/eejin-via-pokemonscreenshots" "Mozilla/5.0 (Windows; U; Windows NT 6.0; pl; rv:1.9.1.9) Gecko/20100315 Firefox/3.5.9"
67.195.111.226 - - [17/Jun/2010:04:33:08 -0700] "GET www.blackstardojo.org/privmsg.php?mode=post&u=16 HTTP/1.0" 302 39 "-" "Mozilla/5.0 (compatible; Yahoo! Slurp/3.0; http://help.yahoo.com/help/us/ysearch/slurp)"
67.195.111.226 - - [17/Jun/2010:04:33:21 -0700] "GET www.blackstardojo.org/login.php?redirect=privmsg.php&folder=inbox&mode=post&u=16&sid=4221e928fa099f002dca7a40c8730279 HTTP/1.0" 200 22252 "-" "Mozilla/5.0 (compatible; Yahoo! Slurp/3.0; http://help.yahoo.com/help/us/ysearch/slurp)"
67.195.115.240 - - [17/Jun/2010:04:33:26 -0700] "GET blackstardojo.org/wiki/index.php?title=Plains_Warp_Portal HTTP/1.0" 200 2847 "-" "Mozilla/5.0 (compatible; Yahoo! Slurp/3.0; http://help.yahoo.com/help/us/ysearch/slurp)"
67.195.111.226 - - [17/Jun/2010:04:33:36 -0700] "GET www.blackstardojo.org/viewtopic.php?p=28402 HTTP/1.0" 302 39 "-" "Mozilla/5.0 (compatible; Yahoo! Slurp/3.0; http://help.yahoo.com/help/us/ysearch/slurp)"
67.195.111.226 - - [17/Jun/2010:04:33:37 -0700] "GET www.blackstardojo.org/login.php?redirect=viewtopic.php&p=28402&sid=57cef4d0618a199b0b506d218c1d7b05 HTTP/1.0" 200 22234 "-" "Mozilla/5.0 (compatible; Yahoo! Slurp/3.0; http://help.yahoo.com/help/us/ysearch/slurp)"
76.119.126.166 - - [17/Jun/2010:04:34:00 -0700] "GET www.blackstardojo.org/search.php HTTP/1.0" 200 29019 "-" "Mozilla/4.0 (compatible; MSIE 6.0; Windows NT 5.1)"
76.119.126.166 - - [17/Jun/2010:04:34:05 -0700] "POST www.blackstardojo.org/search.php?mode=results&sid=00c9214d9e7ca5666615878f5d0bd4f5 HTTP/1.0" 200 20348 "http://www.blackstardojo.org/search.php" "Mozilla/4.0 (compatible; MSIE 6.0; Windows NT 5.1)"
193.47.80.40 - - [17/Jun/2010:04:35:27 -0700] "GET blackstardojo.org/wiki/index.php?title=User:326_buy_famvir&action=edit&section=1 HTTP/1.1" 200 2149 "-" "Mozilla/5.0 (compatible; Exabot/3.0; +http://www.exabot.com/go/robot)"
67.195.111.226 - - [17/Jun/2010:04:36:00 -0700] "GET www.blackstardojo.org/viewtopic.php?p=2225 HTTP/1.0" 200 37286 "-" "Mozilla/5.0 (compatible; Yahoo! Slurp/3.0; http://help.yahoo.com/help/us/ysearch/slurp)"
193.47.80.40 - - [17/Jun/2010:04:36:05 -0700] "GET blackstardojo.org/wiki/index.php?title=User:Ls94_buy_breast_enhancement_gum_online_cheap&diff=prev&oldid=4081 HTTP/1.1" 200 4416 "-" "Mozilla/5.0 (compatible; Exabot/3.0; +http://www.exabot.com/go/robot)"
66.249.68.154 - - [17/Jun/2010:04:36:39 -0700] "GET www.blackstardojo.org/search.php?search_id=1441053140&start=195&sid=23aef1dd628ff404d67bce497bd14b5d HTTP/1.1" 200 21304 "-" "Mozilla/5.0 (compatible; Googlebot/2.1; +http://www.google.com/bot.html)"
95.234.12.174 - - [17/Jun/2010:04:38:31 -0700] "GET www.blackstardojo.org/shop/images/Pokeball.gif HTTP/1.1" 200 314 "http://fuckyeahpokememe.tumblr.com/" "Mozilla/5.0 (Windows; U; Windows NT 6.0; it; rv:1.9.1.9) Gecko/20100315 Firefox/3.5.9 ( .NET CLR 3.5.30729)"
216.129.119.45 - - [17/Jun/2010:04:39:41 -0700] "GET blackstardojo.org/viewtopic.php?t=1914 HTTP/1.1" 200 117697 "-" "Mozilla/5.0 (Twiceler-0.9 http://www.cuil.com/twiceler/robot.html)"
77.88.28.247 - - [17/Jun/2010:04:40:07 -0700] "GET www.blackstardojo.org/viewtopic.php?p=29187&sid=f347564ce74beac5b7b5fa1d5ee1ce9e HTTP/1.1" 200 89545 "-" "Yandex/1.01.001 (compatible; Win16; I)"
75.22.35.202 - - [17/Jun/2010:04:40:58 -0700] "GET www.blackstardojo.org/shop/images/Pokeball.gif HTTP/1.1" 200 314 "http://fuckyeahpokememe.tumblr.com/" "Mozilla/5.0 (Windows; U; Windows NT 6.0; en-US) AppleWebKit/533.4 (KHTML, like Gecko) Chrome/5.0.375.70 Safari/533.4"
67.195.111.226 - - [17/Jun/2010:04:41:20 -0700] "GET www.blackstardojo.org/viewtopic.php?p=11857 HTTP/1.0" 302 39 "-" "Mozilla/5.0 (compatible; Yahoo! Slurp/3.0; http://help.yahoo.com/help/us/ysearch/slurp)"
67.195.111.226 - - [17/Jun/2010:04:41:22 -0700] "GET www.blackstardojo.org/login.php?redirect=viewtopic.php&p=11857&sid=30d6b7e5f047c0d969f59a818a290bc0 HTTP/1.0" 200 22234 "-" "Mozilla/5.0 (compatible; Yahoo! Slurp/3.0; http://help.yahoo.com/help/us/ysearch/slurp)"
110.32.127.236 - - [17/Jun/2010:04:41:26 -0700] "GET www.blackstardojo.org/shop/images/Pokeball.gif HTTP/1.1" 200 314 "http://fuckyeahpokememe.tumblr.com/post/300090318/via-redsuspenders" "Mozilla/5.0 (Windows; U; Windows NT 6.1; en-US) AppleWebKit/533.4 (KHTML, like Gecko) Chrome/5.0.375.70 Safari/533.4"
67.195.115.240 - - [17/Jun/2010:04:42:43 -0700] "GET blackstardojo.org/wiki/index.php?title=Evil_Council&oldid=1365 HTTP/1.0" 200 9395 "-" "Mozilla/5.0 (compatible; Yahoo! Slurp/3.0; http://help.yahoo.com/help/us/ysearch/slurp)"
67.195.115.240 - - [17/Jun/2010:04:43:09 -0700] "GET blackstardojo.org/viewtopic.php?t=726&start=45 HTTP/1.0" 200 100825 "-" "Mozilla/5.0 (compatible; Yahoo! Slurp/3.0; http://help.yahoo.com/help/us/ysearch/slurp)"
67.195.111.226 - - [17/Jun/2010:04:43:14 -0700] "GET www.blackstardojo.org/index.php?sid=64495dcdb4645b6bae3a732aeedc8b22 HTTP/1.0" 200 52185 "-" "Mozilla/5.0 (compatible; Yahoo! Slurp/3.0; http://help.yahoo.com/help/us/ysearch/slurp)"
193.47.80.40 - - [17/Jun/2010:04:43:31 -0700] "GET blackstardojo.org/wiki/index.php?title=The_Scroll_of_Senseis&action=edit HTTP/1.1" 200 2125 "-" "Mozilla/5.0 (compatible; Exabot/3.0; +http://www.exabot.com/go/robot)"
67.195.111.226 - - [17/Jun/2010:04:43:48 -0700] "GET www.blackstardojo.org/vault.php?sid=ca75f88ea76d8aea1f2dbf9a8487c6f1 HTTP/1.0" 302 11040 "-" "Mozilla/5.0 (compatible; Yahoo! Slurp/3.0; http://help.yahoo.com/help/us/ysearch/slurp)"
67.195.111.226 - - [17/Jun/2010:04:43:49 -0700] "GET www.blackstardojo.org/login.php?redirect=vault.php&user_id=-1&sid=e249c6822716442693b7063cd092bc09 HTTP/1.0" 200 22233 "-" "Mozilla/5.0 (compatible; Yahoo! Slurp/3.0; http://help.yahoo.com/help/us/ysearch/slurp)"
67.195.115.240 - - [17/Jun/2010:04:43:54 -0700] "GET blackstardojo.org/wiki/index.php?title=The_Roshi HTTP/1.0" 200 2544 "-" "Mozilla/5.0 (compatible; Yahoo! Slurp/3.0; http://help.yahoo.com/help/us/ysearch/slurp)"
67.195.115.240 - - [17/Jun/2010:04:45:22 -0700] "GET blackstardojo.org/wiki/index.php?title=Craftman%27s_Guild&action=edit&redirect=no HTTP/1.0" 200 2097 "-" "Mozilla/5.0 (compatible; Yahoo! Slurp/3.0; http://help.yahoo.com/help/us/ysearch/slurp)"
67.195.111.226 - - [17/Jun/2010:04:45:32 -0700] "GET www.blackstardojo.org/viewtopic.php?p=40426 HTTP/1.0" 302 39 "-" "Mozilla/5.0 (compatible; Yahoo! Slurp/3.0; http://help.yahoo.com/help/us/ysearch/slurp)"
67.195.111.226 - - [17/Jun/2010:04:45:33 -0700] "GET www.blackstardojo.org/login.php?redirect=viewtopic.php&p=40426&sid=c2abb19afcd2947f84757cf234f6fb72 HTTP/1.0" 200 22234 "-" "Mozilla/5.0 (compatible; Yahoo! Slurp/3.0; http://help.yahoo.com/help/us/ysearch/slurp)"
216.129.119.44 - - [17/Jun/2010:04:45:51 -0700] "GET www.blackstardojo.org/privmsg.php?mode=post&u=12 HTTP/1.1" 302 51 "-" "Mozilla/5.0 (Twiceler-0.9 http://www.cuil.com/twiceler/robot.html)"
98.207.33.106 - - [17/Jun/2010:04:45:52 -0700] "GET www.blackstardojo.org/shop/images/Pokeball.gif HTTP/1.1" 200 314 "http://fuckyeahpokememe.tumblr.com/" "Mozilla/5.0 (Macintosh; U; Intel Mac OS X 10_6_4; en-us) AppleWebKit/533.16 (KHTML, like Gecko) Version/5.0 Safari/533.16"
66.249.68.154 - - [17/Jun/2010:04:46:09 -0700] "GET www.blackstardojo.org/wiki/index.php?title=Special:Recentchangeslinked&target=Searching&hideminor=0&days=7&limit=100 HTTP/1.1" 200 2220 "-" "Mozilla/5.0 (compatible; Googlebot/2.1; +http://www.google.com/bot.html)"
67.195.115.240 - - [17/Jun/2010:04:46:37 -0700] "GET blackstardojo.org/wiki/index.php?title=Silicon HTTP/1.0" 200 2744 "-" "Mozilla/5.0 (compatible; Yahoo! Slurp/3.0; http://help.yahoo.com/help/us/ysearch/slurp)"
67.195.111.226 - - [17/Jun/2010:04:46:59 -0700] "GET www.blackstardojo.org/viewtopic.php?p=48115 HTTP/1.0" 200 43658 "-" "Mozilla/5.0 (compatible; Yahoo! Slurp/3.0; http://help.yahoo.com/help/us/ysearch/slurp)"
67.195.115.240 - - [17/Jun/2010:04:47:37 -0700] "GET blackstardojo.org/viewtopic.php?p=51964&highlight= HTTP/1.0" 200 52307 "-" "Mozilla/5.0 (compatible; Yahoo! Slurp/3.0; http://help.yahoo.com/help/us/ysearch/slurp)"
193.47.80.40 - - [17/Jun/2010:04:47:53 -0700] "GET blackstardojo.org/wiki/index.php?title=Special:Contributions/Mrp7_buy_plan_b_online_cheap HTTP/1.1" 200 2485 "-" "Mozilla/5.0 (compatible; Exabot/3.0; +http://www.exabot.com/go/robot)"
216.129.119.45 - - [17/Jun/2010:04:48:55 -0700] "GET blackstardojo.org/viewtopic.php?t=1648&start=0 HTTP/1.1" 200 116626 "-" "Mozilla/5.0 (Twiceler-0.9 http://www.cuil.com/twiceler/robot.html)"
67.195.115.240 - - [17/Jun/2010:04:49:34 -0700] "GET blackstardojo.org/wiki/index.php?title=User:Irvinghbeardl HTTP/1.0" 200 4934 "-" "Mozilla/5.0 (compatible; Yahoo! Slurp/3.0; http://help.yahoo.com/help/us/ysearch/slurp)"
67.195.111.226 - - [17/Jun/2010:04:49:35 -0700] "GET www.blackstardojo.org/viewtopic.php?p=51868&highlight= HTTP/1.0" 302 39 "-" "Mozilla/5.0 (compatible; Yahoo! Slurp/3.0; http://help.yahoo.com/help/us/ysearch/slurp)"
67.195.111.226 - - [17/Jun/2010:04:49:35 -0700] "GET www.blackstardojo.org/login.php?redirect=viewtopic.php&p=51868&sid=22be055a4245ad9e25d160438c6d19e3 HTTP/1.0" 200 22234 "-" "Mozilla/5.0 (compatible; Yahoo! Slurp/3.0; http://help.yahoo.com/help/us/ysearch/slurp)"
67.195.111.226 - - [17/Jun/2010:04:49:42 -0700] "GET www.blackstardojo.org/wiki/index.php?title=3kul&action=edit HTTP/1.0" 200 2096 "-" "Mozilla/5.0 (compatible; Yahoo! Slurp/3.0; http://help.yahoo.com/help/us/ysearch/slurp)"
76.29.241.153 - - [17/Jun/2010:04:49:51 -0700] "GET www.blackstardojo.org/shop/images/Pokeball.gif HTTP/1.1" 200 314 "http://fuckyeahpokememe.tumblr.com/search/slowpoke/page/3" "Mozilla/5.0 (Macintosh; U; Intel Mac OS X 10_6_3; en-us) AppleWebKit/533.16 (KHTML, like Gecko) Version/5.0 Safari/533.16"
67.195.115.240 - - [17/Jun/2010:04:50:44 -0700] "GET blackstardojo.org/wiki/index.php?title=Image:Yen.GIF HTTP/1.0" 200 2774 "-" "Mozilla/5.0 (compatible; Yahoo! Slurp/3.0; http://help.yahoo.com/help/us/ysearch/slurp)"
74.13.189.198 - - [17/Jun/2010:04:52:01 -0700] "GET www.blackstardojo.org/shop/images/Pokeball.gif HTTP/1.1" 200 314 "http://fuckyeahpokememe.tumblr.com/" "Mozilla/5.0 (Windows; U; Windows NT 6.1; en-US; rv:1.9.2.3) Gecko/20100401 Firefox/3.6.3"
119.63.193.215 - - [17/Jun/2010:04:52:57 -0700] "GET www.blackstardojo.org/ HTTP/1.1" 200 52293 "-" "Mozilla/4.0 (compatible; MSIE 6.0; Windows NT 5.1)"
83.54.164.34 - - [17/Jun/2010:04:53:31 -0700] "GET www.blackstardojo.org/shop/images/Pokeball.gif HTTP/1.1" 200 314 "http://fuckyeahpokememe.tumblr.com/" "Opera/9.80 (Windows NT 6.0; U; es-LA) Presto/2.5.24 Version/10.53"
66.249.68.77 - - [17/Jun/2010:04:54:02 -0700] "GET blackstardojo.org/images/smiles/icon_sad.gif HTTP/1.1" 304 - "-" "Googlebot-Image/1.0"
66.249.68.77 - - [17/Jun/2010:04:54:03 -0700] "GET blackstardojo.org/templates/guildwars_tree/images/lang_english/reply.gif HTTP/1.1" 304 - "-" "Googlebot-Image/1.0"
75.22.35.202 - - [17/Jun/2010:04:54:22 -0700] "GET www.blackstardojo.org/shop/images/Pokeball.gif HTTP/1.1" 200 314 "http://fuckyeahpokememe.tumblr.com/page/17" "Mozilla/5.0 (Windows; U; Windows NT 6.0; en-US) AppleWebKit/533.4 (KHTML, like Gecko) Chrome/5.0.375.70 Safari/533.4"
67.195.111.226 - - [17/Jun/2010:04:54:25 -0700] "GET www.blackstardojo.org/viewtopic.php?t=308 HTTP/1.0" 200 46409 "-" "Mozilla/5.0 (compatible; Yahoo! Slurp/3.0; http://help.yahoo.com/help/us/ysearch/slurp)"
88.31.217.24 - - [17/Jun/2010:04:54:28 -0700] "GET www.blackstardojo.org/shop/images/Pokeball.gif HTTP/1.1" 200 314 "http://forospokemonworld.foroactivo.net/forum.htm" "Mozilla/4.0 (compatible; MSIE 7.0; Windows NT 6.0; SLCC1; .NET CLR 2.0.50727; Media Center PC 5.0; .NET CLR 3.0.04506)"
67.195.115.240 - - [17/Jun/2010:04:55:12 -0700] "GET blackstardojo.org/wiki/index.php?title=User:aee9_buy_l_arginine_online_cheap&printable=yes HTTP/1.0" 200 6126 "-" "Mozilla/5.0 (compatible; Yahoo! Slurp/3.0; http://help.yahoo.com/help/us/ysearch/slurp)"
68.81.88.145 - - [17/Jun/2010:04:55:34 -0700] "GET www.blackstardojo.org/shop/images/Pokeball.gif HTTP/1.1" 304 - "http://fuckyeahpokememe.tumblr.com/" "Mozilla/5.0 (Windows; U; Windows NT 6.1; en-US) AppleWebKit/533.4 (KHTML, like Gecko) Chrome/5.0.375.70 Safari/533.4"
67.195.111.226 - - [17/Jun/2010:04:56:27 -0700] "GET www.blackstardojo.org/wiki/index.php?title=Special:Recentchanges&hidebots=1&hideliu=1 HTTP/1.0" 200 2661 "-" "Mozilla/5.0 (compatible; Yahoo! Slurp/3.0; http://help.yahoo.com/help/us/ysearch/slurp)"
67.195.111.226 - - [17/Jun/2010:04:56:28 -0700] "GET www.blackstardojo.org/wiki/skins/monobook/main.css HTTP/1.0" 304 - "http://www.blackstardojo.org/wiki/index.php?title=Special:Recentchanges&hidebots=1&hideliu=1" "Mozilla/5.0 (compatible; Yahoo! Slurp/3.0; http://help.yahoo.com/help/us/ysearch/slurp)"
67.195.111.226 - - [17/Jun/2010:04:56:28 -0700] "GET www.blackstardojo.org/wiki/skins/common/commonPrint.css HTTP/1.0" 304 - "http://www.blackstardojo.org/wiki/index.php?title=Special:Recentchanges&hidebots=1&hideliu=1" "Mozilla/5.0 (compatible; Yahoo! Slurp/3.0; http://help.yahoo.com/help/us/ysearch/slurp)"
67.195.111.226 - - [17/Jun/2010:04:56:29 -0700] "GET www.blackstardojo.org/wiki/index.php?title=-&action=raw&gen=css&maxage=18000 HTTP/1.0" 200 98 "http://www.blackstardojo.org/wiki/index.php?title=Special:Recentchanges&hidebots=1&hideliu=1" "Mozilla/5.0 (compatible; Yahoo! Slurp/3.0; http://help.yahoo.com/help/us/ysearch/slurp)"
67.195.111.226 - - [17/Jun/2010:04:56:29 -0700] "GET www.blackstardojo.org/wiki/index.php?title=MediaWiki:Monobook.css&action=raw&ctype=text/css&smaxage=18000 HTTP/1.0" 200 86 "http://www.blackstardojo.org/wiki/index.php?title=Special:Recentchanges&hidebots=1&hideliu=1" "Mozilla/5.0 (compatible; Yahoo! Slurp/3.0; http://help.yahoo.com/help/us/ysearch/slurp)"
212.121.198.253 - - [17/Jun/2010:04:56:33 -0700] "GET www.blackstardojo.org/shop/images/Pokeball.gif HTTP/1.1" 200 314 "http://fuckyeahpokememe.tumblr.com/post/158133932/absentimental-ive-never-seen-an-entei-one-if" "Mozilla/4.0 (compatible; MSIE 7.0; Windows NT 5.1)"
121.54.92.136 - - [17/Jun/2010:04:56:54 -0700] "GET www.blackstardojo.org/shop/images/Pokeball.gif HTTP/1.1" 200 314 "http://fuckyeahpokememe.tumblr.com/" "Mozilla/5.0 (Windows; U; Windows NT 6.0; en-US) AppleWebKit/533.4 (KHTML, like Gecko) Chrome/5.0.375.70 Safari/533.4"
75.118.83.158 - - [17/Jun/2010:04:57:28 -0700] "GET www.blackstardojo.org/shop/images/Pokeball.gif HTTP/1.1" 200 314 "http://fuckyeahpokememe.tumblr.com/" "Mozilla/5.0 (Windows; U; Windows NT 6.0; en-US) AppleWebKit/531.22.7 (KHTML, like Gecko) Version/4.0.5 Safari/531.22.7"
67.195.115.240 - - [17/Jun/2010:04:57:35 -0700] "GET blackstardojo.org/wiki/index.php?title=User:Aee9_buy_l_arginine_online_cheap&action=edit&section=3 HTTP/1.0" 200 2151 "-" "Mozilla/5.0 (compatible; Yahoo! Slurp/3.0; http://help.yahoo.com/help/us/ysearch/slurp)"
67.195.111.226 - - [17/Jun/2010:04:57:45 -0700] "GET www.blackstardojo.org/viewtopic.php?p=22547 HTTP/1.0" 200 72014 "-" "Mozilla/5.0 (compatible; Yahoo! Slurp/3.0; http://help.yahoo.com/help/us/ysearch/slurp)"
77.83.231.70 - - [17/Jun/2010:04:58:45 -0700] "GET www.blackstardojo.org/forum_images/suggestion.png HTTP/1.1" 200 2959 "http://gointhrough.all-up.com/index.htm?sid=9189ce1d55bb8bdca5c79abeab7939cd" "Mozilla/4.0 (compatible; MSIE 8.0; Windows NT 6.0; Trident/4.0; SIMBAR={5DE747B0-C3B7-11DC-9B75-00037AD8BC68}; SLCC1; .NET CLR 2.0.50727; Media Center PC 5.0; .NET CLR 3.5.30729; .NET CLR 3.0.30729; InfoPath.1; OfficeLiveConnector.1.3; OfficeLivePatch.0.0)"
96.253.241.239 - - [17/Jun/2010:04:58:50 -0700] "GET www.blackstardojo.org/shop/images/Pokeball.gif HTTP/1.1" 200 314 "http://fuckyeahpokememe.tumblr.com/post/464187361/gary-oak-was-the-nice-guy-all-along" "Mozilla/5.0 (Windows; U; Windows NT 6.1; en-US) AppleWebKit/533.4 (KHTML, like Gecko) Chrome/5.0.375.70 Safari/533.4"
75.22.35.202 - - [17/Jun/2010:04:58:55 -0700] "GET www.blackstardojo.org/shop/images/Pokeball.gif HTTP/1.1" 304 - "http://fuckyeahpokememe.tumblr.com/page/24" "Mozilla/5.0 (Windows; U; Windows NT 6.0; en-US) AppleWebKit/533.4 (KHTML, like Gecko) Chrome/5.0.375.70 Safari/533.4"
67.195.111.226 - - [17/Jun/2010:04:59:21 -0700] "GET www.blackstardojo.org/wiki/index.php?title=Help:Item_Info HTTP/1.0" 200 3577 "-" "Mozilla/5.0 (compatible; Yahoo! Slurp/3.0; http://help.yahoo.com/help/us/ysearch/slurp)"
76.172.219.70 - - [17/Jun/2010:04:59:30 -0700] "GET www.blackstardojo.org/shop/images/Pokeball.gif HTTP/1.1" 200 314 "http://fuckyeahpokememe.tumblr.com/post/464187361/gary-oak-was-the-nice-guy-all-along" "Mozilla/5.0 (Windows; U; Windows NT 5.1; en-US) AppleWebKit/533.4 (KHTML, like Gecko) Chrome/5.0.375.70 Safari/533.4"
67.195.115.240 - - [17/Jun/2010:04:59:49 -0700] "GET blackstardojo.org/viewforum.php?f=5&topicdays=0&start=350 HTTP/1.0" 200 103465 "-" "Mozilla/5.0 (compatible; Yahoo! Slurp/3.0; http://help.yahoo.com/help/us/ysearch/slurp)"
67.195.115.240 - - [17/Jun/2010:04:59:55 -0700] "GET blackstardojo.org/viewtopic.php?p=50022 HTTP/1.0" 200 125195 "-" "Mozilla/5.0 (compatible; Yahoo! Slurp/3.0; http://help.yahoo.com/help/us/ysearch/slurp)"
75.22.35.202 - - [17/Jun/2010:05:00:24 -0700] "GET www.blackstardojo.org/shop/images/Pokeball.gif HTTP/1.1" 304 - "http://fuckyeahpokememe.tumblr.com/page/25" "Mozilla/5.0 (Windows; U; Windows NT 6.0; en-US) AppleWebKit/533.4 (KHTML, like Gecko) Chrome/5.0.375.70 Safari/533.4"
67.195.111.226 - - [17/Jun/2010:05:00:30 -0700] "GET www.blackstardojo.org/shop_inventory.php?action=displayitem&item=11 HTTP/1.0" 200 23573 "-" "Mozilla/5.0 (compatible; Yahoo! Slurp/3.0; http://help.yahoo.com/help/us/ysearch/slurp)"
77.88.28.247 - - [17/Jun/2010:05:00:39 -0700] "GET www.blackstardojo.org/viewtopic.php?p=23839&sid=e7c80e1c7e106ecd4e0720ad0782db49 HTTP/1.1" 200 114857 "-" "Yandex/1.01.001 (compatible; Win16; I)"
67.195.115.240 - - [17/Jun/2010:05:01:39 -0700] "GET blackstardojo.org/wiki/index.php?title=Special:Whatlinkshere&target=The_Master%27s_Guild HTTP/1.0" 200 2153 "-" "Mozilla/5.0 (compatible; Yahoo! Slurp/3.0; http://help.yahoo.com/help/us/ysearch/slurp)"
67.195.115.240 - - [17/Jun/2010:05:01:46 -0700] "GET blackstardojo.org/wiki/index.php?title=Special:Recentchangeslinked/Image:Yen.GIF HTTP/1.0" 200 2213 "-" "Mozilla/5.0 (compatible; Yahoo! Slurp/3.0; http://help.yahoo.com/help/us/ysearch/slurp)"
75.22.35.202 - - [17/Jun/2010:05:02:06 -0700] "GET www.blackstardojo.org/shop/images/Pokeball.gif HTTP/1.1" 304 - "http://fuckyeahpokememe.tumblr.com/page/27" "Mozilla/5.0 (Windows; U; Windows NT 6.0; en-US) AppleWebKit/533.4 (KHTML, like Gecko) Chrome/5.0.375.70 Safari/533.4"
75.22.35.202 - - [17/Jun/2010:05:02:07 -0700] "GET www.blackstardojo.org/shop/images/Pokeball.gif HTTP/1.1" 200 314 "http://fuckyeahpokememe.tumblr.com/page/27" "Mozilla/5.0 (Windows; U; Windows NT 6.0; en-US) AppleWebKit/533.4 (KHTML, like Gecko) Chrome/5.0.375.70 Safari/533.4"
75.22.35.202 - - [17/Jun/2010:05:02:07 -0700] "GET www.blackstardojo.org/shop/images/Pokeball.gif HTTP/1.1" 304 - "http://fuckyeahpokememe.tumblr.com/page/27" "Mozilla/5.0 (Windows; U; Windows NT 6.0; en-US) AppleWebKit/533.4 (KHTML, like Gecko) Chrome/5.0.375.70 Safari/533.4"
75.22.35.202 - - [17/Jun/2010:05:03:06 -0700] "GET www.blackstardojo.org/shop/images/Pokeball.gif HTTP/1.1" 200 314 "http://fuckyeahpokememe.tumblr.com/page/28" "Mozilla/5.0 (Windows; U; Windows NT 6.0; en-US) AppleWebKit/533.4 (KHTML, like Gecko) Chrome/5.0.375.70 Safari/533.4"
67.195.111.226 - - [17/Jun/2010:05:03:42 -0700] "GET www.blackstardojo.org/viewforum.php?f=10 HTTP/1.0" 302 39 "-" "Mozilla/5.0 (compatible; Yahoo! Slurp/3.0; http://help.yahoo.com/help/us/ysearch/slurp)"
67.195.111.226 - - [17/Jun/2010:05:03:43 -0700] "GET www.blackstardojo.org/login.php?redirect=viewforum.php&f=10&start=0&sid=a5a03b58060e321efb5aea35ad4fefb0 HTTP/1.0" 200 22239 "-" "Mozilla/5.0 (compatible; Yahoo! Slurp/3.0; http://help.yahoo.com/help/us/ysearch/slurp)"
75.22.35.202 - - [17/Jun/2010:05:03:56 -0700] "GET www.blackstardojo.org/shop/images/Pokeball.gif HTTP/1.1" 304 - "http://fuckyeahpokememe.tumblr.com/page/29" "Mozilla/5.0 (Windows; U; Windows NT 6.0; en-US) AppleWebKit/533.4 (KHTML, like Gecko) Chrome/5.0.375.70 Safari/533.4"
75.22.35.202 - - [17/Jun/2010:05:04:30 -0700] "GET www.blackstardojo.org/shop/images/Pokeball.gif HTTP/1.1" 304 - "http://fuckyeahpokememe.tumblr.com/page/30" "Mozilla/5.0 (Windows; U; Windows NT 6.0; en-US) AppleWebKit/533.4 (KHTML, like Gecko) Chrome/5.0.375.70 Safari/533.4"
67.195.111.226 - - [17/Jun/2010:05:04:36 -0700] "GET www.blackstardojo.org/wio.php?sid=72a0730e527a379f8246eb49a645ee1b HTTP/1.0" 200 24281 "-" "Mozilla/5.0 (compatible; Yahoo! Slurp/3.0; http://help.yahoo.com/help/us/ysearch/slurp)"
203.214.10.10 - - [17/Jun/2010:05:04:42 -0700] "GET www.blackstardojo.org/shop/images/Pokeball.gif HTTP/1.1" 200 314 "http://fuckyeahpokememe.tumblr.com/post/318611255/colinh-mackenziejoyner-lumos-maxima-this-is-not" "Mozilla/5.0 (Windows; U; Windows NT 5.1; en-GB; rv:1.9.2.3) Gecko/20100401 Firefox/3.6.3 (.NET CLR 3.5.30729)"
118.101.177.29 - - [17/Jun/2010:05:05:07 -0700] "GET www.blackstardojo.org/shop/images/Pokeball.gif HTTP/1.1" 200 314 "http://fuckyeahpokememe.tumblr.com/page/10" "Opera/9.80 (Windows NT 5.1; U; en) Presto/2.5.24 Version/10.53"
112.203.146.9 - - [17/Jun/2010:05:05:49 -0700] "GET www.blackstardojo.org/shop/images/Pokeball.gif HTTP/1.1" 200 314 "http://fuckyeahpokememe.tumblr.com/" "Mozilla/5.0 (Windows; U; Windows NT 6.0; en-US; rv:1.9.2.3) Gecko/20100401 Firefox/3.6.3 GTB7.1 (.NET CLR 3.5.30729)"
75.22.35.202 - - [17/Jun/2010:05:05:57 -0700] "GET www.blackstardojo.org/shop/images/Pokeball.gif HTTP/1.1" 304 - "http://fuckyeahpokememe.tumblr.com/page/31" "Mozilla/5.0 (Windows; U; Windows NT 6.0; en-US) AppleWebKit/533.4 (KHTML, like Gecko) Chrome/5.0.375.70 Safari/533.4"
75.22.35.202 - - [17/Jun/2010:05:05:58 -0700] "GET www.blackstardojo.org/shop/images/Pokeball.gif HTTP/1.1" 200 314 "http://fuckyeahpokememe.tumblr.com/page/31" "Mozilla/5.0 (Windows; U; Windows NT 6.0; en-US) AppleWebKit/533.4 (KHTML, like Gecko) Chrome/5.0.375.70 Safari/533.4"
75.22.35.202 - - [17/Jun/2010:05:06:10 -0700] "GET www.blackstardojo.org/shop/images/Pokeball.gif HTTP/1.1" 200 314 "http://fuckyeahpokememe.tumblr.com/page/31" "Mozilla/5.0 (Windows; U; Windows NT 6.0; en-US) AppleWebKit/533.4 (KHTML, like Gecko) Chrome/5.0.375.70 Safari/533.4"
75.22.35.202 - - [17/Jun/2010:05:06:17 -0700] "GET www.blackstardojo.org/shop/images/Pokeball.gif HTTP/1.1" 304 - "http://fuckyeahpokememe.tumblr.com/page/32" "Mozilla/5.0 (Windows; U; Windows NT 6.0; en-US) AppleWebKit/533.4 (KHTML, like Gecko) Chrome/5.0.375.70 Safari/533.4"
67.195.115.240 - - [17/Jun/2010:05:06:21 -0700] "GET blackstardojo.org/wiki/index.php?title=User:Aee9_buy_l_arginine_online_cheap HTTP/1.0" 200 6205 "-" "Mozilla/5.0 (compatible; Yahoo! Slurp/3.0; http://help.yahoo.com/help/us/ysearch/slurp)"
112.205.63.88 - - [17/Jun/2010:05:06:57 -0700] "GET www.blackstardojo.org/shop/images/Pokeball.gif HTTP/1.1" 200 314 "http://fuckyeahpokememe.tumblr.com/page/42" "Mozilla/5.0 (Windows; U; Windows NT 5.1; en-US; rv:1.9.1.9) Gecko/20100315 Firefox/3.5.9 (.NET CLR 3.5.30729)"
67.195.115.240 - - [17/Jun/2010:05:07:13 -0700] "GET blackstardojo.org/profile.php?mode=viewprofile&u=229 HTTP/1.0" 200 34454 "-" "Mozilla/5.0 (compatible; Yahoo! Slurp/3.0; http://help.yahoo.com/help/us/ysearch/slurp)"
83.19.113.18 - - [17/Jun/2010:05:07:50 -0700] "GET www.blackstardojo.org/shop/images/Pokeball.gif HTTP/1.1" 200 314 "http://fuckyeahpokememe.tumblr.com/" "Mozilla/5.0 (Windows; U; Windows NT 6.0; pl; rv:1.9.2.3) Gecko/20100401 Firefox/3.6.3 (.NET CLR 3.5.30729)"
94.65.147.209 - - [17/Jun/2010:05:07:55 -0700] "GET www.blackstardojo.org/forum_images/suggestion.png HTTP/1.1" 200 2959 "http://gointhrough.all-up.com/" "Mozilla/5.0 (Windows; U; Windows NT 6.1; en-US) AppleWebKit/533.4 (KHTML, like Gecko) Chrome/5.0.375.70 Safari/533.4"
94.65.147.209 - - [17/Jun/2010:05:08:16 -0700] "GET www.blackstardojo.org/forum_images/suggestion.png HTTP/1.1" 304 - "http://gointhrough.all-up.com/index.htm?sid=84a5e9acd49cfbe436f1ff7d42afa03e" "Mozilla/5.0 (Windows; U; Windows NT 6.1; en-US) AppleWebKit/533.4 (KHTML, like Gecko) Chrome/5.0.375.70 Safari/533.4"
216.129.119.45 - - [17/Jun/2010:05:08:39 -0700] "GET blackstardojo.org/viewtopic.php?t=2331&start=30 HTTP/1.1" 200 75232 "-" "Mozilla/5.0 (Twiceler-0.9 http://www.cuil.com/twiceler/robot.html)"
67.195.115.240 - - [17/Jun/2010:05:08:46 -0700] "GET blackstardojo.org/wiki/index.php?title=Image:Yen.GIF&printable=yes HTTP/1.0" 200 2855 "-" "Mozilla/5.0 (compatible; Yahoo! Slurp/3.0; http://help.yahoo.com/help/us/ysearch/slurp)"
75.22.35.202 - - [17/Jun/2010:05:09:07 -0700] "GET www.blackstardojo.org/shop/images/Pokeball.gif HTTP/1.1" 304 - "http://fuckyeahpokememe.tumblr.com/page/34" "Mozilla/5.0 (Windows; U; Windows NT 6.0; en-US) AppleWebKit/533.4 (KHTML, like Gecko) Chrome/5.0.375.70 Safari/533.4"
118.137.6.137 - - [17/Jun/2010:05:09:10 -0700] "GET www.blackstardojo.org/shop/images/Pokeball.gif HTTP/1.1" 200 314 "http://fuckyeahpokememe.tumblr.com/post/651218420/via-lita" "Mozilla/5.0 (Macintosh; U; Intel Mac OS X 10_5_8; en-us) AppleWebKit/531.9 (KHTML, like Gecko) Version/4.0.3 Safari/531.9"
75.22.35.202 - - [17/Jun/2010:05:09:12 -0700] "GET www.blackstardojo.org/shop/images/Pokeball.gif HTTP/1.1" 304 - "http://fuckyeahpokememe.tumblr.com/page/34" "Mozilla/5.0 (Windows; U; Windows NT 6.0; en-US) AppleWebKit/533.4 (KHTML, like Gecko) Chrome/5.0.375.70 Safari/533.4"
75.102.128.9 - - [17/Jun/2010:05:10:47 -0700] "GET www.blackstardojo.org/shop/images/Pokeball.gif HTTP/1.1" 200 314 "http://fuckyeahpokememe.tumblr.com/post/706343473/eejin-via-pokemonscreenshots" "Mozilla/5.0 (Windows; U; Windows NT 6.1; en-US) AppleWebKit/533.4 (KHTML, like Gecko) Chrome/5.0.375.70 Safari/533.4"
67.195.111.226 - - [17/Jun/2010:05:11:13 -0700] "GET www.blackstardojo.org/viewtopic.php?p=12950 HTTP/1.0" 200 36784 "-" "Mozilla/5.0 (compatible; Yahoo! Slurp/3.0; http://help.yahoo.com/help/us/ysearch/slurp)"
67.195.115.240 - - [17/Jun/2010:05:11:44 -0700] "GET blackstardojo.org/wiki/index.php?title=Special:Recentchanges&limit=250&days=1&hidepatrolled=1 HTTP/1.0" 200 2694 "-" "Mozilla/5.0 (compatible; Yahoo! Slurp/3.0; http://help.yahoo.com/help/us/ysearch/slurp)"
67.195.111.226 - - [17/Jun/2010:05:11:47 -0700] "GET www.blackstardojo.org/viewforum.php?f=43 HTTP/1.0" 302 39 "-" "Mozilla/5.0 (compatible; Yahoo! Slurp/3.0; http://help.yahoo.com/help/us/ysearch/slurp)"
67.195.111.226 - - [17/Jun/2010:05:11:48 -0700] "GET www.blackstardojo.org/login.php?redirect=viewforum.php&f=43&start=0&sid=610fc096225b09a73892f277a111b103 HTTP/1.0" 200 22239 "-" "Mozilla/5.0 (compatible; Yahoo! Slurp/3.0; http://help.yahoo.com/help/us/ysearch/slurp)"
60.241.236.70 - - [17/Jun/2010:05:12:36 -0700] "GET www.blackstardojo.org/shop/images/Pokeball.gif HTTP/1.1" 200 314 "http://fuckyeahpokememe.tumblr.com/" "Mozilla/5.0 (Windows; U; Windows NT 6.1; en-US) AppleWebKit/533.16 (KHTML, like Gecko) Version/5.0 Safari/533.16"
67.195.115.240 - - [17/Jun/2010:05:13:23 -0700] "GET blackstardojo.org/wiki/index.php?title=Talk:Fauna HTTP/1.0" 200 2117 "-" "Mozilla/5.0 (compatible; Yahoo! Slurp/3.0; http://help.yahoo.com/help/us/ysearch/slurp)"
67.195.115.240 - - [17/Jun/2010:05:14:32 -0700] "GET blackstardojo.org/wiki/index.php?title=User:Abidusray HTTP/1.0" 200 2989 "-" "Mozilla/5.0 (compatible; Yahoo! Slurp/3.0; http://help.yahoo.com/help/us/ysearch/slurp)"
75.22.35.202 - - [17/Jun/2010:05:14:52 -0700] "GET www.blackstardojo.org/shop/images/Pokeball.gif HTTP/1.1" 200 314 "http://fuckyeahpokememe.tumblr.com/page/42" "Mozilla/5.0 (Windows; U; Windows NT 6.0; en-US) AppleWebKit/533.4 (KHTML, like Gecko) Chrome/5.0.375.70 Safari/533.4"
207.46.199.185 - - [17/Jun/2010:05:15:27 -0700] "GET www.blackstardojo.org/robots.txt HTTP/1.1" 404 1695 "-" "msnbot/2.0b (+http://search.msn.com/msnbot.htm)"
79.111.140.240 - - [17/Jun/2010:05:15:32 -0700] "GET www.blackstardojo.org/index.php+(200+ok)+ACCEPTED+p=4 HTTP/1.0" 404 1683 "http://www.blackstardojo.org/index.php+%28200+ok%29+ACCEPTED+p=4" "Mozilla/4.0 (compatible; MSIE 6.0; Windows NT 5.1; en) Opera 9.0"
79.111.140.240 - - [17/Jun/2010:05:15:34 -0700] "GET www.blackstardojo.org/ HTTP/1.0" 200 52185 "http://www.blackstardojo.org/" "Mozilla/4.0 (compatible; MSIE 6.0; Windows NT 5.1; en) Opera 9.0"
79.111.140.240 - - [17/Jun/2010:05:15:36 -0700] "GET www.blackstardojo.org/profile.php?mode=register&sid=d94779aeedd6354772f23c3e3c0f238a HTTP/1.0" 200 22436 "http://www.blackstardojo.org/profile.php?mode=register&sid=d94779aeedd6354772f23c3e3c0f238a" "Mozilla/4.0 (compatible; MSIE 6.0; Windows NT 5.1; en) Opera 9.0"
79.111.140.240 - - [17/Jun/2010:05:15:38 -0700] "GET www.blackstardojo.org/profile.php?mode=register&agreed=true HTTP/1.0" 200 32572 "http://www.blackstardojo.org/profile.php?mode=register&agreed=true" "Mozilla/4.0 (compatible; MSIE 6.0; Windows NT 5.1; en) Opera 9.0"
79.111.140.240 - - [17/Jun/2010:05:15:39 -0700] "GET www.blackstardojo.org/profile.php?mode=confirm&id=02668340bbc17fd15e3549a8baaada27 HTTP/1.0" 200 7311 "http://www.blackstardojo.org/profile.php?mode=register&agreed=true" "Mozilla/4.0 (compatible; MSIE 6.0; Windows NT 5.1; en) Opera 9.0"
79.111.140.240 - - [17/Jun/2010:05:15:41 -0700] "POST www.blackstardojo.org/profile.php HTTP/1.0" 200 33179 "http://www.blackstardojo.org/profile.php?mode=register&agreed=true" "Mozilla/4.0 (compatible; MSIE 6.0; Windows NT 5.1; en) Opera 9.0"
79.111.140.240 - - [17/Jun/2010:05:15:42 -0700] "GET www.blackstardojo.org/login.php HTTP/1.0" 200 21231 "http://www.blackstardojo.org/login.php" "Mozilla/4.0 (compatible; MSIE 6.0; Windows NT 5.1; en) Opera 9.0"
79.111.140.240 - - [17/Jun/2010:05:15:44 -0700] "POST www.blackstardojo.org/login.php HTTP/1.0" 200 20583 "http://www.blackstardojo.org/login.php" "Mozilla/4.0 (compatible; MSIE 6.0; Windows NT 5.1; en) Opera 9.0"
79.111.140.240 - - [17/Jun/2010:05:15:45 -0700] "GET www.blackstardojo.org/login.php?redirect= HTTP/1.0" 200 21231 "http://www.blackstardojo.org/login.php?redirect=" "Mozilla/4.0 (compatible; MSIE 6.0; Windows NT 5.1; en) Opera 9.0"
79.111.140.240 - - [17/Jun/2010:05:15:46 -0700] "GET www.blackstardojo.org/profile.php?mode=editprofile HTTP/1.0" 302 39 "http://www.blackstardojo.org/profile.php?mode=editprofile" "Mozilla/4.0 (compatible; MSIE 6.0; Windows NT 5.1; en) Opera 9.0"
79.111.140.240 - - [17/Jun/2010:05:15:47 -0700] "GET www.blackstardojo.org/index.php+(200+ok)+ACCEPTED+p=4 HTTP/1.0" 404 1683 "http://www.blackstardojo.org/index.php+%28200+ok%29+ACCEPTED+p=4" "Mozilla/4.0 (compatible; MSIE 6.0; Windows NT 5.1; en) Opera 9.0"
75.22.35.202 - - [17/Jun/2010:05:16:11 -0700] "GET www.blackstardojo.org/shop/images/Pokeball.gif HTTP/1.1" 304 - "http://fuckyeahpokememe.tumblr.com/page/43" "Mozilla/5.0 (Windows; U; Windows NT 6.0; en-US) AppleWebKit/533.4 (KHTML, like Gecko) Chrome/5.0.375.70 Safari/533.4"
99.49.13.153 - - [17/Jun/2010:05:16:16 -0700] "GET www.blackstardojo.org/shop/images/Pokeball.gif HTTP/1.1" 200 314 "-" "Mozilla/5.0 (Windows; U; Windows NT 6.0; en-US; rv:1.9.2.3) Gecko/20100401 Firefox/3.6.3"
79.158.154.228 - - [17/Jun/2010:05:16:42 -0700] "GET www.blackstardojo.org/shop/images/Pokeball.gif HTTP/1.1" 304 - "http://forospokemonworld.foroactivo.net/forum.htm" "Mozilla/5.0 (Windows; U; Windows NT 6.0; ca; rv:1.9.2.3) Gecko/20100401 Firefox/3.6.3 GTB7.0 ( .NET CLR 3.5.30729)"
67.195.115.240 - - [17/Jun/2010:05:17:08 -0700] "GET blackstardojo.org/wiki/index.php?title=Special:Recentchangeslinked&target=Give&hideminor=0&days=7&limit=50 HTTP/1.0" 200 2203 "-" "Mozilla/5.0 (compatible; Yahoo! Slurp/3.0; http://help.yahoo.com/help/us/ysearch/slurp)"
75.22.35.202 - - [17/Jun/2010:05:17:19 -0700] "GET www.blackstardojo.org/shop/images/Pokeball.gif HTTP/1.1" 304 - "http://fuckyeahpokememe.tumblr.com/page/45" "Mozilla/5.0 (Windows; U; Windows NT 6.0; en-US) AppleWebKit/533.4 (KHTML, like Gecko) Chrome/5.0.375.70 Safari/533.4"
67.195.111.226 - - [17/Jun/2010:05:18:34 -0700] "GET www.blackstardojo.org/wiki/index.php?title=Special:Recentchanges&hideminor=1&hideliu=1&feed=rss HTTP/1.0" 200 379 "-" "Mozilla/5.0 (compatible; Yahoo! Slurp/3.0; http://help.yahoo.com/help/us/ysearch/slurp)"
67.195.111.226 - - [17/Jun/2010:05:18:35 -0700] "GET www.blackstardojo.org/wiki/skins/common/feed.css HTTP/1.0" 304 - "http://www.blackstardojo.org/wiki/index.php?title=Special:Recentchanges&hideminor=1&hideliu=1&feed=rss" "Mozilla/5.0 (compatible; Yahoo! Slurp/3.0; http://help.yahoo.com/help/us/ysearch/slurp)"
75.22.35.202 - - [17/Jun/2010:05:18:43 -0700] "GET www.blackstardojo.org/shop/images/Pokeball.gif HTTP/1.1" 304 - "http://fuckyeahpokememe.tumblr.com/page/47" "Mozilla/5.0 (Windows; U; Windows NT 6.0; en-US) AppleWebKit/533.4 (KHTML, like Gecko) Chrome/5.0.375.70 Safari/533.4"
75.22.35.202 - - [17/Jun/2010:05:18:49 -0700] "GET www.blackstardojo.org/shop/images/Pokeball.gif HTTP/1.1" 304 - "http://fuckyeahpokememe.tumblr.com/page/47" "Mozilla/5.0 (Windows; U; Windows NT 6.0; en-US) AppleWebKit/533.4 (KHTML, like Gecko) Chrome/5.0.375.70 Safari/533.4"
75.22.35.202 - - [17/Jun/2010:05:18:50 -0700] "GET www.blackstardojo.org/shop/images/Pokeball.gif HTTP/1.1" 304 - "http://fuckyeahpokememe.tumblr.com/page/47" "Mozilla/5.0 (Windows; U; Windows NT 6.0; en-US) AppleWebKit/533.4 (KHTML, like Gecko) Chrome/5.0.375.70 Safari/533.4"
67.195.115.240 - - [17/Jun/2010:05:19:05 -0700] "GET blackstardojo.org/wiki/index.php?title=Grapple_Hook HTTP/1.0" 200 2766 "-" "Mozilla/5.0 (compatible; Yahoo! Slurp/3.0; http://help.yahoo.com/help/us/ysearch/slurp)"
67.195.111.226 - - [17/Jun/2010:05:19:30 -0700] "GET www.blackstardojo.org/wiki/index.php?title=Special:Userlogin&returnto=The_Evil_Angel HTTP/1.0" 200 2603 "-" "Mozilla/5.0 (compatible; Yahoo! Slurp/3.0; http://help.yahoo.com/help/us/ysearch/slurp)"
190.45.176.136 - - [17/Jun/2010:05:19:34 -0700] "GET www.blackstardojo.org/shop/images/Pokeball.gif HTTP/1.1" 200 314 "http://fuckyeahpokememe.tumblr.com/" "Opera/9.80 (Windows NT 5.1; U; en) Presto/2.5.24 Version/10.53"
67.195.115.240 - - [17/Jun/2010:05:20:14 -0700] "GET blackstardojo.org/viewtopic.php?t=1561&postdays=0&postorder=asc&start=0 HTTP/1.0" 200 140252 "-" "Mozilla/5.0 (compatible; Yahoo! Slurp/3.0; http://help.yahoo.com/help/us/ysearch/slurp)"
67.195.111.226 - - [17/Jun/2010:05:20:42 -0700] "GET www.blackstardojo.org/wiki/index.php?title=Blackstar_Dojo_Wiki:Sandbox HTTP/1.0" 200 2144 "-" "Mozilla/5.0 (compatible; Yahoo! Slurp/3.0; http://help.yahoo.com/help/us/ysearch/slurp)"
222.127.189.190 - - [17/Jun/2010:05:20:43 -0700] "GET www.blackstardojo.org/shop/images/Pokeball.gif HTTP/1.1" 200 314 "http://fuckyeahpokememe.tumblr.com/" "Mozilla/5.0 (Windows; U; Windows NT 5.1; en-US) AppleWebKit/533.4 (KHTML, like Gecko) Chrome/5.0.375.29 Safari/533.4"
75.22.35.202 - - [17/Jun/2010:05:20:48 -0700] "GET www.blackstardojo.org/shop/images/Pokeball.gif HTTP/1.1" 304 - "http://fuckyeahpokememe.tumblr.com/page/49" "Mozilla/5.0 (Windows; U; Windows NT 6.0; en-US) AppleWebKit/533.4 (KHTML, like Gecko) Chrome/5.0.375.70 Safari/533.4"
75.22.35.202 - - [17/Jun/2010:05:20:52 -0700] "GET www.blackstardojo.org/shop/images/Pokeball.gif HTTP/1.1" 304 - "http://fuckyeahpokememe.tumblr.com/page/49" "Mozilla/5.0 (Windows; U; Windows NT 6.0; en-US) AppleWebKit/533.4 (KHTML, like Gecko) Chrome/5.0.375.70 Safari/533.4"
77.88.28.247 - - [17/Jun/2010:05:20:52 -0700] "GET www.blackstardojo.org/viewtopic.php?p=15767&sid=177b2f9a1a78f7cd83636c79b8ed81ec HTTP/1.1" 200 88078 "-" "Yandex/1.01.001 (compatible; Win16; I)"
75.22.35.202 - - [17/Jun/2010:05:21:51 -0700] "GET www.blackstardojo.org/shop/images/Pokeball.gif HTTP/1.1" 304 - "http://fuckyeahpokememe.tumblr.com/page/51" "Mozilla/5.0 (Windows; U; Windows NT 6.0; en-US) AppleWebKit/533.4 (KHTML, like Gecko) Chrome/5.0.375.70 Safari/533.4"
75.22.35.202 - - [17/Jun/2010:05:21:55 -0700] "GET www.blackstardojo.org/shop/images/Pokeball.gif HTTP/1.1" 304 - "http://fuckyeahpokememe.tumblr.com/page/51" "Mozilla/5.0 (Windows; U; Windows NT 6.0; en-US) AppleWebKit/533.4 (KHTML, like Gecko) Chrome/5.0.375.70 Safari/533.4"
67.195.115.240 - - [17/Jun/2010:05:22:52 -0700] "GET blackstardojo.org/viewtopic.php?t=973&postdays=0&postorder=asc&start=105 HTTP/1.0" 200 114812 "-" "Mozilla/5.0 (compatible; Yahoo! Slurp/3.0; http://help.yahoo.com/help/us/ysearch/slurp)"
67.195.111.226 - - [17/Jun/2010:05:23:36 -0700] "GET www.blackstardojo.org/viewtopic.php?p=51179 HTTP/1.0" 200 160971 "-" "Mozilla/5.0 (compatible; Yahoo! Slurp/3.0; http://help.yahoo.com/help/us/ysearch/slurp)"
202.128.59.20 - - [17/Jun/2010:05:23:40 -0700] "GET www.blackstardojo.org/shop/images/Pokeball.gif HTTP/1.1" 200 314 "http://fuckyeahpokememe.tumblr.com/" "Mozilla/5.0 (Windows; U; Windows NT 5.1; en-US; rv:1.9.2.3) Gecko/20100401 Firefox/3.6.3 FBSMTWB"
67.195.111.226 - - [17/Jun/2010:05:24:46 -0700] "GET www.blackstardojo.org/viewtopic.php?p=50566 HTTP/1.0" 200 160971 "-" "Mozilla/5.0 (compatible; Yahoo! Slurp/3.0; http://help.yahoo.com/help/us/ysearch/slurp)"
67.195.111.226 - - [17/Jun/2010:05:24:47 -0700] "GET www.blackstardojo.org/posting.php?mode=quote&p=49817 HTTP/1.0" 302 39 "-" "Mozilla/5.0 (compatible; Yahoo! Slurp/3.0; http://help.yahoo.com/help/us/ysearch/slurp)"
67.195.111.226 - - [17/Jun/2010:05:24:48 -0700] "GET www.blackstardojo.org/login.php?redirect=posting.php&mode=quote&p=49817&sid=084f5a0c3ff9a30acce5cca6d0556202 HTTP/1.0" 200 22243 "-" "Mozilla/5.0 (compatible; Yahoo! Slurp/3.0; http://help.yahoo.com/help/us/ysearch/slurp)"
67.195.111.226 - - [17/Jun/2010:05:24:51 -0700] "GET www.blackstardojo.org/viewtopic.php?p=51170 HTTP/1.0" 200 160971 "-" "Mozilla/5.0 (compatible; Yahoo! Slurp/3.0; http://help.yahoo.com/help/us/ysearch/slurp)"
67.195.111.226 - - [17/Jun/2010:05:25:03 -0700] "GET www.blackstardojo.org/viewtopic.php?p=50760 HTTP/1.0" 200 160971 "-" "Mozilla/5.0 (compatible; Yahoo! Slurp/3.0; http://help.yahoo.com/help/us/ysearch/slurp)"
193.47.80.40 - - [17/Jun/2010:05:25:04 -0700] "GET blackstardojo.org/profile.php?mode=viewprofile&u=89 HTTP/1.1" 200 21296 "-" "Mozilla/5.0 (compatible; Exabot/3.0; +http://www.exabot.com/go/robot)"
67.195.111.226 - - [17/Jun/2010:05:25:05 -0700] "GET www.blackstardojo.org/posting.php?mode=quote&p=50288 HTTP/1.0" 302 39 "-" "Mozilla/5.0 (compatible; Yahoo! Slurp/3.0; http://help.yahoo.com/help/us/ysearch/slurp)"
67.195.111.226 - - [17/Jun/2010:05:25:05 -0700] "GET www.blackstardojo.org/login.php?redirect=posting.php&mode=quote&p=50288&sid=c650409fe1a0539744f9e00081ed1650 HTTP/1.0" 200 22243 "-" "Mozilla/5.0 (compatible; Yahoo! Slurp/3.0; http://help.yahoo.com/help/us/ysearch/slurp)"
67.195.115.240 - - [17/Jun/2010:05:25:26 -0700] "GET blackstardojo.org/wiki/index.php?title=Talk:Jack&action=edit HTTP/1.0" 200 2105 "-" "Mozilla/5.0 (compatible; Yahoo! Slurp/3.0; http://help.yahoo.com/help/us/ysearch/slurp)"
67.195.111.226 - - [17/Jun/2010:05:25:32 -0700] "GET www.blackstardojo.org/viewtopic.php?p=50238 HTTP/1.0" 200 160971 "-" "Mozilla/5.0 (compatible; Yahoo! Slurp/3.0; http://help.yahoo.com/help/us/ysearch/slurp)"
199.43.177.254 - - [17/Jun/2010:05:26:16 -0700] "GET www.blackstardojo.org/shop/images/Pokeball.gif HTTP/1.1" 200 314 "http://fuckyeahpokememe.tumblr.com/" "Mozilla/4.0 (compatible; MSIE 7.0; Windows NT 5.1; DP Student Proxy; .NET CLR 1.1.4322; .NET CLR 2.0.50727; .NET CLR 3.0.04506.30; .NET CLR 3.0.04506.648; .NET CLR 3.5.21022; .NET CLR 3.0.4506.2152; .NET CLR 3.5.30729; DP Student Proxy; DP Student Proxy; GreenBrowser)"
67.195.111.226 - - [17/Jun/2010:05:26:18 -0700] "GET www.blackstardojo.org/viewtopic.php?t=1653&start=0 HTTP/1.0" 302 39 "-" "Mozilla/5.0 (compatible; Yahoo! Slurp/3.0; http://help.yahoo.com/help/us/ysearch/slurp)"
67.195.111.226 - - [17/Jun/2010:05:26:19 -0700] "GET www.blackstardojo.org/login.php?redirect=viewtopic.php&t=1653&sid=091d8743f684b3083cea99ea87ef1fad HTTP/1.0" 200 22233 "-" "Mozilla/5.0 (compatible; Yahoo! Slurp/3.0; http://help.yahoo.com/help/us/ysearch/slurp)"
67.195.111.226 - - [17/Jun/2010:05:26:20 -0700] "GET www.blackstardojo.org/posting.php?mode=quote&p=51170 HTTP/1.0" 302 39 "-" "Mozilla/5.0 (compatible; Yahoo! Slurp/3.0; http://help.yahoo.com/help/us/ysearch/slurp)"
67.195.111.226 - - [17/Jun/2010:05:26:21 -0700] "GET www.blackstardojo.org/login.php?redirect=posting.php&mode=quote&p=51170&sid=e764d6374491ca9233f9223d5efd3c35 HTTP/1.0" 200 22243 "-" "Mozilla/5.0 (compatible; Yahoo! Slurp/3.0; http://help.yahoo.com/help/us/ysearch/slurp)"
67.195.111.226 - - [17/Jun/2010:05:26:22 -0700] "GET www.blackstardojo.org/posting.php?mode=quote&p=50566 HTTP/1.0" 302 39 "-" "Mozilla/5.0 (compatible; Yahoo! Slurp/3.0; http://help.yahoo.com/help/us/ysearch/slurp)"
67.195.111.226 - - [17/Jun/2010:05:26:22 -0700] "GET www.blackstardojo.org/login.php?redirect=posting.php&mode=quote&p=50566&sid=008810046df041750f8fd48f3fe05e60 HTTP/1.0" 200 22243 "-" "Mozilla/5.0 (compatible; Yahoo! Slurp/3.0; http://help.yahoo.com/help/us/ysearch/slurp)"
67.195.111.226 - - [17/Jun/2010:05:26:31 -0700] "GET www.blackstardojo.org/viewtopic.php?t=387&postdays=0&postorder=asc&start=45 HTTP/1.0" 200 142778 "-" "Mozilla/5.0 (compatible; Yahoo! Slurp/3.0; http://help.yahoo.com/help/us/ysearch/slurp)"
67.195.111.226 - - [17/Jun/2010:05:26:51 -0700] "GET www.blackstardojo.org/viewtopic.php?p=50236 HTTP/1.0" 200 160971 "-" "Mozilla/5.0 (compatible; Yahoo! Slurp/3.0; http://help.yahoo.com/help/us/ysearch/slurp)"
67.195.111.226 - - [17/Jun/2010:05:27:06 -0700] "GET www.blackstardojo.org/viewtopic.php?t=387&start=90&postdays=0&postorder=asc&highlight= HTTP/1.0" 200 160971 "-" "Mozilla/5.0 (compatible; Yahoo! Slurp/3.0; http://help.yahoo.com/help/us/ysearch/slurp)"
199.43.177.254 - - [17/Jun/2010:05:27:50 -0700] "GET www.blackstardojo.org/shop/images/Pokeball.gif HTTP/1.1" 304 - "http://fuckyeahpokememe.tumblr.com/page/2" "Mozilla/4.0 (compatible; MSIE 7.0; Windows NT 5.1; DP Student Proxy; .NET CLR 1.1.4322; .NET CLR 2.0.50727; .NET CLR 3.0.04506.30; .NET CLR 3.0.04506.648; .NET CLR 3.5.21022; .NET CLR 3.0.4506.2152; .NET CLR 3.5.30729; DP Student Proxy; DP Student Proxy; GreenBrowser)"
67.195.111.226 - - [17/Jun/2010:05:28:24 -0700] "GET www.blackstardojo.org/viewtopic.php?t=1307 HTTP/1.0" 200 133380 "-" "Mozilla/5.0 (compatible; Yahoo! Slurp/3.0; http://help.yahoo.com/help/us/ysearch/slurp)"
67.195.111.226 - - [17/Jun/2010:05:28:54 -0700] "GET www.blackstardojo.org/viewtopic.php?p=50276 HTTP/1.0" 200 160971 "-" "Mozilla/5.0 (compatible; Yahoo! Slurp/3.0; http://help.yahoo.com/help/us/ysearch/slurp)"
67.195.111.226 - - [17/Jun/2010:05:30:11 -0700] "GET www.blackstardojo.org/shop.php?action=inventory&searchid=9 HTTP/1.0" 302 21914 "-" "Mozilla/5.0 (compatible; Yahoo! Slurp/3.0; http://help.yahoo.com/help/us/ysearch/slurp)"
67.195.111.226 - - [17/Jun/2010:05:30:11 -0700] "GET www.blackstardojo.org/login.php?redirect=shop.php&action=inventory&searchid=9&sid=c0501e45d48f75c692bf40544ba47e3e HTTP/1.0" 200 22249 "-" "Mozilla/5.0 (compatible; Yahoo! Slurp/3.0; http://help.yahoo.com/help/us/ysearch/slurp)"
67.195.111.226 - - [17/Jun/2010:05:30:17 -0700] "GET www.blackstardojo.org/viewtopic.php?p=50288 HTTP/1.0" 200 160971 "-" "Mozilla/5.0 (compatible; Yahoo! Slurp/3.0; http://help.yahoo.com/help/us/ysearch/slurp)"
67.195.115.240 - - [17/Jun/2010:05:31:12 -0700] "GET blackstardojo.org/viewtopic.php?p=32781 HTTP/1.0" 302 39 "-" "Mozilla/5.0 (compatible; Yahoo! Slurp/3.0; http://help.yahoo.com/help/us/ysearch/slurp)"
67.195.111.226 - - [17/Jun/2010:05:31:13 -0700] "GET www.blackstardojo.org/login.php?redirect=viewtopic.php&p=32781&sid=225180cdb3f170b5292dc15528040b94 HTTP/1.0" 200 22234 "-" "Mozilla/5.0 (compatible; Yahoo! Slurp/3.0; http://help.yahoo.com/help/us/ysearch/slurp)"
86.164.240.195 - - [17/Jun/2010:05:31:25 -0700] "GET www.blackstardojo.org/shop/images/Pokeball.gif HTTP/1.1" 200 314 "http://fuckyeahpokememe.tumblr.com/post/706343473/eejin-via-pokemonscreenshots" "Mozilla/5.0 (Windows; U; Windows NT 6.0; en-US) AppleWebKit/533.4 (KHTML, like Gecko) Chrome/5.0.375.70 Safari/533.4"
67.195.115.240 - - [17/Jun/2010:05:31:38 -0700] "GET blackstardojo.org/viewtopic.php?t=1520&start=0 HTTP/1.0" 200 117402 "-" "Mozilla/5.0 (compatible; Yahoo! Slurp/3.0; http://help.yahoo.com/help/us/ysearch/slurp)"
83.67.66.82 - - [17/Jun/2010:05:31:49 -0700] "GET www.blackstardojo.org/shop/images/Pokeball.gif HTTP/1.1" 200 314 "http://fuckyeahpokememe.tumblr.com/post/706343473/eejin-via-pokemonscreenshots" "Mozilla/5.0 (Macintosh; U; Intel Mac OS X 10_5_8; en-us) AppleWebKit/533.16 (KHTML, like Gecko) Version/5.0 Safari/533.16"
67.195.111.226 - - [17/Jun/2010:05:32:02 -0700] "GET www.blackstardojo.org/posting.php?mode=quote&p=49821 HTTP/1.0" 302 39 "-" "Mozilla/5.0 (compatible; Yahoo! Slurp/3.0; http://help.yahoo.com/help/us/ysearch/slurp)"
67.195.111.226 - - [17/Jun/2010:05:32:02 -0700] "GET www.blackstardojo.org/login.php?redirect=posting.php&mode=quote&p=49821&sid=6125807dcf3f1f188412f22986f895e7 HTTP/1.0" 200 22243 "-" "Mozilla/5.0 (compatible; Yahoo! Slurp/3.0; http://help.yahoo.com/help/us/ysearch/slurp)"
67.195.115.240 - - [17/Jun/2010:05:32:35 -0700] "GET blackstardojo.org/wiki/index.php?title=Talk:The_Roshi&action=edit HTTP/1.0" 200 2113 "-" "Mozilla/5.0 (compatible; Yahoo! Slurp/3.0; http://help.yahoo.com/help/us/ysearch/slurp)"
90.193.166.90 - - [17/Jun/2010:05:32:55 -0700] "GET www.blackstardojo.org/shop/images/Pokeball.gif HTTP/1.1" 200 314 "http://fuckyeahpokememe.tumblr.com/" "Mozilla/5.0 (Windows; U; Windows NT 5.1; en-GB; rv:1.9.2.3) Gecko/20100401 Firefox/3.6.3"
99.234.207.32 - - [17/Jun/2010:05:32:56 -0700] "GET www.blackstardojo.org/shop/images/Pokeball.gif HTTP/1.1" 200 314 "http://fuckyeahpokememe.tumblr.com/" "Mozilla/5.0 (Windows; U; Windows NT 5.1; en-US; rv:1.9.2.3) Gecko/20100401 Firefox/3.6.3 ( .NET CLR 3.5.30729)"
67.195.111.226 - - [17/Jun/2010:05:33:40 -0700] "GET www.blackstardojo.org/posting.php?mode=quote&p=50276 HTTP/1.0" 302 39 "-" "Mozilla/5.0 (compatible; Yahoo! Slurp/3.0; http://help.yahoo.com/help/us/ysearch/slurp)"
67.195.111.226 - - [17/Jun/2010:05:33:41 -0700] "GET www.blackstardojo.org/login.php?redirect=posting.php&mode=quote&p=50276&sid=6a903275080799123fa24375c6af41f8 HTTP/1.0" 200 22243 "-" "Mozilla/5.0 (compatible; Yahoo! Slurp/3.0; http://help.yahoo.com/help/us/ysearch/slurp)"
67.195.115.240 - - [17/Jun/2010:05:34:06 -0700] "GET blackstardojo.org/wiki/index.php?title=Orb_of_Clear_Viewing HTTP/1.0" 200 2752 "-" "Mozilla/5.0 (compatible; Yahoo! Slurp/3.0; http://help.yahoo.com/help/us/ysearch/slurp)"
95.16.47.174 - - [17/Jun/2010:05:34:07 -0700] "GET www.blackstardojo.org/shop/images/Pokeball.gif HTTP/1.1" 200 314 "http://todopokemon-spain.foroactivo.net/" "Mozilla/5.0 (Windows; U; Windows NT 5.1; en-US) AppleWebKit/533.4 (KHTML, like Gecko) Chrome/5.0.375.70 Safari/533.4"
75.126.156.14 - - [17/Jun/2010:05:34:13 -0700] "GET www.blackstardojo.org/shop/images/Pokeball.gif HTTP/1.1" 200 314 "http://test01.darkbb.com/index.forum" "Mozilla/5.0 (compatible; Konqueror/3.5; Linux) KHTML/3.5.4 (like Gecko)"
75.126.156.14 - - [17/Jun/2010:05:34:13 -0700] "GET www.blackstardojo.org/shop/images/Pokeball.gif.gif HTTP/1.1" 404 1695 "http://test01.darkbb.com/index.forum" "Mozilla/5.0 (compatible; Konqueror/3.5; Linux) KHTML/3.5.4 (like Gecko)"
199.43.179.254 - - [17/Jun/2010:05:34:18 -0700] "GET www.blackstardojo.org/shop/images/Pokeball.gif HTTP/1.1" 304 - "http://fuckyeahpokememe.tumblr.com/" "Mozilla/4.0 (compatible; MSIE 7.0; Windows NT 5.1; DP Student Proxy; .NET CLR 1.1.4322; .NET CLR 2.0.50727; .NET CLR 3.0.04506.30; .NET CLR 3.0.04506.648; .NET CLR 3.5.21022; .NET CLR 3.0.4506.2152; .NET CLR 3.5.30729; DP Student Proxy; DP Student Proxy; GreenBrowser)"
67.195.111.226 - - [17/Jun/2010:05:34:43 -0700] "GET www.blackstardojo.org/posting.php?mode=quote&p=39847 HTTP/1.0" 302 39 "-" "Mozilla/5.0 (compatible; Yahoo! Slurp/3.0; http://help.yahoo.com/help/us/ysearch/slurp)"
67.195.111.226 - - [17/Jun/2010:05:34:43 -0700] "GET www.blackstardojo.org/login.php?redirect=posting.php&mode=quote&p=39847&sid=47e458e1a7f3ffa575d5939fccf17b26 HTTP/1.0" 200 22243 "-" "Mozilla/5.0 (compatible; Yahoo! Slurp/3.0; http://help.yahoo.com/help/us/ysearch/slurp)"
67.195.111.226 - - [17/Jun/2010:05:35:08 -0700] "GET www.blackstardojo.org/viewtopic.php?t=387&postdays=0&postorder=asc&start=60 HTTP/1.0" 200 137560 "-" "Mozilla/5.0 (compatible; Yahoo! Slurp/3.0; http://help.yahoo.com/help/us/ysearch/slurp)"
