203.177.74.141 - - [14/Jun/2010:04:55:49 -0700] "GET www.blackstardojo.org/images/avatars/14840518054a7b926230da2.png HTTP/1.1" 200 11863 "-" "Mozilla/4.0 (compatible;)"
203.177.74.141 - - [14/Jun/2010:04:55:49 -0700] "GET www.blackstardojo.org/images/ranks/newbelts/Monkey/BlackMonkeyMod.png HTTP/1.1" 200 8642 "-" "Mozilla/4.0 (compatible;)"
203.177.74.141 - - [14/Jun/2010:04:55:49 -0700] "GET www.blackstardojo.org/images/ranks/ceo.png HTTP/1.1" 200 1004 "-" "Mozilla/4.0 (compatible;)"
203.177.74.141 - - [14/Jun/2010:04:55:49 -0700] "GET www.blackstardojo.org/images/avatars/13.gif HTTP/1.1" 200 1724 "-" "Mozilla/4.0 (compatible;)"
203.177.74.141 - - [14/Jun/2010:04:55:49 -0700] "GET www.blackstardojo.org/images/avatars/21.png HTTP/1.1" 200 4160 "-" "Mozilla/4.0 (compatible;)"
203.177.74.141 - - [14/Jun/2010:04:55:49 -0700] "GET www.blackstardojo.org/images/ranks/newbelts/Monkey/GreenMonkeyMod.png HTTP/1.1" 200 8642 "-" "Mozilla/4.0 (compatible;)"
203.177.74.141 - - [14/Jun/2010:04:55:49 -0700] "GET www.blackstardojo.org/images/avatars/20453250724a173af6604de.png HTTP/1.1" 404 1695 "-" "Mozilla/4.0 (compatible;)"
203.177.74.141 - - [14/Jun/2010:04:55:49 -0700] "GET www.blackstardojo.org/images/avatars/1007992654472cdf215798d.jpg HTTP/1.1" 404 1695 "-" "Mozilla/4.0 (compatible;)"
203.177.74.141 - - [14/Jun/2010:04:55:49 -0700] "GET www.blackstardojo.org/images/avatars/31837860846c37ce92bbb6.gif HTTP/1.1" 404 1695 "-" "Mozilla/4.0 (compatible;)"
203.177.74.141 - - [14/Jun/2010:04:55:49 -0700] "GET www.blackstardojo.org/images/avatars/36556135147b9a3951a374.gif HTTP/1.1" 404 1695 "-" "Mozilla/4.0 (compatible;)"
203.177.74.141 - - [14/Jun/2010:04:55:49 -0700] "GET www.blackstardojo.org/images/ranks/newbelts/Tiger/BlueTiger.png HTTP/1.1" 404 1695 "-" "Mozilla/4.0 (compatible;)"
203.177.74.141 - - [14/Jun/2010:04:55:49 -0700] "GET www.blackstardojo.org/images/avatars/1493995017472820256e410.jpg HTTP/1.1" 404 1695 "-" "Mozilla/4.0 (compatible;)"
203.177.74.141 - - [14/Jun/2010:04:55:49 -0700] "GET www.blackstardojo.org/images/ranks/newbelts/Owl/BlackOwlMod.png HTTP/1.1" 404 1695 "-" "Mozilla/4.0 (compatible;)"
203.177.74.141 - - [14/Jun/2010:04:55:49 -0700] "GET www.blackstardojo.org/images/avatars/19877784174462a19584822.jpg HTTP/1.1" 200 7922 "-" "Mozilla/4.0 (compatible;)"
203.177.74.141 - - [14/Jun/2010:04:55:49 -0700] "GET www.blackstardojo.org/images/ranks/money.png HTTP/1.1" 200 2468 "-" "Mozilla/4.0 (compatible;)"
203.177.74.141 - - [14/Jun/2010:04:55:49 -0700] "GET www.blackstardojo.org/images/ranks/chris141.gif HTTP/1.1" 200 10822 "-" "Mozilla/4.0 (compatible;)"
203.177.74.141 - - [14/Jun/2010:04:55:49 -0700] "GET www.blackstardojo.org/images/avatars/750533003448d80a481301.jpg HTTP/1.1" 200 2486 "-" "Mozilla/4.0 (compatible;)"
203.177.74.141 - - [14/Jun/2010:04:55:49 -0700] "GET www.blackstardojo.org/images/avatars/45.jpg HTTP/1.1" 200 5202 "-" "Mozilla/4.0 (compatible;)"
203.177.74.141 - - [14/Jun/2010:04:55:49 -0700] "GET www.blackstardojo.org/images/ranks/newbelts/Chameleon/GreenChameleon.png HTTP/1.1" 200 8660 "-" "Mozilla/4.0 (compatible;)"
203.177.74.141 - - [14/Jun/2010:04:55:49 -0700] "GET www.blackstardojo.org/images/avatars/242371791447a3f35c7ddd.jpg HTTP/1.1" 200 11181 "-" "Mozilla/4.0 (compatible;)"
203.177.74.141 - - [14/Jun/2010:04:55:49 -0700] "GET www.blackstardojo.org/images/avatars/934199908445fb3f17c275.jpg HTTP/1.1" 200 2207 "-" "Mozilla/4.0 (compatible;)"
203.177.74.141 - - [14/Jun/2010:04:55:49 -0700] "GET www.blackstardojo.org/images/ranks/BANNED.png HTTP/1.1" 200 2285 "-" "Mozilla/4.0 (compatible;)"
203.177.74.141 - - [14/Jun/2010:04:55:49 -0700] "GET www.blackstardojo.org/images/avatars/676394017448eb20c241e2.jpg HTTP/1.1" 200 2342 "-" "Mozilla/4.0 (compatible;)"
203.177.74.141 - - [14/Jun/2010:04:55:49 -0700] "GET www.blackstardojo.org/images/avatars/50.jpg HTTP/1.1" 200 6020 "-" "Mozilla/4.0 (compatible;)"
203.177.74.141 - - [14/Jun/2010:04:55:49 -0700] "GET www.blackstardojo.org/images/avatars/5464002354466d30041764.jpg HTTP/1.1" 200 3888 "-" "Mozilla/4.0 (compatible;)"
203.177.74.141 - - [14/Jun/2010:04:55:49 -0700] "GET www.blackstardojo.org/images/avatars/14586492414461ed9760627.jpg HTTP/1.1" 200 6899 "-" "Mozilla/4.0 (compatible;)"
203.177.74.141 - - [14/Jun/2010:04:55:49 -0700] "GET www.blackstardojo.org/images/avatars/25568234444792980ba3ee.png HTTP/1.1" 200 12866 "-" "Mozilla/4.0 (compatible;)"
203.177.74.141 - - [14/Jun/2010:04:55:51 -0700] "GET www.blackstardojo.org/templates/guildwars_tree/images/header_logo_03.gif HTTP/1.1" 200 23856 "http://www.blackstardojo.org/index.php" "Mozilla/4.0 (compatible; MSIE 6.0; Windows NT 5.1; SV1)"
203.177.74.141 - - [14/Jun/2010:04:55:51 -0700] "GET www.blackstardojo.org/profile.php?mode=register&sid=445cbd46d6abfb15ee78b446b3c45c9b HTTP/1.1" 200 22492 "http://www.blackstardojo.org/profile.php?mode=register&sid=445cbd46d6abfb15ee78b446b3c45c9b" "Mozilla/4.0 (compatible; MSIE 6.0; Windows NT 5.1; SV1)"
203.177.74.141 - - [14/Jun/2010:04:55:51 -0700] "GET www.blackstardojo.org/templates/guildwars_tree/images/header_logo_05.gif HTTP/1.1" 200 26586 "http://www.blackstardojo.org/index.php" "Mozilla/4.0 (compatible; MSIE 6.0; Windows NT 5.1; SV1)"
203.177.74.141 - - [14/Jun/2010:04:55:51 -0700] "GET www.blackstardojo.org/templates/guildwars_tree/images/header_logo_01.gif HTTP/1.1" 200 26822 "http://www.blackstardojo.org/index.php" "Mozilla/4.0 (compatible; MSIE 6.0; Windows NT 5.1; SV1)"
203.177.74.141 - - [14/Jun/2010:04:55:52 -0700] "GET www.blackstardojo.org/images/ranks/newbelts/Mantis/BlueMantis.png HTTP/1.1" 404 1695 "-" "Mozilla/4.0 (compatible;)"
203.177.74.141 - - [14/Jun/2010:04:55:52 -0700] "GET www.blackstardojo.org/images/avatars/2042251561457cb0fee6751.jpg HTTP/1.1" 200 13294 "-" "Mozilla/4.0 (compatible;)"
203.177.74.141 - - [14/Jun/2010:04:55:54 -0700] "GET www.blackstardojo.org/profile.php?mode=register&agreed=true HTTP/1.1" 200 32644 "http://www.blackstardojo.org/profile.php?mode=register&agreed=true" "Mozilla/4.0 (compatible; MSIE 6.0; Windows NT 5.1; SV1)"
203.177.74.141 - - [14/Jun/2010:04:55:55 -0700] "GET www.blackstardojo.org/profile.php?mode=confirm&amp;id=9d9c8560fc054bdb7692b72fc3146842 HTTP/1.1" 200 51 "http://www.blackstardojo.org/profile.php?mode=register&agreed=true" "Mozilla/4.0 (compatible; MSIE 6.0; Windows NT 5.1; SV1)"
203.177.74.141 - - [14/Jun/2010:04:55:57 -0700] "GET www.blackstardojo.org/profile.php?mode=confirm&id=9d9c8560fc054bdb7692b72fc3146842 HTTP/1.1" 200 7416 "http://www.blackstardojo.org/profile.php?mode=register&agreed=true" "Mozilla/4.0 (compatible; MSIE 6.0; Windows NT 5.1; SV1)"
203.177.74.141 - - [14/Jun/2010:04:55:59 -0700] "POST www.blackstardojo.org/profile.php HTTP/1.1" 200 33200 "http://www.blackstardojo.org/profile.php?mode=register&agreed=true" "Mozilla/4.0 (compatible; MSIE 6.0; Windows NT 5.1; SV1)"
203.177.74.141 - - [14/Jun/2010:04:56:03 -0700] "GET www.blackstardojo.org/profile.php?mode=confirm&id=966a8fc01e402b1035e9673fa3847b22 HTTP/1.1" 200 2920 "http://www.blackstardojo.org/profile.php?mode=register&agreed=true" "Mozilla/4.0 (compatible; MSIE 6.0; Windows NT 5.1; SV1)"
203.177.74.141 - - [14/Jun/2010:04:56:46 -0700] "POST www.blackstardojo.org/profile.php HTTP/1.1" 200 33200 "http://www.blackstardojo.org/profile.php?mode=register&agreed=true" "Mozilla/4.0 (compatible; MSIE 6.0; Windows NT 5.1; SV1)"
203.177.74.141 - - [14/Jun/2010:04:56:49 -0700] "GET www.blackstardojo.org/profile.php?mode=confirm&id=83f3a81b88ab00ad563943ec85b7ce0f HTTP/1.1" 200 8044 "http://www.blackstardojo.org/profile.php?mode=register&agreed=true" "Mozilla/4.0 (compatible; MSIE 6.0; Windows NT 5.1; SV1)"
67.195.111.226 - - [14/Jun/2010:04:56:51 -0700] "GET www.blackstardojo.org/viewtopic.php?p=46927 HTTP/1.0" 200 62350 "-" "Mozilla/5.0 (compatible; Yahoo! Slurp/3.0; http://help.yahoo.com/help/us/ysearch/slurp)"
203.177.74.141 - - [14/Jun/2010:04:56:54 -0700] "POST www.blackstardojo.org/profile.php HTTP/1.1" 200 33200 "http://www.blackstardojo.org/profile.php?mode=register&agreed=true" "Mozilla/4.0 (compatible; MSIE 6.0; Windows NT 5.1; SV1)"
203.177.74.141 - - [14/Jun/2010:04:56:58 -0700] "GET www.blackstardojo.org/templates/guildwars_tree/images/spacer.gif HTTP/1.1" 200 43 "-" "Mozilla/4.0 (compatible;)"
203.177.74.141 - - [14/Jun/2010:04:56:58 -0700] "GET www.blackstardojo.org/profile.php?mode=confirm&id=cd08d52db2c84a6f91478ae7c794970f HTTP/1.1" 200 2836 "http://www.blackstardojo.org/profile.php?mode=register&agreed=true" "Mozilla/4.0 (compatible; MSIE 6.0; Windows NT 5.1; SV1)"
203.177.74.141 - - [14/Jun/2010:04:57:05 -0700] "POST www.blackstardojo.org/profile.php HTTP/1.1" 200 20456 "http://www.blackstardojo.org/profile.php?mode=register&agreed=true" "Mozilla/4.0 (compatible; MSIE 6.0; Windows NT 5.1; SV1)"
203.177.74.141 - - [14/Jun/2010:04:57:08 -0700] "GET www.blackstardojo.org/login.php HTTP/1.1" 200 21287 "http://www.blackstardojo.org/login.php" "Mozilla/4.0 (compatible; MSIE 6.0; Windows NT 5.1; SV1)"
203.177.74.141 - - [14/Jun/2010:04:57:09 -0700] "GET www.blackstardojo.org/search.php HTTP/1.1" 200 29606 "http://www.blackstardojo.org/login.php" "Mozilla/4.0 (compatible; MSIE 6.0; Windows NT 5.1; SV1)"
203.177.74.141 - - [14/Jun/2010:04:57:10 -0700] "GET www.blackstardojo.org/faq.php HTTP/1.1" 200 69563 "http://www.blackstardojo.org/login.php" "Mozilla/4.0 (compatible; MSIE 6.0; Windows NT 5.1; SV1)"
203.177.74.141 - - [14/Jun/2010:04:57:10 -0700] "GET www.blackstardojo.org/forum_images/dragon.png HTTP/1.1" 200 4520 "-" "Mozilla/4.0 (compatible;)"
203.177.74.141 - - [14/Jun/2010:04:57:10 -0700] "GET www.blackstardojo.org/forum_images/star.png HTTP/1.1" 200 2442 "-" "Mozilla/4.0 (compatible;)"
203.177.74.141 - - [14/Jun/2010:04:57:10 -0700] "GET www.blackstardojo.org/forum_images/chat.png HTTP/1.1" 200 3555 "-" "Mozilla/4.0 (compatible;)"
203.177.74.141 - - [14/Jun/2010:04:57:10 -0700] "GET www.blackstardojo.org/forum_images/shame.png HTTP/1.1" 200 3532 "-" "Mozilla/4.0 (compatible;)"
203.177.74.141 - - [14/Jun/2010:04:57:10 -0700] "GET www.blackstardojo.org/forum_images/archives.png HTTP/1.1" 200 3097 "-" "Mozilla/4.0 (compatible;)"
203.177.74.141 - - [14/Jun/2010:04:57:10 -0700] "GET www.blackstardojo.org/images/avatars/76745281247fd6c1275e84.png HTTP/1.1" 404 1695 "-" "Mozilla/4.0 (compatible;)"
203.177.74.141 - - [14/Jun/2010:04:57:10 -0700] "GET www.blackstardojo.org/images/ranks/newbelts/Spider/BlackSpiderMod.png HTTP/1.1" 404 1695 "-" "Mozilla/4.0 (compatible;)"
203.177.74.141 - - [14/Jun/2010:04:57:10 -0700] "GET www.blackstardojo.org/index.php HTTP/1.1" 200 65798 "http://www.blackstardojo.org/login.php" "Mozilla/4.0 (compatible; MSIE 6.0; Windows NT 5.1; SV1)"
203.177.74.141 - - [14/Jun/2010:04:57:10 -0700] "GET www.blackstardojo.org/forum_images/dna.png HTTP/1.1" 200 2713 "-" "Mozilla/4.0 (compatible;)"
203.177.74.141 - - [14/Jun/2010:04:57:10 -0700] "GET www.blackstardojo.org/forum_images/bunker.png HTTP/1.1" 200 2649 "-" "Mozilla/4.0 (compatible;)"
203.177.74.141 - - [14/Jun/2010:04:57:10 -0700] "GET www.blackstardojo.org/forum_images/art.png HTTP/1.1" 200 4214 "-" "Mozilla/4.0 (compatible;)"
203.177.74.141 - - [14/Jun/2010:04:57:10 -0700] "GET www.blackstardojo.org/forum_images/ampitheater.png HTTP/1.1" 200 3639 "-" "Mozilla/4.0 (compatible;)"
203.177.74.141 - - [14/Jun/2010:04:57:10 -0700] "GET www.blackstardojo.org/forum_images/bingo.png HTTP/1.1" 200 2859 "-" "Mozilla/4.0 (compatible;)"
203.177.74.141 - - [14/Jun/2010:04:57:10 -0700] "GET www.blackstardojo.org/forum_images/meeting.png HTTP/1.1" 200 2434 "-" "Mozilla/4.0 (compatible;)"
203.177.74.141 - - [14/Jun/2010:04:57:10 -0700] "GET www.blackstardojo.org/images/ranks/newbelts/Owl/GreenOwlMod.png HTTP/1.1" 404 1695 "-" "Mozilla/4.0 (compatible;)"
203.177.74.141 - - [14/Jun/2010:04:57:10 -0700] "GET www.blackstardojo.org/images/ranks/newbelts/Owl/GreenOwl.png HTTP/1.1" 404 1695 "-" "Mozilla/4.0 (compatible;)"
203.177.74.141 - - [14/Jun/2010:04:57:10 -0700] "GET www.blackstardojo.org/forum_images/market.png HTTP/1.1" 200 3915 "-" "Mozilla/4.0 (compatible;)"
203.177.74.141 - - [14/Jun/2010:04:57:10 -0700] "GET www.blackstardojo.org/forum_images/suggestion.png HTTP/1.1" 200 2959 "-" "Mozilla/4.0 (compatible;)"
203.177.74.141 - - [14/Jun/2010:04:57:10 -0700] "GET www.blackstardojo.org/forum_images/olympics.png HTTP/1.1" 200 3195 "-" "Mozilla/4.0 (compatible;)"
203.177.74.141 - - [14/Jun/2010:04:57:10 -0700] "GET www.blackstardojo.org/images/avatars/116302043849345e2495ac6.jpg HTTP/1.1" 404 1695 "-" "Mozilla/4.0 (compatible;)"
203.177.74.141 - - [14/Jun/2010:04:57:10 -0700] "GET www.blackstardojo.org/images/avatars/3387843064851c36d2e25b.jpg HTTP/1.1" 404 1695 "-" "Mozilla/4.0 (compatible;)"
203.177.74.141 - - [14/Jun/2010:04:57:11 -0700] "GET www.blackstardojo.org/images/avatars/211852066747dbba603c591.gif HTTP/1.1" 404 1695 "-" "Mozilla/4.0 (compatible;)"
203.177.74.141 - - [14/Jun/2010:04:57:11 -0700] "GET www.blackstardojo.org/images/ranks/newbelts/Fox/GreenFoxMod.png HTTP/1.1" 404 1695 "-" "Mozilla/4.0 (compatible;)"
203.177.74.141 - - [14/Jun/2010:04:57:11 -0700] "GET www.blackstardojo.org/images/avatars/21231880647414c2fd7799.jpg HTTP/1.1" 404 1695 "-" "Mozilla/4.0 (compatible;)"
203.177.74.141 - - [14/Jun/2010:04:57:11 -0700] "GET www.blackstardojo.org/images/avatars/1052200847464830589a6be.png HTTP/1.1" 404 1695 "-" "Mozilla/4.0 (compatible;)"
203.177.74.141 - - [14/Jun/2010:04:57:11 -0700] "GET www.blackstardojo.org/images/ranks/newbelts/Monkey/BlueMonkey.png HTTP/1.1" 404 1695 "-" "Mozilla/4.0 (compatible;)"
203.177.74.141 - - [14/Jun/2010:04:57:11 -0700] "GET www.blackstardojo.org/images/ranks/newbelts/Spider/BlueSpider.png HTTP/1.1" 404 1695 "-" "Mozilla/4.0 (compatible;)"
203.177.74.141 - - [14/Jun/2010:04:57:11 -0700] "GET www.blackstardojo.org/images/avatars/13253608224672b14f0fa4c.png HTTP/1.1" 404 1695 "-" "Mozilla/4.0 (compatible;)"
203.177.74.141 - - [14/Jun/2010:04:57:11 -0700] "GET www.blackstardojo.org/images/ranks/newbelts/Spider/BlackSpider.png HTTP/1.1" 404 1695 "-" "Mozilla/4.0 (compatible;)"
203.177.74.141 - - [14/Jun/2010:04:57:11 -0700] "GET www.blackstardojo.org/images/avatars/86442633446eb7a6217d49.jpg HTTP/1.1" 404 1695 "-" "Mozilla/4.0 (compatible;)"
203.177.74.141 - - [14/Jun/2010:04:57:11 -0700] "POST www.blackstardojo.org/login.php HTTP/1.1" 200 20639 "http://www.blackstardojo.org/login.php" "Mozilla/4.0 (compatible; MSIE 6.0; Windows NT 5.1; SV1)"
203.177.74.141 - - [14/Jun/2010:04:57:11 -0700] "GET www.blackstardojo.org/memberlist.php HTTP/1.1" 200 114163 "http://www.blackstardojo.org/login.php" "Mozilla/4.0 (compatible; MSIE 6.0; Windows NT 5.1; SV1)"
203.177.74.141 - - [14/Jun/2010:04:57:11 -0700] "GET www.blackstardojo.org/images/avatars/20453250724a173af6604de.png HTTP/1.1" 404 1695 "-" "Mozilla/4.0 (compatible;)"
203.177.74.141 - - [14/Jun/2010:04:57:11 -0700] "GET www.blackstardojo.org/images/avatars/31837860846c37ce92bbb6.gif HTTP/1.1" 404 1695 "-" "Mozilla/4.0 (compatible;)"
203.177.74.141 - - [14/Jun/2010:04:57:11 -0700] "GET www.blackstardojo.org/images/avatars/1007992654472cdf215798d.jpg HTTP/1.1" 404 1695 "-" "Mozilla/4.0 (compatible;)"
203.177.74.141 - - [14/Jun/2010:04:57:11 -0700] "GET www.blackstardojo.org/images/ranks/newbelts/Mantis/BlueMantis.png HTTP/1.1" 404 1695 "-" "Mozilla/4.0 (compatible;)"
203.177.74.141 - - [14/Jun/2010:04:57:11 -0700] "GET www.blackstardojo.org/images/avatars/36556135147b9a3951a374.gif HTTP/1.1" 404 1695 "-" "Mozilla/4.0 (compatible;)"
203.177.74.141 - - [14/Jun/2010:04:57:11 -0700] "GET www.blackstardojo.org/images/ranks/newbelts/Tiger/BlueTiger.png HTTP/1.1" 404 1695 "-" "Mozilla/4.0 (compatible;)"
203.177.74.141 - - [14/Jun/2010:04:57:11 -0700] "GET www.blackstardojo.org/images/avatars/1493995017472820256e410.jpg HTTP/1.1" 404 1695 "-" "Mozilla/4.0 (compatible;)"
203.177.74.141 - - [14/Jun/2010:04:57:11 -0700] "GET www.blackstardojo.org/images/ranks/newbelts/Owl/BlackOwlMod.png HTTP/1.1" 404 1695 "-" "Mozilla/4.0 (compatible;)"
203.177.74.141 - - [14/Jun/2010:04:57:13 -0700] "GET www.blackstardojo.org/login.php?redirect= HTTP/1.1" 200 21287 "http://www.blackstardojo.org/login.php?redirect=" "Mozilla/4.0 (compatible; MSIE 6.0; Windows NT 5.1; SV1)"
203.177.74.141 - - [14/Jun/2010:04:57:15 -0700] "GET www.blackstardojo.org/profile.php?mode=editprofile HTTP/1.1" 302 51 "http://www.blackstardojo.org/profile.php?mode=editprofile" "Mozilla/4.0 (compatible; MSIE 6.0; Windows NT 5.1; SV1)"
217.169.129.36 - - [14/Jun/2010:04:57:27 -0700] "GET www.blackstardojo.org/index.php HTTP/1.1" 200 20592 "http://www.blackstardojo.org/index.php" "Mozilla/4.0 (compatible; MSIE 6.0; Windows NT 5.1; SV1)"
67.195.111.226 - - [14/Jun/2010:04:57:56 -0700] "GET www.blackstardojo.org/shop.php?action=inventory&searchid=14 HTTP/1.0" 302 20211 "-" "Mozilla/5.0 (compatible; Yahoo! Slurp/3.0; http://help.yahoo.com/help/us/ysearch/slurp)"
67.195.111.226 - - [14/Jun/2010:04:57:56 -0700] "GET www.blackstardojo.org/login.php?redirect=shop.php&action=inventory&searchid=14&sid=48b050204eee47d873a59c59a2e9ae20 HTTP/1.0" 200 22254 "-" "Mozilla/5.0 (compatible; Yahoo! Slurp/3.0; http://help.yahoo.com/help/us/ysearch/slurp)"
75.118.83.158 - - [14/Jun/2010:04:58:17 -0700] "GET www.blackstardojo.org/shop/images/Pokeball.gif HTTP/1.1" 200 314 "http://fuckyeahpokememe.tumblr.com/" "Mozilla/5.0 (Windows; U; Windows NT 6.0; en-US) AppleWebKit/531.22.7 (KHTML, like Gecko) Version/4.0.5 Safari/531.22.7"
67.195.115.240 - - [14/Jun/2010:04:58:25 -0700] "GET blackstardojo.org/viewtopic.php?t=778 HTTP/1.0" 200 135424 "-" "Mozilla/5.0 (compatible; Yahoo! Slurp/3.0; http://help.yahoo.com/help/us/ysearch/slurp)"
75.118.83.158 - - [14/Jun/2010:04:58:41 -0700] "GET www.blackstardojo.org/shop/images/Pokeball.gif HTTP/1.1" 200 314 "http://fuckyeahpokememe.tumblr.com/" "Mozilla/5.0 (Windows; U; Windows NT 6.0; en-US) AppleWebKit/531.22.7 (KHTML, like Gecko) Version/4.0.5 Safari/531.22.7"
188.21.147.34 - - [14/Jun/2010:04:58:48 -0700] "GET www.blackstardojo.org/shop/images/Pokeball.gif HTTP/1.1" 200 314 "http://fuckyeahpokememe.tumblr.com/" "Mozilla/5.0 (Windows; U; Windows NT 5.1; de; rv:1.9.1.9) Gecko/20100315 Firefox/3.5.9"
67.195.111.226 - - [14/Jun/2010:04:59:40 -0700] "GET www.blackstardojo.org/privmsg.php?mode=post&u=185 HTTP/1.0" 302 39 "-" "Mozilla/5.0 (compatible; Yahoo! Slurp/3.0; http://help.yahoo.com/help/us/ysearch/slurp)"
67.195.111.226 - - [14/Jun/2010:04:59:40 -0700] "GET www.blackstardojo.org/login.php?redirect=privmsg.php&folder=inbox&mode=post&u=185&sid=e730a396d5059fe902dc474d8a8ba6c4 HTTP/1.0" 200 22257 "-" "Mozilla/5.0 (compatible; Yahoo! Slurp/3.0; http://help.yahoo.com/help/us/ysearch/slurp)"
79.107.140.174 - - [14/Jun/2010:05:00:25 -0700] "GET www.blackstardojo.org/forum_images/suggestion.png HTTP/1.1" 200 2959 "http://gointhrough.all-up.com/" "Mozilla/5.0 (Windows; U; Windows NT 5.1; el; rv:1.9.2.3) Gecko/20100401 Firefox/3.6.3"
67.195.111.226 - - [14/Jun/2010:05:01:11 -0700] "GET www.blackstardojo.org/viewtopic.php?t=2346&highlight= HTTP/1.0" 200 42452 "-" "Mozilla/5.0 (compatible; Yahoo! Slurp/3.0; http://help.yahoo.com/help/us/ysearch/slurp)"
67.195.115.240 - - [14/Jun/2010:05:01:29 -0700] "GET blackstardojo.org/wiki/index.php?title=Black_Cape HTTP/1.0" 200 2718 "-" "Mozilla/5.0 (compatible; Yahoo! Slurp/3.0; http://help.yahoo.com/help/us/ysearch/slurp)"
67.195.115.240 - - [14/Jun/2010:05:01:30 -0700] "GET blackstardojo.org/wiki/index.php?title=-&action=raw&gen=css&maxage=18000 HTTP/1.0" 200 98 "http://blackstardojo.org/wiki/index.php?title=Black_Cape" "Mozilla/5.0 (compatible; Yahoo! Slurp/3.0; http://help.yahoo.com/help/us/ysearch/slurp)"
67.195.115.240 - - [14/Jun/2010:05:01:30 -0700] "GET blackstardojo.org/wiki/index.php?title=MediaWiki:Monobook.css&action=raw&ctype=text/css&smaxage=18000 HTTP/1.0" 200 86 "http://blackstardojo.org/wiki/index.php?title=Black_Cape" "Mozilla/5.0 (compatible; Yahoo! Slurp/3.0; http://help.yahoo.com/help/us/ysearch/slurp)"
86.161.124.40 - - [14/Jun/2010:05:02:09 -0700] "GET www.blackstardojo.org/shop/images/Pokeball.gif HTTP/1.1" 200 314 "http://fuckyeahpokememe.tumblr.com/" "Mozilla/5.0 (Windows; U; Windows NT 5.1; en-GB; rv:1.9.2.3) Gecko/20100401 Firefox/3.6.3"
67.195.111.226 - - [14/Jun/2010:05:02:41 -0700] "GET www.blackstardojo.org/viewtopic.php?p=27475 HTTP/1.0" 200 58755 "-" "Mozilla/5.0 (compatible; Yahoo! Slurp/3.0; http://help.yahoo.com/help/us/ysearch/slurp)"
67.195.111.226 - - [14/Jun/2010:05:03:01 -0700] "GET www.blackstardojo.org/viewtopic.php?p=51964 HTTP/1.0" 200 55295 "-" "Mozilla/5.0 (compatible; Yahoo! Slurp/3.0; http://help.yahoo.com/help/us/ysearch/slurp)"
64.206.54.246 - - [14/Jun/2010:05:03:24 -0700] "GET www.blackstardojo.org/shop/images/Pokeball.gif HTTP/1.1" 200 314 "http://fuckyeahpokememe.tumblr.com/page/6" "Mozilla/5.0 (Macintosh; U; Intel Mac OS X 10_5_8; en-us) AppleWebKit/531.9 (KHTML, like Gecko) Version/4.0.3 Safari/531.9"
202.156.10.12 - - [14/Jun/2010:05:03:51 -0700] "GET www.blackstardojo.org/shop/images/Pokeball.gif HTTP/1.1" 200 314 "http://fuckyeahpokememe.tumblr.com/" "Mozilla/5.0 (Macintosh; U; Intel Mac OS X 10.5; en-US; rv:1.9.2.3) Gecko/20100401 YFF35 Firefox/3.6.3"
92.196.98.253 - - [14/Jun/2010:05:03:57 -0700] "GET www.blackstardojo.org/shop/images/Pokeball.gif HTTP/1.1" 200 314 "http://fuckyeahpokememe.tumblr.com/" "Mozilla/5.0 (Windows; U; Windows NT 5.1; de; rv:1.9.1.9) Gecko/20100315 Firefox/3.5.9"
67.195.115.240 - - [14/Jun/2010:05:04:20 -0700] "GET blackstardojo.org/wiki/index.php?title=Special:Whatlinkshere&target=Dyes&limit=250&offset=0 HTTP/1.0" 200 2145 "-" "Mozilla/5.0 (compatible; Yahoo! Slurp/3.0; http://help.yahoo.com/help/us/ysearch/slurp)"
119.63.193.215 - - [14/Jun/2010:05:04:52 -0700] "GET www.blackstardojo.org/ HTTP/1.1" 200 73466 "-" "Mozilla/4.0 (compatible; MSIE 6.0; Windows NT 5.1)"
67.195.115.240 - - [14/Jun/2010:05:05:20 -0700] "GET blackstardojo.org/search.php?search_author=alakin1 HTTP/1.0" 200 47127 "-" "Mozilla/5.0 (compatible; Yahoo! Slurp/3.0; http://help.yahoo.com/help/us/ysearch/slurp)"
67.195.111.226 - - [14/Jun/2010:05:05:50 -0700] "GET www.blackstardojo.org/viewtopic.php?t=2140&start=0 HTTP/1.0" 200 138765 "-" "Mozilla/5.0 (compatible; Yahoo! Slurp/3.0; http://help.yahoo.com/help/us/ysearch/slurp)"
67.189.227.237 - - [14/Jun/2010:05:06:35 -0700] "GET www.blackstardojo.org/shop/images/Pokeball.gif HTTP/1.1" 200 314 "http://fuckyeahpokememe.tumblr.com/" "Mozilla/5.0 (Windows; U; Windows NT 5.1; en-US; rv:1.9.2.3) Gecko/20100401 Firefox/3.6.3"
67.195.115.240 - - [14/Jun/2010:05:06:49 -0700] "GET blackstardojo.org/wiki/index.php?title=Special:Whatlinkshere&target=Eighteen HTTP/1.0" 200 2149 "-" "Mozilla/5.0 (compatible; Yahoo! Slurp/3.0; http://help.yahoo.com/help/us/ysearch/slurp)"
67.195.115.240 - - [14/Jun/2010:05:07:02 -0700] "GET blackstardojo.org/posting.php?mode=quote&p=43893 HTTP/1.0" 302 39 "-" "Mozilla/5.0 (compatible; Yahoo! Slurp/3.0; http://help.yahoo.com/help/us/ysearch/slurp)"
67.195.111.226 - - [14/Jun/2010:05:07:03 -0700] "GET www.blackstardojo.org/login.php?redirect=posting.php&mode=quote&p=43893&sid=a9c7b353cde65d2ae362e6ac85ea82b4 HTTP/1.0" 200 22247 "-" "Mozilla/5.0 (compatible; Yahoo! Slurp/3.0; http://help.yahoo.com/help/us/ysearch/slurp)"
67.195.115.240 - - [14/Jun/2010:05:07:37 -0700] "GET blackstardojo.org/wiki/index.php?title=Special:Recentchanges&hideliu=1&hidebots=&feed=rss HTTP/1.0" 200 378 "-" "Mozilla/5.0 (compatible; Yahoo! Slurp/3.0; http://help.yahoo.com/help/us/ysearch/slurp)"
67.195.111.226 - - [14/Jun/2010:05:07:39 -0700] "GET www.blackstardojo.org/wiki/skins/common/feed.css HTTP/1.0" 304 - "http://blackstardojo.org/wiki/index.php?title=Special:Recentchanges&hideliu=1&hidebots=&feed=rss" "Mozilla/5.0 (compatible; Yahoo! Slurp/3.0; http://help.yahoo.com/help/us/ysearch/slurp)"
67.195.111.226 - - [14/Jun/2010:05:07:48 -0700] "GET www.blackstardojo.org/profile.php?mode=miniprofile&u=43 HTTP/1.0" 200 12136 "-" "Mozilla/5.0 (compatible; Yahoo! Slurp/3.0; http://help.yahoo.com/help/us/ysearch/slurp)"
67.195.111.226 - - [14/Jun/2010:05:07:49 -0700] "GET www.blackstardojo.org/templates/subSilver/prillian/layout.css HTTP/1.0" 304 - "http://www.blackstardojo.org/profile.php?mode=miniprofile&u=43" "Mozilla/5.0 (compatible; Yahoo! Slurp/3.0; http://help.yahoo.com/help/us/ysearch/slurp)"
189.47.164.15 - - [14/Jun/2010:05:08:47 -0700] "GET www.blackstardojo.org/shop/images/Pokeball.gif HTTP/1.1" 200 314 "http://fuckyeahpokememe.tumblr.com/post/695268830/thecariboo" "Mozilla/4.0 (compatible; MSIE 6.0; Windows NT 5.1; SV1; .NET CLR 2.0.50727; InfoPath.2; .NET CLR 3.0.4506.2152; .NET CLR 3.5.30729; .NET CLR 1.1.4322)"
193.105.254.165 - - [14/Jun/2010:05:09:29 -0700] "GET www.blackstardojo.org/index.php HTTP/1.0" 200 73319 "http://www.blackstardojo.org/index.php" "Mozilla/4.0 (compatible; MSIE 5.5; Windows 95)"
193.105.254.165 - - [14/Jun/2010:05:09:33 -0700] "GET www.blackstardojo.org/profile.php?mode=register&sid=ab1a433fdf4e1bb2c32ff503a82c2510 HTTP/1.0" 200 22440 "http://www.blackstardojo.org/profile.php?mode=register&sid=ab1a433fdf4e1bb2c32ff503a82c2510" "Mozilla/4.0 (compatible; MSIE 5.5; Windows 95)"
193.105.254.165 - - [14/Jun/2010:05:09:35 -0700] "GET www.blackstardojo.org/profile.php?mode=register&agreed=true HTTP/1.0" 200 32576 "http://www.blackstardojo.org/profile.php?mode=register&agreed=true" "Mozilla/4.0 (compatible; MSIE 5.5; Windows 95)"
193.105.254.165 - - [14/Jun/2010:05:09:37 -0700] "GET www.blackstardojo.org/profile.php?mode=confirm&id=ee915c586d3aa846753b314013ca77ce HTTP/1.0" 200 8214 "http://www.blackstardojo.org/profile.php?mode=register&agreed=true" "Mozilla/4.0 (compatible; MSIE 5.5; Windows 95)"
193.105.254.165 - - [14/Jun/2010:05:09:40 -0700] "POST www.blackstardojo.org/profile.php HTTP/1.0" 200 33129 "http://www.blackstardojo.org/profile.php?mode=register&agreed=true" "Mozilla/4.0 (compatible; MSIE 5.5; Windows 95)"
174.95.46.185 - - [14/Jun/2010:05:10:15 -0700] "GET www.blackstardojo.org/shop/images/Pokeball.gif HTTP/1.1" 200 314 "http://fuckyeahpokememe.tumblr.com/post/696629619/the-world-as-we-know-it-by-ian-omalley" "Mozilla/5.0 (Windows; U; Windows NT 5.1; en-US; rv:1.9.2.3) Gecko/20100401 Firefox/3.6.3 ( .NET CLR 3.5.30729)"
216.129.119.44 - - [14/Jun/2010:05:13:10 -0700] "GET www.blackstardojo.org/viewforum.php?f=24 HTTP/1.1" 200 94282 "-" "Mozilla/5.0 (Twiceler-0.9 http://www.cuil.com/twiceler/robot.html)"
66.235.124.77 - - [14/Jun/2010:05:14:52 -0700] "GET www.blackstardojo.org/robots.txt HTTP/1.0" 404 1683 "-" "Mozilla/5.0 (compatible; Ask Jeeves/Teoma; +http://about.ask.com/en/docs/about/webmasters.shtml)"
66.235.124.77 - - [14/Jun/2010:05:14:52 -0700] "GET www.blackstardojo.org/forum_images/star.png HTTP/1.0" 200 2442 "-" "Mozilla/5.0 (compatible; Ask Jeeves/Teoma; +http://about.ask.com/en/docs/about/webmasters.shtml)"
67.195.111.226 - - [14/Jun/2010:05:15:35 -0700] "GET www.blackstardojo.org/wiki/index.php?title=Blackstar_Dojo_Wiki:Sandbox HTTP/1.0" 200 2225 "-" "Mozilla/5.0 (compatible; Yahoo! Slurp/3.0; http://help.yahoo.com/help/us/ysearch/slurp)"
67.195.111.226 - - [14/Jun/2010:05:15:36 -0700] "GET www.blackstardojo.org/wiki/index.php?title=-&action=raw&gen=css&maxage=18000 HTTP/1.0" 200 98 "http://www.blackstardojo.org/wiki/index.php?title=Blackstar_Dojo_Wiki:Sandbox" "Mozilla/5.0 (compatible; Yahoo! Slurp/3.0; http://help.yahoo.com/help/us/ysearch/slurp)"
67.195.111.226 - - [14/Jun/2010:05:15:44 -0700] "GET www.blackstardojo.org/viewtopic.php?t=1916 HTTP/1.0" 200 160146 "-" "Mozilla/5.0 (compatible; Yahoo! Slurp/3.0; http://help.yahoo.com/help/us/ysearch/slurp)"
67.195.111.226 - - [14/Jun/2010:05:16:14 -0700] "GET www.blackstardojo.org/viewtopic.php?p=50764 HTTP/1.0" 200 73886 "-" "Mozilla/5.0 (compatible; Yahoo! Slurp/3.0; http://help.yahoo.com/help/us/ysearch/slurp)"
66.249.68.154 - - [14/Jun/2010:05:16:40 -0700] "GET www.blackstardojo.org/profile.php?mode=viewprofile&u=35 HTTP/1.1" 200 52660 "-" "Mozilla/5.0 (compatible; Googlebot/2.1; +http://www.google.com/bot.html)"
67.195.111.226 - - [14/Jun/2010:05:17:13 -0700] "GET www.blackstardojo.org/wiki/index.php?title=Dojodian HTTP/1.0" 200 3015 "-" "Mozilla/5.0 (compatible; Yahoo! Slurp/3.0; http://help.yahoo.com/help/us/ysearch/slurp)"
74.177.164.212 - - [14/Jun/2010:05:17:41 -0700] "GET www.blackstardojo.org/shop/images/Pokeball.gif HTTP/1.1" 200 314 "http://fuckyeahpokememe.tumblr.com/" "Mozilla/5.0 (Windows; U; Windows NT 6.1; en-US; rv:1.9.2.3) Gecko/20100401 Firefox/3.6.3"
194.210.66.134 - - [14/Jun/2010:05:18:16 -0700] "GET www.blackstardojo.org/shop/images/Ultraball.gif HTTP/1.1" 200 353 "http://pokemonxmaster.forumeiros.net/" "Mozilla/4.0 (compatible; MSIE 7.0; Windows NT 6.0; Trident/4.0; SLCC1; .NET CLR 2.0.50727; InfoPath.2; MS-RTC LM 8; WWTClient2; .NET CLR 3.0.30729)"
75.119.220.210 - - [14/Jun/2010:05:18:32 -0700] "GET www.blackstardojo.org/shop/images/Pokeball.gif HTTP/1.0" 200 314 "fuckyeahpokememe.tumblr.com" "Mozilla/4.0 (compatible; MSIE 6.0; Windows NT 5.1; SV1; InfoPath.2)"
67.195.111.226 - - [14/Jun/2010:05:18:43 -0700] "GET www.blackstardojo.org/viewtopic.php?p=6974 HTTP/1.0" 200 50706 "-" "Mozilla/5.0 (compatible; Yahoo! Slurp/3.0; http://help.yahoo.com/help/us/ysearch/slurp)"
67.195.115.240 - - [14/Jun/2010:05:19:48 -0700] "GET blackstardojo.org/viewtopic.php?p=9532 HTTP/1.0" 200 113668 "-" "Mozilla/5.0 (compatible; Yahoo! Slurp/3.0; http://help.yahoo.com/help/us/ysearch/slurp)"
202.156.13.11 - - [14/Jun/2010:05:21:09 -0700] "GET www.blackstardojo.org/shop/images/Pokeball.gif HTTP/1.1" 304 - "http://fuckyeahpokememe.tumblr.com/" "Mozilla/5.0 (Macintosh; U; Intel Mac OS X 10_6_3; en-US) AppleWebKit/533.4 (KHTML, like Gecko) Chrome/5.0.375.70 Safari/533.4"
77.99.240.229 - - [14/Jun/2010:05:21:31 -0700] "GET www.blackstardojo.org/shop/images/Pokeball.gif HTTP/1.1" 200 314 "http://fuckyeahpokememe.tumblr.com/" "Mozilla/5.0 (Windows; U; Windows NT 6.1; en-GB; rv:1.9.2.3) Gecko/20100401 Firefox/3.6.3"
66.249.68.154 - - [14/Jun/2010:05:21:31 -0700] "GET www.blackstardojo.org/search.php?search_id=1704243749&start=960&sid=6290a51454e0988bd3eae57dc5513938 HTTP/1.1" 200 21307 "-" "Mozilla/5.0 (compatible; Googlebot/2.1; +http://www.google.com/bot.html)"
67.195.115.240 - - [14/Jun/2010:05:21:44 -0700] "GET blackstardojo.org/wiki/index.php?title=Special:Recentchangeslinked/Character_Creation HTTP/1.0" 200 2220 "-" "Mozilla/5.0 (compatible; Yahoo! Slurp/3.0; http://help.yahoo.com/help/us/ysearch/slurp)"
67.195.111.226 - - [14/Jun/2010:05:22:00 -0700] "GET www.blackstardojo.org/wiki/index.php?title=Nola_and_Kalat HTTP/1.0" 200 3358 "-" "Mozilla/5.0 (compatible; Yahoo! Slurp/3.0; http://help.yahoo.com/help/us/ysearch/slurp)"
67.195.111.226 - - [14/Jun/2010:05:22:36 -0700] "GET www.blackstardojo.org/wiki/index.php?title=Blue_Plastic HTTP/1.0" 200 2673 "-" "Mozilla/5.0 (compatible; Yahoo! Slurp/3.0; http://help.yahoo.com/help/us/ysearch/slurp)"
194.210.66.134 - - [14/Jun/2010:05:22:41 -0700] "GET www.blackstardojo.org/shop/images/Ultraball.gif HTTP/1.1" 304 - "http://pokemonxmaster.forumeiros.net/index.htm?sid=f45d1521c4af99d9cf31d6c2c1166f1e" "Mozilla/4.0 (compatible; MSIE 7.0; Windows NT 6.0; Trident/4.0; SLCC1; .NET CLR 2.0.50727; InfoPath.2; MS-RTC LM 8; WWTClient2; .NET CLR 3.0.30729)"
67.195.115.240 - - [14/Jun/2010:05:23:16 -0700] "GET blackstardojo.org/wiki/index.php?title=Special:Recentchangeslinked/User:2mi2_buy_atarax_online_cheap HTTP/1.0" 200 2243 "-" "Mozilla/5.0 (compatible; Yahoo! Slurp/3.0; http://help.yahoo.com/help/us/ysearch/slurp)"
68.111.101.90 - - [14/Jun/2010:05:23:26 -0700] "GET www.blackstardojo.org/shop/images/Pokeball.gif HTTP/1.1" 200 314 "http://fuckyeahpokememe.tumblr.com/" "Mozilla/5.0 (Macintosh; U; Intel Mac OS X 10_5_8; en-us) AppleWebKit/531.22.7 (KHTML, like Gecko) Version/4.0.5 Safari/531.22.7"
67.195.111.226 - - [14/Jun/2010:05:23:37 -0700] "GET www.blackstardojo.org/wiki/index.php?title=Main_Page&action=history HTTP/1.0" 200 3499 "-" "Mozilla/5.0 (compatible; Yahoo! Slurp/3.0; http://help.yahoo.com/help/us/ysearch/slurp)"
96.36.139.77 - - [14/Jun/2010:05:23:39 -0700] "GET www.blackstardojo.org/shop/images/Pokeball.gif HTTP/1.1" 200 314 "http://fuckyeahpokememe.tumblr.com/page/1" "Mozilla/5.0 (Windows; U; Windows NT 6.1; en-US; rv:1.9.1.9) Gecko/20100315 Firefox/3.0.6, Ant.com Toolbar 1.3 (.NET CLR 3.5.30729)"
72.236.144.14 - - [14/Jun/2010:05:23:46 -0700] "GET www.blackstardojo.org/shop/images/Pokeball.gif HTTP/1.1" 304 - "http://fuckyeahpokememe.tumblr.com/" "Mozilla/4.0 (compatible; MSIE 7.0; Windows NT 5.1; GTB6.5; InfoPath.1; .NET CLR 2.0.50727; .NET CLR 3.0.4506.2152; .NET CLR 3.5.30729)"
24.244.248.8 - - [14/Jun/2010:05:24:00 -0700] "GET www.blackstardojo.org/shop/images/Pokeball.gif HTTP/1.1" 200 314 "http://fuckyeahpokememe.tumblr.com/" "Mozilla/4.0 (compatible; MSIE 7.0; Windows NT 5.1; .NET CLR 1.1.4322; .NET CLR 2.0.50727; .NET CLR 3.0.04506.30; .NET CLR 3.0.04506.648; InfoPath.1)"
67.195.115.240 - - [14/Jun/2010:05:24:17 -0700] "GET blackstardojo.org/viewtopic.php?t=1576&start=1470 HTTP/1.0" 200 112088 "-" "Mozilla/5.0 (compatible; Yahoo! Slurp/3.0; http://help.yahoo.com/help/us/ysearch/slurp)"
72.236.144.14 - - [14/Jun/2010:05:24:40 -0700] "GET www.blackstardojo.org/shop/images/Pokeball.gif HTTP/1.1" 304 - "http://fuckyeahpokememe.tumblr.com/page/2" "Mozilla/4.0 (compatible; MSIE 7.0; Windows NT 5.1; GTB6.5; InfoPath.1; .NET CLR 2.0.50727; .NET CLR 3.0.4506.2152; .NET CLR 3.5.30729)"
77.88.28.247 - - [14/Jun/2010:05:24:46 -0700] "GET www.blackstardojo.org/wiki/index.php?title=Bank HTTP/1.1" 200 2802 "-" "Yandex/1.01.001 (compatible; Win16; I)"
67.195.111.226 - - [14/Jun/2010:05:26:28 -0700] "GET www.blackstardojo.org/viewtopic.php?t=778&start=75 HTTP/1.0" 200 157509 "-" "Mozilla/5.0 (compatible; Yahoo! Slurp/3.0; http://help.yahoo.com/help/us/ysearch/slurp)"
67.195.115.240 - - [14/Jun/2010:05:26:39 -0700] "GET blackstardojo.org/viewtopic.php?p=50019 HTTP/1.0" 200 39471 "-" "Mozilla/5.0 (compatible; Yahoo! Slurp/3.0; http://help.yahoo.com/help/us/ysearch/slurp)"
67.195.111.226 - - [14/Jun/2010:05:26:54 -0700] "GET www.blackstardojo.org/viewtopic.php?t=2162&start=0&postdays=0&postorder=asc&highlight= HTTP/1.0" 200 87758 "-" "Mozilla/5.0 (compatible; Yahoo! Slurp/3.0; http://help.yahoo.com/help/us/ysearch/slurp)"
67.195.111.226 - - [14/Jun/2010:05:27:07 -0700] "GET www.blackstardojo.org/shop.php?d=5 HTTP/1.0" 200 24494 "-" "Mozilla/5.0 (compatible; Yahoo! Slurp/3.0; http://help.yahoo.com/help/us/ysearch/slurp)"
67.195.115.240 - - [14/Jun/2010:05:28:00 -0700] "GET blackstardojo.org/wiki/index.php?title=Image_talk:PropertyDeed.png&action=edit HTTP/1.0" 200 2120 "-" "Mozilla/5.0 (compatible; Yahoo! Slurp/3.0; http://help.yahoo.com/help/us/ysearch/slurp)"
66.249.68.154 - - [14/Jun/2010:05:28:27 -0700] "GET www.blackstardojo.org/store.php?mode=itemdescript&id=&amp;sid=116f002447edb359b35bdc59b6c8354a220 HTTP/1.1" 200 21640 "-" "Mozilla/5.0 (compatible; Googlebot/2.1; +http://www.google.com/bot.html)"
201.15.76.81 - - [14/Jun/2010:05:28:56 -0700] "GET www.blackstardojo.org/shop/images/Pokeball.gif HTTP/1.1" 200 314 "http://fuckyeahpokememe.tumblr.com/page/13" "Mozilla/5.0 (Windows; U; Windows NT 5.1; pt-BR; rv:1.9.2.3) Gecko/20100401 Firefox/3.6.3 (.NET CLR 3.5.30729)"
67.195.111.226 - - [14/Jun/2010:05:29:33 -0700] "GET www.blackstardojo.org/profile.php?mode=miniprofile&u=48 HTTP/1.0" 200 12245 "-" "Mozilla/5.0 (compatible; Yahoo! Slurp/3.0; http://help.yahoo.com/help/us/ysearch/slurp)"
67.195.111.226 - - [14/Jun/2010:05:30:59 -0700] "GET www.blackstardojo.org/viewtopic.php?t=1966 HTTP/1.0" 200 39878 "-" "Mozilla/5.0 (compatible; Yahoo! Slurp/3.0; http://help.yahoo.com/help/us/ysearch/slurp)"
66.249.68.154 - - [14/Jun/2010:05:31:29 -0700] "GET www.blackstardojo.org/search.php?search_id=981876971&start=30&sid=b78621934ccc406a102018b902731738 HTTP/1.1" 200 21308 "-" "Mozilla/5.0 (compatible; Googlebot/2.1; +http://www.google.com/bot.html)"
75.119.220.210 - - [14/Jun/2010:05:31:38 -0700] "GET www.blackstardojo.org/shop/images/Pokeball.gif HTTP/1.0" 200 314 "fuckyeahpokememe.tumblr.com" "Mozilla/4.0 (compatible; MSIE 6.0; Windows NT 5.1; SV1; GTB6; InfoPath.2)"
211.30.57.205 - - [14/Jun/2010:05:31:59 -0700] "GET www.blackstardojo.org/shop/images/Pokeball.gif HTTP/1.1" 200 314 "http://fuckyeahpokememe.tumblr.com/" "Mozilla/5.0 (Windows; U; Windows NT 6.0; en-US) AppleWebKit/533.4 (KHTML, like Gecko) Chrome/5.0.375.70 Safari/533.4"
67.195.115.240 - - [14/Jun/2010:05:32:45 -0700] "GET blackstardojo.org/wiki/index.php?title=Special:Recentchangeslinked&target=Dojo_Manual&hideminor=0&days=3&limit=50 HTTP/1.0" 200 2211 "-" "Mozilla/5.0 (compatible; Yahoo! Slurp/3.0; http://help.yahoo.com/help/us/ysearch/slurp)"
67.195.111.226 - - [14/Jun/2010:05:33:06 -0700] "GET www.blackstardojo.org/viewtopic.php?p=33266 HTTP/1.0" 200 51634 "-" "Mozilla/5.0 (compatible; Yahoo! Slurp/3.0; http://help.yahoo.com/help/us/ysearch/slurp)"
24.25.236.92 - - [14/Jun/2010:05:34:10 -0700] "GET www.blackstardojo.org/shop/images/Pokeball.gif HTTP/1.1" 200 314 "http://fuckyeahpokememe.tumblr.com/" "Mozilla/5.0 (Macintosh; U; Intel Mac OS X 10.5; en-US; rv:1.9.2.3) Gecko/20100401 Firefox/3.6.3 GTB7.0"
75.119.220.210 - - [14/Jun/2010:05:34:23 -0700] "GET www.blackstardojo.org/shop/images/Pokeball.gif HTTP/1.0" 200 314 "http://fuckyeahpokememe.tumblr.com/page/6" "Mozilla/4.0 (compatible; MSIE 6.0; Windows NT 5.1; SV1; InfoPath.2)"
67.195.111.226 - - [14/Jun/2010:05:34:26 -0700] "GET www.blackstardojo.org/wiki/index.php?title=Sephirothsicase&action=edit&section=2 HTTP/1.0" 200 2105 "-" "Mozilla/5.0 (compatible; Yahoo! Slurp/3.0; http://help.yahoo.com/help/us/ysearch/slurp)"
67.195.111.226 - - [14/Jun/2010:05:36:00 -0700] "GET www.blackstardojo.org/index.php?sid=bf3819a5511b31da573ad81d01cc69fc HTTP/1.0" 200 73319 "-" "Mozilla/5.0 (compatible; Yahoo! Slurp/3.0; http://help.yahoo.com/help/us/ysearch/slurp)"
112.141.101.191 - - [14/Jun/2010:05:36:35 -0700] "GET www.blackstardojo.org/shop/images/Pokeball.gif HTTP/1.1" 200 314 "http://fuckyeahpokememe.tumblr.com/" "Mozilla/5.0 (Windows; U; Windows NT 5.1; en-US; rv:1.9.2.3) Gecko/20100401 Firefox/3.6.3 (.NET CLR 3.5.30729)"
81.135.92.133 - - [14/Jun/2010:05:36:44 -0700] "GET www.blackstardojo.org/viewtopic.php?p=52122 HTTP/1.1" 200 11899 "-" "Mozilla/5.0 (Macintosh; U; Intel Mac OS X 10.6; en-US; rv:1.9.2.3) Gecko/20100401 Firefox/3.6.3"
81.135.92.133 - - [14/Jun/2010:05:36:47 -0700] "GET www.blackstardojo.org/viewtopic.php?p=52122 HTTP/1.1" 200 21311 "-" "Mozilla/5.0 (Macintosh; U; Intel Mac OS X 10.6; en-US; rv:1.9.2.3) Gecko/20100401 Firefox/3.6.3"
67.195.111.226 - - [14/Jun/2010:05:36:53 -0700] "GET www.blackstardojo.org/wiki/index.php?title=Special:Whatlinkshere/Panther385 HTTP/1.0" 200 2217 "-" "Mozilla/5.0 (compatible; Yahoo! Slurp/3.0; http://help.yahoo.com/help/us/ysearch/slurp)"
81.135.92.133 - - [14/Jun/2010:05:36:56 -0700] "GET www.blackstardojo.org/index.php HTTP/1.1" 200 82639 "http://www.blackstardojo.org/viewtopic.php?p=52122" "Mozilla/5.0 (Macintosh; U; Intel Mac OS X 10.6; en-US; rv:1.9.2.3) Gecko/20100401 Firefox/3.6.3"
81.135.92.133 - - [14/Jun/2010:05:37:02 -0700] "GET www.blackstardojo.org/templates/guildwars_tree/images/folder_hot.gif HTTP/1.1" 200 385 "http://www.blackstardojo.org/viewforum.php?f=16" "Mozilla/5.0 (Macintosh; U; Intel Mac OS X 10.6; en-US; rv:1.9.2.3) Gecko/20100401 Firefox/3.6.3"
81.135.92.133 - - [14/Jun/2010:05:37:02 -0700] "GET www.blackstardojo.org/templates/guildwars_tree/images/folder.gif HTTP/1.1" 200 344 "http://www.blackstardojo.org/viewforum.php?f=16" "Mozilla/5.0 (Macintosh; U; Intel Mac OS X 10.6; en-US; rv:1.9.2.3) Gecko/20100401 Firefox/3.6.3"
81.135.92.133 - - [14/Jun/2010:05:37:02 -0700] "GET www.blackstardojo.org/viewforum.php?f=16 HTTP/1.1" 200 95429 "http://www.blackstardojo.org/index.php" "Mozilla/5.0 (Macintosh; U; Intel Mac OS X 10.6; en-US; rv:1.9.2.3) Gecko/20100401 Firefox/3.6.3"
81.135.92.133 - - [14/Jun/2010:05:37:03 -0700] "GET www.blackstardojo.org/templates/guildwars_tree/images/folder_lock.gif HTTP/1.1" 200 590 "http://www.blackstardojo.org/viewforum.php?f=16" "Mozilla/5.0 (Macintosh; U; Intel Mac OS X 10.6; en-US; rv:1.9.2.3) Gecko/20100401 Firefox/3.6.3"
81.135.92.133 - - [14/Jun/2010:05:37:03 -0700] "GET www.blackstardojo.org/templates/guildwars_tree/images/folder_announce.gif HTTP/1.1" 200 364 "http://www.blackstardojo.org/viewforum.php?f=16" "Mozilla/5.0 (Macintosh; U; Intel Mac OS X 10.6; en-US; rv:1.9.2.3) Gecko/20100401 Firefox/3.6.3"
81.135.92.133 - - [14/Jun/2010:05:37:03 -0700] "GET www.blackstardojo.org/templates/guildwars_tree/images/folder_lock_new.gif HTTP/1.1" 200 591 "http://www.blackstardojo.org/viewforum.php?f=16" "Mozilla/5.0 (Macintosh; U; Intel Mac OS X 10.6; en-US; rv:1.9.2.3) Gecko/20100401 Firefox/3.6.3"
81.135.92.133 - - [14/Jun/2010:05:37:03 -0700] "GET www.blackstardojo.org/templates/guildwars_tree/images/folder_sticky.gif HTTP/1.1" 200 392 "http://www.blackstardojo.org/viewforum.php?f=16" "Mozilla/5.0 (Macintosh; U; Intel Mac OS X 10.6; en-US; rv:1.9.2.3) Gecko/20100401 Firefox/3.6.3"
81.135.92.133 - - [14/Jun/2010:05:37:04 -0700] "GET www.blackstardojo.org/favicon.ico HTTP/1.1" 200 3638 "-" "Mozilla/5.0 (Macintosh; U; Intel Mac OS X 10.6; en-US; rv:1.9.2.3) Gecko/20100401 Firefox/3.6.3"
81.135.92.133 - - [14/Jun/2010:05:37:10 -0700] "GET www.blackstardojo.org/images/ranks/newbelts/Mantis/BlackMantisMod.png HTTP/1.1" 206 8642 "http://www.blackstardojo.org/viewtopic.php?p=50109" "Mozilla/5.0 (Macintosh; U; Intel Mac OS X 10.6; en-US; rv:1.9.2.3) Gecko/20100401 Firefox/3.6.3"
81.135.92.133 - - [14/Jun/2010:05:37:10 -0700] "GET www.blackstardojo.org/images/ranks/newbelts/Spider/GreenSpiderMod.png HTTP/1.1" 206 8642 "http://www.blackstardojo.org/viewtopic.php?p=50109" "Mozilla/5.0 (Macintosh; U; Intel Mac OS X 10.6; en-US; rv:1.9.2.3) Gecko/20100401 Firefox/3.6.3"
81.135.92.133 - - [14/Jun/2010:05:37:10 -0700] "GET www.blackstardojo.org/images/ranks/newbelts/Monkey/GreenMonkeyMod.png HTTP/1.1" 200 8642 "http://www.blackstardojo.org/viewtopic.php?p=50109" "Mozilla/5.0 (Macintosh; U; Intel Mac OS X 10.6; en-US; rv:1.9.2.3) Gecko/20100401 Firefox/3.6.3"
81.135.92.133 - - [14/Jun/2010:05:37:10 -0700] "GET www.blackstardojo.org/images/avatars/1007992654472cdf215798d.jpg HTTP/1.1" 404 1695 "http://www.blackstardojo.org/viewtopic.php?p=50109" "Mozilla/5.0 (Macintosh; U; Intel Mac OS X 10.6; en-US; rv:1.9.2.3) Gecko/20100401 Firefox/3.6.3"
81.135.92.133 - - [14/Jun/2010:05:37:10 -0700] "GET www.blackstardojo.org/medals/GameArpie.png HTTP/1.1" 200 4737 "http://www.blackstardojo.org/viewtopic.php?p=50109" "Mozilla/5.0 (Macintosh; U; Intel Mac OS X 10.6; en-US; rv:1.9.2.3) Gecko/20100401 Firefox/3.6.3"
81.135.92.133 - - [14/Jun/2010:05:37:11 -0700] "GET www.blackstardojo.org/images/ranks/newbelts/Chameleon/BlackChameleonMod.png HTTP/1.1" 200 8678 "http://www.blackstardojo.org/viewtopic.php?p=50109" "Mozilla/5.0 (Macintosh; U; Intel Mac OS X 10.6; en-US; rv:1.9.2.3) Gecko/20100401 Firefox/3.6.3"
81.135.92.133 - - [14/Jun/2010:05:37:11 -0700] "GET www.blackstardojo.org/medals/qotmnominee.png HTTP/1.1" 200 3550 "http://www.blackstardojo.org/viewtopic.php?p=50109" "Mozilla/5.0 (Macintosh; U; Intel Mac OS X 10.6; en-US; rv:1.9.2.3) Gecko/20100401 Firefox/3.6.3"
81.135.92.133 - - [14/Jun/2010:05:37:11 -0700] "GET www.blackstardojo.org/viewtopic.php?p=50109 HTTP/1.1" 200 173168 "http://www.blackstardojo.org/index.php" "Mozilla/5.0 (Macintosh; U; Intel Mac OS X 10.6; en-US; rv:1.9.2.3) Gecko/20100401 Firefox/3.6.3"
81.135.92.133 - - [14/Jun/2010:05:37:11 -0700] "GET www.blackstardojo.org/medals/VilePlottingMedal.gif HTTP/1.1" 200 1706 "http://www.blackstardojo.org/viewtopic.php?p=50109" "Mozilla/5.0 (Macintosh; U; Intel Mac OS X 10.6; en-US; rv:1.9.2.3) Gecko/20100401 Firefox/3.6.3"
81.135.92.133 - - [14/Jun/2010:05:37:11 -0700] "GET www.blackstardojo.org/images/avatars/86442633446eb7a6217d49.jpg HTTP/1.1" 404 1695 "http://www.blackstardojo.org/viewtopic.php?p=50109" "Mozilla/5.0 (Macintosh; U; Intel Mac OS X 10.6; en-US; rv:1.9.2.3) Gecko/20100401 Firefox/3.6.3"
81.135.92.133 - - [14/Jun/2010:05:37:11 -0700] "GET www.blackstardojo.org/images/ranks/newbelts/Mantis/GreenMantisMod.png HTTP/1.1" 200 8642 "http://www.blackstardojo.org/viewtopic.php?p=50109" "Mozilla/5.0 (Macintosh; U; Intel Mac OS X 10.6; en-US; rv:1.9.2.3) Gecko/20100401 Firefox/3.6.3"
81.135.92.133 - - [14/Jun/2010:05:37:11 -0700] "GET www.blackstardojo.org/medals/challengemedalvy7.png HTTP/1.1" 200 4453 "http://www.blackstardojo.org/viewtopic.php?p=50109" "Mozilla/5.0 (Macintosh; U; Intel Mac OS X 10.6; en-US; rv:1.9.2.3) Gecko/20100401 Firefox/3.6.3"
81.135.92.133 - - [14/Jun/2010:05:37:11 -0700] "GET www.blackstardojo.org/medals/LabyrinthMedal.png HTTP/1.1" 200 3591 "http://www.blackstardojo.org/viewtopic.php?p=50109" "Mozilla/5.0 (Macintosh; U; Intel Mac OS X 10.6; en-US; rv:1.9.2.3) Gecko/20100401 Firefox/3.6.3"
81.135.92.133 - - [14/Jun/2010:05:37:11 -0700] "GET www.blackstardojo.org/images/ranks/gameware.png HTTP/1.1" 200 2341 "http://www.blackstardojo.org/viewtopic.php?p=50109" "Mozilla/5.0 (Macintosh; U; Intel Mac OS X 10.6; en-US; rv:1.9.2.3) Gecko/20100401 Firefox/3.6.3"
81.135.92.133 - - [14/Jun/2010:05:37:11 -0700] "GET www.blackstardojo.org/images/ranks/oblivion.jpg HTTP/1.1" 200 2250 "http://www.blackstardojo.org/viewtopic.php?p=50109" "Mozilla/5.0 (Macintosh; U; Intel Mac OS X 10.6; en-US; rv:1.9.2.3) Gecko/20100401 Firefox/3.6.3"
81.135.92.133 - - [14/Jun/2010:05:37:12 -0700] "GET www.blackstardojo.org/images/avatars/20453250724a173af6604de.png HTTP/1.1" 404 1695 "http://www.blackstardojo.org/viewtopic.php?p=50109" "Mozilla/5.0 (Macintosh; U; Intel Mac OS X 10.6; en-US; rv:1.9.2.3) Gecko/20100401 Firefox/3.6.3"
81.135.92.133 - - [14/Jun/2010:05:37:12 -0700] "GET www.blackstardojo.org/images/ranks/weirdbelt.png HTTP/1.1" 200 6196 "http://www.blackstardojo.org/viewtopic.php?p=50109" "Mozilla/5.0 (Macintosh; U; Intel Mac OS X 10.6; en-US; rv:1.9.2.3) Gecko/20100401 Firefox/3.6.3"
81.135.92.133 - - [14/Jun/2010:05:37:12 -0700] "GET www.blackstardojo.org/images/ranks/powerapathy.png HTTP/1.1" 200 966 "http://www.blackstardojo.org/viewtopic.php?p=50109" "Mozilla/5.0 (Macintosh; U; Intel Mac OS X 10.6; en-US; rv:1.9.2.3) Gecko/20100401 Firefox/3.6.3"
81.135.92.133 - - [14/Jun/2010:05:37:12 -0700] "GET www.blackstardojo.org/images/avatars/12541419624aaec8492d77d.png HTTP/1.1" 200 10522 "http://www.blackstardojo.org/viewtopic.php?p=50109" "Mozilla/5.0 (Macintosh; U; Intel Mac OS X 10.6; en-US; rv:1.9.2.3) Gecko/20100401 Firefox/3.6.3"
81.135.92.133 - - [14/Jun/2010:05:37:12 -0700] "GET www.blackstardojo.org/images/ranks/newbelts/Red.png HTTP/1.1" 200 4082 "http://www.blackstardojo.org/viewtopic.php?p=50109" "Mozilla/5.0 (Macintosh; U; Intel Mac OS X 10.6; en-US; rv:1.9.2.3) Gecko/20100401 Firefox/3.6.3"
81.135.92.133 - - [14/Jun/2010:05:37:12 -0700] "GET www.blackstardojo.org/images/ranks/newbelts/Mantis/BlackMantisMod.png HTTP/1.1" 206 8642 "http://www.blackstardojo.org/viewtopic.php?p=50109" "Mozilla/5.0 (Macintosh; U; Intel Mac OS X 10.6; en-US; rv:1.9.2.3) Gecko/20100401 Firefox/3.6.3"
81.135.92.133 - - [14/Jun/2010:05:37:12 -0700] "GET www.blackstardojo.org/images/ranks/newbelts/Spider/GreenSpiderMod.png HTTP/1.1" 206 8642 "http://www.blackstardojo.org/viewtopic.php?p=50109" "Mozilla/5.0 (Macintosh; U; Intel Mac OS X 10.6; en-US; rv:1.9.2.3) Gecko/20100401 Firefox/3.6.3"
81.135.92.133 - - [14/Jun/2010:05:37:12 -0700] "GET www.blackstardojo.org/images/ranks/newbelts/Chameleon/BlackChameleonMod.png HTTP/1.1" 206 8678 "http://www.blackstardojo.org/viewtopic.php?p=50109" "Mozilla/5.0 (Macintosh; U; Intel Mac OS X 10.6; en-US; rv:1.9.2.3) Gecko/20100401 Firefox/3.6.3"
81.135.92.133 - - [14/Jun/2010:05:37:12 -0700] "GET www.blackstardojo.org/images/ranks/newbelts/Mantis/GreenMantisMod.png HTTP/1.1" 206 8642 "http://www.blackstardojo.org/viewtopic.php?p=50109" "Mozilla/5.0 (Macintosh; U; Intel Mac OS X 10.6; en-US; rv:1.9.2.3) Gecko/20100401 Firefox/3.6.3"
81.135.92.133 - - [14/Jun/2010:05:37:13 -0700] "GET www.blackstardojo.org/images/ranks/newbelts/Mantis/BlackMantisMod.png HTTP/1.1" 206 8642 "http://www.blackstardojo.org/viewtopic.php?p=50109" "Mozilla/5.0 (Macintosh; U; Intel Mac OS X 10.6; en-US; rv:1.9.2.3) Gecko/20100401 Firefox/3.6.3"
81.135.92.133 - - [14/Jun/2010:05:37:13 -0700] "GET www.blackstardojo.org/images/ranks/newbelts/Spider/GreenSpiderMod.png HTTP/1.1" 206 8642 "http://www.blackstardojo.org/viewtopic.php?p=50109" "Mozilla/5.0 (Macintosh; U; Intel Mac OS X 10.6; en-US; rv:1.9.2.3) Gecko/20100401 Firefox/3.6.3"
81.135.92.133 - - [14/Jun/2010:05:37:25 -0700] "GET www.blackstardojo.org/images/ranks/newbelts/Fox/GreenFox.png HTTP/1.1" 404 1695 "http://www.blackstardojo.org/viewtopic.php?t=2226&postdays=0&postorder=asc&start=270" "Mozilla/5.0 (Macintosh; U; Intel Mac OS X 10.6; en-US; rv:1.9.2.3) Gecko/20100401 Firefox/3.6.3"
81.135.92.133 - - [14/Jun/2010:05:37:25 -0700] "GET www.blackstardojo.org/images/avatars/22096719247814d7840a70.jpg HTTP/1.1" 404 1695 "http://www.blackstardojo.org/viewtopic.php?t=2226&postdays=0&postorder=asc&start=270" "Mozilla/5.0 (Macintosh; U; Intel Mac OS X 10.6; en-US; rv:1.9.2.3) Gecko/20100401 Firefox/3.6.3"
81.135.92.133 - - [14/Jun/2010:05:37:25 -0700] "GET www.blackstardojo.org/images/avatars/86442633446eb7a6217d49.jpg HTTP/1.1" 404 1695 "http://www.blackstardojo.org/viewtopic.php?t=2226&postdays=0&postorder=asc&start=270" "Mozilla/5.0 (Macintosh; U; Intel Mac OS X 10.6; en-US; rv:1.9.2.3) Gecko/20100401 Firefox/3.6.3"
81.135.92.133 - - [14/Jun/2010:05:37:25 -0700] "GET www.blackstardojo.org/images/ranks/newbelts/Chameleon/BlackChameleonMod.png HTTP/1.1" 206 8678 "http://www.blackstardojo.org/viewtopic.php?t=2226&postdays=0&postorder=asc&start=270" "Mozilla/5.0 (Macintosh; U; Intel Mac OS X 10.6; en-US; rv:1.9.2.3) Gecko/20100401 Firefox/3.6.3"
