67.76.13.163 - - [29/Jun/2010:03:31:45 -0700] "GET www.blackstardojo.org/forum_images/star.png HTTP/1.1" 304 - "http://www.blackstardojo.org/index.php" "Mozilla/4.0 (compatible; MSIE 8.0; Windows NT 5.1; Trident/4.0; GTB6.5)"
67.76.13.163 - - [29/Jun/2010:03:31:45 -0700] "GET www.blackstardojo.org/forum_images/chat.png HTTP/1.1" 304 - "http://www.blackstardojo.org/index.php" "Mozilla/4.0 (compatible; MSIE 8.0; Windows NT 5.1; Trident/4.0; GTB6.5)"
67.76.13.163 - - [29/Jun/2010:03:31:45 -0700] "GET www.blackstardojo.org/forum_images/training.png HTTP/1.1" 304 - "http://www.blackstardojo.org/index.php" "Mozilla/4.0 (compatible; MSIE 8.0; Windows NT 5.1; Trident/4.0; GTB6.5)"
67.76.13.163 - - [29/Jun/2010:03:31:46 -0700] "GET www.blackstardojo.org/forum_images/north.png HTTP/1.1" 304 - "http://www.blackstardojo.org/index.php" "Mozilla/4.0 (compatible; MSIE 8.0; Windows NT 5.1; Trident/4.0; GTB6.5)"
67.76.13.163 - - [29/Jun/2010:03:31:46 -0700] "GET www.blackstardojo.org/forum_images/wolf.png HTTP/1.1" 304 - "http://www.blackstardojo.org/index.php" "Mozilla/4.0 (compatible; MSIE 8.0; Windows NT 5.1; Trident/4.0; GTB6.5)"
67.76.13.163 - - [29/Jun/2010:03:31:46 -0700] "GET www.blackstardojo.org/forum_images/south.png HTTP/1.1" 304 - "http://www.blackstardojo.org/index.php" "Mozilla/4.0 (compatible; MSIE 8.0; Windows NT 5.1; Trident/4.0; GTB6.5)"
67.76.13.163 - - [29/Jun/2010:03:31:46 -0700] "GET www.blackstardojo.org/forum_images/arena.png HTTP/1.1" 304 - "http://www.blackstardojo.org/index.php" "Mozilla/4.0 (compatible; MSIE 8.0; Windows NT 5.1; Trident/4.0; GTB6.5)"
67.76.13.163 - - [29/Jun/2010:03:31:46 -0700] "GET www.blackstardojo.org/forum_images/ampitheater.png HTTP/1.1" 304 - "http://www.blackstardojo.org/index.php" "Mozilla/4.0 (compatible; MSIE 8.0; Windows NT 5.1; Trident/4.0; GTB6.5)"
67.76.13.163 - - [29/Jun/2010:03:31:46 -0700] "GET www.blackstardojo.org/forum_images/art.png HTTP/1.1" 304 - "http://www.blackstardojo.org/index.php" "Mozilla/4.0 (compatible; MSIE 8.0; Windows NT 5.1; Trident/4.0; GTB6.5)"
67.76.13.163 - - [29/Jun/2010:03:31:46 -0700] "GET www.blackstardojo.org/forum_images/market.png HTTP/1.1" 304 - "http://www.blackstardojo.org/index.php" "Mozilla/4.0 (compatible; MSIE 8.0; Windows NT 5.1; Trident/4.0; GTB6.5)"
67.76.13.163 - - [29/Jun/2010:03:31:46 -0700] "GET www.blackstardojo.org/forum_images/suggestion.png HTTP/1.1" 304 - "http://www.blackstardojo.org/index.php" "Mozilla/4.0 (compatible; MSIE 8.0; Windows NT 5.1; Trident/4.0; GTB6.5)"
67.76.13.163 - - [29/Jun/2010:03:31:47 -0700] "GET www.blackstardojo.org/forum_images/cave.png HTTP/1.1" 304 - "http://www.blackstardojo.org/index.php" "Mozilla/4.0 (compatible; MSIE 8.0; Windows NT 5.1; Trident/4.0; GTB6.5)"
67.76.13.163 - - [29/Jun/2010:03:31:47 -0700] "GET www.blackstardojo.org/forum_images/norn.png HTTP/1.1" 304 - "http://www.blackstardojo.org/index.php" "Mozilla/4.0 (compatible; MSIE 8.0; Windows NT 5.1; Trident/4.0; GTB6.5)"
67.76.13.163 - - [29/Jun/2010:03:31:47 -0700] "GET www.blackstardojo.org/templates/guildwars_tree/images/whosonline.gif HTTP/1.1" 304 - "http://www.blackstardojo.org/index.php" "Mozilla/4.0 (compatible; MSIE 8.0; Windows NT 5.1; Trident/4.0; GTB6.5)"
67.76.13.163 - - [29/Jun/2010:03:31:47 -0700] "GET www.blackstardojo.org/templates/guildwars_tree/images/icon_birthday.gif HTTP/1.1" 304 - "http://www.blackstardojo.org/index.php" "Mozilla/4.0 (compatible; MSIE 8.0; Windows NT 5.1; Trident/4.0; GTB6.5)"
67.76.13.163 - - [29/Jun/2010:03:31:47 -0700] "GET www.blackstardojo.org/templates/guildwars_tree/images/folder_new_big.gif HTTP/1.1" 304 - "http://www.blackstardojo.org/index.php" "Mozilla/4.0 (compatible; MSIE 8.0; Windows NT 5.1; Trident/4.0; GTB6.5)"
67.76.13.163 - - [29/Jun/2010:03:31:47 -0700] "GET www.blackstardojo.org/templates/guildwars_tree/images/folder_big.gif HTTP/1.1" 304 - "http://www.blackstardojo.org/index.php" "Mozilla/4.0 (compatible; MSIE 8.0; Windows NT 5.1; Trident/4.0; GTB6.5)"
67.76.13.163 - - [29/Jun/2010:03:31:47 -0700] "GET www.blackstardojo.org/templates/guildwars_tree/images/folder_locked_big.gif HTTP/1.1" 304 - "http://www.blackstardojo.org/index.php" "Mozilla/4.0 (compatible; MSIE 8.0; Windows NT 5.1; Trident/4.0; GTB6.5)"
67.195.111.226 - - [29/Jun/2010:03:31:53 -0700] "GET www.blackstardojo.org/viewtopic.php?t=2282 HTTP/1.0" 200 44392 "-" "Mozilla/5.0 (compatible; Yahoo! Slurp/3.0; http://help.yahoo.com/help/us/ysearch/slurp)"
67.195.111.226 - - [29/Jun/2010:03:32:40 -0700] "GET www.blackstardojo.org/viewtopic.php?t=1019 HTTP/1.0" 200 118574 "-" "Mozilla/5.0 (compatible; Yahoo! Slurp/3.0; http://help.yahoo.com/help/us/ysearch/slurp)"
121.222.128.222 - - [29/Jun/2010:03:33:26 -0700] "GET www.blackstardojo.org/shop/images/Pokeball.gif HTTP/1.1" 200 314 "http://fuckyeahpokememe.tumblr.com/" "Mozilla/5.0 (Windows; U; Windows NT 6.1; en-GB; rv:1.9.1.10) Gecko/20100504 AskTbUT2V5/3.8.0.12304 Firefox/3.5.10"
203.166.84.253 - - [29/Jun/2010:03:33:28 -0700] "GET blackstardojo.org/viewtopic.php?t=2362&start=30 HTTP/1.1" 200 55056 "http://blackstardojo.org/search.php?search_id=newposts&sid=05fb05bf7fb3601fbf43c07d53bcd956" "Mozilla/5.0 (Windows; U; Windows NT 6.1; en-GB; rv:1.9.2.4) Gecko/20100611 Firefox/3.6.4"
203.166.84.253 - - [29/Jun/2010:03:33:28 -0700] "GET blackstardojo.org/images/ranks/newbelts/Mantis/BlackMantisMod.png HTTP/1.1" 304 - "http://blackstardojo.org/viewtopic.php?t=2362&start=30" "Mozilla/5.0 (Windows; U; Windows NT 6.1; en-GB; rv:1.9.2.4) Gecko/20100611 Firefox/3.6.4"
203.166.84.253 - - [29/Jun/2010:03:33:28 -0700] "GET blackstardojo.org/images/ranks/newbelts/Spider/GreenSpiderMod.png HTTP/1.1" 304 - "http://blackstardojo.org/viewtopic.php?t=2362&start=30" "Mozilla/5.0 (Windows; U; Windows NT 6.1; en-GB; rv:1.9.2.4) Gecko/20100611 Firefox/3.6.4"
203.166.84.253 - - [29/Jun/2010:03:33:28 -0700] "GET blackstardojo.org/images/avatars/1493995017472820256e410.jpg HTTP/1.1" 404 1695 "http://blackstardojo.org/viewtopic.php?t=2362&start=30" "Mozilla/5.0 (Windows; U; Windows NT 6.1; en-GB; rv:1.9.2.4) Gecko/20100611 Firefox/3.6.4"
203.166.84.253 - - [29/Jun/2010:03:33:28 -0700] "GET blackstardojo.org/images/ranks/newbelts/Owl/BlackOwlMod.png HTTP/1.1" 304 - "http://blackstardojo.org/viewtopic.php?t=2362&start=30" "Mozilla/5.0 (Windows; U; Windows NT 6.1; en-GB; rv:1.9.2.4) Gecko/20100611 Firefox/3.6.4"
67.195.115.240 - - [29/Jun/2010:03:34:02 -0700] "GET blackstardojo.org/viewtopic.php?t=1639&start=75 HTTP/1.0" 200 67615 "-" "Mozilla/5.0 (compatible; Yahoo! Slurp/3.0; http://help.yahoo.com/help/us/ysearch/slurp)"
67.195.115.240 - - [29/Jun/2010:03:34:03 -0700] "GET blackstardojo.org/wiki/index.php?title=Spider&oldid=3451 HTTP/1.0" 200 3506 "-" "Mozilla/5.0 (compatible; Yahoo! Slurp/3.0; http://help.yahoo.com/help/us/ysearch/slurp)"
193.47.80.40 - - [29/Jun/2010:03:34:13 -0700] "GET blackstardojo.org/wiki/index.php?title=Special:Userlogin&returnto=Imagi-Tech_Home_Database HTTP/1.1" 200 2620 "-" "Mozilla/5.0 (compatible; Exabot/3.0; +http://www.exabot.com/go/robot)"
193.47.80.40 - - [29/Jun/2010:03:34:15 -0700] "GET blackstardojo.org/wiki/index.php?title=Special:Userlogin&returnto=HollowEyes HTTP/1.1" 200 2609 "-" "Mozilla/5.0 (compatible; Exabot/3.0; +http://www.exabot.com/go/robot)"
203.166.84.253 - - [29/Jun/2010:03:34:28 -0700] "GET blackstardojo.org/posting.php?mode=reply&t=2362&sid=be6cbb4378a578eb506972be4de5bfab HTTP/1.1" 200 76625 "http://blackstardojo.org/viewtopic.php?t=2362&start=30" "Mozilla/5.0 (Windows; U; Windows NT 6.1; en-GB; rv:1.9.2.4) Gecko/20100611 Firefox/3.6.4"
203.166.84.253 - - [29/Jun/2010:03:34:29 -0700] "GET blackstardojo.org/posting.php?mode=topicreview&t=2362 HTTP/1.1" 200 48263 "http://blackstardojo.org/posting.php?mode=reply&t=2362&sid=be6cbb4378a578eb506972be4de5bfab" "Mozilla/5.0 (Windows; U; Windows NT 6.1; en-GB; rv:1.9.2.4) Gecko/20100611 Firefox/3.6.4"
203.166.84.253 - - [29/Jun/2010:03:34:29 -0700] "GET blackstardojo.org/files/xrcu1_146.jpg HTTP/1.1" 304 - "http://blackstardojo.org/posting.php?mode=topicreview&t=2362" "Mozilla/5.0 (Windows; U; Windows NT 6.1; en-GB; rv:1.9.2.4) Gecko/20100611 Firefox/3.6.4"
67.195.115.240 - - [29/Jun/2010:03:35:09 -0700] "GET blackstardojo.org/shop.php HTTP/1.0" 200 24491 "-" "Mozilla/5.0 (compatible; Yahoo! Slurp/3.0; http://help.yahoo.com/help/us/ysearch/slurp)"
98.229.45.19 - - [29/Jun/2010:03:35:16 -0700] "GET www.blackstardojo.org/shop/images/Pokeball.gif HTTP/1.1" 200 314 "http://fuckyeahpokememe.tumblr.com/" "Mozilla/5.0 (Windows; U; Windows NT 6.1; en-US; rv:1.9.2.6) Gecko/20100625 Firefox/3.6.6"
67.195.111.226 - - [29/Jun/2010:03:35:58 -0700] "GET www.blackstardojo.org/lottery.php HTTP/1.0" 200 23040 "-" "Mozilla/5.0 (compatible; Yahoo! Slurp/3.0; http://help.yahoo.com/help/us/ysearch/slurp)"
67.195.115.240 - - [29/Jun/2010:03:36:03 -0700] "GET blackstardojo.org/lottery.php HTTP/1.0" 200 23040 "-" "Mozilla/5.0 (compatible; Yahoo! Slurp/3.0; http://help.yahoo.com/help/us/ysearch/slurp)"
193.47.80.40 - - [29/Jun/2010:03:36:24 -0700] "GET blackstardojo.org/wiki/index.php?title=Special:Userlogin&returnto=Paranesia HTTP/1.1" 200 2609 "-" "Mozilla/5.0 (compatible; Exabot/3.0; +http://www.exabot.com/go/robot)"
193.47.80.40 - - [29/Jun/2010:03:36:54 -0700] "GET blackstardojo.org/wiki/index.php?title=Importation_License&action=edit&section=1 HTTP/1.1" 200 2121 "-" "Mozilla/5.0 (compatible; Exabot/3.0; +http://www.exabot.com/go/robot)"
67.195.115.240 - - [29/Jun/2010:03:38:28 -0700] "GET blackstardojo.org/profile.php?mode=miniprofile&u=259 HTTP/1.0" 200 12118 "-" "Mozilla/5.0 (compatible; Yahoo! Slurp/3.0; http://help.yahoo.com/help/us/ysearch/slurp)"
67.195.115.240 - - [29/Jun/2010:03:38:29 -0700] "GET blackstardojo.org/templates/subSilver/prillian/layout.css HTTP/1.0" 304 - "http://blackstardojo.org/profile.php?mode=miniprofile&u=259" "Mozilla/5.0 (compatible; Yahoo! Slurp/3.0; http://help.yahoo.com/help/us/ysearch/slurp)"
67.195.111.226 - - [29/Jun/2010:03:39:36 -0700] "GET www.blackstardojo.org/viewtopic.php?p=42666 HTTP/1.0" 200 53061 "-" "Mozilla/5.0 (compatible; Yahoo! Slurp/3.0; http://help.yahoo.com/help/us/ysearch/slurp)"
218.102.150.212 - - [29/Jun/2010:03:40:23 -0700] "GET www.blackstardojo.org/shop/images/Pokeball.gif HTTP/1.1" 200 314 "http://fuckyeahpokememe.tumblr.com/" "Mozilla/4.0 (compatible; MSIE 7.0; Windows NT 5.1; Trident/4.0; Foxy/1; Mozilla/4.0 (compatible; MSIE 6.0; Windows NT 5.1; SV1) ; Foxy/1; .NET CLR 1.1.4322; .NET CLR 2.0.50727; InfoPath.1; CIBA; .NET CLR 3.0.4506.2152; .NET CLR 3.5.30729; 97780516703; Engine/5.02129)"
83.97.181.210 - - [29/Jun/2010:03:40:27 -0700] "GET www.blackstardojo.org/shop/images/Pokeball.gif HTTP/1.1" 200 314 "http://fuckyeahpokememe.tumblr.com/post/494744675/absentimental-fuckyeahsupereffective-if-you" "Mozilla/5.0 (Windows; U; Windows NT 5.1; es-ES; rv:1.9.2.6) Gecko/20100625 Firefox/3.6.6"
67.195.115.240 - - [29/Jun/2010:03:40:58 -0700] "GET blackstardojo.org/wiki/index.php?title=Usergroup&printable=yes HTTP/1.0" 200 2497 "-" "Mozilla/5.0 (compatible; Yahoo! Slurp/3.0; http://help.yahoo.com/help/us/ysearch/slurp)"
24.16.139.158 - - [29/Jun/2010:03:42:02 -0700] "GET blackstardojo.org/ HTTP/1.1" 200 47923 "-" "Mozilla/5.0 (Windows; U; Windows NT 5.1; en-US; rv:1.9.2.6) Gecko/20100625 Firefox/3.6.6 ( .NET CLR 3.5.30729)"
67.195.111.226 - - [29/Jun/2010:03:42:22 -0700] "GET www.blackstardojo.org/viewtopic.php?p=49940&highlight= HTTP/1.0" 200 98218 "-" "Mozilla/5.0 (compatible; Yahoo! Slurp/3.0; http://help.yahoo.com/help/us/ysearch/slurp)"
193.47.80.40 - - [29/Jun/2010:03:42:42 -0700] "GET blackstardojo.org/wiki/index.php?title=Lottery&redirect=no&printable=yes HTTP/1.1" 304 0 "-" "Mozilla/5.0 (compatible; Exabot/3.0; +http://www.exabot.com/go/robot)"
67.195.111.226 - - [29/Jun/2010:03:42:56 -0700] "GET www.blackstardojo.org/viewtopic.php?p=17162 HTTP/1.0" 200 39687 "-" "Mozilla/5.0 (compatible; Yahoo! Slurp/3.0; http://help.yahoo.com/help/us/ysearch/slurp)"
67.195.111.226 - - [29/Jun/2010:03:42:59 -0700] "GET www.blackstardojo.org/viewtopic.php?t=1576&postdays=0&postorder=asc&start=1680 HTTP/1.0" 200 104965 "-" "Mozilla/5.0 (compatible; Yahoo! Slurp/3.0; http://help.yahoo.com/help/us/ysearch/slurp)"
67.195.111.226 - - [29/Jun/2010:03:43:20 -0700] "GET www.blackstardojo.org/posting.php?mode=quote&p=50093 HTTP/1.0" 302 39 "-" "Mozilla/5.0 (compatible; Yahoo! Slurp/3.0; http://help.yahoo.com/help/us/ysearch/slurp)"
67.195.111.226 - - [29/Jun/2010:03:43:20 -0700] "GET www.blackstardojo.org/login.php?redirect=posting.php&mode=quote&p=50093&sid=c17598131e7d457223a1a72f3c6cd732 HTTP/1.0" 200 22244 "-" "Mozilla/5.0 (compatible; Yahoo! Slurp/3.0; http://help.yahoo.com/help/us/ysearch/slurp)"
67.195.115.240 - - [29/Jun/2010:03:43:34 -0700] "GET blackstardojo.org/viewtopic.php?p=27215 HTTP/1.0" 200 132594 "-" "Mozilla/5.0 (compatible; Yahoo! Slurp/3.0; http://help.yahoo.com/help/us/ysearch/slurp)"
67.195.111.226 - - [29/Jun/2010:03:44:00 -0700] "GET www.blackstardojo.org/viewtopic.php?p=46147 HTTP/1.0" 200 96159 "-" "Mozilla/5.0 (compatible; Yahoo! Slurp/3.0; http://help.yahoo.com/help/us/ysearch/slurp)"
67.195.111.226 - - [29/Jun/2010:03:44:33 -0700] "GET www.blackstardojo.org/wiki/index.php?title=Leporidae&action=edit&section=3 HTTP/1.0" 200 2099 "-" "Mozilla/5.0 (compatible; Yahoo! Slurp/3.0; http://help.yahoo.com/help/us/ysearch/slurp)"
67.195.111.226 - - [29/Jun/2010:03:44:35 -0700] "GET www.blackstardojo.org/wiki/skins/monobook/main.css HTTP/1.0" 304 - "http://www.blackstardojo.org/wiki/index.php?title=Leporidae&action=edit&section=3" "Mozilla/5.0 (compatible; Yahoo! Slurp/3.0; http://help.yahoo.com/help/us/ysearch/slurp)"
67.195.111.226 - - [29/Jun/2010:03:44:37 -0700] "GET www.blackstardojo.org/wiki/skins/common/commonPrint.css HTTP/1.0" 304 - "http://www.blackstardojo.org/wiki/index.php?title=Leporidae&action=edit&section=3" "Mozilla/5.0 (compatible; Yahoo! Slurp/3.0; http://help.yahoo.com/help/us/ysearch/slurp)"
67.195.111.226 - - [29/Jun/2010:03:44:39 -0700] "GET www.blackstardojo.org/wiki/index.php?title=-&action=raw&gen=css&maxage=18000 HTTP/1.0" 200 98 "http://www.blackstardojo.org/wiki/index.php?title=Leporidae&action=edit&section=3" "Mozilla/5.0 (compatible; Yahoo! Slurp/3.0; http://help.yahoo.com/help/us/ysearch/slurp)"
67.195.111.226 - - [29/Jun/2010:03:44:39 -0700] "GET www.blackstardojo.org/wiki/index.php?title=MediaWiki:Monobook.css&action=raw&ctype=text/css&smaxage=18000 HTTP/1.0" 200 86 "http://www.blackstardojo.org/wiki/index.php?title=Leporidae&action=edit&section=3" "Mozilla/5.0 (compatible; Yahoo! Slurp/3.0; http://help.yahoo.com/help/us/ysearch/slurp)"
67.195.115.240 - - [29/Jun/2010:03:45:24 -0700] "GET blackstardojo.org/wiki/index.php?title=Green_Wall_Slime&action=history HTTP/1.0" 200 2763 "-" "Mozilla/5.0 (compatible; Yahoo! Slurp/3.0; http://help.yahoo.com/help/us/ysearch/slurp)"
67.195.111.226 - - [29/Jun/2010:03:45:54 -0700] "GET www.blackstardojo.org/viewtopic.php?t=15&postdays=0&postorder=asc&start=15 HTTP/1.0" 200 125976 "-" "Mozilla/5.0 (compatible; Yahoo! Slurp/3.0; http://help.yahoo.com/help/us/ysearch/slurp)"
78.73.119.159 - - [29/Jun/2010:03:46:41 -0700] "GET www.blackstardojo.org/shop/images/Pokeball.gif HTTP/1.1" 200 314 "http://fuckyeahpokememe.tumblr.com/" "Mozilla/5.0 (Windows; U; Windows NT 6.0; sv-SE; rv:1.9.2.6) Gecko/20100625 Firefox/3.6.6"
216.129.119.45 - - [29/Jun/2010:03:46:46 -0700] "GET blackstardojo.org/viewtopic.php?t=772 HTTP/1.1" 302 51 "-" "Mozilla/5.0 (Twiceler-0.9 http://www.cuil.com/twiceler/robot.html)"
89.142.165.190 - - [29/Jun/2010:03:46:55 -0700] "GET www.blackstardojo.org/shop/images/Pokeball.gif HTTP/1.1" 200 314 "http://fuckyeahpokememe.tumblr.com/post/187343747/slowpoke" "Mozilla/5.0 (Windows; U; Windows NT 5.1; sl; rv:1.9.2.6) Gecko/20100625 Firefox/3.6.6"
89.142.165.190 - - [29/Jun/2010:03:47:00 -0700] "GET www.blackstardojo.org/shop/images/Pokeball.gif HTTP/1.1" 200 314 "http://fuckyeahpokememe.tumblr.com/post/187343747/slowpoke" "Mozilla/5.0 (Windows; U; Windows NT 5.1; sl; rv:1.9.2.6) Gecko/20100625 Firefox/3.6.6"
87.11.199.12 - - [29/Jun/2010:03:47:28 -0700] "GET www.blackstardojo.org/shop/images/Pokeball.gif HTTP/1.1" 200 314 "http://fuckyeahpokememe.tumblr.com/" "Opera/9.80 (Windows NT 6.1; U; it) Presto/2.5.24 Version/10.53"
67.195.115.240 - - [29/Jun/2010:03:49:45 -0700] "GET blackstardojo.org/viewtopic.php?t=755&postdays=0&postorder=asc&start=15 HTTP/1.0" 200 134267 "-" "Mozilla/5.0 (compatible; Yahoo! Slurp/3.0; http://help.yahoo.com/help/us/ysearch/slurp)"
67.195.111.226 - - [29/Jun/2010:03:49:59 -0700] "GET www.blackstardojo.org/wiki/index.php?title=Copper_Clasp HTTP/1.0" 200 2687 "-" "Mozilla/5.0 (compatible; Yahoo! Slurp/3.0; http://help.yahoo.com/help/us/ysearch/slurp)"
67.195.115.240 - - [29/Jun/2010:03:50:15 -0700] "GET blackstardojo.org/wiki/index.php?title=Talk:Searching&action=edit HTTP/1.0" 200 2108 "-" "Mozilla/5.0 (compatible; Yahoo! Slurp/3.0; http://help.yahoo.com/help/us/ysearch/slurp)"
67.195.111.226 - - [29/Jun/2010:03:51:42 -0700] "GET www.blackstardojo.org/viewforum.php?f=27 HTTP/1.0" 200 85766 "-" "Mozilla/5.0 (compatible; Yahoo! Slurp/3.0; http://help.yahoo.com/help/us/ysearch/slurp)"
89.182.153.204 - - [29/Jun/2010:03:52:00 -0700] "GET www.blackstardojo.org/shop/images/Pokeball.gif HTTP/1.1" 200 314 "http://fuckyeahpokememe.tumblr.com/" "Mozilla/5.0 (Windows; U; Windows NT 5.1; de; rv:1.9.2.6) Gecko/20100625 Firefox/3.6.6 (.NET CLR 3.5.30729)"
193.47.80.40 - - [29/Jun/2010:03:52:07 -0700] "GET blackstardojo.org/wiki/index.php?title=Special:Categories&article=Lunagon%2fParagon HTTP/1.1" 200 3105 "-" "Mozilla/5.0 (compatible; Exabot/3.0; +http://www.exabot.com/go/robot)"
67.195.115.240 - - [29/Jun/2010:03:52:09 -0700] "GET blackstardojo.org/search.php?search_author=Danikat HTTP/1.0" 200 46603 "-" "Mozilla/5.0 (compatible; Yahoo! Slurp/3.0; http://help.yahoo.com/help/us/ysearch/slurp)"
193.47.80.40 - - [29/Jun/2010:03:52:22 -0700] "GET blackstardojo.org/wiki/index.php?title=User:Bx1j_cafe_del_mar_is_up_in_flames_mp3_download&action=edit&section=3 HTTP/1.1" 200 2179 "-" "Mozilla/5.0 (compatible; Exabot/3.0; +http://www.exabot.com/go/robot)"
67.195.111.226 - - [29/Jun/2010:03:52:44 -0700] "GET www.blackstardojo.org/viewtopic.php?t=2195 HTTP/1.0" 200 93135 "-" "Mozilla/5.0 (compatible; Yahoo! Slurp/3.0; http://help.yahoo.com/help/us/ysearch/slurp)"
193.47.80.40 - - [29/Jun/2010:03:52:49 -0700] "GET blackstardojo.org/wiki/index.php?title=Special:Whatlinkshere/User:Saundershaffere HTTP/1.1" 200 2010 "-" "Mozilla/5.0 (compatible; Exabot/3.0; +http://www.exabot.com/go/robot)"
78.3.75.36 - - [29/Jun/2010:03:53:15 -0700] "GET www.blackstardojo.org/shop/images/Glass Bottle.gif HTTP/1.1" 200 1446 "http://magicinhogwarts.niceboard.net/travarstvo-f22/spremiste-t300.htm" "Mozilla/5.0 (Windows; U; Windows NT 5.1; hr-HR) AppleWebKit/533.16 (KHTML, like Gecko) Version/5.0 Safari/533.16"
119.63.193.215 - - [29/Jun/2010:03:55:09 -0700] "GET www.blackstardojo.org/ HTTP/1.1" 200 52722 "-" "Mozilla/4.0 (compatible; MSIE 6.0; Windows NT 5.1)"
67.195.115.240 - - [29/Jun/2010:03:56:10 -0700] "GET blackstardojo.org/wiki/index.php?title=User HTTP/1.0" 200 2297 "-" "Mozilla/5.0 (compatible; Yahoo! Slurp/3.0; http://help.yahoo.com/help/us/ysearch/slurp)"
86.137.13.65 - - [29/Jun/2010:03:58:40 -0700] "GET www.blackstardojo.org/shop/images/Pokeball.gif HTTP/1.1" 200 314 "http://fuckyeahpokememe.tumblr.com/" "Mozilla/5.0 (Windows; U; Windows NT 6.0; en-GB; rv:1.9.2.6) Gecko/20100625 Firefox/3.6.6 ( .NET CLR 3.5.30729; .NET4.0C)"
67.195.111.226 - - [29/Jun/2010:03:59:06 -0700] "GET www.blackstardojo.org/viewtopic.php?p=47808 HTTP/1.0" 200 42983 "-" "Mozilla/5.0 (compatible; Yahoo! Slurp/3.0; http://help.yahoo.com/help/us/ysearch/slurp)"
67.195.111.226 - - [29/Jun/2010:03:59:11 -0700] "GET www.blackstardojo.org/profile.php?mode=viewprofile&u=70 HTTP/1.0" 200 35879 "-" "Mozilla/5.0 (compatible; Yahoo! Slurp/3.0; http://help.yahoo.com/help/us/ysearch/slurp)"
67.195.111.226 - - [29/Jun/2010:04:00:02 -0700] "GET www.blackstardojo.org/viewtopic.php?t=1779&start=0 HTTP/1.0" 200 158128 "-" "Mozilla/5.0 (compatible; Yahoo! Slurp/3.0; http://help.yahoo.com/help/us/ysearch/slurp)"
67.195.111.226 - - [29/Jun/2010:04:01:39 -0700] "GET www.blackstardojo.org/wiki/index.php?title=Special:Recentchanges&days=1&limit=250&hideliu=1 HTTP/1.0" 200 2696 "-" "Mozilla/5.0 (compatible; Yahoo! Slurp/3.0; http://help.yahoo.com/help/us/ysearch/slurp)"
216.129.119.45 - - [29/Jun/2010:04:01:48 -0700] "GET blackstardojo.org/viewtopic.php?t=749 HTTP/1.1" 200 132399 "-" "Mozilla/5.0 (Twiceler-0.9 http://www.cuil.com/twiceler/robot.html)"
67.195.115.240 - - [29/Jun/2010:04:02:10 -0700] "GET blackstardojo.org/wiki/index.php?title=Special:Recentchanges&limit=100&hidebots= HTTP/1.0" 200 2925 "-" "Mozilla/5.0 (compatible; Yahoo! Slurp/3.0; http://help.yahoo.com/help/us/ysearch/slurp)"
217.151.131.41 - - [29/Jun/2010:04:03:14 -0700] "GET www.blackstardojo.org/shop/images/Hourglass.gif HTTP/1.1" 200 1407 "http://www.google.ru/imglanding?q=hourglass&imgurl=http://www.graphicsfactory.com/clip-art/image_files/tn_image/4/793624-tn_hourglass.gif&imgrefurl=http://www.graphicsfactory.com/search/hourglass_P1.html&usg=__PLJx_0Zt3nAelIP5Z9gymarmXwA=&h=32&w=32&sz=1&hl=ru&itbs=1&tbnid=6O4avO40EMENpM:&tbnh=32&tbnw=32&prev=/images%3Fq%3Dhourglass%26hl%3Dru%26newwindow%3D1%26sa%3DG%26as_st%3Dy%26tbs%3Disch:1,isz:i&newwindow=1&sa=G&as_st=y&tbs=isch:1,isz:i&start=0" "Mozilla/4.0 (compatible; MSIE 8.0; Windows NT 6.1; Trident/4.0; SLCC2; .NET CLR 2.0.50727; .NET CLR 3.5.30729; .NET CLR 3.0.30729; Media Center PC 6.0; .NET CLR 1.1.4322)"
115.240.104.95 - - [29/Jun/2010:04:03:54 -0700] "GET www.blackstardojo.org/shop/images/Uncut Alexandrite.gif HTTP/1.1" 200 1546 "http://www.gemstonesmarket.com/category/gemstones" "Mozilla/5.0 (Windows; U; Windows NT 6.0; en-US) AppleWebKit/533.4 (KHTML, like Gecko) Chrome/5.0.375.70 Safari/533.4"
24.16.139.158 - - [29/Jun/2010:04:04:18 -0700] "GET blackstardojo.org/ HTTP/1.1" 200 52723 "-" "Mozilla/5.0 (Windows; U; Windows NT 5.1; en-US; rv:1.9.2.6) Gecko/20100625 Firefox/3.6.6 ( .NET CLR 3.5.30729)"
24.16.139.158 - - [29/Jun/2010:04:04:18 -0700] "GET blackstardojo.org/templates/guildwars_tree/images/header_logo_04.gif HTTP/1.1" 200 1050 "http://blackstardojo.org/" "Mozilla/5.0 (Windows; U; Windows NT 5.1; en-US; rv:1.9.2.6) Gecko/20100625 Firefox/3.6.6 ( .NET CLR 3.5.30729)"
24.16.139.158 - - [29/Jun/2010:04:04:18 -0700] "GET blackstardojo.org/templates/guildwars_tree/images/header_logo_02.gif HTTP/1.1" 200 1050 "http://blackstardojo.org/" "Mozilla/5.0 (Windows; U; Windows NT 5.1; en-US; rv:1.9.2.6) Gecko/20100625 Firefox/3.6.6 ( .NET CLR 3.5.30729)"
24.16.139.158 - - [29/Jun/2010:04:04:18 -0700] "GET blackstardojo.org/favicon.gif HTTP/1.1" 200 20142 "-" "Mozilla/5.0 (Windows; U; Windows NT 5.1; en-US; rv:1.9.2.6) Gecko/20100625 Firefox/3.6.6 ( .NET CLR 3.5.30729)"
24.16.139.158 - - [29/Jun/2010:04:04:18 -0700] "GET blackstardojo.org/templates/guildwars_tree/images/header_logo_05.gif HTTP/1.1" 200 26586 "http://blackstardojo.org/" "Mozilla/5.0 (Windows; U; Windows NT 5.1; en-US; rv:1.9.2.6) Gecko/20100625 Firefox/3.6.6 ( .NET CLR 3.5.30729)"
24.16.139.158 - - [29/Jun/2010:04:04:18 -0700] "GET blackstardojo.org/templates/guildwars_tree/images/temblem_re.gif HTTP/1.1" 200 606 "http://blackstardojo.org/" "Mozilla/5.0 (Windows; U; Windows NT 5.1; en-US; rv:1.9.2.6) Gecko/20100625 Firefox/3.6.6 ( .NET CLR 3.5.30729)"
24.16.139.158 - - [29/Jun/2010:04:04:18 -0700] "GET blackstardojo.org/templates/guildwars_tree/images/temblem_li.gif HTTP/1.1" 200 601 "http://blackstardojo.org/" "Mozilla/5.0 (Windows; U; Windows NT 5.1; en-US; rv:1.9.2.6) Gecko/20100625 Firefox/3.6.6 ( .NET CLR 3.5.30729)"
24.16.139.158 - - [29/Jun/2010:04:04:18 -0700] "GET blackstardojo.org/templates/guildwars_tree/images/icon_latest_reply.gif HTTP/1.1" 200 952 "http://blackstardojo.org/" "Mozilla/5.0 (Windows; U; Windows NT 5.1; en-US; rv:1.9.2.6) Gecko/20100625 Firefox/3.6.6 ( .NET CLR 3.5.30729)"
24.16.139.158 - - [29/Jun/2010:04:04:18 -0700] "GET blackstardojo.org/forum_images/scroll.png HTTP/1.1" 200 3976 "http://blackstardojo.org/" "Mozilla/5.0 (Windows; U; Windows NT 5.1; en-US; rv:1.9.2.6) Gecko/20100625 Firefox/3.6.6 ( .NET CLR 3.5.30729)"
24.16.139.158 - - [29/Jun/2010:04:04:18 -0700] "GET blackstardojo.org/forum_images/pin.png HTTP/1.1" 200 2520 "http://blackstardojo.org/" "Mozilla/5.0 (Windows; U; Windows NT 5.1; en-US; rv:1.9.2.6) Gecko/20100625 Firefox/3.6.6 ( .NET CLR 3.5.30729)"
24.16.139.158 - - [29/Jun/2010:04:04:18 -0700] "GET blackstardojo.org/forum_images/bug.png HTTP/1.1" 200 2734 "http://blackstardojo.org/" "Mozilla/5.0 (Windows; U; Windows NT 5.1; en-US; rv:1.9.2.6) Gecko/20100625 Firefox/3.6.6 ( .NET CLR 3.5.30729)"
24.16.139.158 - - [29/Jun/2010:04:04:18 -0700] "GET blackstardojo.org/templates/guildwars_tree/images/header_logo_01.gif HTTP/1.1" 200 26822 "http://blackstardojo.org/" "Mozilla/5.0 (Windows; U; Windows NT 5.1; en-US; rv:1.9.2.6) Gecko/20100625 Firefox/3.6.6 ( .NET CLR 3.5.30729)"
24.16.139.158 - - [29/Jun/2010:04:04:18 -0700] "GET blackstardojo.org/templates/guildwars_tree/images/header_logo_03.gif HTTP/1.1" 200 23856 "http://blackstardojo.org/" "Mozilla/5.0 (Windows; U; Windows NT 5.1; en-US; rv:1.9.2.6) Gecko/20100625 Firefox/3.6.6 ( .NET CLR 3.5.30729)"
24.16.139.158 - - [29/Jun/2010:04:04:18 -0700] "GET blackstardojo.org/templates/guildwars_tree/images/cellpic3.gif HTTP/1.1" 200 256 "http://blackstardojo.org/" "Mozilla/5.0 (Windows; U; Windows NT 5.1; en-US; rv:1.9.2.6) Gecko/20100625 Firefox/3.6.6 ( .NET CLR 3.5.30729)"
24.16.139.158 - - [29/Jun/2010:04:04:18 -0700] "GET blackstardojo.org/templates/guildwars_tree/images/cellpic1.gif HTTP/1.1" 200 281 "http://blackstardojo.org/" "Mozilla/5.0 (Windows; U; Windows NT 5.1; en-US; rv:1.9.2.6) Gecko/20100625 Firefox/3.6.6 ( .NET CLR 3.5.30729)"
24.16.139.158 - - [29/Jun/2010:04:04:18 -0700] "GET blackstardojo.org/templates/guildwars_tree/images/cellpic2.gif HTTP/1.1" 200 1161 "http://blackstardojo.org/" "Mozilla/5.0 (Windows; U; Windows NT 5.1; en-US; rv:1.9.2.6) Gecko/20100625 Firefox/3.6.6 ( .NET CLR 3.5.30729)"
24.16.139.158 - - [29/Jun/2010:04:04:18 -0700] "GET blackstardojo.org/forum_images/dragon.png HTTP/1.1" 200 4520 "http://blackstardojo.org/" "Mozilla/5.0 (Windows; U; Windows NT 5.1; en-US; rv:1.9.2.6) Gecko/20100625 Firefox/3.6.6 ( .NET CLR 3.5.30729)"
24.16.139.158 - - [29/Jun/2010:04:04:18 -0700] "GET blackstardojo.org/forum_images/star.png HTTP/1.1" 200 2442 "http://blackstardojo.org/" "Mozilla/5.0 (Windows; U; Windows NT 5.1; en-US; rv:1.9.2.6) Gecko/20100625 Firefox/3.6.6 ( .NET CLR 3.5.30729)"
24.16.139.158 - - [29/Jun/2010:04:04:18 -0700] "GET blackstardojo.org/forum_images/training.png HTTP/1.1" 200 3129 "http://blackstardojo.org/" "Mozilla/5.0 (Windows; U; Windows NT 5.1; en-US; rv:1.9.2.6) Gecko/20100625 Firefox/3.6.6 ( .NET CLR 3.5.30729)"
24.16.139.158 - - [29/Jun/2010:04:04:18 -0700] "GET blackstardojo.org/forum_images/chat.png HTTP/1.1" 200 3555 "http://blackstardojo.org/" "Mozilla/5.0 (Windows; U; Windows NT 5.1; en-US; rv:1.9.2.6) Gecko/20100625 Firefox/3.6.6 ( .NET CLR 3.5.30729)"
24.16.139.158 - - [29/Jun/2010:04:04:18 -0700] "GET blackstardojo.org/forum_images/wolf.png HTTP/1.1" 200 2819 "http://blackstardojo.org/" "Mozilla/5.0 (Windows; U; Windows NT 5.1; en-US; rv:1.9.2.6) Gecko/20100625 Firefox/3.6.6 ( .NET CLR 3.5.30729)"
24.16.139.158 - - [29/Jun/2010:04:04:18 -0700] "GET blackstardojo.org/forum_images/north.png HTTP/1.1" 200 4238 "http://blackstardojo.org/" "Mozilla/5.0 (Windows; U; Windows NT 5.1; en-US; rv:1.9.2.6) Gecko/20100625 Firefox/3.6.6 ( .NET CLR 3.5.30729)"
24.16.139.158 - - [29/Jun/2010:04:04:18 -0700] "GET blackstardojo.org/forum_images/south.png HTTP/1.1" 200 2821 "http://blackstardojo.org/" "Mozilla/5.0 (Windows; U; Windows NT 5.1; en-US; rv:1.9.2.6) Gecko/20100625 Firefox/3.6.6 ( .NET CLR 3.5.30729)"
24.16.139.158 - - [29/Jun/2010:04:04:18 -0700] "GET blackstardojo.org/forum_images/ampitheater.png HTTP/1.1" 200 3639 "http://blackstardojo.org/" "Mozilla/5.0 (Windows; U; Windows NT 5.1; en-US; rv:1.9.2.6) Gecko/20100625 Firefox/3.6.6 ( .NET CLR 3.5.30729)"
24.16.139.158 - - [29/Jun/2010:04:04:18 -0700] "GET blackstardojo.org/forum_images/arena.png HTTP/1.1" 200 4047 "http://blackstardojo.org/" "Mozilla/5.0 (Windows; U; Windows NT 5.1; en-US; rv:1.9.2.6) Gecko/20100625 Firefox/3.6.6 ( .NET CLR 3.5.30729)"
24.16.139.158 - - [29/Jun/2010:04:04:18 -0700] "GET blackstardojo.org/forum_images/art.png HTTP/1.1" 200 4214 "http://blackstardojo.org/" "Mozilla/5.0 (Windows; U; Windows NT 5.1; en-US; rv:1.9.2.6) Gecko/20100625 Firefox/3.6.6 ( .NET CLR 3.5.30729)"
24.16.139.158 - - [29/Jun/2010:04:04:18 -0700] "GET blackstardojo.org/forum_images/market.png HTTP/1.1" 200 3915 "http://blackstardojo.org/" "Mozilla/5.0 (Windows; U; Windows NT 5.1; en-US; rv:1.9.2.6) Gecko/20100625 Firefox/3.6.6 ( .NET CLR 3.5.30729)"
24.16.139.158 - - [29/Jun/2010:04:04:18 -0700] "GET blackstardojo.org/forum_images/cave.png HTTP/1.1" 200 3899 "http://blackstardojo.org/" "Mozilla/5.0 (Windows; U; Windows NT 5.1; en-US; rv:1.9.2.6) Gecko/20100625 Firefox/3.6.6 ( .NET CLR 3.5.30729)"
24.16.139.158 - - [29/Jun/2010:04:04:18 -0700] "GET blackstardojo.org/forum_images/suggestion.png HTTP/1.1" 200 2959 "http://blackstardojo.org/" "Mozilla/5.0 (Windows; U; Windows NT 5.1; en-US; rv:1.9.2.6) Gecko/20100625 Firefox/3.6.6 ( .NET CLR 3.5.30729)"
24.16.139.158 - - [29/Jun/2010:04:04:18 -0700] "GET blackstardojo.org/forum_images/norn.png HTTP/1.1" 200 2834 "http://blackstardojo.org/" "Mozilla/5.0 (Windows; U; Windows NT 5.1; en-US; rv:1.9.2.6) Gecko/20100625 Firefox/3.6.6 ( .NET CLR 3.5.30729)"
24.16.139.158 - - [29/Jun/2010:04:04:18 -0700] "GET blackstardojo.org/templates/guildwars_tree/images/whosonline.gif HTTP/1.1" 200 6108 "http://blackstardojo.org/" "Mozilla/5.0 (Windows; U; Windows NT 5.1; en-US; rv:1.9.2.6) Gecko/20100625 Firefox/3.6.6 ( .NET CLR 3.5.30729)"
24.16.139.158 - - [29/Jun/2010:04:04:18 -0700] "GET blackstardojo.org/templates/guildwars_tree/images/icon_birthday.gif HTTP/1.1" 200 1795 "http://blackstardojo.org/" "Mozilla/5.0 (Windows; U; Windows NT 5.1; en-US; rv:1.9.2.6) Gecko/20100625 Firefox/3.6.6 ( .NET CLR 3.5.30729)"
24.16.139.158 - - [29/Jun/2010:04:04:18 -0700] "GET blackstardojo.org/templates/guildwars_tree/images/folder_big.gif HTTP/1.1" 200 713 "http://blackstardojo.org/" "Mozilla/5.0 (Windows; U; Windows NT 5.1; en-US; rv:1.9.2.6) Gecko/20100625 Firefox/3.6.6 ( .NET CLR 3.5.30729)"
24.16.139.158 - - [29/Jun/2010:04:04:18 -0700] "GET blackstardojo.org/templates/guildwars_tree/images/folder_new_big.gif HTTP/1.1" 200 1121 "http://blackstardojo.org/" "Mozilla/5.0 (Windows; U; Windows NT 5.1; en-US; rv:1.9.2.6) Gecko/20100625 Firefox/3.6.6 ( .NET CLR 3.5.30729)"
24.16.139.158 - - [29/Jun/2010:04:04:18 -0700] "GET blackstardojo.org/templates/guildwars_tree/images/folder_locked_big.gif HTTP/1.1" 200 1209 "http://blackstardojo.org/" "Mozilla/5.0 (Windows; U; Windows NT 5.1; en-US; rv:1.9.2.6) Gecko/20100625 Firefox/3.6.6 ( .NET CLR 3.5.30729)"
24.16.139.158 - - [29/Jun/2010:04:04:23 -0700] "GET blackstardojo.org/templates/guildwars_tree/images/icon_minipost.gif HTTP/1.1" 200 877 "http://blackstardojo.org/viewforum.php?f=15&sid=b319fb867213de1d2c72767ae2786ff9" "Mozilla/5.0 (Windows; U; Windows NT 5.1; en-US; rv:1.9.2.6) Gecko/20100625 Firefox/3.6.6 ( .NET CLR 3.5.30729)"
24.16.139.158 - - [29/Jun/2010:04:04:23 -0700] "GET blackstardojo.org/templates/guildwars_tree/images/folder_hot.gif HTTP/1.1" 200 385 "http://blackstardojo.org/viewforum.php?f=15&sid=b319fb867213de1d2c72767ae2786ff9" "Mozilla/5.0 (Windows; U; Windows NT 5.1; en-US; rv:1.9.2.6) Gecko/20100625 Firefox/3.6.6 ( .NET CLR 3.5.30729)"
24.16.139.158 - - [29/Jun/2010:04:04:23 -0700] "GET blackstardojo.org/templates/guildwars_tree/images/lang_english/post.gif HTTP/1.1" 200 1761 "http://blackstardojo.org/viewforum.php?f=15&sid=b319fb867213de1d2c72767ae2786ff9" "Mozilla/5.0 (Windows; U; Windows NT 5.1; en-US; rv:1.9.2.6) Gecko/20100625 Firefox/3.6.6 ( .NET CLR 3.5.30729)"
24.16.139.158 - - [29/Jun/2010:04:04:23 -0700] "GET blackstardojo.org/templates/guildwars_tree/images/folder.gif HTTP/1.1" 200 344 "http://blackstardojo.org/viewforum.php?f=15&sid=b319fb867213de1d2c72767ae2786ff9" "Mozilla/5.0 (Windows; U; Windows NT 5.1; en-US; rv:1.9.2.6) Gecko/20100625 Firefox/3.6.6 ( .NET CLR 3.5.30729)"
24.16.139.158 - - [29/Jun/2010:04:04:23 -0700] "GET blackstardojo.org/viewforum.php?f=15&sid=b319fb867213de1d2c72767ae2786ff9 HTTP/1.1" 200 49633 "http://blackstardojo.org/" "Mozilla/5.0 (Windows; U; Windows NT 5.1; en-US; rv:1.9.2.6) Gecko/20100625 Firefox/3.6.6 ( .NET CLR 3.5.30729)"
24.16.139.158 - - [29/Jun/2010:04:04:23 -0700] "GET blackstardojo.org/images/icon_clip.gif HTTP/1.1" 200 71 "http://blackstardojo.org/viewforum.php?f=15&sid=b319fb867213de1d2c72767ae2786ff9" "Mozilla/5.0 (Windows; U; Windows NT 5.1; en-US; rv:1.9.2.6) Gecko/20100625 Firefox/3.6.6 ( .NET CLR 3.5.30729)"
24.16.139.158 - - [29/Jun/2010:04:04:23 -0700] "GET blackstardojo.org/templates/guildwars_tree/images/folder_new.gif HTTP/1.1" 200 348 "http://blackstardojo.org/viewforum.php?f=15&sid=b319fb867213de1d2c72767ae2786ff9" "Mozilla/5.0 (Windows; U; Windows NT 5.1; en-US; rv:1.9.2.6) Gecko/20100625 Firefox/3.6.6 ( .NET CLR 3.5.30729)"
24.16.139.158 - - [29/Jun/2010:04:04:23 -0700] "GET blackstardojo.org/templates/guildwars_tree/images/folder_announce.gif HTTP/1.1" 200 364 "http://blackstardojo.org/viewforum.php?f=15&sid=b319fb867213de1d2c72767ae2786ff9" "Mozilla/5.0 (Windows; U; Windows NT 5.1; en-US; rv:1.9.2.6) Gecko/20100625 Firefox/3.6.6 ( .NET CLR 3.5.30729)"
24.16.139.158 - - [29/Jun/2010:04:04:23 -0700] "GET blackstardojo.org/templates/guildwars_tree/images/folder_new_hot.gif HTTP/1.1" 200 598 "http://blackstardojo.org/viewforum.php?f=15&sid=b319fb867213de1d2c72767ae2786ff9" "Mozilla/5.0 (Windows; U; Windows NT 5.1; en-US; rv:1.9.2.6) Gecko/20100625 Firefox/3.6.6 ( .NET CLR 3.5.30729)"
24.16.139.158 - - [29/Jun/2010:04:04:23 -0700] "GET blackstardojo.org/templates/guildwars_tree/images/folder_sticky.gif HTTP/1.1" 200 392 "http://blackstardojo.org/viewforum.php?f=15&sid=b319fb867213de1d2c72767ae2786ff9" "Mozilla/5.0 (Windows; U; Windows NT 5.1; en-US; rv:1.9.2.6) Gecko/20100625 Firefox/3.6.6 ( .NET CLR 3.5.30729)"
24.16.139.158 - - [29/Jun/2010:04:04:23 -0700] "GET blackstardojo.org/templates/guildwars_tree/images/folder_lock_new.gif HTTP/1.1" 200 591 "http://blackstardojo.org/viewforum.php?f=15&sid=b319fb867213de1d2c72767ae2786ff9" "Mozilla/5.0 (Windows; U; Windows NT 5.1; en-US; rv:1.9.2.6) Gecko/20100625 Firefox/3.6.6 ( .NET CLR 3.5.30729)"
24.16.139.158 - - [29/Jun/2010:04:04:23 -0700] "GET blackstardojo.org/templates/guildwars_tree/images/folder_lock.gif HTTP/1.1" 200 590 "http://blackstardojo.org/viewforum.php?f=15&sid=b319fb867213de1d2c72767ae2786ff9" "Mozilla/5.0 (Windows; U; Windows NT 5.1; en-US; rv:1.9.2.6) Gecko/20100625 Firefox/3.6.6 ( .NET CLR 3.5.30729)"
24.16.139.158 - - [29/Jun/2010:04:04:37 -0700] "GET blackstardojo.org/templates/guildwars_tree/images/lang_english/reply.gif HTTP/1.1" 200 1756 "http://blackstardojo.org/viewtopic.php?t=2362&start=30" "Mozilla/5.0 (Windows; U; Windows NT 5.1; en-US; rv:1.9.2.6) Gecko/20100625 Firefox/3.6.6 ( .NET CLR 3.5.30729)"
24.16.139.158 - - [29/Jun/2010:04:04:37 -0700] "GET blackstardojo.org/images/ranks/blackstar.png HTTP/1.1" 200 1845 "http://blackstardojo.org/viewtopic.php?t=2362&start=30" "Mozilla/5.0 (Windows; U; Windows NT 5.1; en-US; rv:1.9.2.6) Gecko/20100625 Firefox/3.6.6 ( .NET CLR 3.5.30729)"
24.16.139.158 - - [29/Jun/2010:04:04:37 -0700] "GET blackstardojo.org/images/ranks/ECRANK.PNG HTTP/1.1" 200 3312 "http://blackstardojo.org/viewtopic.php?t=2362&start=30" "Mozilla/5.0 (Windows; U; Windows NT 5.1; en-US; rv:1.9.2.6) Gecko/20100625 Firefox/3.6.6 ( .NET CLR 3.5.30729)"
24.16.139.158 - - [29/Jun/2010:04:04:37 -0700] "GET blackstardojo.org/templates/guildwars_tree/images/rank6.gif HTTP/1.1" 200 1086 "http://blackstardojo.org/viewtopic.php?t=2362&start=30" "Mozilla/5.0 (Windows; U; Windows NT 5.1; en-US; rv:1.9.2.6) Gecko/20100625 Firefox/3.6.6 ( .NET CLR 3.5.30729)"
24.16.139.158 - - [29/Jun/2010:04:04:37 -0700] "GET blackstardojo.org/images/ranks/newbelts/Spider/GreenSpiderMod.png HTTP/1.1" 200 5837 "http://blackstardojo.org/viewtopic.php?t=2362&start=30" "Mozilla/5.0 (Windows; U; Windows NT 5.1; en-US; rv:1.9.2.6) Gecko/20100625 Firefox/3.6.6 ( .NET CLR 3.5.30729)"
24.16.139.158 - - [29/Jun/2010:04:04:37 -0700] "GET blackstardojo.org/images/ranks/newbelts/Mantis/BlackMantisMod.png HTTP/1.1" 200 5202 "http://blackstardojo.org/viewtopic.php?t=2362&start=30" "Mozilla/5.0 (Windows; U; Windows NT 5.1; en-US; rv:1.9.2.6) Gecko/20100625 Firefox/3.6.6 ( .NET CLR 3.5.30729)"
24.16.139.158 - - [29/Jun/2010:04:04:37 -0700] "GET blackstardojo.org/viewtopic.php?t=2362&start=30 HTTP/1.1" 200 46076 "http://blackstardojo.org/viewforum.php?f=15&sid=b319fb867213de1d2c72767ae2786ff9" "Mozilla/5.0 (Windows; U; Windows NT 5.1; en-US; rv:1.9.2.6) Gecko/20100625 Firefox/3.6.6 ( .NET CLR 3.5.30729)"
24.16.139.158 - - [29/Jun/2010:04:04:37 -0700] "GET blackstardojo.org/templates/guildwars_tree/images/spacer.gif HTTP/1.1" 200 43 "http://blackstardojo.org/viewtopic.php?t=2362&start=30" "Mozilla/5.0 (Windows; U; Windows NT 5.1; en-US; rv:1.9.2.6) Gecko/20100625 Firefox/3.6.6 ( .NET CLR 3.5.30729)"
24.16.139.158 - - [29/Jun/2010:04:04:37 -0700] "GET blackstardojo.org/images/avatars/11181213684a2b62bfb42f2.png HTTP/1.1" 200 7220 "http://blackstardojo.org/viewtopic.php?t=2362&start=30" "Mozilla/5.0 (Windows; U; Windows NT 5.1; en-US; rv:1.9.2.6) Gecko/20100625 Firefox/3.6.6 ( .NET CLR 3.5.30729)"
24.16.139.158 - - [29/Jun/2010:04:04:37 -0700] "GET blackstardojo.org/medals/gerbil.png HTTP/1.1" 200 3946 "http://blackstardojo.org/viewtopic.php?t=2362&start=30" "Mozilla/5.0 (Windows; U; Windows NT 5.1; en-US; rv:1.9.2.6) Gecko/20100625 Firefox/3.6.6 ( .NET CLR 3.5.30729)"
24.16.139.158 - - [29/Jun/2010:04:04:37 -0700] "GET blackstardojo.org/medals/imagination.png HTTP/1.1" 200 3402 "http://blackstardojo.org/viewtopic.php?t=2362&start=30" "Mozilla/5.0 (Windows; U; Windows NT 5.1; en-US; rv:1.9.2.6) Gecko/20100625 Firefox/3.6.6 ( .NET CLR 3.5.30729)"
24.16.139.158 - - [29/Jun/2010:04:04:37 -0700] "GET blackstardojo.org/medals/ConcordatMedal.png HTTP/1.1" 200 3047 "http://blackstardojo.org/viewtopic.php?t=2362&start=30" "Mozilla/5.0 (Windows; U; Windows NT 5.1; en-US; rv:1.9.2.6) Gecko/20100625 Firefox/3.6.6 ( .NET CLR 3.5.30729)"
24.16.139.158 - - [29/Jun/2010:04:04:37 -0700] "GET blackstardojo.org/medals/WiseMedal.png HTTP/1.1" 200 4657 "http://blackstardojo.org/viewtopic.php?t=2362&start=30" "Mozilla/5.0 (Windows; U; Windows NT 5.1; en-US; rv:1.9.2.6) Gecko/20100625 Firefox/3.6.6 ( .NET CLR 3.5.30729)"
24.16.139.158 - - [29/Jun/2010:04:04:37 -0700] "GET blackstardojo.org/medals/colonyRP.png HTTP/1.1" 200 3434 "http://blackstardojo.org/viewtopic.php?t=2362&start=30" "Mozilla/5.0 (Windows; U; Windows NT 5.1; en-US; rv:1.9.2.6) Gecko/20100625 Firefox/3.6.6 ( .NET CLR 3.5.30729)"
24.16.139.158 - - [29/Jun/2010:04:04:37 -0700] "GET blackstardojo.org/medals/BugCatcher.png HTTP/1.1" 200 3548 "http://blackstardojo.org/viewtopic.php?t=2362&start=30" "Mozilla/5.0 (Windows; U; Windows NT 5.1; en-US; rv:1.9.2.6) Gecko/20100625 Firefox/3.6.6 ( .NET CLR 3.5.30729)"
24.16.139.158 - - [29/Jun/2010:04:04:37 -0700] "GET blackstardojo.org/templates/guildwars_tree/images/lang_english/icon_quote.gif HTTP/1.1" 200 1139 "http://blackstardojo.org/viewtopic.php?t=2362&start=30" "Mozilla/5.0 (Windows; U; Windows NT 5.1; en-US; rv:1.9.2.6) Gecko/20100625 Firefox/3.6.6 ( .NET CLR 3.5.30729)"
24.16.139.158 - - [29/Jun/2010:04:04:37 -0700] "GET blackstardojo.org/templates/guildwars_tree/images/lang_english/icon_profile.gif HTTP/1.1" 200 736 "http://blackstardojo.org/viewtopic.php?t=2362&start=30" "Mozilla/5.0 (Windows; U; Windows NT 5.1; en-US; rv:1.9.2.6) Gecko/20100625 Firefox/3.6.6 ( .NET CLR 3.5.30729)"
24.16.139.158 - - [29/Jun/2010:04:04:37 -0700] "GET blackstardojo.org/templates/guildwars_tree/images/lang_english/icon_pm.gif HTTP/1.1" 200 679 "http://blackstardojo.org/viewtopic.php?t=2362&start=30" "Mozilla/5.0 (Windows; U; Windows NT 5.1; en-US; rv:1.9.2.6) Gecko/20100625 Firefox/3.6.6 ( .NET CLR 3.5.30729)"
24.16.139.158 - - [29/Jun/2010:04:04:37 -0700] "GET blackstardojo.org/templates/guildwars_tree/images/lang_english/icon_www.gif HTTP/1.1" 200 704 "http://blackstardojo.org/viewtopic.php?t=2362&start=30" "Mozilla/5.0 (Windows; U; Windows NT 5.1; en-US; rv:1.9.2.6) Gecko/20100625 Firefox/3.6.6 ( .NET CLR 3.5.30729)"
24.16.139.158 - - [29/Jun/2010:04:04:37 -0700] "GET blackstardojo.org/images/smiles/icon_sad.gif HTTP/1.1" 200 171 "http://blackstardojo.org/viewtopic.php?t=2362&start=30" "Mozilla/5.0 (Windows; U; Windows NT 5.1; en-US; rv:1.9.2.6) Gecko/20100625 Firefox/3.6.6 ( .NET CLR 3.5.30729)"
24.16.139.158 - - [29/Jun/2010:04:04:37 -0700] "GET blackstardojo.org/templates/guildwars_tree/images/lang_english/icon_msnm.gif HTTP/1.1" 200 701 "http://blackstardojo.org/viewtopic.php?t=2362&start=30" "Mozilla/5.0 (Windows; U; Windows NT 5.1; en-US; rv:1.9.2.6) Gecko/20100625 Firefox/3.6.6 ( .NET CLR 3.5.30729)"
24.16.139.158 - - [29/Jun/2010:04:04:37 -0700] "GET blackstardojo.org/images/ranks/weirdbelt.png HTTP/1.1" 200 6196 "http://blackstardojo.org/viewtopic.php?t=2362&start=30" "Mozilla/5.0 (Windows; U; Windows NT 5.1; en-US; rv:1.9.2.6) Gecko/20100625 Firefox/3.6.6 ( .NET CLR 3.5.30729)"
24.16.139.158 - - [29/Jun/2010:04:04:37 -0700] "GET blackstardojo.org/images/ranks/powerapathy.png HTTP/1.1" 200 966 "http://blackstardojo.org/viewtopic.php?t=2362&start=30" "Mozilla/5.0 (Windows; U; Windows NT 5.1; en-US; rv:1.9.2.6) Gecko/20100625 Firefox/3.6.6 ( .NET CLR 3.5.30729)"
24.16.139.158 - - [29/Jun/2010:04:04:37 -0700] "GET blackstardojo.org/images/avatars/12541419624aaec8492d77d.png HTTP/1.1" 200 10522 "http://blackstardojo.org/viewtopic.php?t=2362&start=30" "Mozilla/5.0 (Windows; U; Windows NT 5.1; en-US; rv:1.9.2.6) Gecko/20100625 Firefox/3.6.6 ( .NET CLR 3.5.30729)"
24.16.139.158 - - [29/Jun/2010:04:04:37 -0700] "GET blackstardojo.org/medals/doagmedal_212.png HTTP/1.1" 200 1418 "http://blackstardojo.org/viewtopic.php?t=2362&start=30" "Mozilla/5.0 (Windows; U; Windows NT 5.1; en-US; rv:1.9.2.6) Gecko/20100625 Firefox/3.6.6 ( .NET CLR 3.5.30729)"
24.16.139.158 - - [29/Jun/2010:04:04:37 -0700] "GET blackstardojo.org/medals/bomb.png HTTP/1.1" 200 1251 "http://blackstardojo.org/viewtopic.php?t=2362&start=30" "Mozilla/5.0 (Windows; U; Windows NT 5.1; en-US; rv:1.9.2.6) Gecko/20100625 Firefox/3.6.6 ( .NET CLR 3.5.30729)"
24.16.139.158 - - [29/Jun/2010:04:04:37 -0700] "GET blackstardojo.org/images/ranks/newbelts/Owl/BlackOwlMod.png HTTP/1.1" 200 5238 "http://blackstardojo.org/viewtopic.php?t=2362&start=30" "Mozilla/5.0 (Windows; U; Windows NT 5.1; en-US; rv:1.9.2.6) Gecko/20100625 Firefox/3.6.6 ( .NET CLR 3.5.30729)"
24.16.139.158 - - [29/Jun/2010:04:04:37 -0700] "GET blackstardojo.org/images/avatars/1493995017472820256e410.jpg HTTP/1.1" 404 1695 "http://blackstardojo.org/viewtopic.php?t=2362&start=30" "Mozilla/5.0 (Windows; U; Windows NT 5.1; en-US; rv:1.9.2.6) Gecko/20100625 Firefox/3.6.6 ( .NET CLR 3.5.30729)"
24.16.139.158 - - [29/Jun/2010:04:04:37 -0700] "GET blackstardojo.org/medals/VolcanoMedal.png HTTP/1.1" 200 3600 "http://blackstardojo.org/viewtopic.php?t=2362&start=30" "Mozilla/5.0 (Windows; U; Windows NT 5.1; en-US; rv:1.9.2.6) Gecko/20100625 Firefox/3.6.6 ( .NET CLR 3.5.30729)"
24.16.139.158 - - [29/Jun/2010:04:04:37 -0700] "GET blackstardojo.org/images/smiles/yen.png HTTP/1.1" 200 201 "http://blackstardojo.org/viewtopic.php?t=2362&start=30" "Mozilla/5.0 (Windows; U; Windows NT 5.1; en-US; rv:1.9.2.6) Gecko/20100625 Firefox/3.6.6 ( .NET CLR 3.5.30729)"
94.70.117.123 - - [29/Jun/2010:04:06:21 -0700] "GET www.blackstardojo.org/forum_images/suggestion.png HTTP/1.1" 200 2959 "http://gointhrough.all-up.com/" "Mozilla/5.0 (Windows; U; Windows NT 6.0; el; rv:1.9.1.9) Gecko/20100315 AskTbMGX/3.8.0.12304 Firefox/3.5.9 GTB7.0 (.NET CLR 3.5.30729)"
67.195.115.240 - - [29/Jun/2010:04:06:22 -0700] "GET blackstardojo.org/search.php?search_author=huynh_192265 HTTP/1.0" 200 46109 "-" "Mozilla/5.0 (compatible; Yahoo! Slurp/3.0; http://help.yahoo.com/help/us/ysearch/slurp)"
94.70.117.123 - - [29/Jun/2010:04:06:41 -0700] "GET www.blackstardojo.org/forum_images/suggestion.png HTTP/1.1" 200 2959 "http://gointhrough.all-up.com/index.htm?sid=cc9bafde703f0669080920a7ba502785" "Mozilla/5.0 (Windows; U; Windows NT 6.0; el; rv:1.9.1.9) Gecko/20100315 AskTbMGX/3.8.0.12304 Firefox/3.5.9 GTB7.0 (.NET CLR 3.5.30729)"
79.149.135.8 - - [29/Jun/2010:04:07:02 -0700] "GET www.blackstardojo.org/shop/images/Pokeball.gif HTTP/1.1" 200 314 "http://forospokemonworld.foroactivo.net/forum.htm" "Mozilla/4.0 (compatible; MSIE 7.0; Windows NT 6.0; GTB6.5; SLCC1; .NET CLR 2.0.50727; Media Center PC 5.0; .NET CLR 3.0.04506)"
203.219.236.62 - - [29/Jun/2010:04:07:43 -0700] "GET www.blackstardojo.org/shop/images/Pokeball.gif HTTP/1.1" 200 314 "http://fuckyeahpokememe.tumblr.com/" "Mozilla/5.0 (Windows; U; Windows NT 5.1; en-US; rv:1.9.2.6) Gecko/20100625 Firefox/3.6.6 (.NET CLR 3.5.30729)"
67.195.115.240 - - [29/Jun/2010:04:08:18 -0700] "GET blackstardojo.org/wiki/index.php?title=RP_Idea_Arpie&action=edit HTTP/1.0" 200 2089 "-" "Mozilla/5.0 (compatible; Yahoo! Slurp/3.0; http://help.yahoo.com/help/us/ysearch/slurp)"
67.195.115.240 - - [29/Jun/2010:04:08:49 -0700] "GET blackstardojo.org/wiki/index.php?title=Profile&printable=yes HTTP/1.0" 200 3142 "-" "Mozilla/5.0 (compatible; Yahoo! Slurp/3.0; http://help.yahoo.com/help/us/ysearch/slurp)"
67.218.116.167 - - [29/Jun/2010:04:09:18 -0700] "GET blackstardojo.org/shop.php?action=inventory&searchid=33 HTTP/1.1" 302 40126 "-" "Mozilla/5.0 (Twiceler-0.9 http://www.cuil.com/twiceler/robot.html)"
87.202.71.177 - - [29/Jun/2010:04:10:18 -0700] "GET www.blackstardojo.org/forum_images/suggestion.png HTTP/1.1" 200 2959 "http://gointhrough.all-up.com/forum.htm" "Mozilla/4.0 (compatible; MSIE 8.0; Windows NT 6.0; Trident/4.0; SIMBAR={76935B1E-C39E-422D-AC80-D524B791259E}; GTB5; SLCC1; .NET CLR 2.0.50727; Media Center PC 5.0; .NET CLR 3.5.30729; .NET CLR 3.0.30618; OfficeLiveConnector.1.3; OfficeLivePatch.0.0)"
67.195.111.226 - - [29/Jun/2010:04:10:24 -0700] "GET www.blackstardojo.org/posting.php?mode=quote&p=48925 HTTP/1.0" 302 39 "-" "Mozilla/5.0 (compatible; Yahoo! Slurp/3.0; http://help.yahoo.com/help/us/ysearch/slurp)"
67.195.111.226 - - [29/Jun/2010:04:10:25 -0700] "GET www.blackstardojo.org/login.php?redirect=posting.php&mode=quote&p=48925&sid=d96a99ef47036ad28888be5d37485d30 HTTP/1.0" 200 22244 "-" "Mozilla/5.0 (compatible; Yahoo! Slurp/3.0; http://help.yahoo.com/help/us/ysearch/slurp)"
67.195.115.240 - - [29/Jun/2010:04:11:26 -0700] "GET blackstardojo.org/wiki/index.php?title=Category:Shop_Districts&printable=yes HTTP/1.0" 200 2499 "-" "Mozilla/5.0 (compatible; Yahoo! Slurp/3.0; http://help.yahoo.com/help/us/ysearch/slurp)"
67.195.115.240 - - [29/Jun/2010:04:13:42 -0700] "GET blackstardojo.org/wiki/index.php?title=Category:Shop_Districts&printable=yes&printable=yes HTTP/1.0" 200 2573 "-" "Mozilla/5.0 (compatible; Yahoo! Slurp/3.0; http://help.yahoo.com/help/us/ysearch/slurp)"
93.97.80.91 - - [29/Jun/2010:04:14:16 -0700] "GET www.blackstardojo.org/shop/images/Pokeball.gif HTTP/1.1" 200 314 "http://fuckyeahpokememe.tumblr.com/" "Mozilla/4.0 (compatible; MSIE 7.0; Windows NT 5.1; Trident/4.0; SU 3.21; GTB6.5; .NET CLR 1.1.4322; .NET CLR 2.0.50727; .NET CLR 3.0.4506.2152; .NET CLR 3.5.30729)"
67.195.111.226 - - [29/Jun/2010:04:15:02 -0700] "GET www.blackstardojo.org/wiki/index.php?title=Talk:Gauntlet_of_Unknown_Quality&action=edit HTTP/1.0" 200 2132 "-" "Mozilla/5.0 (compatible; Yahoo! Slurp/3.0; http://help.yahoo.com/help/us/ysearch/slurp)"
67.195.115.240 - - [29/Jun/2010:04:15:26 -0700] "GET blackstardojo.org/viewtopic.php?p=36584 HTTP/1.0" 200 73896 "-" "Mozilla/5.0 (compatible; Yahoo! Slurp/3.0; http://help.yahoo.com/help/us/ysearch/slurp)"
67.195.115.240 - - [29/Jun/2010:04:16:15 -0700] "GET blackstardojo.org/wiki/index.php?title=Talk:Soda_Ash&action=edit HTTP/1.0" 200 2111 "-" "Mozilla/5.0 (compatible; Yahoo! Slurp/3.0; http://help.yahoo.com/help/us/ysearch/slurp)"
67.195.115.240 - - [29/Jun/2010:04:17:28 -0700] "GET blackstardojo.org/wiki/index.php?title=Special:Whatlinkshere/Item_Request HTTP/1.0" 200 2139 "-" "Mozilla/5.0 (compatible; Yahoo! Slurp/3.0; http://help.yahoo.com/help/us/ysearch/slurp)"
67.195.115.240 - - [29/Jun/2010:04:17:53 -0700] "GET blackstardojo.org/posting.php?mode=reply&t=2331 HTTP/1.0" 302 39 "-" "Mozilla/5.0 (compatible; Yahoo! Slurp/3.0; http://help.yahoo.com/help/us/ysearch/slurp)"
67.195.111.226 - - [29/Jun/2010:04:17:54 -0700] "GET www.blackstardojo.org/login.php?redirect=posting.php&mode=reply&t=2331&sid=08d7e68c7075904a163dd4a154d0cacc HTTP/1.0" 200 22243 "-" "Mozilla/5.0 (compatible; Yahoo! Slurp/3.0; http://help.yahoo.com/help/us/ysearch/slurp)"
67.195.111.226 - - [29/Jun/2010:04:17:57 -0700] "GET www.blackstardojo.org/wiki/index.php?title=Category:Notable_Threads&printable=yes HTTP/1.0" 200 2390 "-" "Mozilla/5.0 (compatible; Yahoo! Slurp/3.0; http://help.yahoo.com/help/us/ysearch/slurp)"
203.166.84.253 - - [29/Jun/2010:04:19:47 -0700] "GET blackstardojo.org/index.php HTTP/1.1" 200 57986 "http://blackstardojo.org/privmsg.php?folder=inbox&mode=read&p=23903" "Mozilla/5.0 (Windows; U; Windows NT 6.1; en-GB; rv:1.9.2.4) Gecko/20100611 Firefox/3.6.4"
203.166.84.253 - - [29/Jun/2010:04:20:06 -0700] "GET blackstardojo.org/viewforum.php?f=6 HTTP/1.1" 200 83977 "http://blackstardojo.org/index.php" "Mozilla/5.0 (Windows; U; Windows NT 6.1; en-GB; rv:1.9.2.4) Gecko/20100611 Firefox/3.6.4"
