67.195.111.226 - - [28/Jun/2010:00:00:37 -0700] "GET www.blackstardojo.org/viewtopic.php?p=52640 HTTP/1.0" 200 71918 "-" "Mozilla/5.0 (compatible; Yahoo! Slurp/3.0; http://help.yahoo.com/help/us/ysearch/slurp)"
67.195.111.226 - - [28/Jun/2010:00:00:44 -0700] "GET www.blackstardojo.org/wiki/index.php?title=Talk:The_Evil_Angel&action=edit HTTP/1.0" 200 2118 "-" "Mozilla/5.0 (compatible; Yahoo! Slurp/3.0; http://help.yahoo.com/help/us/ysearch/slurp)"
193.47.80.40 - - [28/Jun/2010:00:01:58 -0700] "GET blackstardojo.org/wiki/index.php?title=Special:Whatlinkshere/Flour HTTP/1.1" 200 2245 "-" "Mozilla/5.0 (compatible; Exabot/3.0; +http://www.exabot.com/go/robot)"
67.180.64.188 - - [28/Jun/2010:00:02:07 -0700] "GET www.blackstardojo.org/shop/images/Pokeball.gif HTTP/1.1" 200 314 "http://fuckyeahpokememe.tumblr.com/" "Mozilla/5.0 (Macintosh; U; Intel Mac OS X 10_5_8; en-US) AppleWebKit/533.4 (KHTML, like Gecko) Chrome/5.0.375.86 Safari/533.4"
67.195.115.240 - - [28/Jun/2010:00:02:47 -0700] "GET blackstardojo.org/viewtopic.php?t=90&start=135 HTTP/1.0" 200 123601 "-" "Mozilla/5.0 (compatible; Yahoo! Slurp/3.0; http://help.yahoo.com/help/us/ysearch/slurp)"
67.195.115.240 - - [28/Jun/2010:00:02:49 -0700] "GET blackstardojo.org/viewtopic.php?p=50215 HTTP/1.0" 200 90371 "-" "Mozilla/5.0 (compatible; Yahoo! Slurp/3.0; http://help.yahoo.com/help/us/ysearch/slurp)"
67.195.115.240 - - [28/Jun/2010:00:03:23 -0700] "GET blackstardojo.org/wiki/index.php?title=Special:Categories&article=Oshiego_of_Ruby_Hue HTTP/1.0" 200 3096 "-" "Mozilla/5.0 (compatible; Yahoo! Slurp/3.0; http://help.yahoo.com/help/us/ysearch/slurp)"
67.195.115.240 - - [28/Jun/2010:00:03:23 -0700] "GET blackstardojo.org/wiki/skins/monobook/main.css HTTP/1.0" 304 - "http://blackstardojo.org/wiki/index.php?title=Special:Categories&article=Oshiego_of_Ruby_Hue" "Mozilla/5.0 (compatible; Yahoo! Slurp/3.0; http://help.yahoo.com/help/us/ysearch/slurp)"
67.195.115.240 - - [28/Jun/2010:00:03:23 -0700] "GET blackstardojo.org/wiki/skins/common/commonPrint.css HTTP/1.0" 304 - "http://blackstardojo.org/wiki/index.php?title=Special:Categories&article=Oshiego_of_Ruby_Hue" "Mozilla/5.0 (compatible; Yahoo! Slurp/3.0; http://help.yahoo.com/help/us/ysearch/slurp)"
67.195.115.240 - - [28/Jun/2010:00:03:24 -0700] "GET blackstardojo.org/wiki/index.php?title=-&action=raw&gen=css&maxage=18000 HTTP/1.0" 200 98 "http://blackstardojo.org/wiki/index.php?title=Special:Categories&article=Oshiego_of_Ruby_Hue" "Mozilla/5.0 (compatible; Yahoo! Slurp/3.0; http://help.yahoo.com/help/us/ysearch/slurp)"
67.195.115.240 - - [28/Jun/2010:00:03:24 -0700] "GET blackstardojo.org/wiki/index.php?title=MediaWiki:Monobook.css&action=raw&ctype=text/css&smaxage=18000 HTTP/1.0" 200 86 "http://blackstardojo.org/wiki/index.php?title=Special:Categories&article=Oshiego_of_Ruby_Hue" "Mozilla/5.0 (compatible; Yahoo! Slurp/3.0; http://help.yahoo.com/help/us/ysearch/slurp)"
193.47.80.40 - - [28/Jun/2010:00:04:10 -0700] "GET blackstardojo.org/wiki/index.php?title=Special:Userlogin&returnto=User:X2fs_buy_lamisil_online_cheap HTTP/1.1" 200 2629 "-" "Mozilla/5.0 (compatible; Exabot/3.0; +http://www.exabot.com/go/robot)"
67.195.111.226 - - [28/Jun/2010:00:04:14 -0700] "GET www.blackstardojo.org/viewtopic.php?t=1793&start=15 HTTP/1.0" 200 141434 "-" "Mozilla/5.0 (compatible; Yahoo! Slurp/3.0; http://help.yahoo.com/help/us/ysearch/slurp)"
118.209.227.25 - - [28/Jun/2010:00:04:56 -0700] "GET www.blackstardojo.org/shop/images/Pokeball.gif HTTP/1.1" 200 314 "http://fuckyeahpokememe.tumblr.com/" "Mozilla/5.0 (Windows; U; Windows NT 5.1; en-US; rv:1.9.2.6) Gecko/20100625 Firefox/3.6.6"
68.151.240.23 - - [28/Jun/2010:00:05:09 -0700] "GET www.blackstardojo.org/favicon.gif HTTP/1.1" 200 20142 "-" "Mozilla/5.0 (Windows; U; Windows NT 5.1; en-US; rv:1.9.2.6) Gecko/20100625 Firefox/3.6.6 ( .NET CLR 3.5.30729)"
68.151.240.23 - - [28/Jun/2010:00:05:09 -0700] "GET www.blackstardojo.org/templates/guildwars_tree/images/temblem_re.gif HTTP/1.1" 200 606 "http://www.blackstardojo.org/index.php" "Mozilla/5.0 (Windows; U; Windows NT 5.1; en-US; rv:1.9.2.6) Gecko/20100625 Firefox/3.6.6 ( .NET CLR 3.5.30729)"
68.151.240.23 - - [28/Jun/2010:00:05:09 -0700] "GET www.blackstardojo.org/templates/guildwars_tree/images/temblem_li.gif HTTP/1.1" 200 601 "http://www.blackstardojo.org/index.php" "Mozilla/5.0 (Windows; U; Windows NT 5.1; en-US; rv:1.9.2.6) Gecko/20100625 Firefox/3.6.6 ( .NET CLR 3.5.30729)"
68.151.240.23 - - [28/Jun/2010:00:05:09 -0700] "GET www.blackstardojo.org/templates/guildwars_tree/images/cellpic2.gif HTTP/1.1" 200 1161 "http://www.blackstardojo.org/index.php" "Mozilla/5.0 (Windows; U; Windows NT 5.1; en-US; rv:1.9.2.6) Gecko/20100625 Firefox/3.6.6 ( .NET CLR 3.5.30729)"
68.151.240.23 - - [28/Jun/2010:00:05:09 -0700] "GET www.blackstardojo.org/templates/guildwars_tree/images/folder_big.gif HTTP/1.1" 200 713 "http://www.blackstardojo.org/index.php" "Mozilla/5.0 (Windows; U; Windows NT 5.1; en-US; rv:1.9.2.6) Gecko/20100625 Firefox/3.6.6 ( .NET CLR 3.5.30729)"
68.151.240.23 - - [28/Jun/2010:00:05:09 -0700] "GET www.blackstardojo.org/templates/guildwars_tree/images/icon_latest_reply.gif HTTP/1.1" 200 952 "http://www.blackstardojo.org/index.php" "Mozilla/5.0 (Windows; U; Windows NT 5.1; en-US; rv:1.9.2.6) Gecko/20100625 Firefox/3.6.6 ( .NET CLR 3.5.30729)"
68.151.240.23 - - [28/Jun/2010:00:05:09 -0700] "GET www.blackstardojo.org/index.php HTTP/1.1" 200 82999 "-" "Mozilla/5.0 (Windows; U; Windows NT 5.1; en-US; rv:1.9.2.6) Gecko/20100625 Firefox/3.6.6 ( .NET CLR 3.5.30729)"
68.151.240.23 - - [28/Jun/2010:00:05:09 -0700] "GET www.blackstardojo.org/templates/guildwars_tree/images/whosonline.gif HTTP/1.1" 200 6108 "http://www.blackstardojo.org/index.php" "Mozilla/5.0 (Windows; U; Windows NT 5.1; en-US; rv:1.9.2.6) Gecko/20100625 Firefox/3.6.6 ( .NET CLR 3.5.30729)"
68.151.240.23 - - [28/Jun/2010:00:05:09 -0700] "GET www.blackstardojo.org/templates/guildwars_tree/images/folder_new_big.gif HTTP/1.1" 200 1121 "http://www.blackstardojo.org/index.php" "Mozilla/5.0 (Windows; U; Windows NT 5.1; en-US; rv:1.9.2.6) Gecko/20100625 Firefox/3.6.6 ( .NET CLR 3.5.30729)"
68.151.240.23 - - [28/Jun/2010:00:05:09 -0700] "GET www.blackstardojo.org/templates/guildwars_tree/images/icon_birthday.gif HTTP/1.1" 200 1795 "http://www.blackstardojo.org/index.php" "Mozilla/5.0 (Windows; U; Windows NT 5.1; en-US; rv:1.9.2.6) Gecko/20100625 Firefox/3.6.6 ( .NET CLR 3.5.30729)"
68.151.240.23 - - [28/Jun/2010:00:05:09 -0700] "GET www.blackstardojo.org/templates/guildwars_tree/images/folder_locked_big.gif HTTP/1.1" 200 1209 "http://www.blackstardojo.org/index.php" "Mozilla/5.0 (Windows; U; Windows NT 5.1; en-US; rv:1.9.2.6) Gecko/20100625 Firefox/3.6.6 ( .NET CLR 3.5.30729)"
67.233.199.247 - - [28/Jun/2010:00:05:52 -0700] "GET www.blackstardojo.org/shop/images/Pokeball.gif HTTP/1.1" 304 - "http://fuckyeahpokememe.tumblr.com/page/8" "Mozilla/4.0 (compatible; MSIE 7.0; Windows NT 6.0; GTB6.5; SLCC1; .NET CLR 2.0.50727; Media Center PC 5.0; .NET CLR 1.1.4322; .NET CLR 3.5.30729; .NET CLR 3.0.30618)"
74.64.23.117 - - [28/Jun/2010:00:05:58 -0700] "GET www.blackstardojo.org/shop/images/Pokeball.gif HTTP/1.1" 200 314 "http://fuckyeahpokememe.tumblr.com/" "Mozilla/5.0 (Macintosh; U; Intel Mac OS X 10.6; en-US; rv:1.9.2.4) Gecko/20100611 Firefox/3.6.4"
93.45.178.185 - - [28/Jun/2010:00:06:56 -0700] "GET www.blackstardojo.org/shop/images/Pokeball.gif HTTP/1.1" 200 314 "http://fuckyeahpokememe.tumblr.com/" "Mozilla/5.0 (X11; U; Linux i686; en-US; rv:1.9.2.3) Gecko/20100423 Ubuntu/10.04 (lucid) Firefox/3.6.3"
67.195.115.240 - - [28/Jun/2010:00:07:24 -0700] "GET blackstardojo.org/viewtopic.php?p=20295 HTTP/1.0" 200 96459 "-" "Mozilla/5.0 (compatible; Yahoo! Slurp/3.0; http://help.yahoo.com/help/us/ysearch/slurp)"
99.51.128.206 - - [28/Jun/2010:00:08:01 -0700] "GET www.blackstardojo.org/shop/images/Pokeball.gif HTTP/1.1" 200 314 "http://fuckyeahpokememe.tumblr.com/" "Mozilla/5.0 (Macintosh; U; Intel Mac OS X 10_5_8; en-us) AppleWebKit/531.22.7 (KHTML, like Gecko) Version/4.0.5 Safari/531.22.7"
69.230.164.174 - - [28/Jun/2010:00:08:15 -0700] "GET www.blackstardojo.org/shop/images/Pokeball.gif HTTP/1.1" 200 314 "http://fuckyeahpokememe.tumblr.com/" "Mozilla/5.0 (Windows; U; Windows NT 6.1; en-US) AppleWebKit/533.16 (KHTML, like Gecko) Version/5.0 Safari/533.16"
24.23.201.251 - - [28/Jun/2010:00:08:32 -0700] "GET www.blackstardojo.org/shop/images/Pokeball.gif HTTP/1.1" 200 314 "http://fuckyeahpokememe.tumblr.com/" "Mozilla/5.0 (Windows; U; Windows NT 5.1; en-US; rv:1.9.1.10) Gecko/20100504 Firefox/3.5.10"
72.79.186.111 - - [28/Jun/2010:00:08:35 -0700] "GET www.blackstardojo.org/shop/images/Pokeball.gif HTTP/1.1" 200 314 "http://fuckyeahpokememe.tumblr.com/" "Mozilla/5.0 (Macintosh; U; Intel Mac OS X 10_6_3; en-us) AppleWebKit/533.16 (KHTML, like Gecko) Version/5.0 Safari/533.16"
193.47.80.40 - - [28/Jun/2010:00:08:41 -0700] "GET blackstardojo.org/wiki/index.php?title=Special:Whatlinkshere/Mutant_Chicken HTTP/1.1" 200 2164 "-" "Mozilla/5.0 (compatible; Exabot/3.0; +http://www.exabot.com/go/robot)"
193.47.80.40 - - [28/Jun/2010:00:09:02 -0700] "GET blackstardojo.org/wiki/index.php?title=Wild_Honeycomb&action=edit HTTP/1.1" 200 2117 "-" "Mozilla/5.0 (compatible; Exabot/3.0; +http://www.exabot.com/go/robot)"
67.195.111.226 - - [28/Jun/2010:00:09:04 -0700] "GET www.blackstardojo.org/privmsg.php?mode=post&u=45 HTTP/1.0" 302 39 "-" "Mozilla/5.0 (compatible; Yahoo! Slurp/3.0; http://help.yahoo.com/help/us/ysearch/slurp)"
67.195.111.226 - - [28/Jun/2010:00:09:05 -0700] "GET www.blackstardojo.org/login.php?redirect=privmsg.php&folder=inbox&mode=post&u=45&sid=855153d6e53aa1536f50a3f17674ac7c HTTP/1.0" 200 22250 "-" "Mozilla/5.0 (compatible; Yahoo! Slurp/3.0; http://help.yahoo.com/help/us/ysearch/slurp)"
67.195.111.226 - - [28/Jun/2010:00:09:15 -0700] "GET www.blackstardojo.org/posting.php?mode=quote&p=53022 HTTP/1.0" 302 39 "-" "Mozilla/5.0 (compatible; Yahoo! Slurp/3.0; http://help.yahoo.com/help/us/ysearch/slurp)"
67.195.111.226 - - [28/Jun/2010:00:09:15 -0700] "GET www.blackstardojo.org/login.php?redirect=posting.php&mode=quote&p=53022&sid=904f27b0eb5ca1445569ee1cffa25106 HTTP/1.0" 200 22241 "-" "Mozilla/5.0 (compatible; Yahoo! Slurp/3.0; http://help.yahoo.com/help/us/ysearch/slurp)"
121.220.45.47 - - [28/Jun/2010:00:09:31 -0700] "GET www.blackstardojo.org/shop/images/Pokeball.gif HTTP/1.1" 200 314 "http://fuckyeahpokememe.tumblr.com/" "Mozilla/5.0 (Windows; U; Windows NT 5.1; en-GB; rv:1.9.2.6) Gecko/20100625 Firefox/3.6.6"
67.195.115.240 - - [28/Jun/2010:00:10:11 -0700] "GET blackstardojo.org/viewtopic.php?t=1196 HTTP/1.0" 200 35664 "-" "Mozilla/5.0 (compatible; Yahoo! Slurp/3.0; http://help.yahoo.com/help/us/ysearch/slurp)"
66.249.68.235 - - [28/Jun/2010:00:10:33 -0700] "GET www.blackstardojo.org/search.php?search_author=RosalineAng&sid=cfd5423097c9a7d9143118d756c876c2 HTTP/1.1" 200 21302 "-" "Mozilla/5.0 (compatible; Googlebot/2.1; +http://www.google.com/bot.html)"
70.248.178.142 - - [28/Jun/2010:00:11:11 -0700] "GET www.blackstardojo.org/shop/images/Pokeball.gif HTTP/1.1" 200 314 "http://fuckyeahpokememe.tumblr.com/" "Opera/9.80 (Windows NT 6.1; U; en) Presto/2.5.24 Version/10.53"
67.195.115.240 - - [28/Jun/2010:00:11:24 -0700] "GET blackstardojo.org/profile.php?mode=viewprofile&u=210 HTTP/1.0" 200 35525 "-" "Mozilla/5.0 (compatible; Yahoo! Slurp/3.0; http://help.yahoo.com/help/us/ysearch/slurp)"
67.195.115.240 - - [28/Jun/2010:00:11:34 -0700] "GET blackstardojo.org/wiki/index.php?title=Special:Whatlinkshere/Dulse_Algae HTTP/1.0" 200 2157 "-" "Mozilla/5.0 (compatible; Yahoo! Slurp/3.0; http://help.yahoo.com/help/us/ysearch/slurp)"
193.47.80.40 - - [28/Jun/2010:00:11:44 -0700] "GET blackstardojo.org/wiki/index.php?title=Image:IronwoodPlank.gif&action=history HTTP/1.1" 200 2552 "-" "Mozilla/5.0 (compatible; Exabot/3.0; +http://www.exabot.com/go/robot)"
67.195.115.240 - - [28/Jun/2010:00:11:52 -0700] "GET blackstardojo.org/wiki/index.php?title=Special:Recentchanges&limit=500&days=3 HTTP/1.0" 200 2671 "-" "Mozilla/5.0 (compatible; Yahoo! Slurp/3.0; http://help.yahoo.com/help/us/ysearch/slurp)"
67.195.111.226 - - [28/Jun/2010:00:12:05 -0700] "GET www.blackstardojo.org/viewtopic.php?p=50092 HTTP/1.0" 200 110243 "-" "Mozilla/5.0 (compatible; Yahoo! Slurp/3.0; http://help.yahoo.com/help/us/ysearch/slurp)"
67.195.115.240 - - [28/Jun/2010:00:12:30 -0700] "GET blackstardojo.org/wiki/index.php?title=Category:Styles HTTP/1.0" 200 2455 "-" "Mozilla/5.0 (compatible; Yahoo! Slurp/3.0; http://help.yahoo.com/help/us/ysearch/slurp)"
66.68.240.115 - - [28/Jun/2010:00:12:35 -0700] "GET www.blackstardojo.org/shop/images/Pokeball.gif HTTP/1.1" 200 314 "http://fuckyeahpokememe.tumblr.com/" "Mozilla/5.0 (Windows; U; Windows NT 6.1; en-US) AppleWebKit/533.4 (KHTML, like Gecko) Chrome/5.0.375.70 Safari/533.4"
67.195.115.240 - - [28/Jun/2010:00:12:39 -0700] "GET blackstardojo.org/viewtopic.php?t=1823 HTTP/1.0" 200 128011 "-" "Mozilla/5.0 (compatible; Yahoo! Slurp/3.0; http://help.yahoo.com/help/us/ysearch/slurp)"
98.207.187.74 - - [28/Jun/2010:00:12:46 -0700] "GET www.blackstardojo.org/shop/images/Pokeball.gif HTTP/1.1" 200 314 "http://fuckyeahpokememe.tumblr.com/" "Mozilla/5.0 (Windows; U; Windows NT 5.1; en-US) AppleWebKit/533.4 (KHTML, like Gecko) Chrome/5.0.375.70 Safari/533.4"
67.195.115.240 - - [28/Jun/2010:00:13:04 -0700] "GET blackstardojo.org/wiki/index.php?title=The_Path_of_the_Fukurou HTTP/1.0" 200 2775 "-" "Mozilla/5.0 (compatible; Yahoo! Slurp/3.0; http://help.yahoo.com/help/us/ysearch/slurp)"
75.80.212.249 - - [28/Jun/2010:00:14:17 -0700] "GET www.blackstardojo.org/shop/images/Pokeball.gif HTTP/1.1" 200 314 "http://fuckyeahpokememe.tumblr.com/" "Mozilla/5.0 (Macintosh; U; Intel Mac OS X 10.5; en-US; rv:1.9.0.5) Gecko/2008120121 Firefox/3.0.5"
124.189.144.135 - - [28/Jun/2010:00:14:51 -0700] "GET www.blackstardojo.org/shop/images/Pokeball.gif HTTP/1.1" 200 314 "http://fuckyeahpokememe.tumblr.com/" "Mozilla/5.0 (Macintosh; U; Intel Mac OS X 10_5_8; en-us) AppleWebKit/533.16 (KHTML, like Gecko) Version/5.0 Safari/533.16"
67.195.115.240 - - [28/Jun/2010:00:15:38 -0700] "GET blackstardojo.org/wiki/index.php?title=Exclusive_Resource_Contract HTTP/1.0" 200 3275 "-" "Mozilla/5.0 (compatible; Yahoo! Slurp/3.0; http://help.yahoo.com/help/us/ysearch/slurp)"
70.160.167.162 - - [28/Jun/2010:00:16:11 -0700] "GET www.blackstardojo.org/shop/images/Pokeball.gif HTTP/1.1" 200 314 "http://fuckyeahpokememe.tumblr.com/post/744649003?utm_source=feedburner&utm_medium=feed&utm_campaign=Feed%3A+FuckYeahPokememe+%28Fuck+Yeah+Pokememe%29" "Mozilla/5.0 (Windows; U; Windows NT 5.1; en-US; rv:1.9.0.16) Gecko/2010010414 Firefox/3.0.16 Flock/2.5.6"
220.233.66.127 - - [28/Jun/2010:00:16:36 -0700] "GET www.blackstardojo.org/shop/images/Pokeball.gif HTTP/1.1" 200 314 "http://fuckyeahpokememe.tumblr.com/post/119205514/magikarp-i-think-ive-posted-this-once-in-the" "Mozilla/5.0 (Windows; U; Windows NT 5.1; en-US; rv:1.9.2.6) Gecko/20100625 Firefox/3.6.6 ( .NET CLR 3.5.30729)"
68.98.88.111 - - [28/Jun/2010:00:16:47 -0700] "GET www.blackstardojo.org/shop/images/Pokeball.gif HTTP/1.1" 200 314 "http://fuckyeahpokememe.tumblr.com/" "Mozilla/5.0 (Windows; U; Windows NT 6.0; en-US; rv:1.9.0.19) Gecko/2010031422 Firefox/3.0.19 (.NET CLR 3.5.30729)"
67.195.115.240 - - [28/Jun/2010:00:16:59 -0700] "GET blackstardojo.org/wiki/index.php?title=User:280_buy_atacand&printable=yes HTTP/1.0" 200 4605 "-" "Mozilla/5.0 (compatible; Yahoo! Slurp/3.0; http://help.yahoo.com/help/us/ysearch/slurp)"
220.233.66.127 - - [28/Jun/2010:00:17:16 -0700] "GET www.blackstardojo.org/shop/images/Pokeball.gif HTTP/1.1" 200 314 "http://fuckyeahpokememe.tumblr.com/post/119205514/magikarp-i-think-ive-posted-this-once-in-the" "Mozilla/5.0 (Windows; U; Windows NT 5.1; en-US; rv:1.9.2.6) Gecko/20100625 Firefox/3.6.6 ( .NET CLR 3.5.30729)"
193.47.80.40 - - [28/Jun/2010:00:17:30 -0700] "GET blackstardojo.org/wiki/index.php?title=Kaden&action=edit HTTP/1.1" 200 2092 "-" "Mozilla/5.0 (compatible; Exabot/3.0; +http://www.exabot.com/go/robot)"
67.195.115.240 - - [28/Jun/2010:00:18:21 -0700] "GET blackstardojo.org/wiki/index.php?title=Standard_Resource_Form HTTP/1.0" 200 2756 "-" "Mozilla/5.0 (compatible; Yahoo! Slurp/3.0; http://help.yahoo.com/help/us/ysearch/slurp)"
124.188.49.244 - - [28/Jun/2010:00:18:25 -0700] "GET www.blackstardojo.org/shop/images/Pokeball.gif HTTP/1.1" 200 314 "http://fuckyeahpokememe.tumblr.com/post/698902053/pokemon-type-tumblr-challenge" "Mozilla/5.0 (Windows; U; Windows NT 6.0; en-US; rv:1.9.2.6) Gecko/20100625 Firefox/3.6.6 (.NET CLR 3.5.30729)"
202.156.10.14 - - [28/Jun/2010:00:18:27 -0700] "GET www.blackstardojo.org/shop/images/Pokeball.gif HTTP/1.1" 304 - "http://fuckyeahpokememe.tumblr.com/" "Mozilla/5.0 (Windows; U; Windows NT 6.1; en-US) AppleWebKit/533.4 (KHTML, like Gecko) Chrome/5.0.375.70 Safari/533.4"
76.102.74.35 - - [28/Jun/2010:00:18:55 -0700] "GET www.blackstardojo.org/shop/images/Pokeball.gif HTTP/1.1" 200 314 "http://fuckyeahpokememe.tumblr.com/" "Mozilla/5.0 (Windows; U; Windows NT 6.0; en-US; rv:1.9.1.3) Gecko/20090824 Firefox/3.5.3 (.NET CLR 3.5.30729)"
67.195.115.240 - - [28/Jun/2010:00:19:10 -0700] "GET blackstardojo.org/wiki/index.php?title=User:280_buy_atacand&printable=yes&printable=yes HTTP/1.0" 200 4683 "-" "Mozilla/5.0 (compatible; Yahoo! Slurp/3.0; http://help.yahoo.com/help/us/ysearch/slurp)"
212.175.133.30 - - [28/Jun/2010:00:19:46 -0700] "GET www.blackstardojo.org/shop/images/Bass.gif HTTP/1.1" 200 1607 "http://www.aquapena.com/Forum.asp?forum=oku&msgid=1368&yanilik=6&alfom=&alfomad=" "Mozilla/4.0 (compatible; MSIE 8.0; Windows NT 5.1; Trident/4.0; GTB6; .NET CLR 1.1.4322; .NET CLR 2.0.50727; InfoPath.2; .NET CLR 3.0.4506.2152; .NET CLR 3.5.30729)"
67.195.115.240 - - [28/Jun/2010:00:19:56 -0700] "GET blackstardojo.org/wiki/index.php?title=Exclusive_Resource_Contract&action=edit HTTP/1.0" 200 2120 "-" "Mozilla/5.0 (compatible; Yahoo! Slurp/3.0; http://help.yahoo.com/help/us/ysearch/slurp)"
99.244.29.183 - - [28/Jun/2010:00:20:38 -0700] "GET www.blackstardojo.org/shop/images/Pokeball.gif HTTP/1.1" 200 314 "http://fuckyeahpokememe.tumblr.com/" "Mozilla/5.0 (Windows; U; Windows NT 5.1; en-US) AppleWebKit/525.28.3 (KHTML, like Gecko) Version/3.2.3 Safari/525.29"
98.213.247.3 - - [28/Jun/2010:00:20:38 -0700] "GET www.blackstardojo.org/shop/images/Pokeball.gif HTTP/1.1" 200 314 "http://fuckyeahpokememe.tumblr.com/" "Mozilla/5.0 (Windows; U; Windows NT 6.1; en-US; rv:1.9.2.6) Gecko/20100625 Firefox/3.6.6"
67.195.111.226 - - [28/Jun/2010:00:20:43 -0700] "GET www.blackstardojo.org/posting.php?mode=quote&p=50760 HTTP/1.0" 302 39 "-" "Mozilla/5.0 (compatible; Yahoo! Slurp/3.0; http://help.yahoo.com/help/us/ysearch/slurp)"
67.195.111.226 - - [28/Jun/2010:00:20:44 -0700] "GET www.blackstardojo.org/login.php?redirect=posting.php&mode=quote&p=50760&sid=154cae90b75e2489cb4a895524c9cd5c HTTP/1.0" 200 22241 "-" "Mozilla/5.0 (compatible; Yahoo! Slurp/3.0; http://help.yahoo.com/help/us/ysearch/slurp)"
94.210.105.165 - - [28/Jun/2010:00:21:06 -0700] "GET www.blackstardojo.org/index.php HTTP/1.0" 200 52625 "http://www.blackstardojo.org/index.php" "Mozilla/4.0 (compatible; MSIE 6.0; Windows NT 5.0; .NET CLR 1.0.3705; .NET CLR 1.1.4322)"
94.210.105.165 - - [28/Jun/2010:00:21:07 -0700] "GET www.blackstardojo.org/viewforum.php?f=5&sid=83537b124dd380ecc93ff87ec17a5751 HTTP/1.0" 200 87187 "http://www.blackstardojo.org/viewforum.php?f=5&sid=83537b124dd380ecc93ff87ec17a5751" "Mozilla/4.0 (compatible; MSIE 6.0; Windows NT 5.0; .NET CLR 1.0.3705; .NET CLR 1.1.4322)"
94.210.105.165 - - [28/Jun/2010:00:21:09 -0700] "GET www.blackstardojo.org/profile.php?mode=register HTTP/1.0" 200 22434 "http://www.blackstardojo.org/profile.php?mode=register" "Mozilla/4.0 (compatible; MSIE 6.0; Windows NT 5.0; .NET CLR 1.0.3705; .NET CLR 1.1.4322)"
94.210.105.165 - - [28/Jun/2010:00:21:10 -0700] "GET www.blackstardojo.org/profile.php?mode=register&agreed=true HTTP/1.0" 200 32570 "http://www.blackstardojo.org/profile.php?mode=register&agreed=true" "Mozilla/4.0 (compatible; MSIE 6.0; Windows NT 5.0; .NET CLR 1.0.3705; .NET CLR 1.1.4322)"
94.210.105.165 - - [28/Jun/2010:00:21:11 -0700] "GET www.blackstardojo.org/profile.php?mode=confirm&id=8e5e04c2b5bb05d878dd7f43ddecb834 HTTP/1.0" 200 7370 "http://www.blackstardojo.org/profile.php?mode=register&agreed=true" "Mozilla/4.0 (compatible; MSIE 6.0; Windows NT 5.0; .NET CLR 1.0.3705; .NET CLR 1.1.4322)"
94.210.105.165 - - [28/Jun/2010:00:21:12 -0700] "POST www.blackstardojo.org/profile.php HTTP/1.0" 200 33051 "http://www.blackstardojo.org/profile.php?mode=register&agreed=true" "Mozilla/4.0 (compatible; MSIE 6.0; Windows NT 5.0; .NET CLR 1.0.3705; .NET CLR 1.1.4322)"
94.210.105.165 - - [28/Jun/2010:00:21:13 -0700] "GET www.blackstardojo.org/profile.php?mode=confirm&id=8fde27e7b4bd0d6b82d432f53036c41c HTTP/1.0" 200 10265 "http://www.blackstardojo.org/profile.php?mode=register&agreed=true" "Mozilla/4.0 (compatible; MSIE 6.0; Windows NT 5.0; .NET CLR 1.0.3705; .NET CLR 1.1.4322)"
67.195.115.240 - - [28/Jun/2010:00:21:14 -0700] "GET blackstardojo.org/wiki/index.php?title=Acid HTTP/1.0" 200 2755 "-" "Mozilla/5.0 (compatible; Yahoo! Slurp/3.0; http://help.yahoo.com/help/us/ysearch/slurp)"
94.210.105.165 - - [28/Jun/2010:00:21:15 -0700] "POST www.blackstardojo.org/profile.php HTTP/1.0" 200 33051 "http://www.blackstardojo.org/profile.php?mode=register&agreed=true" "Mozilla/4.0 (compatible; MSIE 6.0; Windows NT 5.0; .NET CLR 1.0.3705; .NET CLR 1.1.4322)"
94.210.105.165 - - [28/Jun/2010:00:21:16 -0700] "GET www.blackstardojo.org/profile.php?mode=confirm&id=d378974a16aff08258c9d350032efe54 HTTP/1.0" 200 7642 "http://www.blackstardojo.org/profile.php?mode=register&agreed=true" "Mozilla/4.0 (compatible; MSIE 6.0; Windows NT 5.0; .NET CLR 1.0.3705; .NET CLR 1.1.4322)"
94.210.105.165 - - [28/Jun/2010:00:21:17 -0700] "POST www.blackstardojo.org/profile.php HTTP/1.0" 200 33051 "http://www.blackstardojo.org/profile.php?mode=register&agreed=true" "Mozilla/4.0 (compatible; MSIE 6.0; Windows NT 5.0; .NET CLR 1.0.3705; .NET CLR 1.1.4322)"
94.210.105.165 - - [28/Jun/2010:00:21:18 -0700] "GET www.blackstardojo.org/profile.php?mode=confirm&id=515d569fc822b38a918b21fedc6319fa HTTP/1.0" 200 7801 "http://www.blackstardojo.org/profile.php?mode=register&agreed=true" "Mozilla/4.0 (compatible; MSIE 6.0; Windows NT 5.0; .NET CLR 1.0.3705; .NET CLR 1.1.4322)"
94.210.105.165 - - [28/Jun/2010:00:21:20 -0700] "POST www.blackstardojo.org/profile.php HTTP/1.0" 200 20406 "http://www.blackstardojo.org/profile.php?mode=register&agreed=true" "Mozilla/4.0 (compatible; MSIE 6.0; Windows NT 5.0; .NET CLR 1.0.3705; .NET CLR 1.1.4322)"
94.210.105.165 - - [28/Jun/2010:00:21:20 -0700] "GET www.blackstardojo.org/login.php HTTP/1.0" 200 21229 "http://www.blackstardojo.org/login.php" "Mozilla/4.0 (compatible; MSIE 6.0; Windows NT 5.0; .NET CLR 1.0.3705; .NET CLR 1.1.4322)"
94.210.105.165 - - [28/Jun/2010:00:21:21 -0700] "POST www.blackstardojo.org/login.php HTTP/1.0" 200 20581 "http://www.blackstardojo.org/login.php" "Mozilla/4.0 (compatible; MSIE 6.0; Windows NT 5.0; .NET CLR 1.0.3705; .NET CLR 1.1.4322)"
94.210.105.165 - - [28/Jun/2010:00:21:22 -0700] "GET www.blackstardojo.org/login.php?redirect= HTTP/1.0" 200 21229 "http://www.blackstardojo.org/login.php?redirect=" "Mozilla/4.0 (compatible; MSIE 6.0; Windows NT 5.0; .NET CLR 1.0.3705; .NET CLR 1.1.4322)"
94.210.105.165 - - [28/Jun/2010:00:21:23 -0700] "GET www.blackstardojo.org/profile.php?mode=editprofile HTTP/1.0" 302 39 "http://www.blackstardojo.org/profile.php?mode=editprofile" "Mozilla/4.0 (compatible; MSIE 6.0; Windows NT 5.0; .NET CLR 1.0.3705; .NET CLR 1.1.4322)"
94.210.105.165 - - [28/Jun/2010:00:21:24 -0700] "GET www.blackstardojo.org/index.php HTTP/1.0" 200 47834 "http://www.blackstardojo.org/index.php" "Mozilla/4.0 (compatible; MSIE 6.0; Windows NT 5.0; .NET CLR 1.0.3705; .NET CLR 1.1.4322)"
94.210.105.165 - - [28/Jun/2010:00:21:24 -0700] "GET www.blackstardojo.org/posting.php?mode=newtopic&f=5 HTTP/1.0" 302 39 "http://www.blackstardojo.org/posting.php?mode=newtopic&f=5" "Mozilla/4.0 (compatible; MSIE 6.0; Windows NT 5.0; .NET CLR 1.0.3705; .NET CLR 1.1.4322)"
94.210.105.165 - - [28/Jun/2010:00:21:25 -0700] "GET www.blackstardojo.org/login.php?redirect=posting.php&mode=newtopic&f=5 HTTP/1.0" 200 21258 "http://www.blackstardojo.org/login.php?redirect=posting.php&mode=newtopic&f=5" "Mozilla/4.0 (compatible; MSIE 6.0; Windows NT 5.0; .NET CLR 1.0.3705; .NET CLR 1.1.4322)"
94.210.105.165 - - [28/Jun/2010:00:21:26 -0700] "GET www.blackstardojo.org/viewforum.php?f=36 HTTP/1.0" 200 54328 "http://www.blackstardojo.org/viewforum.php?f=36" "Mozilla/4.0 (compatible; MSIE 6.0; Windows NT 5.0; .NET CLR 1.0.3705; .NET CLR 1.1.4322)"
94.210.105.165 - - [28/Jun/2010:00:21:28 -0700] "GET www.blackstardojo.org/login.php HTTP/1.0" 200 21229 "http://www.blackstardojo.org/login.php" "Mozilla/4.0 (compatible; MSIE 6.0; Windows NT 5.0; .NET CLR 1.0.3705; .NET CLR 1.1.4322)"
94.210.105.165 - - [28/Jun/2010:00:21:29 -0700] "POST www.blackstardojo.org/login.php HTTP/1.0" 200 20581 "http://www.blackstardojo.org/login.php" "Mozilla/4.0 (compatible; MSIE 6.0; Windows NT 5.0; .NET CLR 1.0.3705; .NET CLR 1.1.4322)"
94.210.105.165 - - [28/Jun/2010:00:21:30 -0700] "GET www.blackstardojo.org/login.php?redirect= HTTP/1.0" 200 21229 "http://www.blackstardojo.org/login.php?redirect=" "Mozilla/4.0 (compatible; MSIE 6.0; Windows NT 5.0; .NET CLR 1.0.3705; .NET CLR 1.1.4322)"
94.210.105.165 - - [28/Jun/2010:00:21:31 -0700] "GET www.blackstardojo.org/index.php HTTP/1.0" 200 47834 "http://www.blackstardojo.org/index.php" "Mozilla/4.0 (compatible; MSIE 6.0; Windows NT 5.0; .NET CLR 1.0.3705; .NET CLR 1.1.4322)"
94.210.105.165 - - [28/Jun/2010:00:21:32 -0700] "GET www.blackstardojo.org/posting.php?mode=newtopic&f=5 HTTP/1.0" 302 39 "http://www.blackstardojo.org/posting.php?mode=newtopic&f=5" "Mozilla/4.0 (compatible; MSIE 6.0; Windows NT 5.0; .NET CLR 1.0.3705; .NET CLR 1.1.4322)"
94.210.105.165 - - [28/Jun/2010:00:21:33 -0700] "GET www.blackstardojo.org/login.php?redirect=posting.php&mode=newtopic&f=5 HTTP/1.0" 200 21258 "http://www.blackstardojo.org/login.php?redirect=posting.php&mode=newtopic&f=5" "Mozilla/4.0 (compatible; MSIE 6.0; Windows NT 5.0; .NET CLR 1.0.3705; .NET CLR 1.1.4322)"
94.210.105.165 - - [28/Jun/2010:00:21:34 -0700] "POST www.blackstardojo.org/login.php HTTP/1.0" 200 20639 "http://www.blackstardojo.org/login.php?redirect=posting.php&mode=newtopic&f=5" "Mozilla/4.0 (compatible; MSIE 6.0; Windows NT 5.0; .NET CLR 1.0.3705; .NET CLR 1.1.4322)"
94.210.105.165 - - [28/Jun/2010:00:21:34 -0700] "GET www.blackstardojo.org/login.php?redirect=posting.php&mode=newtopic&f=5 HTTP/1.0" 200 21258 "http://www.blackstardojo.org/login.php?redirect=posting.php&mode=newtopic&f=5" "Mozilla/4.0 (compatible; MSIE 6.0; Windows NT 5.0; .NET CLR 1.0.3705; .NET CLR 1.1.4322)"
94.210.105.165 - - [28/Jun/2010:00:21:36 -0700] "GET www.blackstardojo.org/index.php HTTP/1.0" 200 47834 "http://www.blackstardojo.org/index.php" "Mozilla/4.0 (compatible; MSIE 6.0; Windows NT 5.0; .NET CLR 1.0.3705; .NET CLR 1.1.4322)"
94.210.105.165 - - [28/Jun/2010:00:21:36 -0700] "GET www.blackstardojo.org/posting.php?mode=newtopic&f=5 HTTP/1.0" 302 39 "http://www.blackstardojo.org/posting.php?mode=newtopic&f=5" "Mozilla/4.0 (compatible; MSIE 6.0; Windows NT 5.0; .NET CLR 1.0.3705; .NET CLR 1.1.4322)"
94.210.105.165 - - [28/Jun/2010:00:21:37 -0700] "GET www.blackstardojo.org/login.php?redirect=posting.php&mode=newtopic&f=5 HTTP/1.0" 200 21258 "http://www.blackstardojo.org/login.php?redirect=posting.php&mode=newtopic&f=5" "Mozilla/4.0 (compatible; MSIE 6.0; Windows NT 5.0; .NET CLR 1.0.3705; .NET CLR 1.1.4322)"
94.210.105.165 - - [28/Jun/2010:00:21:39 -0700] "POST www.blackstardojo.org/login.php HTTP/1.0" 200 20639 "http://www.blackstardojo.org/login.php?redirect=posting.php&mode=newtopic&f=5" "Mozilla/4.0 (compatible; MSIE 6.0; Windows NT 5.0; .NET CLR 1.0.3705; .NET CLR 1.1.4322)"
94.210.105.165 - - [28/Jun/2010:00:21:40 -0700] "GET www.blackstardojo.org/login.php?redirect=posting.php&mode=newtopic&f=5 HTTP/1.0" 200 21258 "http://www.blackstardojo.org/login.php?redirect=posting.php&mode=newtopic&f=5" "Mozilla/4.0 (compatible; MSIE 6.0; Windows NT 5.0; .NET CLR 1.0.3705; .NET CLR 1.1.4322)"
94.210.105.165 - - [28/Jun/2010:00:21:42 -0700] "GET www.blackstardojo.org/index.php HTTP/1.0" 200 47834 "http://www.blackstardojo.org/index.php" "Mozilla/4.0 (compatible; MSIE 6.0; Windows NT 5.0; .NET CLR 1.0.3705; .NET CLR 1.1.4322)"
94.210.105.165 - - [28/Jun/2010:00:21:42 -0700] "GET www.blackstardojo.org/posting.php?mode=newtopic&f=5 HTTP/1.0" 302 39 "http://www.blackstardojo.org/posting.php?mode=newtopic&f=5" "Mozilla/4.0 (compatible; MSIE 6.0; Windows NT 5.0; .NET CLR 1.0.3705; .NET CLR 1.1.4322)"
94.210.105.165 - - [28/Jun/2010:00:21:43 -0700] "GET www.blackstardojo.org/login.php?redirect=posting.php&mode=newtopic&f=5 HTTP/1.0" 200 21258 "http://www.blackstardojo.org/login.php?redirect=posting.php&mode=newtopic&f=5" "Mozilla/4.0 (compatible; MSIE 6.0; Windows NT 5.0; .NET CLR 1.0.3705; .NET CLR 1.1.4322)"
94.210.105.165 - - [28/Jun/2010:00:21:44 -0700] "POST www.blackstardojo.org/login.php HTTP/1.0" 200 20639 "http://www.blackstardojo.org/login.php?redirect=posting.php&mode=newtopic&f=5" "Mozilla/4.0 (compatible; MSIE 6.0; Windows NT 5.0; .NET CLR 1.0.3705; .NET CLR 1.1.4322)"
94.210.105.165 - - [28/Jun/2010:00:21:45 -0700] "GET www.blackstardojo.org/login.php?redirect=posting.php&mode=newtopic&f=5 HTTP/1.0" 200 21258 "http://www.blackstardojo.org/login.php?redirect=posting.php&mode=newtopic&f=5" "Mozilla/4.0 (compatible; MSIE 6.0; Windows NT 5.0; .NET CLR 1.0.3705; .NET CLR 1.1.4322)"
67.233.199.247 - - [28/Jun/2010:00:21:45 -0700] "GET www.blackstardojo.org/shop/images/Pokeball.gif HTTP/1.1" 304 - "http://fuckyeahpokememe.tumblr.com/" "Mozilla/4.0 (compatible; MSIE 7.0; Windows NT 6.0; GTB6.5; SLCC1; .NET CLR 2.0.50727; Media Center PC 5.0; .NET CLR 1.1.4322; .NET CLR 3.5.30729; .NET CLR 3.0.30618)"
24.205.26.242 - - [28/Jun/2010:00:21:46 -0700] "GET www.blackstardojo.org/shop/images/Pokeball.gif HTTP/1.1" 200 314 "http://fuckyeahpokememe.tumblr.com/" "Mozilla/5.0 (Windows; U; Windows NT 6.0; en-US) AppleWebKit/533.4 (KHTML, like Gecko) Chrome/5.0.375.70 Safari/533.4"
94.210.105.165 - - [28/Jun/2010:00:21:46 -0700] "GET www.blackstardojo.org/index.php HTTP/1.0" 200 47834 "http://www.blackstardojo.org/index.php" "Mozilla/4.0 (compatible; MSIE 6.0; Windows NT 5.0; .NET CLR 1.0.3705; .NET CLR 1.1.4322)"
94.210.105.165 - - [28/Jun/2010:00:21:47 -0700] "GET www.blackstardojo.org/posting.php?mode=newtopic&f=5 HTTP/1.0" 302 39 "http://www.blackstardojo.org/posting.php?mode=newtopic&f=5" "Mozilla/4.0 (compatible; MSIE 6.0; Windows NT 5.0; .NET CLR 1.0.3705; .NET CLR 1.1.4322)"
94.210.105.165 - - [28/Jun/2010:00:21:47 -0700] "GET www.blackstardojo.org/login.php?redirect=posting.php&mode=newtopic&f=5 HTTP/1.0" 200 21258 "http://www.blackstardojo.org/login.php?redirect=posting.php&mode=newtopic&f=5" "Mozilla/4.0 (compatible; MSIE 6.0; Windows NT 5.0; .NET CLR 1.0.3705; .NET CLR 1.1.4322)"
67.233.199.247 - - [28/Jun/2010:00:21:55 -0700] "GET www.blackstardojo.org/shop/images/Pokeball.gif HTTP/1.1" 304 - "http://fuckyeahpokememe.tumblr.com/page/2" "Mozilla/4.0 (compatible; MSIE 7.0; Windows NT 6.0; GTB6.5; SLCC1; .NET CLR 2.0.50727; Media Center PC 5.0; .NET CLR 1.1.4322; .NET CLR 3.5.30729; .NET CLR 3.0.30618)"
76.250.251.105 - - [28/Jun/2010:00:22:04 -0700] "GET www.blackstardojo.org/shop/images/Pokeball.gif HTTP/1.1" 200 314 "http://fuckyeahpokememe.tumblr.com/" "Mozilla/5.0 (Windows; U; Windows NT 5.1; en-US) AppleWebKit/533.4 (KHTML, like Gecko) Chrome/5.0.375.70 Safari/533.4"
124.177.122.88 - - [28/Jun/2010:00:22:07 -0700] "GET www.blackstardojo.org/shop/images/Pokeball.gif HTTP/1.1" 200 314 "http://fuckyeahpokememe.tumblr.com/post/732307726/horsea" "Mozilla/5.0 (Windows; U; Windows NT 6.0; en-GB; rv:1.9.2.6) Gecko/20100625 Firefox/3.6.6 ( .NET CLR 3.5.30729; .NET4.0C)"
67.233.199.247 - - [28/Jun/2010:00:22:23 -0700] "GET www.blackstardojo.org/shop/images/Pokeball.gif HTTP/1.1" 304 - "http://fuckyeahpokememe.tumblr.com/page/6" "Mozilla/4.0 (compatible; MSIE 7.0; Windows NT 6.0; GTB6.5; SLCC1; .NET CLR 2.0.50727; Media Center PC 5.0; .NET CLR 1.1.4322; .NET CLR 3.5.30729; .NET CLR 3.0.30618)"
66.249.68.235 - - [28/Jun/2010:00:22:52 -0700] "GET www.blackstardojo.org/viewtopic.php?t=1015 HTTP/1.1" 302 51 "-" "Mozilla/5.0 (compatible; Googlebot/2.1; +http://www.google.com/bot.html)"
66.249.68.235 - - [28/Jun/2010:00:23:00 -0700] "GET www.blackstardojo.org/login.php?redirect=viewtopic.php&t=1015&sid=50291c23d77407156e75357d8a0b479f HTTP/1.1" 200 22282 "-" "Mozilla/5.0 (compatible; Googlebot/2.1; +http://www.google.com/bot.html)"
216.129.119.45 - - [28/Jun/2010:00:23:04 -0700] "GET blackstardojo.org/wiki/index.php?title=User:4mnl_buy_zetia_online_cheap&printable=yes HTTP/1.1" 200 4234 "-" "Mozilla/5.0 (Twiceler-0.9 http://www.cuil.com/twiceler/robot.html)"
67.195.111.226 - - [28/Jun/2010:00:24:01 -0700] "GET www.blackstardojo.org/viewtopic.php?p=51864 HTTP/1.0" 200 57101 "-" "Mozilla/5.0 (compatible; Yahoo! Slurp/3.0; http://help.yahoo.com/help/us/ysearch/slurp)"
67.195.115.240 - - [28/Jun/2010:00:24:24 -0700] "GET blackstardojo.org/wiki/index.php?title=Special:Recentchanges&limit=50&hideliu=1 HTTP/1.0" 200 2661 "-" "Mozilla/5.0 (compatible; Yahoo! Slurp/3.0; http://help.yahoo.com/help/us/ysearch/slurp)"
24.4.107.115 - - [28/Jun/2010:00:24:28 -0700] "GET www.blackstardojo.org/shop/images/Pokeball.gif HTTP/1.1" 200 314 "http://fuckyeahpokememe.tumblr.com/" "Mozilla/5.0 (Windows; U; Windows NT 6.1; en-US; rv:1.9.2.3) Gecko/20100401 Firefox/3.6.3"
67.233.199.247 - - [28/Jun/2010:00:24:36 -0700] "GET www.blackstardojo.org/shop/images/Pokeball.gif HTTP/1.1" 304 - "http://fuckyeahpokememe.tumblr.com/page/11" "Mozilla/4.0 (compatible; MSIE 7.0; Windows NT 6.0; GTB6.5; SLCC1; .NET CLR 2.0.50727; Media Center PC 5.0; .NET CLR 1.1.4322; .NET CLR 3.5.30729; .NET CLR 3.0.30618)"
67.195.115.240 - - [28/Jun/2010:00:24:42 -0700] "GET blackstardojo.org/viewtopic.php?t=1773&start=0&postdays=0&postorder=asc&highlight= HTTP/1.0" 200 47503 "-" "Mozilla/5.0 (compatible; Yahoo! Slurp/3.0; http://help.yahoo.com/help/us/ysearch/slurp)"
76.15.131.22 - - [28/Jun/2010:00:25:18 -0700] "GET www.blackstardojo.org/shop/images/Pokeball.gif HTTP/1.1" 200 314 "http://fuckyeahpokememe.tumblr.com/post/744649003" "Mozilla/5.0 (Windows; U; Windows NT 6.1; en-US; rv:1.9.2.6) Gecko/20100625 Firefox/3.6.6"
116.123.83.22 - - [28/Jun/2010:00:25:35 -0700] "GET www.blackstardojo.org/shop/images/Pokeball.gif HTTP/1.1" 200 314 "http://fuckyeahpokememe.tumblr.com/" "Mozilla/5.0 (Windows; U; Windows NT 6.1; en-US; rv:1.9.2.4) Gecko/20100611 Firefox/3.6.4 (.NET CLR 3.5.30729)"
67.195.115.240 - - [28/Jun/2010:00:26:03 -0700] "GET blackstardojo.org/privmsg.php?mode=post&u=222 HTTP/1.0" 302 39 "-" "Mozilla/5.0 (compatible; Yahoo! Slurp/3.0; http://help.yahoo.com/help/us/ysearch/slurp)"
67.195.111.226 - - [28/Jun/2010:00:26:04 -0700] "GET www.blackstardojo.org/login.php?redirect=privmsg.php&folder=inbox&mode=post&u=222&sid=5d2a73e6a4d370290edc9efc40826bbc HTTP/1.0" 200 22251 "-" "Mozilla/5.0 (compatible; Yahoo! Slurp/3.0; http://help.yahoo.com/help/us/ysearch/slurp)"
118.100.216.119 - - [28/Jun/2010:00:26:06 -0700] "GET www.blackstardojo.org/shop/images/Pokeball.gif HTTP/1.1" 200 314 "http://fuckyeahpokememe.tumblr.com/" "Mozilla/5.0 (Windows; U; Windows NT 5.1; en-US) AppleWebKit/532.5 (KHTML, like Gecko) Chrome/4.1.249.1064 Safari/532.5"
99.137.88.22 - - [28/Jun/2010:00:26:18 -0700] "GET www.blackstardojo.org/shop/images/Pokeball.gif HTTP/1.1" 200 314 "http://fuckyeahpokememe.tumblr.com/post/670857484" "Mozilla/5.0 (Windows; U; Windows NT 5.1; en-US; rv:1.9.2.4) Gecko/20100611 Firefox/3.6.4 (.NET CLR 3.5.30729)"
72.200.21.135 - - [28/Jun/2010:00:26:29 -0700] "GET www.blackstardojo.org/shop/images/Pokeball.gif HTTP/1.1" 200 314 "http://fuckyeahpokememe.tumblr.com/" "Mozilla/5.0 (Windows; U; Windows NT 6.0; en-US) AppleWebKit/533.4 (KHTML, like Gecko) Chrome/5.0.375.70 Safari/533.4"
193.47.80.40 - - [28/Jun/2010:00:26:29 -0700] "GET blackstardojo.org/wiki/index.php?title=Special:Recentchangeslinked/Psychotopian_P/R_Facility HTTP/1.1" 200 2244 "-" "Mozilla/5.0 (compatible; Exabot/3.0; +http://www.exabot.com/go/robot)"
67.195.115.240 - - [28/Jun/2010:00:26:32 -0700] "GET blackstardojo.org/viewtopic.php?t=2250&start=15 HTTP/1.0" 200 200301 "-" "Mozilla/5.0 (compatible; Yahoo! Slurp/3.0; http://help.yahoo.com/help/us/ysearch/slurp)"
67.195.115.240 - - [28/Jun/2010:00:26:54 -0700] "GET blackstardojo.org/wiki/index.php?title=Special:Recentchangeslinked&target=Usergroup&hideminor=0&days=3&limit=50 HTTP/1.0" 200 2208 "-" "Mozilla/5.0 (compatible; Yahoo! Slurp/3.0; http://help.yahoo.com/help/us/ysearch/slurp)"
212.175.244.146 - - [28/Jun/2010:00:27:20 -0700] "GET www.blackstardojo.org/shop/images/Bass.gif HTTP/1.1" 200 1607 "http://www.aquapena.com/Forum.asp?forum=oku&msgid=216&yenilik=5&alfom=&alfomad=" "Mozilla/4.0 (compatible; MSIE 8.0; Windows NT 5.1; Trident/4.0; .NET CLR 2.0.50727; .NET CLR 3.0.4506.2152; .NET CLR 3.5.30729)"
94.69.143.24 - - [28/Jun/2010:00:27:27 -0700] "GET www.blackstardojo.org/forum_images/suggestion.png HTTP/1.1" 304 - "http://gointhrough.all-up.com/index.htm?sid=b9287d8ed845cfa8f8fdece2e7cbbf32" "Mozilla/4.0 (compatible; MSIE 8.0; Windows NT 6.1; Trident/4.0; SLCC2; .NET CLR 2.0.50727; .NET CLR 3.5.30729; .NET CLR 3.0.30729; Media Center PC 6.0; OfficeLiveConnector.1.3; OfficeLivePatch.0.0; InfoPath.1)"
67.195.111.226 - - [28/Jun/2010:00:27:29 -0700] "GET www.blackstardojo.org/wiki/index.php?title=Special:Recentchanges&hidepatrolled=0&days=3 HTTP/1.0" 200 2660 "-" "Mozilla/5.0 (compatible; Yahoo! Slurp/3.0; http://help.yahoo.com/help/us/ysearch/slurp)"
67.195.111.226 - - [28/Jun/2010:00:27:31 -0700] "GET www.blackstardojo.org/wiki/skins/monobook/main.css HTTP/1.0" 304 - "http://www.blackstardojo.org/wiki/index.php?title=Special:Recentchanges&hidepatrolled=0&days=3" "Mozilla/5.0 (compatible; Yahoo! Slurp/3.0; http://help.yahoo.com/help/us/ysearch/slurp)"
67.195.111.226 - - [28/Jun/2010:00:27:33 -0700] "GET www.blackstardojo.org/wiki/skins/common/commonPrint.css HTTP/1.0" 304 - "http://www.blackstardojo.org/wiki/index.php?title=Special:Recentchanges&hidepatrolled=0&days=3" "Mozilla/5.0 (compatible; Yahoo! Slurp/3.0; http://help.yahoo.com/help/us/ysearch/slurp)"
67.195.111.226 - - [28/Jun/2010:00:27:35 -0700] "GET www.blackstardojo.org/wiki/index.php?title=-&action=raw&gen=css&maxage=18000 HTTP/1.0" 200 98 "http://www.blackstardojo.org/wiki/index.php?title=Special:Recentchanges&hidepatrolled=0&days=3" "Mozilla/5.0 (compatible; Yahoo! Slurp/3.0; http://help.yahoo.com/help/us/ysearch/slurp)"
76.123.50.12 - - [28/Jun/2010:00:27:49 -0700] "GET www.blackstardojo.org/shop/images/Pokeball.gif HTTP/1.1" 200 314 "http://fuckyeahpokememe.tumblr.com/" "Mozilla/5.0 (Windows; U; Windows NT 6.1; en-US) AppleWebKit/533.4 (KHTML, like Gecko) Chrome/5.0.375.70 Safari/533.4"
173.3.47.245 - - [28/Jun/2010:00:27:58 -0700] "GET www.blackstardojo.org/shop/images/Pokeball.gif HTTP/1.1" 200 314 "http://fuckyeahpokememe.tumblr.com/" "Mozilla/5.0 (Macintosh; U; Intel Mac OS X 10.5; en-US; rv:1.9.2.3) Gecko/20100401 Firefox/3.6.3"
67.195.111.226 - - [28/Jun/2010:00:27:59 -0700] "GET www.blackstardojo.org/bookies.php HTTP/1.0" 302 39 "-" "Mozilla/5.0 (compatible; Yahoo! Slurp/3.0; http://help.yahoo.com/help/us/ysearch/slurp)"
67.195.111.226 - - [28/Jun/2010:00:28:01 -0700] "GET www.blackstardojo.org/login.php?redirect=bookies.php&sid=55e5b9a9c06c92664ebc62d4ccd58166 HTTP/1.0" 200 22223 "-" "Mozilla/5.0 (compatible; Yahoo! Slurp/3.0; http://help.yahoo.com/help/us/ysearch/slurp)"
67.195.115.240 - - [28/Jun/2010:00:28:25 -0700] "GET blackstardojo.org/viewtopic.php?t=2211&start=15 HTTP/1.0" 200 64056 "-" "Mozilla/5.0 (compatible; Yahoo! Slurp/3.0; http://help.yahoo.com/help/us/ysearch/slurp)"
212.175.244.146 - - [28/Jun/2010:00:28:31 -0700] "GET www.blackstardojo.org/shop/images/Bass.gif HTTP/1.1" 304 - "http://www.aquapena.com/Forum.asp?forum=oku&msgid=216&yenilik=5&alfom=&alfomad=" "Mozilla/4.0 (compatible; MSIE 8.0; Windows NT 5.1; Trident/4.0; .NET CLR 2.0.50727; .NET CLR 3.0.4506.2152; .NET CLR 3.5.30729)"
68.101.103.134 - - [28/Jun/2010:00:28:42 -0700] "GET www.blackstardojo.org/shop/images/Pokeball.gif HTTP/1.1" 200 314 "http://fuckyeahpokememe.tumblr.com/" "Mozilla/5.0 (Macintosh; U; Intel Mac OS X 10.5; en-US; rv:1.9.2.3) Gecko/20100401 Firefox/3.6.3"
173.60.5.121 - - [28/Jun/2010:00:29:05 -0700] "GET www.blackstardojo.org/shop/images/Pokeball.gif HTTP/1.1" 200 314 "http://fuckyeahpokememe.tumblr.com/" "Opera/9.80 (Windows NT 6.1; U; en) Presto/2.5.24 Version/10.54"
66.176.254.224 - - [28/Jun/2010:00:29:18 -0700] "GET www.blackstardojo.org/shop/images/Pokeball.gif HTTP/1.1" 200 314 "http://fuckyeahpokememe.tumblr.com/" "Mozilla/5.0 (Macintosh; U; Intel Mac OS X 10_5_8; en-us) AppleWebKit/533.16 (KHTML, like Gecko) Version/5.0 Safari/533.16"
67.195.115.240 - - [28/Jun/2010:00:29:27 -0700] "GET blackstardojo.org/viewtopic.php?p=53041 HTTP/1.0" 200 75017 "-" "Mozilla/5.0 (compatible; Yahoo! Slurp/3.0; http://help.yahoo.com/help/us/ysearch/slurp)"
174.95.135.164 - - [28/Jun/2010:00:29:36 -0700] "GET www.blackstardojo.org/shop/images/Pokeball.gif HTTP/1.1" 200 314 "http://fuckyeahpokememe.tumblr.com/page/2" "Mozilla/5.0 (Windows; U; Windows NT 6.1; en-GB; rv:1.9.1.10) Gecko/20100504 Firefox/3.5.10"
65.2.212.96 - - [28/Jun/2010:00:30:29 -0700] "GET www.blackstardojo.org/shop/images/Pokeball.gif HTTP/1.1" 200 314 "http://fuckyeahpokememe.tumblr.com/" "Mozilla/5.0 (Windows; U; Windows NT 5.1; en-US; rv:1.9.2.6) Gecko/20100625 Firefox/3.6.6 (.NET CLR 3.5.30729)"
72.220.16.41 - - [28/Jun/2010:00:31:32 -0700] "GET www.blackstardojo.org/shop/images/Pokeball.gif HTTP/1.1" 200 314 "http://fuckyeahpokememe.tumblr.com/post/698902053/pokemon-type-tumblr-challenge" "Mozilla/4.0 (compatible; MSIE 7.0; Windows NT 6.0; SLCC1; .NET CLR 2.0.50727; Media Center PC 5.0; InfoPath.2; .NET CLR 3.5.30729; .NET CLR 3.0.30618)"
67.195.115.240 - - [28/Jun/2010:00:31:56 -0700] "GET blackstardojo.org/viewtopic.php?p=32124 HTTP/1.0" 200 68817 "-" "Mozilla/5.0 (compatible; Yahoo! Slurp/3.0; http://help.yahoo.com/help/us/ysearch/slurp)"
193.47.80.40 - - [28/Jun/2010:00:31:59 -0700] "GET blackstardojo.org/wiki/index.php?title=Khadorium&oldid=3546&printable=yes HTTP/1.1" 200 2275 "-" "Mozilla/5.0 (compatible; Exabot/3.0; +http://www.exabot.com/go/robot)"
67.195.115.240 - - [28/Jun/2010:00:32:11 -0700] "GET blackstardojo.org/viewtopic.php?t=47 HTTP/1.0" 302 39 "-" "Mozilla/5.0 (compatible; Yahoo! Slurp/3.0; http://help.yahoo.com/help/us/ysearch/slurp)"
67.195.111.226 - - [28/Jun/2010:00:32:11 -0700] "GET www.blackstardojo.org/login.php?redirect=viewtopic.php&t=47&sid=c700d0a14a1ebfd71c10f41cf8f8c728 HTTP/1.0" 200 22229 "-" "Mozilla/5.0 (compatible; Yahoo! Slurp/3.0; http://help.yahoo.com/help/us/ysearch/slurp)"
174.112.166.25 - - [28/Jun/2010:00:32:55 -0700] "GET www.blackstardojo.org/shop/images/Pokeball.gif HTTP/1.1" 200 314 "http://fuckyeahpokememe.tumblr.com/" "Mozilla/4.0 (compatible; MSIE 8.0; Windows NT 5.1; Trident/4.0; GTB6.5; .NET CLR 1.1.4322; OfficeLiveConnector.1.3; OfficeLivePatch.0.0; yie8)"
94.69.143.24 - - [28/Jun/2010:00:32:56 -0700] "GET www.blackstardojo.org/forum_images/suggestion.png HTTP/1.1" 304 - "http://gointhrough.all-up.com/forum.htm" "Mozilla/4.0 (compatible; MSIE 8.0; Windows NT 6.1; Trident/4.0; SLCC2; .NET CLR 2.0.50727; .NET CLR 3.5.30729; .NET CLR 3.0.30729; Media Center PC 6.0; OfficeLiveConnector.1.3; OfficeLivePatch.0.0; InfoPath.1)"
67.195.115.240 - - [28/Jun/2010:00:33:03 -0700] "GET blackstardojo.org/wiki/index.php?title=MediaWiki:Accmailtext HTTP/1.0" 200 2194 "-" "Mozilla/5.0 (compatible; Yahoo! Slurp/3.0; http://help.yahoo.com/help/us/ysearch/slurp)"
67.233.199.247 - - [28/Jun/2010:00:33:09 -0700] "GET www.blackstardojo.org/shop/images/Pokeball.gif HTTP/1.1" 304 - "http://fuckyeahpokememe.tumblr.com/page/16" "Mozilla/4.0 (compatible; MSIE 7.0; Windows NT 6.0; GTB6.5; SLCC1; .NET CLR 2.0.50727; Media Center PC 5.0; .NET CLR 1.1.4322; .NET CLR 3.5.30729; .NET CLR 3.0.30618)"
110.174.31.16 - - [28/Jun/2010:00:33:26 -0700] "GET www.blackstardojo.org/shop/images/Pokeball.gif HTTP/1.1" 200 314 "http://fuckyeahpokememe.tumblr.com/" "Mozilla/5.0 (Windows; U; Windows NT 5.1; en-US) AppleWebKit/532.0 (KHTML, like Gecko) Chrome/3.0.195.25 Safari/532.0"
67.195.111.226 - - [28/Jun/2010:00:33:52 -0700] "GET www.blackstardojo.org/privmsg.php?mode=post&u=50 HTTP/1.0" 302 39 "-" "Mozilla/5.0 (compatible; Yahoo! Slurp/3.0; http://help.yahoo.com/help/us/ysearch/slurp)"
67.195.111.226 - - [28/Jun/2010:00:33:55 -0700] "GET www.blackstardojo.org/login.php?redirect=privmsg.php&folder=inbox&mode=post&u=50&sid=12e8687ac1f4c7cc7a644f1c71968943 HTTP/1.0" 200 22250 "-" "Mozilla/5.0 (compatible; Yahoo! Slurp/3.0; http://help.yahoo.com/help/us/ysearch/slurp)"
67.195.115.240 - - [28/Jun/2010:00:34:08 -0700] "GET blackstardojo.org/wiki/index.php?title=Donations&action=edit HTTP/1.0" 200 2080 "-" "Mozilla/5.0 (compatible; Yahoo! Slurp/3.0; http://help.yahoo.com/help/us/ysearch/slurp)"
99.22.54.87 - - [28/Jun/2010:00:34:48 -0700] "GET www.blackstardojo.org/shop/images/Pokeball.gif HTTP/1.1" 200 314 "http://fuckyeahpokememe.tumblr.com/" "Mozilla/5.0 (Macintosh; U; Intel Mac OS X 10_5_8; en-US) AppleWebKit/533.4 (KHTML, like Gecko) Chrome/5.0.375.86 Safari/533.4"
67.195.115.240 - - [28/Jun/2010:00:35:11 -0700] "GET blackstardojo.org/viewtopic.php?p=25268 HTTP/1.0" 302 39 "-" "Mozilla/5.0 (compatible; Yahoo! Slurp/3.0; http://help.yahoo.com/help/us/ysearch/slurp)"
67.195.111.226 - - [28/Jun/2010:00:35:11 -0700] "GET www.blackstardojo.org/wiki/index.php?title=Cookie HTTP/1.0" 200 2778 "-" "Mozilla/5.0 (compatible; Yahoo! Slurp/3.0; http://help.yahoo.com/help/us/ysearch/slurp)"
75.83.65.96 - - [28/Jun/2010:00:35:11 -0700] "GET www.blackstardojo.org/shop/images/Pokeball.gif HTTP/1.1" 200 314 "http://fuckyeahpokememe.tumblr.com/" "Mozilla/5.0 (Windows; U; Windows NT 6.1; en-US) AppleWebKit/533.4 (KHTML, like Gecko) Chrome/5.0.375.70 Safari/533.4"
67.195.111.226 - - [28/Jun/2010:00:35:11 -0700] "GET www.blackstardojo.org/login.php?redirect=viewtopic.php&p=25268&sid=2f10e6e5a296a734f3ccd7b44fa20753 HTTP/1.0" 200 22232 "-" "Mozilla/5.0 (compatible; Yahoo! Slurp/3.0; http://help.yahoo.com/help/us/ysearch/slurp)"
207.46.199.185 - - [28/Jun/2010:00:36:00 -0700] "GET www.blackstardojo.org/robots.txt HTTP/1.1" 404 1695 "-" "msnbot/2.0b (+http://search.msn.com/msnbot.htm)"
67.195.115.240 - - [28/Jun/2010:00:37:16 -0700] "GET blackstardojo.org/wiki/index.php?title=Category:Items&printable=yes HTTP/1.0" 200 5463 "-" "Mozilla/5.0 (compatible; Yahoo! Slurp/3.0; http://help.yahoo.com/help/us/ysearch/slurp)"
67.195.115.240 - - [28/Jun/2010:00:37:35 -0700] "GET blackstardojo.org/viewtopic.php?t=2079 HTTP/1.0" 200 125576 "-" "Mozilla/5.0 (compatible; Yahoo! Slurp/3.0; http://help.yahoo.com/help/us/ysearch/slurp)"
67.195.115.240 - - [28/Jun/2010:00:37:49 -0700] "GET blackstardojo.org/viewtopic.php?t=513&start=210 HTTP/1.0" 200 45764 "-" "Mozilla/5.0 (compatible; Yahoo! Slurp/3.0; http://help.yahoo.com/help/us/ysearch/slurp)"
216.129.119.45 - - [28/Jun/2010:00:38:13 -0700] "GET blackstardojo.org/viewtopic.php?t=1480 HTTP/1.1" 302 51 "-" "Mozilla/5.0 (Twiceler-0.9 http://www.cuil.com/twiceler/robot.html)"
67.195.115.240 - - [28/Jun/2010:00:38:15 -0700] "GET blackstardojo.org/wiki/index.php?title=User:70tc_buy_florinef_online_cheap&printable=yes&printable=yes HTTP/1.0" 200 5214 "-" "Mozilla/5.0 (compatible; Yahoo! Slurp/3.0; http://help.yahoo.com/help/us/ysearch/slurp)"
118.100.216.119 - - [28/Jun/2010:00:38:20 -0700] "GET www.blackstardojo.org/shop/images/Pokeball.gif HTTP/1.1" 304 - "http://fuckyeahpokememe.tumblr.com/" "Mozilla/5.0 (Windows; U; Windows NT 5.1; en-US) AppleWebKit/532.5 (KHTML, like Gecko) Chrome/4.1.249.1064 Safari/532.5"
209.173.98.36 - - [28/Jun/2010:00:38:38 -0700] "GET www.blackstardojo.org/shop/images/Pokeball.gif HTTP/1.1" 200 314 "http://fuckyeahpokememe.tumblr.com/" "Mozilla/5.0 (Windows; U; Windows NT 6.1; en-US; rv:1.9.1.9) Gecko/20100315 Firefox/3.5.9 (.NET CLR 3.5.30729)"
67.195.111.226 - - [28/Jun/2010:00:38:52 -0700] "GET www.blackstardojo.org/wiki/index.php?title=Danikat&action=edit&section=4 HTTP/1.0" 200 2099 "-" "Mozilla/5.0 (compatible; Yahoo! Slurp/3.0; http://help.yahoo.com/help/us/ysearch/slurp)"
67.195.115.240 - - [28/Jun/2010:00:39:16 -0700] "GET blackstardojo.org/wiki/index.php?title=Category:Flora&action=history HTTP/1.0" 200 2666 "-" "Mozilla/5.0 (compatible; Yahoo! Slurp/3.0; http://help.yahoo.com/help/us/ysearch/slurp)"
76.118.232.210 - - [28/Jun/2010:00:39:24 -0700] "GET www.blackstardojo.org/shop/images/Pokeball.gif HTTP/1.1" 200 314 "http://fuckyeahpokememe.tumblr.com/post/694945182/im-pretty-sure-its-a-nose-though" "Mozilla/5.0 (Windows; U; Windows NT 5.1; en-US; rv:1.9.2.6) Gecko/20100625 Firefox/3.6.6 ( .NET CLR 3.5.30729)"
67.195.111.226 - - [28/Jun/2010:00:39:58 -0700] "GET www.blackstardojo.org/wiki/index.php?title=Owl&action=edit HTTP/1.0" 200 2095 "-" "Mozilla/5.0 (compatible; Yahoo! Slurp/3.0; http://help.yahoo.com/help/us/ysearch/slurp)"
67.195.111.226 - - [28/Jun/2010:00:40:42 -0700] "GET www.blackstardojo.org/viewtopic.php?p=22625 HTTP/1.0" 200 48251 "-" "Mozilla/5.0 (compatible; Yahoo! Slurp/3.0; http://help.yahoo.com/help/us/ysearch/slurp)"
67.195.111.226 - - [28/Jun/2010:00:43:32 -0700] "GET www.blackstardojo.org/viewtopic.php?t=1866&start=0 HTTP/1.0" 200 136750 "-" "Mozilla/5.0 (compatible; Yahoo! Slurp/3.0; http://help.yahoo.com/help/us/ysearch/slurp)"
