67.195.115.240 - - [29/Jun/2010:01:57:42 -0700] "GET blackstardojo.org/wiki/index.php?title=Main_Page HTTP/1.0" 200 3437 "-" "Mozilla/5.0 (compatible; Yahoo! Slurp/3.0; http://help.yahoo.com/help/us/ysearch/slurp)"
67.195.111.226 - - [29/Jun/2010:01:58:26 -0700] "GET www.blackstardojo.org/viewtopic.php?p=52102 HTTP/1.0" 200 64754 "-" "Mozilla/5.0 (compatible; Yahoo! Slurp/3.0; http://help.yahoo.com/help/us/ysearch/slurp)"
153.20.24.68 - - [29/Jun/2010:01:58:27 -0700] "GET www.blackstardojo.org/shop/images/Pokeball.gif HTTP/1.1" 304 - "http://fuckyeahpokememe.tumblr.com/" "Mozilla/5.0 (Macintosh; U; Intel Mac OS X 10_6_4; en-us) AppleWebKit/533.16 (KHTML, like Gecko) Version/5.0 Safari/533.16"
24.16.139.158 - - [29/Jun/2010:01:58:29 -0700] "GET blackstardojo.org/ HTTP/1.1" 200 52719 "-" "Mozilla/5.0 (Windows; U; Windows NT 5.1; en-US; rv:1.9.2.6) Gecko/20100625 Firefox/3.6.6 ( .NET CLR 3.5.30729)"
67.195.115.240 - - [29/Jun/2010:01:59:58 -0700] "GET blackstardojo.org/wiki/index.php?title=Category:Lake_Infinity&action=history HTTP/1.0" 200 2641 "-" "Mozilla/5.0 (compatible; Yahoo! Slurp/3.0; http://help.yahoo.com/help/us/ysearch/slurp)"
67.195.115.240 - - [29/Jun/2010:02:00:07 -0700] "GET blackstardojo.org/wiki/index.php?title=Special:Recentchangeslinked&target=Profile&hideminor=0&days=1&limit=50 HTTP/1.0" 200 2205 "-" "Mozilla/5.0 (compatible; Yahoo! Slurp/3.0; http://help.yahoo.com/help/us/ysearch/slurp)"
67.195.115.240 - - [29/Jun/2010:02:00:08 -0700] "GET blackstardojo.org/profile.php?mode=viewprofile&u=42 HTTP/1.0" 200 34883 "-" "Mozilla/5.0 (compatible; Yahoo! Slurp/3.0; http://help.yahoo.com/help/us/ysearch/slurp)"
67.195.111.226 - - [29/Jun/2010:02:01:14 -0700] "GET www.blackstardojo.org/wiki/index.php?title=Swix&action=edit&section=1 HTTP/1.0" 200 2095 "-" "Mozilla/5.0 (compatible; Yahoo! Slurp/3.0; http://help.yahoo.com/help/us/ysearch/slurp)"
67.195.111.226 - - [29/Jun/2010:02:01:19 -0700] "GET www.blackstardojo.org/viewtopic.php?p=53046 HTTP/1.0" 200 147288 "-" "Mozilla/5.0 (compatible; Yahoo! Slurp/3.0; http://help.yahoo.com/help/us/ysearch/slurp)"
67.233.199.247 - - [29/Jun/2010:02:01:22 -0700] "GET www.blackstardojo.org/shop/images/Pokeball.gif HTTP/1.1" 200 314 "http://fuckyeahpokememe.tumblr.com/page/3" "Mozilla/4.0 (compatible; MSIE 7.0; Windows NT 6.0; GTB6.5; SLCC1; .NET CLR 2.0.50727; Media Center PC 5.0; .NET CLR 1.1.4322; .NET CLR 3.5.30729; .NET CLR 3.0.30618)"
67.233.199.247 - - [29/Jun/2010:02:01:37 -0700] "GET www.blackstardojo.org/shop/images/Pokeball.gif HTTP/1.1" 304 - "http://fuckyeahpokememe.tumblr.com/page/4" "Mozilla/4.0 (compatible; MSIE 7.0; Windows NT 6.0; GTB6.5; SLCC1; .NET CLR 2.0.50727; Media Center PC 5.0; .NET CLR 1.1.4322; .NET CLR 3.5.30729; .NET CLR 3.0.30618)"
67.195.115.240 - - [29/Jun/2010:02:03:12 -0700] "GET blackstardojo.org/viewtopic.php?t=233 HTTP/1.0" 200 74003 "-" "Mozilla/5.0 (compatible; Yahoo! Slurp/3.0; http://help.yahoo.com/help/us/ysearch/slurp)"
67.195.115.240 - - [29/Jun/2010:02:03:52 -0700] "GET blackstardojo.org/privmsg.php?mode=post&u=109 HTTP/1.0" 302 39 "-" "Mozilla/5.0 (compatible; Yahoo! Slurp/3.0; http://help.yahoo.com/help/us/ysearch/slurp)"
67.195.111.226 - - [29/Jun/2010:02:03:53 -0700] "GET www.blackstardojo.org/login.php?redirect=privmsg.php&folder=inbox&mode=post&u=109&sid=655ea3c48a8b9a21bc7ed1d8932332ad HTTP/1.0" 200 22250 "-" "Mozilla/5.0 (compatible; Yahoo! Slurp/3.0; http://help.yahoo.com/help/us/ysearch/slurp)"
67.195.115.240 - - [29/Jun/2010:02:06:52 -0700] "GET blackstardojo.org/wiki/index.php?title=Fauna HTTP/1.0" 200 2817 "-" "Mozilla/5.0 (compatible; Yahoo! Slurp/3.0; http://help.yahoo.com/help/us/ysearch/slurp)"
67.195.115.240 - - [29/Jun/2010:02:06:56 -0700] "GET blackstardojo.org/wiki/index.php?title=A2K&action=edit HTTP/1.0" 200 2079 "-" "Mozilla/5.0 (compatible; Yahoo! Slurp/3.0; http://help.yahoo.com/help/us/ysearch/slurp)"
203.166.84.235 - - [29/Jun/2010:02:08:11 -0700] "GET blackstardojo.org/ HTTP/1.1" 200 64305 "-" "Mozilla/5.0 (Windows; U; Windows NT 6.1; en-GB; rv:1.9.2.4) Gecko/20100611 Firefox/3.6.4"
81.108.235.110 - - [29/Jun/2010:02:08:32 -0700] "GET www.blackstardojo.org/shop/images/Pokeball.gif HTTP/1.1" 200 314 "http://fuckyeahpokememe.tumblr.com/" "Mozilla/5.0 (Windows; U; Windows NT 6.0; en-US) AppleWebKit/533.4 (KHTML, like Gecko) Chrome/5.0.375.70 Safari/533.4"
67.195.115.240 - - [29/Jun/2010:02:10:03 -0700] "GET blackstardojo.org/wiki/index.php?title=Special:Recentchangeslinked&target=Dojo_Manual&hideminor=0&days=1&limit=500 HTTP/1.0" 200 2209 "-" "Mozilla/5.0 (compatible; Yahoo! Slurp/3.0; http://help.yahoo.com/help/us/ysearch/slurp)"
67.195.111.226 - - [29/Jun/2010:02:11:09 -0700] "GET www.blackstardojo.org/viewtopic.php?p=53075 HTTP/1.0" 200 97106 "-" "Mozilla/5.0 (compatible; Yahoo! Slurp/3.0; http://help.yahoo.com/help/us/ysearch/slurp)"
193.47.80.40 - - [29/Jun/2010:02:11:51 -0700] "GET blackstardojo.org/wiki/index.php?title=Tiger&redirect=no HTTP/1.1" 304 0 "-" "Mozilla/5.0 (compatible; Exabot/3.0; +http://www.exabot.com/go/robot)"
67.195.111.226 - - [29/Jun/2010:02:12:36 -0700] "GET www.blackstardojo.org/wiki/index.php?title=Category:How_To&printable=yes HTTP/1.0" 200 2507 "-" "Mozilla/5.0 (compatible; Yahoo! Slurp/3.0; http://help.yahoo.com/help/us/ysearch/slurp)"
216.129.119.45 - - [29/Jun/2010:02:12:41 -0700] "GET blackstardojo.org/viewtopic.php?t=1598 HTTP/1.1" 302 51 "-" "Mozilla/5.0 (Twiceler-0.9 http://www.cuil.com/twiceler/robot.html)"
86.40.209.211 - - [29/Jun/2010:02:12:47 -0700] "GET www.blackstardojo.org/files/picasso_the_dream_189.jpg HTTP/1.1" 200 21513 "http://www.google.ie/imgres?imgurl=http://www.blackstardojo.org/files/picasso_the_dream_189.jpg&imgrefurl=http://contemporarybeadart.multiply.com/journal/item/39/Inspiration_or_Addiction&usg=__-FUGxVlUkBA8tRIURlCiC7opmQI=&h=445&w=300&sz=22&hl=en&start=65&um=1&itbs=1&tbnid=8QKZPedF7SJjWM:&tbnh=127&tbnw=86&prev=/images%3Fq%3Dpicasso%2Bportraits%26start%3D54%26um%3D1%26hl%3Den%26sa%3DN%26ndsp%3D18%26tbs%3Disch:1" "Mozilla/5.0 (Windows; U; Windows NT 6.1; en-US) AppleWebKit/533.4 (KHTML, like Gecko) Chrome/5.0.375.70 Safari/533.4"
86.40.209.211 - - [29/Jun/2010:02:12:48 -0700] "GET www.blackstardojo.org/favicon.ico HTTP/1.1" 200 3638 "-" "Mozilla/5.0 (Windows; U; Windows NT 6.1; en-US) AppleWebKit/533.4 (KHTML, like Gecko) Chrome/5.0.375.70 Safari/533.4"
122.49.183.48 - - [29/Jun/2010:02:13:26 -0700] "GET www.blackstardojo.org/shop/images/Pokeball.gif HTTP/1.1" 200 314 "http://fuckyeahpokememe.tumblr.com/" "Mozilla/5.0 (Windows; U; Windows NT 5.1; en-US) AppleWebKit/533.4 (KHTML, like Gecko) Chrome/5.0.375.70 Safari/533.4"
67.195.111.226 - - [29/Jun/2010:02:13:54 -0700] "GET www.blackstardojo.org/viewtopic.php?p=50064 HTTP/1.0" 200 110242 "-" "Mozilla/5.0 (compatible; Yahoo! Slurp/3.0; http://help.yahoo.com/help/us/ysearch/slurp)"
203.166.84.235 - - [29/Jun/2010:02:14:04 -0700] "GET blackstardojo.org/privmsg.php?folder=inbox&sid=05fb05bf7fb3601fbf43c07d53bcd956 HTTP/1.1" 200 39573 "http://blackstardojo.org/" "Mozilla/5.0 (Windows; U; Windows NT 6.1; en-GB; rv:1.9.2.4) Gecko/20100611 Firefox/3.6.4"
203.166.84.235 - - [29/Jun/2010:02:14:06 -0700] "GET blackstardojo.org/search.php?search_id=newposts&sid=05fb05bf7fb3601fbf43c07d53bcd956 HTTP/1.1" 200 31978 "http://blackstardojo.org/" "Mozilla/5.0 (Windows; U; Windows NT 6.1; en-GB; rv:1.9.2.4) Gecko/20100611 Firefox/3.6.4"
67.195.115.240 - - [29/Jun/2010:02:14:30 -0700] "GET blackstardojo.org/viewforum.php?f=15 HTTP/1.0" 200 55252 "-" "Mozilla/5.0 (compatible; Yahoo! Slurp/3.0; http://help.yahoo.com/help/us/ysearch/slurp)"
67.195.115.240 - - [29/Jun/2010:02:14:38 -0700] "GET blackstardojo.org/profile.php?mode=viewprofile&u=71 HTTP/1.0" 200 35416 "-" "Mozilla/5.0 (compatible; Yahoo! Slurp/3.0; http://help.yahoo.com/help/us/ysearch/slurp)"
193.47.80.40 - - [29/Jun/2010:02:14:44 -0700] "GET blackstardojo.org/wiki/index.php?title=User:AL37&action=history HTTP/1.1" 200 2530 "-" "Mozilla/5.0 (compatible; Exabot/3.0; +http://www.exabot.com/go/robot)"
67.195.111.226 - - [29/Jun/2010:02:15:48 -0700] "GET www.blackstardojo.org/viewforum.php?f=5&topicdays=0&start=250 HTTP/1.0" 200 104659 "-" "Mozilla/5.0 (compatible; Yahoo! Slurp/3.0; http://help.yahoo.com/help/us/ysearch/slurp)"
67.195.115.240 - - [29/Jun/2010:02:16:11 -0700] "GET blackstardojo.org/viewtopic.php?t=2362&start=0 HTTP/1.0" 200 151364 "-" "Mozilla/5.0 (compatible; Yahoo! Slurp/3.0; http://help.yahoo.com/help/us/ysearch/slurp)"
193.47.80.40 - - [29/Jun/2010:02:17:12 -0700] "GET blackstardojo.org/wiki/index.php?title=Turquoise&action=edit HTTP/1.1" 200 2111 "-" "Mozilla/5.0 (compatible; Exabot/3.0; +http://www.exabot.com/go/robot)"
193.47.80.40 - - [29/Jun/2010:02:17:32 -0700] "GET blackstardojo.org/wiki/index.php?title=Special:Whatlinkshere&target=The_Drazilim HTTP/1.1" 200 2183 "-" "Mozilla/5.0 (compatible; Exabot/3.0; +http://www.exabot.com/go/robot)"
195.205.107.12 - - [29/Jun/2010:02:17:34 -0700] "GET www.blackstardojo.org/shop/images/Pokeball.gif HTTP/1.1" 200 314 "http://www.pokemonchaos.rpgforum.pl/temat-vt387.html?postdays=0&postorder=asc&start=10" "Opera/9.80 (Windows NT 5.1; U; pl) Presto/2.5.24 Version/10.53"
67.195.111.226 - - [29/Jun/2010:02:17:51 -0700] "GET www.blackstardojo.org/viewtopic.php?t=1927 HTTP/1.0" 200 43263 "-" "Mozilla/5.0 (compatible; Yahoo! Slurp/3.0; http://help.yahoo.com/help/us/ysearch/slurp)"
67.195.111.226 - - [29/Jun/2010:02:18:13 -0700] "GET www.blackstardojo.org/search.php?search_id=1907534486&start=465 HTTP/1.0" 200 21249 "-" "Mozilla/5.0 (compatible; Yahoo! Slurp/3.0; http://help.yahoo.com/help/us/ysearch/slurp)"
124.170.34.72 - - [29/Jun/2010:02:18:27 -0700] "GET www.blackstardojo.org/shop/images/Pokeball.gif HTTP/1.1" 200 314 "http://fuckyeahpokememe.tumblr.com/post/669813759/rose-peng-the-creator-of-the-three-pokemon-moon" "Mozilla/5.0 (Windows; U; Windows NT 6.0; en-US; rv:1.9.1.8) Gecko/20100202 Firefox/3.5.8 (.NET CLR 3.5.30729)"
67.195.115.240 - - [29/Jun/2010:02:18:50 -0700] "GET blackstardojo.org/wiki/index.php?title=Image:Maple_leafjpg.JPG HTTP/1.0" 200 2805 "-" "Mozilla/5.0 (compatible; Yahoo! Slurp/3.0; http://help.yahoo.com/help/us/ysearch/slurp)"
67.195.115.240 - - [29/Jun/2010:02:18:52 -0700] "GET blackstardojo.org/wiki/index.php?title=Category:McSmelty_Forge&action=history HTTP/1.0" 200 2649 "-" "Mozilla/5.0 (compatible; Yahoo! Slurp/3.0; http://help.yahoo.com/help/us/ysearch/slurp)"
193.47.80.40 - - [29/Jun/2010:02:19:14 -0700] "GET blackstardojo.org/wiki/index.php?title=Special:Userlogin&returnto=Image:UncutEmerald.gif HTTP/1.1" 200 2618 "-" "Mozilla/5.0 (compatible; Exabot/3.0; +http://www.exabot.com/go/robot)"
193.104.162.7 - - [29/Jun/2010:02:19:26 -0700] "GET www.blackstardojo.org/shop/images/Pokeball.gif HTTP/1.0" 200 314 "http://poke-star.e-monsite.com/" "Mozilla/5.0 (Windows; U; Windows NT 5.1; fr; rv:1.9.2.4) Gecko/20100611 Firefox/2.0.0.4"
67.195.115.240 - - [29/Jun/2010:02:19:56 -0700] "GET blackstardojo.org/viewtopic.php?t=1573&start=0 HTTP/1.0" 200 128030 "-" "Mozilla/5.0 (compatible; Yahoo! Slurp/3.0; http://help.yahoo.com/help/us/ysearch/slurp)"
203.166.84.235 - - [29/Jun/2010:02:22:01 -0700] "GET blackstardojo.org/privmsg.php?folder=inbox&mode=read&p=23903 HTTP/1.1" 200 30585 "http://blackstardojo.org/privmsg.php?folder=inbox&sid=05fb05bf7fb3601fbf43c07d53bcd956" "Mozilla/5.0 (Windows; U; Windows NT 6.1; en-GB; rv:1.9.2.4) Gecko/20100611 Firefox/3.6.4"
67.195.111.226 - - [29/Jun/2010:02:22:24 -0700] "GET www.blackstardojo.org/viewtopic.php?t=15&start=15 HTTP/1.0" 200 125972 "-" "Mozilla/5.0 (compatible; Yahoo! Slurp/3.0; http://help.yahoo.com/help/us/ysearch/slurp)"
67.195.115.240 - - [29/Jun/2010:02:22:36 -0700] "GET blackstardojo.org/viewtopic.php?p=40062 HTTP/1.0" 200 34184 "-" "Mozilla/5.0 (compatible; Yahoo! Slurp/3.0; http://help.yahoo.com/help/us/ysearch/slurp)"
81.170.222.172 - - [29/Jun/2010:02:22:42 -0700] "GET www.blackstardojo.org/shop/images/Pokeball.gif HTTP/1.1" 304 - "http://fuckyeahpokememe.tumblr.com/page/25" "Mozilla/4.0 (compatible; MSIE 8.0; Windows NT 6.1; WOW64; Trident/4.0; GTB6.5; SLCC2; .NET CLR 2.0.50727; .NET CLR 3.5.30729; .NET CLR 3.0.30729; Media Center PC 6.0; AskTB5.6)"
66.215.12.213 - - [29/Jun/2010:02:23:23 -0700] "GET www.blackstardojo.org/shop/images/Pokeball.gif HTTP/1.1" 200 314 "http://fuckyeahpokememe.tumblr.com/page/1" "Mozilla/5.0 (Windows; U; Windows NT 5.1; en-US; rv:1.9.2.6) Gecko/20100625 Firefox/3.6.6 (.NET CLR 3.5.30729)"
67.195.111.226 - - [29/Jun/2010:02:23:57 -0700] "GET www.blackstardojo.org/wiki/index.php?title=Alaroth HTTP/1.0" 200 2801 "-" "Mozilla/5.0 (compatible; Yahoo! Slurp/3.0; http://help.yahoo.com/help/us/ysearch/slurp)"
193.47.80.40 - - [29/Jun/2010:02:24:12 -0700] "GET blackstardojo.org/wiki/index.php?title=Special:Userlogin&returnto=User:AL37 HTTP/1.1" 200 2609 "-" "Mozilla/5.0 (compatible; Exabot/3.0; +http://www.exabot.com/go/robot)"
67.195.115.240 - - [29/Jun/2010:02:24:30 -0700] "GET blackstardojo.org/viewtopic.php?t=513&start=195 HTTP/1.0" 200 114839 "-" "Mozilla/5.0 (compatible; Yahoo! Slurp/3.0; http://help.yahoo.com/help/us/ysearch/slurp)"
67.195.111.226 - - [29/Jun/2010:02:25:19 -0700] "GET www.blackstardojo.org/viewtopic.php?t=1038 HTTP/1.0" 200 82921 "-" "Mozilla/5.0 (compatible; Yahoo! Slurp/3.0; http://help.yahoo.com/help/us/ysearch/slurp)"
67.195.111.226 - - [29/Jun/2010:02:25:29 -0700] "GET www.blackstardojo.org/viewtopic.php?t=914&start=15 HTTP/1.0" 200 70864 "-" "Mozilla/5.0 (compatible; Yahoo! Slurp/3.0; http://help.yahoo.com/help/us/ysearch/slurp)"
67.195.111.226 - - [29/Jun/2010:02:25:52 -0700] "GET www.blackstardojo.org/viewforum.php?f=31 HTTP/1.0" 302 39 "-" "Mozilla/5.0 (compatible; Yahoo! Slurp/3.0; http://help.yahoo.com/help/us/ysearch/slurp)"
67.195.111.226 - - [29/Jun/2010:02:25:54 -0700] "GET www.blackstardojo.org/login.php?redirect=viewforum.php&f=31&start=0&sid=dca64d85e4a0dd60d98b032037f889ec HTTP/1.0" 200 22236 "-" "Mozilla/5.0 (compatible; Yahoo! Slurp/3.0; http://help.yahoo.com/help/us/ysearch/slurp)"
67.195.115.240 - - [29/Jun/2010:02:26:35 -0700] "GET blackstardojo.org/wiki/index.php?title=Usergroup HTTP/1.0" 200 2434 "-" "Mozilla/5.0 (compatible; Yahoo! Slurp/3.0; http://help.yahoo.com/help/us/ysearch/slurp)"
94.246.127.113 - - [29/Jun/2010:02:28:52 -0700] "GET www.blackstardojo.org/ HTTP/1.1" 200 52718 "-" "Opera/9.80 (J2ME/MIDP; Opera Mini/5.0.18741/18.794; U; en) Presto/2.4.15"
94.246.127.113 - - [29/Jun/2010:02:28:52 -0700] "GET www.blackstardojo.org/favicon.gif HTTP/1.1" 200 20142 "http://www.blackstardojo.org/" "Opera/9.80 (J2ME/MIDP; Opera Mini/5.0.18741/18.794; U; en) Presto/2.4.15"
94.246.127.113 - - [29/Jun/2010:02:28:52 -0700] "GET www.blackstardojo.org/templates/guildwars_tree/images/cellpic3.gif HTTP/1.1" 200 256 "http://www.blackstardojo.org/" "Opera/9.80 (J2ME/MIDP; Opera Mini/5.0.18741/18.794; U; en) Presto/2.4.15"
94.246.127.113 - - [29/Jun/2010:02:28:52 -0700] "GET www.blackstardojo.org/templates/guildwars_tree/images/temblem_li.gif HTTP/1.1" 200 601 "http://www.blackstardojo.org/" "Opera/9.80 (J2ME/MIDP; Opera Mini/5.0.18741/18.794; U; en) Presto/2.4.15"
94.246.127.113 - - [29/Jun/2010:02:28:52 -0700] "GET www.blackstardojo.org/templates/guildwars_tree/images/temblem_re.gif HTTP/1.1" 200 606 "http://www.blackstardojo.org/" "Opera/9.80 (J2ME/MIDP; Opera Mini/5.0.18741/18.794; U; en) Presto/2.4.15"
94.246.127.113 - - [29/Jun/2010:02:28:52 -0700] "GET www.blackstardojo.org/templates/guildwars_tree/images/header_logo_02.gif HTTP/1.1" 200 1050 "http://www.blackstardojo.org/" "Opera/9.80 (J2ME/MIDP; Opera Mini/5.0.18741/18.794; U; en) Presto/2.4.15"
94.246.127.113 - - [29/Jun/2010:02:28:52 -0700] "GET www.blackstardojo.org/templates/guildwars_tree/images/header_logo_04.gif HTTP/1.1" 200 1050 "http://www.blackstardojo.org/" "Opera/9.80 (J2ME/MIDP; Opera Mini/5.0.18741/18.794; U; en) Presto/2.4.15"
94.246.127.113 - - [29/Jun/2010:02:28:52 -0700] "GET www.blackstardojo.org/templates/guildwars_tree/images/cellpic1.gif HTTP/1.1" 200 281 "http://www.blackstardojo.org/" "Opera/9.80 (J2ME/MIDP; Opera Mini/5.0.18741/18.794; U; en) Presto/2.4.15"
94.246.127.113 - - [29/Jun/2010:02:28:52 -0700] "GET www.blackstardojo.org/templates/guildwars_tree/images/cellpic2.gif HTTP/1.1" 200 1161 "http://www.blackstardojo.org/" "Opera/9.80 (J2ME/MIDP; Opera Mini/5.0.18741/18.794; U; en) Presto/2.4.15"
94.246.127.113 - - [29/Jun/2010:02:28:52 -0700] "GET www.blackstardojo.org/forum_images/scroll.png HTTP/1.1" 200 3976 "http://www.blackstardojo.org/" "Opera/9.80 (J2ME/MIDP; Opera Mini/5.0.18741/18.794; U; en) Presto/2.4.15"
94.246.127.113 - - [29/Jun/2010:02:28:52 -0700] "GET www.blackstardojo.org/templates/guildwars_tree/images/icon_latest_reply.gif HTTP/1.1" 200 952 "http://www.blackstardojo.org/" "Opera/9.80 (J2ME/MIDP; Opera Mini/5.0.18741/18.794; U; en) Presto/2.4.15"
94.246.127.113 - - [29/Jun/2010:02:28:52 -0700] "GET www.blackstardojo.org/forum_images/pin.png HTTP/1.1" 200 2520 "http://www.blackstardojo.org/" "Opera/9.80 (J2ME/MIDP; Opera Mini/5.0.18741/18.794; U; en) Presto/2.4.15"
94.246.127.113 - - [29/Jun/2010:02:28:52 -0700] "GET www.blackstardojo.org/forum_images/bug.png HTTP/1.1" 200 2734 "http://www.blackstardojo.org/" "Opera/9.80 (J2ME/MIDP; Opera Mini/5.0.18741/18.794; U; en) Presto/2.4.15"
94.246.127.113 - - [29/Jun/2010:02:28:52 -0700] "GET www.blackstardojo.org/forum_images/dragon.png HTTP/1.1" 200 4520 "http://www.blackstardojo.org/" "Opera/9.80 (J2ME/MIDP; Opera Mini/5.0.18741/18.794; U; en) Presto/2.4.15"
94.246.127.113 - - [29/Jun/2010:02:28:52 -0700] "GET www.blackstardojo.org/forum_images/star.png HTTP/1.1" 200 2442 "http://www.blackstardojo.org/" "Opera/9.80 (J2ME/MIDP; Opera Mini/5.0.18741/18.794; U; en) Presto/2.4.15"
94.246.127.113 - - [29/Jun/2010:02:28:52 -0700] "GET www.blackstardojo.org/forum_images/norn.png HTTP/1.1" 200 2834 "http://www.blackstardojo.org/" "Opera/9.80 (J2ME/MIDP; Opera Mini/5.0.18741/18.794; U; en) Presto/2.4.15"
94.246.127.113 - - [29/Jun/2010:02:28:52 -0700] "GET www.blackstardojo.org/templates/guildwars_tree/images/icon_birthday.gif HTTP/1.1" 200 1795 "http://www.blackstardojo.org/" "Opera/9.80 (J2ME/MIDP; Opera Mini/5.0.18741/18.794; U; en) Presto/2.4.15"
94.246.127.113 - - [29/Jun/2010:02:28:52 -0700] "GET www.blackstardojo.org/templates/guildwars_tree/images/folder_big.gif HTTP/1.1" 200 713 "http://www.blackstardojo.org/" "Opera/9.80 (J2ME/MIDP; Opera Mini/5.0.18741/18.794; U; en) Presto/2.4.15"
94.246.127.113 - - [29/Jun/2010:02:28:52 -0700] "GET www.blackstardojo.org/forum_images/chat.png HTTP/1.1" 200 3555 "http://www.blackstardojo.org/" "Opera/9.80 (J2ME/MIDP; Opera Mini/5.0.18741/18.794; U; en) Presto/2.4.15"
94.246.127.113 - - [29/Jun/2010:02:28:52 -0700] "GET www.blackstardojo.org/forum_images/training.png HTTP/1.1" 200 3129 "http://www.blackstardojo.org/" "Opera/9.80 (J2ME/MIDP; Opera Mini/5.0.18741/18.794; U; en) Presto/2.4.15"
94.246.127.113 - - [29/Jun/2010:02:28:52 -0700] "GET www.blackstardojo.org/forum_images/north.png HTTP/1.1" 200 4238 "http://www.blackstardojo.org/" "Opera/9.80 (J2ME/MIDP; Opera Mini/5.0.18741/18.794; U; en) Presto/2.4.15"
94.246.127.113 - - [29/Jun/2010:02:28:52 -0700] "GET www.blackstardojo.org/forum_images/wolf.png HTTP/1.1" 200 2819 "http://www.blackstardojo.org/" "Opera/9.80 (J2ME/MIDP; Opera Mini/5.0.18741/18.794; U; en) Presto/2.4.15"
94.246.127.113 - - [29/Jun/2010:02:28:52 -0700] "GET www.blackstardojo.org/forum_images/market.png HTTP/1.1" 200 3915 "http://www.blackstardojo.org/" "Opera/9.80 (J2ME/MIDP; Opera Mini/5.0.18741/18.794; U; en) Presto/2.4.15"
94.246.127.113 - - [29/Jun/2010:02:28:52 -0700] "GET www.blackstardojo.org/forum_images/suggestion.png HTTP/1.1" 200 2959 "http://www.blackstardojo.org/" "Opera/9.80 (J2ME/MIDP; Opera Mini/5.0.18741/18.794; U; en) Presto/2.4.15"
94.246.127.113 - - [29/Jun/2010:02:28:52 -0700] "GET www.blackstardojo.org/forum_images/south.png HTTP/1.1" 200 2821 "http://www.blackstardojo.org/" "Opera/9.80 (J2ME/MIDP; Opera Mini/5.0.18741/18.794; U; en) Presto/2.4.15"
94.246.127.113 - - [29/Jun/2010:02:28:52 -0700] "GET www.blackstardojo.org/forum_images/cave.png HTTP/1.1" 200 3899 "http://www.blackstardojo.org/" "Opera/9.80 (J2ME/MIDP; Opera Mini/5.0.18741/18.794; U; en) Presto/2.4.15"
94.246.127.113 - - [29/Jun/2010:02:28:52 -0700] "GET www.blackstardojo.org/forum_images/ampitheater.png HTTP/1.1" 200 3639 "http://www.blackstardojo.org/" "Opera/9.80 (J2ME/MIDP; Opera Mini/5.0.18741/18.794; U; en) Presto/2.4.15"
94.246.127.113 - - [29/Jun/2010:02:28:52 -0700] "GET www.blackstardojo.org/forum_images/art.png HTTP/1.1" 200 4214 "http://www.blackstardojo.org/" "Opera/9.80 (J2ME/MIDP; Opera Mini/5.0.18741/18.794; U; en) Presto/2.4.15"
94.246.127.113 - - [29/Jun/2010:02:28:52 -0700] "GET www.blackstardojo.org/forum_images/arena.png HTTP/1.1" 200 4047 "http://www.blackstardojo.org/" "Opera/9.80 (J2ME/MIDP; Opera Mini/5.0.18741/18.794; U; en) Presto/2.4.15"
94.246.127.113 - - [29/Jun/2010:02:28:52 -0700] "GET www.blackstardojo.org/forum_images/arena.png HTTP/1.1" 200 4047 "http://www.blackstardojo.org/" "Opera/9.80 (J2ME/MIDP; Opera Mini/5.0.18741/18.794; U; en) Presto/2.4.15"
94.246.127.113 - - [29/Jun/2010:02:28:52 -0700] "GET www.blackstardojo.org/templates/guildwars_tree/images/header_logo_01.gif HTTP/1.1" 200 26822 "http://www.blackstardojo.org/" "Opera/9.80 (J2ME/MIDP; Opera Mini/5.0.18741/18.794; U; en) Presto/2.4.15"
94.246.127.113 - - [29/Jun/2010:02:28:52 -0700] "GET www.blackstardojo.org/templates/guildwars_tree/images/header_logo_03.gif HTTP/1.1" 200 23856 "http://www.blackstardojo.org/" "Opera/9.80 (J2ME/MIDP; Opera Mini/5.0.18741/18.794; U; en) Presto/2.4.15"
94.246.127.113 - - [29/Jun/2010:02:28:52 -0700] "GET www.blackstardojo.org/templates/guildwars_tree/images/whosonline.gif HTTP/1.1" 200 6108 "http://www.blackstardojo.org/" "Opera/9.80 (J2ME/MIDP; Opera Mini/5.0.18741/18.794; U; en) Presto/2.4.15"
94.246.127.113 - - [29/Jun/2010:02:28:52 -0700] "GET www.blackstardojo.org/templates/guildwars_tree/images/folder_new_big.gif HTTP/1.1" 200 1121 "http://www.blackstardojo.org/" "Opera/9.80 (J2ME/MIDP; Opera Mini/5.0.18741/18.794; U; en) Presto/2.4.15"
94.246.127.113 - - [29/Jun/2010:02:28:52 -0700] "GET www.blackstardojo.org/templates/guildwars_tree/images/whosonline.gif HTTP/1.1" 200 6108 "http://www.blackstardojo.org/" "Opera/9.80 (J2ME/MIDP; Opera Mini/5.0.18741/18.794; U; en) Presto/2.4.15"
94.246.127.113 - - [29/Jun/2010:02:28:52 -0700] "GET www.blackstardojo.org/templates/guildwars_tree/images/header_logo_05.gif HTTP/1.1" 200 26586 "http://www.blackstardojo.org/" "Opera/9.80 (J2ME/MIDP; Opera Mini/5.0.18741/18.794; U; en) Presto/2.4.15"
94.246.127.113 - - [29/Jun/2010:02:28:52 -0700] "GET www.blackstardojo.org/templates/guildwars_tree/images/folder_locked_big.gif HTTP/1.1" 200 1209 "http://www.blackstardojo.org/" "Opera/9.80 (J2ME/MIDP; Opera Mini/5.0.18741/18.794; U; en) Presto/2.4.15"
94.246.127.113 - - [29/Jun/2010:02:28:52 -0700] "GET www.blackstardojo.org/templates/guildwars_tree/images/folder_new_big.gif HTTP/1.1" 200 1121 "http://www.blackstardojo.org/" "Opera/9.80 (J2ME/MIDP; Opera Mini/5.0.18741/18.794; U; en) Presto/2.4.15"
94.246.127.113 - - [29/Jun/2010:02:28:52 -0700] "GET www.blackstardojo.org/templates/guildwars_tree/images/folder_locked_big.gif HTTP/1.1" 200 1209 "http://www.blackstardojo.org/" "Opera/9.80 (J2ME/MIDP; Opera Mini/5.0.18741/18.794; U; en) Presto/2.4.15"
193.47.80.40 - - [29/Jun/2010:02:29:31 -0700] "GET blackstardojo.org/wiki/index.php?title=User:178_buy_nicotinell&action=history HTTP/1.1" 200 2548 "-" "Mozilla/5.0 (compatible; Exabot/3.0; +http://www.exabot.com/go/robot)"
67.195.111.226 - - [29/Jun/2010:02:29:53 -0700] "GET www.blackstardojo.org/viewforum.php?f=45 HTTP/1.0" 200 42895 "-" "Mozilla/5.0 (compatible; Yahoo! Slurp/3.0; http://help.yahoo.com/help/us/ysearch/slurp)"
114.108.227.226 - - [29/Jun/2010:02:30:39 -0700] "GET www.blackstardojo.org/shop/images/Pokeball.gif HTTP/1.1" 200 314 "http://fuckyeahpokememe.tumblr.com/post/559636342/aishe-artist-zenithfoxie" "Mozilla/5.0 (Windows; U; Windows NT 6.0; en-US) AppleWebKit/533.4 (KHTML, like Gecko) Chrome/5.0.375.86 Safari/533.4"
94.246.127.113 - - [29/Jun/2010:02:32:00 -0700] "POST www.blackstardojo.org/login.php?sid=dd789f4cd0a4e8e2a812d56722b2b3ab HTTP/1.1" 302 51 "http://www.blackstardojo.org/" "Opera/9.80 (J2ME/MIDP; Opera Mini/5.0.18741/18.794; U; en) Presto/2.4.15"
94.246.127.113 - - [29/Jun/2010:02:32:01 -0700] "GET www.blackstardojo.org/index.php?sid=dd789f4cd0a4e8e2a812d56722b2b3ab HTTP/1.1" 200 57961 "http://www.blackstardojo.org/" "Opera/9.80 (J2ME/MIDP; Opera Mini/5.0.18741/18.794; U; en) Presto/2.4.15"
94.246.127.113 - - [29/Jun/2010:02:32:01 -0700] "GET www.blackstardojo.org/forum_images/star_new.png HTTP/1.1" 200 2808 "http://www.blackstardojo.org/index.php?sid=dd789f4cd0a4e8e2a812d56722b2b3ab" "Opera/9.80 (J2ME/MIDP; Opera Mini/5.0.18741/18.794; U; en) Presto/2.4.15"
94.246.127.113 - - [29/Jun/2010:02:32:01 -0700] "GET www.blackstardojo.org/forum_images/arena_new.png HTTP/1.1" 200 4386 "http://www.blackstardojo.org/index.php?sid=dd789f4cd0a4e8e2a812d56722b2b3ab" "Opera/9.80 (J2ME/MIDP; Opera Mini/5.0.18741/18.794; U; en) Presto/2.4.15"
94.246.127.113 - - [29/Jun/2010:02:32:01 -0700] "GET www.blackstardojo.org/forum_images/south_new.png HTTP/1.1" 200 3219 "http://www.blackstardojo.org/index.php?sid=dd789f4cd0a4e8e2a812d56722b2b3ab" "Opera/9.80 (J2ME/MIDP; Opera Mini/5.0.18741/18.794; U; en) Presto/2.4.15"
94.246.127.113 - - [29/Jun/2010:02:32:01 -0700] "GET www.blackstardojo.org/forum_images/sanctuary.png HTTP/1.1" 200 3395 "http://www.blackstardojo.org/index.php?sid=dd789f4cd0a4e8e2a812d56722b2b3ab" "Opera/9.80 (J2ME/MIDP; Opera Mini/5.0.18741/18.794; U; en) Presto/2.4.15"
94.246.127.113 - - [29/Jun/2010:02:32:01 -0700] "GET www.blackstardojo.org/forum_images/citadel.png HTTP/1.1" 200 3081 "http://www.blackstardojo.org/index.php?sid=dd789f4cd0a4e8e2a812d56722b2b3ab" "Opera/9.80 (J2ME/MIDP; Opera Mini/5.0.18741/18.794; U; en) Presto/2.4.15"
94.246.127.113 - - [29/Jun/2010:02:32:01 -0700] "GET www.blackstardojo.org/forum_images/corporation.png HTTP/1.1" 200 2427 "http://www.blackstardojo.org/index.php?sid=dd789f4cd0a4e8e2a812d56722b2b3ab" "Opera/9.80 (J2ME/MIDP; Opera Mini/5.0.18741/18.794; U; en) Presto/2.4.15"
94.246.127.113 - - [29/Jun/2010:02:32:01 -0700] "GET www.blackstardojo.org/forum_images/immortal.png HTTP/1.1" 200 4039 "http://www.blackstardojo.org/index.php?sid=dd789f4cd0a4e8e2a812d56722b2b3ab" "Opera/9.80 (J2ME/MIDP; Opera Mini/5.0.18741/18.794; U; en) Presto/2.4.15"
94.246.127.113 - - [29/Jun/2010:02:32:01 -0700] "GET www.blackstardojo.org/forum_images/maze.png HTTP/1.1" 200 3116 "http://www.blackstardojo.org/index.php?sid=dd789f4cd0a4e8e2a812d56722b2b3ab" "Opera/9.80 (J2ME/MIDP; Opera Mini/5.0.18741/18.794; U; en) Presto/2.4.15"
110.159.136.76 - - [29/Jun/2010:02:32:07 -0700] "GET www.blackstardojo.org/shop/images/Pokeball.gif HTTP/1.1" 200 314 "http://fuckyeahpokememe.tumblr.com/" "Mozilla/5.0 (Windows; U; Windows NT 6.1; en-US; rv:1.9.1.10) Gecko/20100504 Firefox/3.5.10"
193.47.80.40 - - [29/Jun/2010:02:32:09 -0700] "GET blackstardojo.org/wiki/index.php?title=Lunagon/Paragon&action=edit&section=7 HTTP/1.1" 200 2117 "-" "Mozilla/5.0 (compatible; Exabot/3.0; +http://www.exabot.com/go/robot)"
94.246.127.113 - - [29/Jun/2010:02:32:12 -0700] "GET www.blackstardojo.org/templates/guildwars_tree/images/icon_minipost.gif HTTP/1.1" 200 877 "http://www.blackstardojo.org/viewforum.php?f=4" "Opera/9.80 (J2ME/MIDP; Opera Mini/5.0.18741/18.794; U; en) Presto/2.4.15"
94.246.127.113 - - [29/Jun/2010:02:32:12 -0700] "GET www.blackstardojo.org/templates/guildwars_tree/images/folder_new.gif HTTP/1.1" 200 348 "http://www.blackstardojo.org/viewforum.php?f=4" "Opera/9.80 (J2ME/MIDP; Opera Mini/5.0.18741/18.794; U; en) Presto/2.4.15"
94.246.127.113 - - [29/Jun/2010:02:32:12 -0700] "GET www.blackstardojo.org/templates/guildwars_tree/images/folder.gif HTTP/1.1" 200 344 "http://www.blackstardojo.org/viewforum.php?f=4" "Opera/9.80 (J2ME/MIDP; Opera Mini/5.0.18741/18.794; U; en) Presto/2.4.15"
94.246.127.113 - - [29/Jun/2010:02:32:12 -0700] "GET www.blackstardojo.org/templates/guildwars_tree/images/icon_newest_reply.gif HTTP/1.1" 200 230 "http://www.blackstardojo.org/viewforum.php?f=4" "Opera/9.80 (J2ME/MIDP; Opera Mini/5.0.18741/18.794; U; en) Presto/2.4.15"
94.246.127.113 - - [29/Jun/2010:02:32:12 -0700] "GET www.blackstardojo.org/templates/guildwars_tree/images/lang_english/post.gif HTTP/1.1" 200 1761 "http://www.blackstardojo.org/viewforum.php?f=4" "Opera/9.80 (J2ME/MIDP; Opera Mini/5.0.18741/18.794; U; en) Presto/2.4.15"
94.246.127.113 - - [29/Jun/2010:02:32:12 -0700] "GET www.blackstardojo.org/viewforum.php?f=4 HTTP/1.1" 200 89011 "http://www.blackstardojo.org/index.php?sid=dd789f4cd0a4e8e2a812d56722b2b3ab" "Opera/9.80 (J2ME/MIDP; Opera Mini/5.0.18741/18.794; U; en) Presto/2.4.15"
94.246.127.113 - - [29/Jun/2010:02:32:12 -0700] "GET www.blackstardojo.org/templates/guildwars_tree/images/folder_hot.gif HTTP/1.1" 200 385 "http://www.blackstardojo.org/viewforum.php?f=4" "Opera/9.80 (J2ME/MIDP; Opera Mini/5.0.18741/18.794; U; en) Presto/2.4.15"
94.246.127.113 - - [29/Jun/2010:02:32:12 -0700] "GET www.blackstardojo.org/templates/guildwars_tree/images/folder_announce.gif HTTP/1.1" 200 364 "http://www.blackstardojo.org/viewforum.php?f=4" "Opera/9.80 (J2ME/MIDP; Opera Mini/5.0.18741/18.794; U; en) Presto/2.4.15"
94.246.127.113 - - [29/Jun/2010:02:32:12 -0700] "GET www.blackstardojo.org/templates/guildwars_tree/images/folder_sticky.gif HTTP/1.1" 200 392 "http://www.blackstardojo.org/viewforum.php?f=4" "Opera/9.80 (J2ME/MIDP; Opera Mini/5.0.18741/18.794; U; en) Presto/2.4.15"
94.246.127.113 - - [29/Jun/2010:02:32:12 -0700] "GET www.blackstardojo.org/templates/guildwars_tree/images/folder_new_hot.gif HTTP/1.1" 200 598 "http://www.blackstardojo.org/viewforum.php?f=4" "Opera/9.80 (J2ME/MIDP; Opera Mini/5.0.18741/18.794; U; en) Presto/2.4.15"
94.246.127.113 - - [29/Jun/2010:02:32:12 -0700] "GET www.blackstardojo.org/templates/guildwars_tree/images/folder_lock_new.gif HTTP/1.1" 200 591 "http://www.blackstardojo.org/viewforum.php?f=4" "Opera/9.80 (J2ME/MIDP; Opera Mini/5.0.18741/18.794; U; en) Presto/2.4.15"
94.246.127.113 - - [29/Jun/2010:02:32:12 -0700] "GET www.blackstardojo.org/templates/guildwars_tree/images/folder_lock.gif HTTP/1.1" 200 590 "http://www.blackstardojo.org/viewforum.php?f=4" "Opera/9.80 (J2ME/MIDP; Opera Mini/5.0.18741/18.794; U; en) Presto/2.4.15"
94.246.127.113 - - [29/Jun/2010:02:32:28 -0700] "GET www.blackstardojo.org/viewtopic.php?t=2363&start=15 HTTP/1.1" 200 44876 "http://www.blackstardojo.org/viewforum.php?f=4" "Opera/9.80 (J2ME/MIDP; Opera Mini/5.0.18741/18.794; U; en) Presto/2.4.15"
94.246.127.113 - - [29/Jun/2010:02:32:29 -0700] "GET www.blackstardojo.org/templates/guildwars_tree/images/lang_english/reply.gif HTTP/1.1" 200 1756 "http://www.blackstardojo.org/viewtopic.php?t=2363&start=15" "Opera/9.80 (J2ME/MIDP; Opera Mini/5.0.18741/18.794; U; en) Presto/2.4.15"
94.246.127.113 - - [29/Jun/2010:02:32:29 -0700] "GET www.blackstardojo.org/templates/guildwars_tree/images/icon_minipost_new.gif HTTP/1.1" 200 182 "http://www.blackstardojo.org/viewtopic.php?t=2363&start=15" "Opera/9.80 (J2ME/MIDP; Opera Mini/5.0.18741/18.794; U; en) Presto/2.4.15"
94.246.127.113 - - [29/Jun/2010:02:32:29 -0700] "GET www.blackstardojo.org/templates/guildwars_tree/images/lang_english/icon_quote.gif HTTP/1.1" 200 1139 "http://www.blackstardojo.org/viewtopic.php?t=2363&start=15" "Opera/9.80 (J2ME/MIDP; Opera Mini/5.0.18741/18.794; U; en) Presto/2.4.15"
94.246.127.113 - - [29/Jun/2010:02:32:29 -0700] "GET www.blackstardojo.org/templates/guildwars_tree/images/lang_english/icon_edit.gif HTTP/1.1" 200 1115 "http://www.blackstardojo.org/viewtopic.php?t=2363&start=15" "Opera/9.80 (J2ME/MIDP; Opera Mini/5.0.18741/18.794; U; en) Presto/2.4.15"
94.246.127.113 - - [29/Jun/2010:02:32:29 -0700] "GET www.blackstardojo.org/templates/guildwars_tree/images/icon_delete.gif HTTP/1.1" 200 1146 "http://www.blackstardojo.org/viewtopic.php?t=2363&start=15" "Opera/9.80 (J2ME/MIDP; Opera Mini/5.0.18741/18.794; U; en) Presto/2.4.15"
94.246.127.113 - - [29/Jun/2010:02:32:29 -0700] "GET www.blackstardojo.org/images/avatars/8716289954c1d59f58b3ed.png HTTP/1.1" 200 7002 "http://www.blackstardojo.org/viewtopic.php?t=2363&start=15" "Opera/9.80 (J2ME/MIDP; Opera Mini/5.0.18741/18.794; U; en) Presto/2.4.15"
94.246.127.113 - - [29/Jun/2010:02:32:29 -0700] "GET www.blackstardojo.org/images/ranks/newbelts/White.png HTTP/1.1" 200 4632 "http://www.blackstardojo.org/viewtopic.php?t=2363&start=15" "Opera/9.80 (J2ME/MIDP; Opera Mini/5.0.18741/18.794; U; en) Presto/2.4.15"
94.246.127.113 - - [29/Jun/2010:02:32:29 -0700] "GET www.blackstardojo.org/templates/guildwars_tree/images/lang_english/icon_profile.gif HTTP/1.1" 200 736 "http://www.blackstardojo.org/viewtopic.php?t=2363&start=15" "Opera/9.80 (J2ME/MIDP; Opera Mini/5.0.18741/18.794; U; en) Presto/2.4.15"
94.246.127.113 - - [29/Jun/2010:02:32:29 -0700] "GET www.blackstardojo.org/templates/guildwars_tree/images/lang_english/icon_pm.gif HTTP/1.1" 200 679 "http://www.blackstardojo.org/viewtopic.php?t=2363&start=15" "Opera/9.80 (J2ME/MIDP; Opera Mini/5.0.18741/18.794; U; en) Presto/2.4.15"
94.246.127.113 - - [29/Jun/2010:02:32:29 -0700] "GET www.blackstardojo.org/templates/guildwars_tree/images/spacer.gif HTTP/1.1" 200 43 "http://www.blackstardojo.org/viewtopic.php?t=2363&start=15" "Opera/9.80 (J2ME/MIDP; Opera Mini/5.0.18741/18.794; U; en) Presto/2.4.15"
94.246.127.113 - - [29/Jun/2010:02:32:29 -0700] "GET www.blackstardojo.org/images/ranks/blackstar.png HTTP/1.1" 200 1845 "http://www.blackstardojo.org/viewtopic.php?t=2363&start=15" "Opera/9.80 (J2ME/MIDP; Opera Mini/5.0.18741/18.794; U; en) Presto/2.4.15"
94.246.127.113 - - [29/Jun/2010:02:32:29 -0700] "GET www.blackstardojo.org/templates/guildwars_tree/images/lang_english/icon_ip.gif HTTP/1.1" 200 1081 "http://www.blackstardojo.org/viewtopic.php?t=2363&start=15" "Opera/9.80 (J2ME/MIDP; Opera Mini/5.0.18741/18.794; U; en) Presto/2.4.15"
94.246.127.113 - - [29/Jun/2010:02:32:29 -0700] "GET www.blackstardojo.org/templates/guildwars_tree/images/icon_report.gif HTTP/1.1" 200 371 "http://www.blackstardojo.org/viewtopic.php?t=2363&start=15" "Opera/9.80 (J2ME/MIDP; Opera Mini/5.0.18741/18.794; U; en) Presto/2.4.15"
94.246.127.113 - - [29/Jun/2010:02:32:29 -0700] "GET www.blackstardojo.org/images/ranks/GroupRank.png HTTP/1.1" 200 4426 "http://www.blackstardojo.org/viewtopic.php?t=2363&start=15" "Opera/9.80 (J2ME/MIDP; Opera Mini/5.0.18741/18.794; U; en) Presto/2.4.15"
94.246.127.113 - - [29/Jun/2010:02:32:29 -0700] "GET www.blackstardojo.org/templates/guildwars_tree/images/lang_english/icon_www.gif HTTP/1.1" 200 704 "http://www.blackstardojo.org/viewtopic.php?t=2363&start=15" "Opera/9.80 (J2ME/MIDP; Opera Mini/5.0.18741/18.794; U; en) Presto/2.4.15"
94.246.127.113 - - [29/Jun/2010:02:32:29 -0700] "GET www.blackstardojo.org/templates/guildwars_tree/images/lang_english/icon_email.gif HTTP/1.1" 200 728 "http://www.blackstardojo.org/viewtopic.php?t=2363&start=15" "Opera/9.80 (J2ME/MIDP; Opera Mini/5.0.18741/18.794; U; en) Presto/2.4.15"
94.246.127.113 - - [29/Jun/2010:02:32:29 -0700] "GET www.blackstardojo.org/images/avatars/122.png HTTP/1.1" 200 4886 "http://www.blackstardojo.org/viewtopic.php?t=2363&start=15" "Opera/9.80 (J2ME/MIDP; Opera Mini/5.0.18741/18.794; U; en) Presto/2.4.15"
94.246.127.113 - - [29/Jun/2010:02:32:29 -0700] "GET www.blackstardojo.org/templates/guildwars_tree/images/lang_english/icon_profile.gif HTTP/1.1" 200 736 "http://www.blackstardojo.org/viewtopic.php?t=2363&start=15" "Opera/9.80 (J2ME/MIDP; Opera Mini/5.0.18741/18.794; U; en) Presto/2.4.15"
94.246.127.113 - - [29/Jun/2010:02:32:29 -0700] "GET www.blackstardojo.org/templates/guildwars_tree/images/lang_english/icon_email.gif HTTP/1.1" 200 728 "http://www.blackstardojo.org/viewtopic.php?t=2363&start=15" "Opera/9.80 (J2ME/MIDP; Opera Mini/5.0.18741/18.794; U; en) Presto/2.4.15"
94.246.127.113 - - [29/Jun/2010:02:32:29 -0700] "GET www.blackstardojo.org/templates/guildwars_tree/images/lang_english/icon_www.gif HTTP/1.1" 200 704 "http://www.blackstardojo.org/viewtopic.php?t=2363&start=15" "Opera/9.80 (J2ME/MIDP; Opera Mini/5.0.18741/18.794; U; en) Presto/2.4.15"
94.246.127.113 - - [29/Jun/2010:02:32:29 -0700] "GET www.blackstardojo.org/shop/images/Vanilla Cake.gif HTTP/1.1" 200 1800 "http://www.blackstardojo.org/viewtopic.php?t=2363&start=15" "Opera/9.80 (J2ME/MIDP; Opera Mini/5.0.18741/18.794; U; en) Presto/2.4.15"
94.246.127.113 - - [29/Jun/2010:02:32:29 -0700] "GET www.blackstardojo.org/templates/guildwars_tree/images/topic_delete.gif HTTP/1.1" 200 1463 "http://www.blackstardojo.org/viewtopic.php?t=2363&start=15" "Opera/9.80 (J2ME/MIDP; Opera Mini/5.0.18741/18.794; U; en) Presto/2.4.15"
94.246.127.113 - - [29/Jun/2010:02:32:29 -0700] "GET www.blackstardojo.org/templates/guildwars_tree/images/topic_move.gif HTTP/1.1" 200 1516 "http://www.blackstardojo.org/viewtopic.php?t=2363&start=15" "Opera/9.80 (J2ME/MIDP; Opera Mini/5.0.18741/18.794; U; en) Presto/2.4.15"
94.246.127.113 - - [29/Jun/2010:02:32:29 -0700] "GET www.blackstardojo.org/templates/guildwars_tree/images/topic_lock.gif HTTP/1.1" 200 1510 "http://www.blackstardojo.org/viewtopic.php?t=2363&start=15" "Opera/9.80 (J2ME/MIDP; Opera Mini/5.0.18741/18.794; U; en) Presto/2.4.15"
94.246.127.113 - - [29/Jun/2010:02:32:29 -0700] "GET www.blackstardojo.org/templates/guildwars_tree/images/topic_split.gif HTTP/1.1" 200 1498 "http://www.blackstardojo.org/viewtopic.php?t=2363&start=15" "Opera/9.80 (J2ME/MIDP; Opera Mini/5.0.18741/18.794; U; en) Presto/2.4.15"
193.47.80.40 - - [29/Jun/2010:02:32:36 -0700] "GET blackstardojo.org/wiki/index.php?title=Special:Categories&article=Granidon HTTP/1.1" 200 3100 "-" "Mozilla/5.0 (compatible; Exabot/3.0; +http://www.exabot.com/go/robot)"
67.195.111.226 - - [29/Jun/2010:02:32:56 -0700] "GET www.blackstardojo.org/wiki/index.php?title=Account_Creation HTTP/1.0" 200 3279 "-" "Mozilla/5.0 (compatible; Yahoo! Slurp/3.0; http://help.yahoo.com/help/us/ysearch/slurp)"
67.195.111.226 - - [29/Jun/2010:02:33:03 -0700] "GET www.blackstardojo.org/wio.php HTTP/1.0" 200 23386 "-" "Mozilla/5.0 (compatible; Yahoo! Slurp/3.0; http://help.yahoo.com/help/us/ysearch/slurp)"
94.246.127.113 - - [29/Jun/2010:02:33:04 -0700] "GET www.blackstardojo.org/viewtopic.php?t=2363&postdays=0&postorder=asc&start=0 HTTP/1.1" 200 122656 "http://www.blackstardojo.org/viewtopic.php?t=2363&start=15" "Opera/9.80 (J2ME/MIDP; Opera Mini/5.0.18741/18.794; U; en) Presto/2.4.15"
94.246.127.113 - - [29/Jun/2010:02:33:04 -0700] "GET www.blackstardojo.org/medals/bomb.png HTTP/1.1" 200 1251 "http://www.blackstardojo.org/viewtopic.php?t=2363&postdays=0&postorder=asc&start=0" "Opera/9.80 (J2ME/MIDP; Opera Mini/5.0.18741/18.794; U; en) Presto/2.4.15"
94.246.127.113 - - [29/Jun/2010:02:33:04 -0700] "GET www.blackstardojo.org/templates/guildwars_tree/images/rank6.gif HTTP/1.1" 200 1086 "http://www.blackstardojo.org/viewtopic.php?t=2363&postdays=0&postorder=asc&start=0" "Opera/9.80 (J2ME/MIDP; Opera Mini/5.0.18741/18.794; U; en) Presto/2.4.15"
94.246.127.113 - - [29/Jun/2010:02:33:04 -0700] "GET www.blackstardojo.org/images/ranks/a2k.png HTTP/1.1" 200 1850 "http://www.blackstardojo.org/viewtopic.php?t=2363&postdays=0&postorder=asc&start=0" "Opera/9.80 (J2ME/MIDP; Opera Mini/5.0.18741/18.794; U; en) Presto/2.4.15"
94.246.127.113 - - [29/Jun/2010:02:33:04 -0700] "GET www.blackstardojo.org/medals/Guardian.gif HTTP/1.1" 200 2528 "http://www.blackstardojo.org/viewtopic.php?t=2363&postdays=0&postorder=asc&start=0" "Opera/9.80 (J2ME/MIDP; Opera Mini/5.0.18741/18.794; U; en) Presto/2.4.15"
94.246.127.113 - - [29/Jun/2010:02:33:04 -0700] "GET www.blackstardojo.org/medals/BlobMedal.png HTTP/1.1" 200 4345 "http://www.blackstardojo.org/viewtopic.php?t=2363&postdays=0&postorder=asc&start=0" "Opera/9.80 (J2ME/MIDP; Opera Mini/5.0.18741/18.794; U; en) Presto/2.4.15"
94.246.127.113 - - [29/Jun/2010:02:33:04 -0700] "GET www.blackstardojo.org/images/smiles/icon_razz.gif HTTP/1.1" 200 233 "http://www.blackstardojo.org/viewtopic.php?t=2363&postdays=0&postorder=asc&start=0" "Opera/9.80 (J2ME/MIDP; Opera Mini/5.0.18741/18.794; U; en) Presto/2.4.15"
94.246.127.113 - - [29/Jun/2010:02:33:04 -0700] "GET www.blackstardojo.org/medals/BugCatcher.png HTTP/1.1" 200 3548 "http://www.blackstardojo.org/viewtopic.php?t=2363&postdays=0&postorder=asc&start=0" "Opera/9.80 (J2ME/MIDP; Opera Mini/5.0.18741/18.794; U; en) Presto/2.4.15"
94.246.127.113 - - [29/Jun/2010:02:33:04 -0700] "GET www.blackstardojo.org/medals/doagmedal_212.png HTTP/1.1" 200 1418 "http://www.blackstardojo.org/viewtopic.php?t=2363&postdays=0&postorder=asc&start=0" "Opera/9.80 (J2ME/MIDP; Opera Mini/5.0.18741/18.794; U; en) Presto/2.4.15"
94.246.127.113 - - [29/Jun/2010:02:33:04 -0700] "GET www.blackstardojo.org/medals/service.png HTTP/1.1" 200 2837 "http://www.blackstardojo.org/viewtopic.php?t=2363&postdays=0&postorder=asc&start=0" "Opera/9.80 (J2ME/MIDP; Opera Mini/5.0.18741/18.794; U; en) Presto/2.4.15"
94.246.127.113 - - [29/Jun/2010:02:33:04 -0700] "GET www.blackstardojo.org/images/ranks/newbelts/Tiger/GreenTigerAdmin.png HTTP/1.1" 200 5747 "http://www.blackstardojo.org/viewtopic.php?t=2363&postdays=0&postorder=asc&start=0" "Opera/9.80 (J2ME/MIDP; Opera Mini/5.0.18741/18.794; U; en) Presto/2.4.15"
94.246.127.113 - - [29/Jun/2010:02:33:05 -0700] "GET www.blackstardojo.org/images/smiles/icon_lol.gif HTTP/1.1" 200 336 "http://www.blackstardojo.org/viewtopic.php?t=2363&postdays=0&postorder=asc&start=0" "Opera/9.80 (J2ME/MIDP; Opera Mini/5.0.18741/18.794; U; en) Presto/2.4.15"
94.246.127.113 - - [29/Jun/2010:02:33:05 -0700] "GET www.blackstardojo.org/images/smiles/icon_biggrin.gif HTTP/1.1" 200 172 "http://www.blackstardojo.org/viewtopic.php?t=2363&postdays=0&postorder=asc&start=0" "Opera/9.80 (J2ME/MIDP; Opera Mini/5.0.18741/18.794; U; en) Presto/2.4.15"
94.246.127.113 - - [29/Jun/2010:02:33:05 -0700] "GET www.blackstardojo.org/medals/WiseMedal.png HTTP/1.1" 200 4657 "http://www.blackstardojo.org/viewtopic.php?t=2363&postdays=0&postorder=asc&start=0" "Opera/9.80 (J2ME/MIDP; Opera Mini/5.0.18741/18.794; U; en) Presto/2.4.15"
94.246.127.113 - - [29/Jun/2010:02:33:05 -0700] "GET www.blackstardojo.org/medals/expedition.png HTTP/1.1" 200 4339 "http://www.blackstardojo.org/viewtopic.php?t=2363&postdays=0&postorder=asc&start=0" "Opera/9.80 (J2ME/MIDP; Opera Mini/5.0.18741/18.794; U; en) Presto/2.4.15"
94.246.127.113 - - [29/Jun/2010:02:33:05 -0700] "GET www.blackstardojo.org/images/ranks/gameware.png HTTP/1.1" 200 2341 "http://www.blackstardojo.org/viewtopic.php?t=2363&postdays=0&postorder=asc&start=0" "Opera/9.80 (J2ME/MIDP; Opera Mini/5.0.18741/18.794; U; en) Presto/2.4.15"
94.246.127.113 - - [29/Jun/2010:02:33:05 -0700] "GET www.blackstardojo.org/images/ranks/ECRANK.PNG HTTP/1.1" 200 3312 "http://www.blackstardojo.org/viewtopic.php?t=2363&postdays=0&postorder=asc&start=0" "Opera/9.80 (J2ME/MIDP; Opera Mini/5.0.18741/18.794; U; en) Presto/2.4.15"
94.246.127.113 - - [29/Jun/2010:02:33:05 -0700] "GET www.blackstardojo.org/images/avatars/86442633446eb7a6217d49.jpg HTTP/1.1" 404 1695 "http://www.blackstardojo.org/viewtopic.php?t=2363&postdays=0&postorder=asc&start=0" "Opera/9.80 (J2ME/MIDP; Opera Mini/5.0.18741/18.794; U; en) Presto/2.4.15"
94.246.127.113 - - [29/Jun/2010:02:33:05 -0700] "GET www.blackstardojo.org/medals/ConcordatMedal.png HTTP/1.1" 200 3047 "http://www.blackstardojo.org/viewtopic.php?t=2363&postdays=0&postorder=asc&start=0" "Opera/9.80 (J2ME/MIDP; Opera Mini/5.0.18741/18.794; U; en) Presto/2.4.15"
94.246.127.113 - - [29/Jun/2010:02:33:05 -0700] "GET www.blackstardojo.org/images/ranks/newbelts/Chameleon/BlackChameleonMod.png HTTP/1.1" 200 5200 "http://www.blackstardojo.org/viewtopic.php?t=2363&postdays=0&postorder=asc&start=0" "Opera/9.80 (J2ME/MIDP; Opera Mini/5.0.18741/18.794; U; en) Presto/2.4.15"
94.246.127.113 - - [29/Jun/2010:02:33:05 -0700] "GET www.blackstardojo.org/medals/dojo_service.png HTTP/1.1" 200 2406 "http://www.blackstardojo.org/viewtopic.php?t=2363&postdays=0&postorder=asc&start=0" "Opera/9.80 (J2ME/MIDP; Opera Mini/5.0.18741/18.794; U; en) Presto/2.4.15"
94.246.127.113 - - [29/Jun/2010:02:33:05 -0700] "GET www.blackstardojo.org/medals/LabyrinthMedal.png HTTP/1.1" 200 3591 "http://www.blackstardojo.org/viewtopic.php?t=2363&postdays=0&postorder=asc&start=0" "Opera/9.80 (J2ME/MIDP; Opera Mini/5.0.18741/18.794; U; en) Presto/2.4.15"
94.246.127.113 - - [29/Jun/2010:02:33:05 -0700] "GET www.blackstardojo.org/images/ranks/newbelts/Mantis/GreenMantisMod.png HTTP/1.1" 200 5830 "http://www.blackstardojo.org/viewtopic.php?t=2363&postdays=0&postorder=asc&start=0" "Opera/9.80 (J2ME/MIDP; Opera Mini/5.0.18741/18.794; U; en) Presto/2.4.15"
94.246.127.113 - - [29/Jun/2010:02:33:05 -0700] "GET www.blackstardojo.org/medals/challengemedalvy7.png HTTP/1.1" 200 4453 "http://www.blackstardojo.org/viewtopic.php?t=2363&postdays=0&postorder=asc&start=0" "Opera/9.80 (J2ME/MIDP; Opera Mini/5.0.18741/18.794; U; en) Presto/2.4.15"
94.246.127.113 - - [29/Jun/2010:02:33:05 -0700] "GET www.blackstardojo.org/templates/guildwars_tree/images/lang_english/icon_msnm.gif HTTP/1.1" 200 701 "http://www.blackstardojo.org/viewtopic.php?t=2363&postdays=0&postorder=asc&start=0" "Opera/9.80 (J2ME/MIDP; Opera Mini/5.0.18741/18.794; U; en) Presto/2.4.15"
94.246.127.113 - - [29/Jun/2010:02:33:05 -0700] "GET www.blackstardojo.org/images/avatars/10378101494c1815006268c.png HTTP/1.1" 200 4153 "http://www.blackstardojo.org/viewtopic.php?t=2363&postdays=0&postorder=asc&start=0" "Opera/9.80 (J2ME/MIDP; Opera Mini/5.0.18741/18.794; U; en) Presto/2.4.15"
94.246.127.113 - - [29/Jun/2010:02:33:05 -0700] "GET www.blackstardojo.org/medals/gerbil.png HTTP/1.1" 200 3946 "http://www.blackstardojo.org/viewtopic.php?t=2363&postdays=0&postorder=asc&start=0" "Opera/9.80 (J2ME/MIDP; Opera Mini/5.0.18741/18.794; U; en) Presto/2.4.15"
94.246.127.113 - - [29/Jun/2010:02:33:05 -0700] "GET www.blackstardojo.org/medals/music.png HTTP/1.1" 200 2680 "http://www.blackstardojo.org/viewtopic.php?t=2363&postdays=0&postorder=asc&start=0" "Opera/9.80 (J2ME/MIDP; Opera Mini/5.0.18741/18.794; U; en) Presto/2.4.15"
94.246.127.113 - - [29/Jun/2010:02:33:05 -0700] "GET www.blackstardojo.org/medals/moonflowmedalpu0.png HTTP/1.1" 200 3172 "http://www.blackstardojo.org/viewtopic.php?t=2363&postdays=0&postorder=asc&start=0" "Opera/9.80 (J2ME/MIDP; Opera Mini/5.0.18741/18.794; U; en) Presto/2.4.15"
94.246.127.113 - - [29/Jun/2010:02:33:05 -0700] "GET www.blackstardojo.org/medals/service2.png HTTP/1.1" 200 3980 "http://www.blackstardojo.org/viewtopic.php?t=2363&postdays=0&postorder=asc&start=0" "Opera/9.80 (J2ME/MIDP; Opera Mini/5.0.18741/18.794; U; en) Presto/2.4.15"
94.246.127.113 - - [29/Jun/2010:02:33:05 -0700] "GET www.blackstardojo.org/images/ranks/newbelts/Red.png HTTP/1.1" 200 4082 "http://www.blackstardojo.org/viewtopic.php?t=2363&postdays=0&postorder=asc&start=0" "Opera/9.80 (J2ME/MIDP; Opera Mini/5.0.18741/18.794; U; en) Presto/2.4.15"
94.246.127.113 - - [29/Jun/2010:02:33:05 -0700] "GET www.blackstardojo.org/images/ranks/oblivion.jpg HTTP/1.1" 200 2250 "http://www.blackstardojo.org/viewtopic.php?t=2363&postdays=0&postorder=asc&start=0" "Opera/9.80 (J2ME/MIDP; Opera Mini/5.0.18741/18.794; U; en) Presto/2.4.15"
94.246.127.113 - - [29/Jun/2010:02:33:05 -0700] "GET www.blackstardojo.org/images/ranks/newbelts/Mantis/GreenMantis.png HTTP/1.1" 200 4745 "http://www.blackstardojo.org/viewtopic.php?t=2363&postdays=0&postorder=asc&start=0" "Opera/9.80 (J2ME/MIDP; Opera Mini/5.0.18741/18.794; U; en) Presto/2.4.15"
94.246.127.113 - - [29/Jun/2010:02:33:05 -0700] "GET www.blackstardojo.org/images/smiles/icon_wink.gif HTTP/1.1" 200 170 "http://www.blackstardojo.org/viewtopic.php?t=2363&postdays=0&postorder=asc&start=0" "Opera/9.80 (J2ME/MIDP; Opera Mini/5.0.18741/18.794; U; en) Presto/2.4.15"
94.246.127.113 - - [29/Jun/2010:02:33:05 -0700] "GET www.blackstardojo.org/images/avatars/237679924474bc229226cd.jpg HTTP/1.1" 404 1695 "http://www.blackstardojo.org/viewtopic.php?t=2363&postdays=0&postorder=asc&start=0" "Opera/9.80 (J2ME/MIDP; Opera Mini/5.0.18741/18.794; U; en) Presto/2.4.15"
94.246.127.113 - - [29/Jun/2010:02:33:05 -0700] "GET www.blackstardojo.org/medals/safari.png HTTP/1.1" 200 1696 "http://www.blackstardojo.org/viewtopic.php?t=2363&postdays=0&postorder=asc&start=0" "Opera/9.80 (J2ME/MIDP; Opera Mini/5.0.18741/18.794; U; en) Presto/2.4.15"
94.246.127.113 - - [29/Jun/2010:02:33:05 -0700] "GET www.blackstardojo.org/medals/VilePlottingMedal.gif HTTP/1.1" 200 1706 "http://www.blackstardojo.org/viewtopic.php?t=2363&postdays=0&postorder=asc&start=0" "Opera/9.80 (J2ME/MIDP; Opera Mini/5.0.18741/18.794; U; en) Presto/2.4.15"
94.246.127.113 - - [29/Jun/2010:02:33:05 -0700] "GET www.blackstardojo.org/medals/VolcanoMedal.png HTTP/1.1" 200 3600 "http://www.blackstardojo.org/viewtopic.php?t=2363&postdays=0&postorder=asc&start=0" "Opera/9.80 (J2ME/MIDP; Opera Mini/5.0.18741/18.794; U; en) Presto/2.4.15"
94.246.127.113 - - [29/Jun/2010:02:33:05 -0700] "GET www.blackstardojo.org/images/ranks/newbelts/Owl/GreenOwl.png HTTP/1.1" 200 4797 "http://www.blackstardojo.org/viewtopic.php?t=2363&postdays=0&postorder=asc&start=0" "Opera/9.80 (J2ME/MIDP; Opera Mini/5.0.18741/18.794; U; en) Presto/2.4.15"
94.246.127.113 - - [29/Jun/2010:02:33:05 -0700] "GET www.blackstardojo.org/medals/HeartofGold.png HTTP/1.1" 200 5577 "http://www.blackstardojo.org/viewtopic.php?t=2363&postdays=0&postorder=asc&start=0" "Opera/9.80 (J2ME/MIDP; Opera Mini/5.0.18741/18.794; U; en) Presto/2.4.15"
94.246.127.113 - - [29/Jun/2010:02:33:05 -0700] "GET www.blackstardojo.org/images/avatars/2042251561457cb0fee6751.jpg HTTP/1.1" 200 13294 "http://www.blackstardojo.org/viewtopic.php?t=2363&postdays=0&postorder=asc&start=0" "Opera/9.80 (J2ME/MIDP; Opera Mini/5.0.18741/18.794; U; en) Presto/2.4.15"
