67.195.111.226 - - [05/Jul/2010:00:49:52 -0700] "GET www.blackstardojo.org/login.php?redirect=posting.php&mode=reply&t=2290&sid=d27f6e0db9d7a2f69d0eef3ca0ccbdb4 HTTP/1.0" 200 18915 "-" "Mozilla/5.0 (compatible; Yahoo! Slurp/3.0; http://help.yahoo.com/help/us/ysearch/slurp)"
72.200.30.204 - - [05/Jul/2010:00:50:22 -0700] "GET www.blackstardojo.org/shop/images/Pokeball.gif HTTP/1.1" 304 - "http://fuckyeahpokememe.tumblr.com/page/82" "Mozilla/4.0 (compatible; MSIE 8.0; Windows NT 6.1; WOW64; Trident/4.0; FunWebProducts; SLCC2; .NET CLR 2.0.50727; .NET CLR 3.5.30729; .NET CLR 3.0.30729; Media Center PC 6.0; MDDC; .NET4.0C)"
67.195.115.240 - - [05/Jul/2010:00:50:32 -0700] "GET blackstardojo.org/wiki/index.php?title=User:xce9_buy_tribulus_online_cheap&printable=yes HTTP/1.0" 200 5787 "-" "Mozilla/5.0 (compatible; Yahoo! Slurp/3.0; http://help.yahoo.com/help/us/ysearch/slurp)"
68.98.133.94 - - [05/Jul/2010:00:51:12 -0700] "GET www.blackstardojo.org/shop/images/Pokeball.gif HTTP/1.1" 200 314 "http://fuckyeahpokememe.tumblr.com/" "Mozilla/5.0 (Windows; U; Windows NT 6.1; en-US) AppleWebKit/533.4 (KHTML, like Gecko) Chrome/5.0.375.99 Safari/533.4"
66.249.67.144 - - [05/Jul/2010:00:51:47 -0700] "GET wap.blackstardojo.org/robots.txt HTTP/1.1" 404 - "-" "Mozilla/5.0 (compatible; Googlebot/2.1; +http://www.google.com/bot.html)"
66.249.67.144 - - [05/Jul/2010:00:51:47 -0700] "GET wap.blackstardojo.org/viewprofile.php?sid=a2148b5adebae48f0f43ec461eb21cb7&type=html&user_id=34 HTTP/1.1" 200 827 "-" "Mozilla/5.0 (compatible; Googlebot/2.1; +http://www.google.com/bot.html)"
67.195.111.226 - - [05/Jul/2010:00:51:54 -0700] "GET www.blackstardojo.org/faq.php?sid=7baf8f2bcfe506f7131310f7f9852510 HTTP/1.0" 200 65723 "-" "Mozilla/5.0 (compatible; Yahoo! Slurp/3.0; http://help.yahoo.com/help/us/ysearch/slurp)"
67.195.111.226 - - [05/Jul/2010:00:52:20 -0700] "GET www.blackstardojo.org/viewtopic.php?t=2351&view=previous HTTP/1.0" 200 113293 "-" "Mozilla/5.0 (compatible; Yahoo! Slurp/3.0; http://help.yahoo.com/help/us/ysearch/slurp)"
67.195.111.226 - - [05/Jul/2010:00:52:23 -0700] "GET www.blackstardojo.org/posting.php?mode=quote&p=50403 HTTP/1.0" 302 39 "-" "Mozilla/5.0 (compatible; Yahoo! Slurp/3.0; http://help.yahoo.com/help/us/ysearch/slurp)"
67.195.111.226 - - [05/Jul/2010:00:52:24 -0700] "GET www.blackstardojo.org/login.php?redirect=posting.php&mode=quote&p=50403&sid=bb0129ff65404976720334063df2eae5 HTTP/1.0" 200 18916 "-" "Mozilla/5.0 (compatible; Yahoo! Slurp/3.0; http://help.yahoo.com/help/us/ysearch/slurp)"
67.195.111.226 - - [05/Jul/2010:00:52:25 -0700] "GET www.blackstardojo.org/viewtopic.php?t=1608&start=75 HTTP/1.0" 200 126499 "-" "Mozilla/5.0 (compatible; Yahoo! Slurp/3.0; http://help.yahoo.com/help/us/ysearch/slurp)"
195.53.4.12 - - [05/Jul/2010:00:52:27 -0700] "GET www.blackstardojo.org/shop/images/Pokeball.gif HTTP/1.1" 200 314 "http://fuckyeahpokememe.tumblr.com/post/766803846/where-is-your-next-page-button-ffffffuuuu" "Mozilla/5.0 (Windows; U; Windows NT 5.1; en-US) AppleWebKit/533.4 (KHTML, like Gecko) Chrome/5.0.375.99 Safari/533.4"
88.195.43.47 - - [05/Jul/2010:00:53:04 -0700] "GET www.blackstardojo.org/shop/images/Pokeball.gif HTTP/1.1" 200 314 "http://fuckyeahpokememe.tumblr.com/" "Mozilla/5.0 (Windows; U; Windows NT 6.1; fi; rv:1.9.2.6) Gecko/20100625 Firefox/3.6.6"
67.195.115.240 - - [05/Jul/2010:00:53:44 -0700] "GET blackstardojo.org/viewtopic.php?p=39070 HTTP/1.0" 200 39208 "-" "Mozilla/5.0 (compatible; Yahoo! Slurp/3.0; http://help.yahoo.com/help/us/ysearch/slurp)"
67.76.13.163 - - [05/Jul/2010:00:54:02 -0700] "GET www.blackstardojo.org/templates/guildwars_tree/formIE.css HTTP/1.1" 304 - "http://www.blackstardojo.org/index.php" "Mozilla/4.0 (compatible; MSIE 8.0; Windows NT 5.1; Trident/4.0; GTB6.5)"
67.76.13.163 - - [05/Jul/2010:00:54:02 -0700] "GET www.blackstardojo.org/templates/guildwars_tree/images/header_logo_01.gif HTTP/1.1" 304 - "http://www.blackstardojo.org/index.php" "Mozilla/4.0 (compatible; MSIE 8.0; Windows NT 5.1; Trident/4.0; GTB6.5)"
67.76.13.163 - - [05/Jul/2010:00:54:02 -0700] "GET www.blackstardojo.org/templates/guildwars_tree/images/header_logo_02.gif HTTP/1.1" 304 - "http://www.blackstardojo.org/index.php" "Mozilla/4.0 (compatible; MSIE 8.0; Windows NT 5.1; Trident/4.0; GTB6.5)"
67.76.13.163 - - [05/Jul/2010:00:54:02 -0700] "GET www.blackstardojo.org/index.php HTTP/1.1" 200 44556 "http://www.blackstardojo.org/viewtopic.php?p=53241&sid=849c459709a9e314971bc418cb4a6f93" "Mozilla/4.0 (compatible; MSIE 8.0; Windows NT 5.1; Trident/4.0; GTB6.5)"
67.76.13.163 - - [05/Jul/2010:00:54:02 -0700] "GET www.blackstardojo.org/templates/guildwars_tree/images/header_logo_03.gif HTTP/1.1" 304 - "http://www.blackstardojo.org/index.php" "Mozilla/4.0 (compatible; MSIE 8.0; Windows NT 5.1; Trident/4.0; GTB6.5)"
67.76.13.163 - - [05/Jul/2010:00:54:02 -0700] "GET www.blackstardojo.org/templates/guildwars_tree/images/header_logo_04.gif HTTP/1.1" 304 - "http://www.blackstardojo.org/index.php" "Mozilla/4.0 (compatible; MSIE 8.0; Windows NT 5.1; Trident/4.0; GTB6.5)"
67.76.13.163 - - [05/Jul/2010:00:54:03 -0700] "GET www.blackstardojo.org/templates/guildwars_tree/images/header_logo_05.gif HTTP/1.1" 304 - "http://www.blackstardojo.org/index.php" "Mozilla/4.0 (compatible; MSIE 8.0; Windows NT 5.1; Trident/4.0; GTB6.5)"
67.76.13.163 - - [05/Jul/2010:00:54:03 -0700] "GET www.blackstardojo.org/templates/guildwars_tree/images/cellpic3.gif HTTP/1.1" 304 - "http://www.blackstardojo.org/index.php" "Mozilla/4.0 (compatible; MSIE 8.0; Windows NT 5.1; Trident/4.0; GTB6.5)"
67.76.13.163 - - [05/Jul/2010:00:54:03 -0700] "GET www.blackstardojo.org/templates/guildwars_tree/images/temblem_li.gif HTTP/1.1" 304 - "http://www.blackstardojo.org/index.php" "Mozilla/4.0 (compatible; MSIE 8.0; Windows NT 5.1; Trident/4.0; GTB6.5)"
67.76.13.163 - - [05/Jul/2010:00:54:03 -0700] "GET www.blackstardojo.org/forum_images/scroll.png HTTP/1.1" 304 - "http://www.blackstardojo.org/index.php" "Mozilla/4.0 (compatible; MSIE 8.0; Windows NT 5.1; Trident/4.0; GTB6.5)"
67.76.13.163 - - [05/Jul/2010:00:54:03 -0700] "GET www.blackstardojo.org/templates/guildwars_tree/images/cellpic2.gif HTTP/1.1" 304 - "http://www.blackstardojo.org/index.php" "Mozilla/4.0 (compatible; MSIE 8.0; Windows NT 5.1; Trident/4.0; GTB6.5)"
67.76.13.163 - - [05/Jul/2010:00:54:03 -0700] "GET www.blackstardojo.org/forum_images/pin.png HTTP/1.1" 304 - "http://www.blackstardojo.org/index.php" "Mozilla/4.0 (compatible; MSIE 8.0; Windows NT 5.1; Trident/4.0; GTB6.5)"
67.76.13.163 - - [05/Jul/2010:00:54:03 -0700] "GET www.blackstardojo.org/forum_images/bug.png HTTP/1.1" 304 - "http://www.blackstardojo.org/index.php" "Mozilla/4.0 (compatible; MSIE 8.0; Windows NT 5.1; Trident/4.0; GTB6.5)"
67.76.13.163 - - [05/Jul/2010:00:54:03 -0700] "GET www.blackstardojo.org/forum_images/dragon.png HTTP/1.1" 304 - "http://www.blackstardojo.org/index.php" "Mozilla/4.0 (compatible; MSIE 8.0; Windows NT 5.1; Trident/4.0; GTB6.5)"
67.76.13.163 - - [05/Jul/2010:00:54:03 -0700] "GET www.blackstardojo.org/forum_images/star.png HTTP/1.1" 304 - "http://www.blackstardojo.org/index.php" "Mozilla/4.0 (compatible; MSIE 8.0; Windows NT 5.1; Trident/4.0; GTB6.5)"
67.76.13.163 - - [05/Jul/2010:00:54:03 -0700] "GET www.blackstardojo.org/forum_images/training.png HTTP/1.1" 304 - "http://www.blackstardojo.org/index.php" "Mozilla/4.0 (compatible; MSIE 8.0; Windows NT 5.1; Trident/4.0; GTB6.5)"
67.76.13.163 - - [05/Jul/2010:00:54:03 -0700] "GET www.blackstardojo.org/forum_images/north.png HTTP/1.1" 304 - "http://www.blackstardojo.org/index.php" "Mozilla/4.0 (compatible; MSIE 8.0; Windows NT 5.1; Trident/4.0; GTB6.5)"
67.76.13.163 - - [05/Jul/2010:00:54:03 -0700] "GET www.blackstardojo.org/forum_images/wolf.png HTTP/1.1" 304 - "http://www.blackstardojo.org/index.php" "Mozilla/4.0 (compatible; MSIE 8.0; Windows NT 5.1; Trident/4.0; GTB6.5)"
67.76.13.163 - - [05/Jul/2010:00:54:03 -0700] "GET www.blackstardojo.org/forum_images/arena.png HTTP/1.1" 304 - "http://www.blackstardojo.org/index.php" "Mozilla/4.0 (compatible; MSIE 8.0; Windows NT 5.1; Trident/4.0; GTB6.5)"
67.76.13.163 - - [05/Jul/2010:00:54:03 -0700] "GET www.blackstardojo.org/templates/guildwars_tree/images/temblem_re.gif HTTP/1.1" 304 - "http://www.blackstardojo.org/index.php" "Mozilla/4.0 (compatible; MSIE 8.0; Windows NT 5.1; Trident/4.0; GTB6.5)"
67.76.13.163 - - [05/Jul/2010:00:54:03 -0700] "GET www.blackstardojo.org/templates/guildwars_tree/images/cellpic1.gif HTTP/1.1" 304 - "http://www.blackstardojo.org/index.php" "Mozilla/4.0 (compatible; MSIE 8.0; Windows NT 5.1; Trident/4.0; GTB6.5)"
67.76.13.163 - - [05/Jul/2010:00:54:03 -0700] "GET www.blackstardojo.org/templates/guildwars_tree/images/icon_latest_reply.gif HTTP/1.1" 304 - "http://www.blackstardojo.org/index.php" "Mozilla/4.0 (compatible; MSIE 8.0; Windows NT 5.1; Trident/4.0; GTB6.5)"
67.76.13.163 - - [05/Jul/2010:00:54:03 -0700] "GET www.blackstardojo.org/forum_images/ampitheater.png HTTP/1.1" 304 - "http://www.blackstardojo.org/index.php" "Mozilla/4.0 (compatible; MSIE 8.0; Windows NT 5.1; Trident/4.0; GTB6.5)"
67.76.13.163 - - [05/Jul/2010:00:54:03 -0700] "GET www.blackstardojo.org/forum_images/art.png HTTP/1.1" 304 - "http://www.blackstardojo.org/index.php" "Mozilla/4.0 (compatible; MSIE 8.0; Windows NT 5.1; Trident/4.0; GTB6.5)"
67.76.13.163 - - [05/Jul/2010:00:54:03 -0700] "GET www.blackstardojo.org/forum_images/suggestion.png HTTP/1.1" 304 - "http://www.blackstardojo.org/index.php" "Mozilla/4.0 (compatible; MSIE 8.0; Windows NT 5.1; Trident/4.0; GTB6.5)"
67.76.13.163 - - [05/Jul/2010:00:54:03 -0700] "GET www.blackstardojo.org/forum_images/market.png HTTP/1.1" 304 - "http://www.blackstardojo.org/index.php" "Mozilla/4.0 (compatible; MSIE 8.0; Windows NT 5.1; Trident/4.0; GTB6.5)"
67.76.13.163 - - [05/Jul/2010:00:54:03 -0700] "GET www.blackstardojo.org/forum_images/cave.png HTTP/1.1" 304 - "http://www.blackstardojo.org/index.php" "Mozilla/4.0 (compatible; MSIE 8.0; Windows NT 5.1; Trident/4.0; GTB6.5)"
67.76.13.163 - - [05/Jul/2010:00:54:03 -0700] "GET www.blackstardojo.org/forum_images/norn.png HTTP/1.1" 304 - "http://www.blackstardojo.org/index.php" "Mozilla/4.0 (compatible; MSIE 8.0; Windows NT 5.1; Trident/4.0; GTB6.5)"
67.76.13.163 - - [05/Jul/2010:00:54:03 -0700] "GET www.blackstardojo.org/templates/guildwars_tree/images/whosonline.gif HTTP/1.1" 304 - "http://www.blackstardojo.org/index.php" "Mozilla/4.0 (compatible; MSIE 8.0; Windows NT 5.1; Trident/4.0; GTB6.5)"
67.76.13.163 - - [05/Jul/2010:00:54:03 -0700] "GET www.blackstardojo.org/templates/guildwars_tree/images/icon_birthday.gif HTTP/1.1" 304 - "http://www.blackstardojo.org/index.php" "Mozilla/4.0 (compatible; MSIE 8.0; Windows NT 5.1; Trident/4.0; GTB6.5)"
67.76.13.163 - - [05/Jul/2010:00:54:03 -0700] "GET www.blackstardojo.org/templates/guildwars_tree/images/folder_new_big.gif HTTP/1.1" 304 - "http://www.blackstardojo.org/index.php" "Mozilla/4.0 (compatible; MSIE 8.0; Windows NT 5.1; Trident/4.0; GTB6.5)"
67.76.13.163 - - [05/Jul/2010:00:54:03 -0700] "GET www.blackstardojo.org/templates/guildwars_tree/images/folder_big.gif HTTP/1.1" 304 - "http://www.blackstardojo.org/index.php" "Mozilla/4.0 (compatible; MSIE 8.0; Windows NT 5.1; Trident/4.0; GTB6.5)"
67.76.13.163 - - [05/Jul/2010:00:54:03 -0700] "GET www.blackstardojo.org/templates/guildwars_tree/images/folder_locked_big.gif HTTP/1.1" 304 - "http://www.blackstardojo.org/index.php" "Mozilla/4.0 (compatible; MSIE 8.0; Windows NT 5.1; Trident/4.0; GTB6.5)"
67.76.13.163 - - [05/Jul/2010:00:54:03 -0700] "GET www.blackstardojo.org/forum_images/chat.png HTTP/1.1" 304 - "http://www.blackstardojo.org/index.php" "Mozilla/4.0 (compatible; MSIE 8.0; Windows NT 5.1; Trident/4.0; GTB6.5)"
67.76.13.163 - - [05/Jul/2010:00:54:03 -0700] "GET www.blackstardojo.org/forum_images/south.png HTTP/1.1" 304 - "http://www.blackstardojo.org/index.php" "Mozilla/4.0 (compatible; MSIE 8.0; Windows NT 5.1; Trident/4.0; GTB6.5)"
67.76.13.163 - - [05/Jul/2010:00:54:04 -0700] "GET www.blackstardojo.org/favicon.gif HTTP/1.1" 200 20142 "-" "Mozilla/4.0 (compatible; MSIE 8.0; Windows NT 5.1; Trident/4.0; GTB6.5)"
79.94.238.103 - - [05/Jul/2010:00:54:29 -0700] "GET www.blackstardojo.org/shop/images/Pokeball.gif HTTP/1.1" 200 314 "http://poke-star.e-monsite.com/rubrique,historique,109935.html" "Mozilla/5.0 (Windows; U; Windows NT 5.1; fr; rv:1.9.2.3) Gecko/20100401 Firefox/3.6.3"
79.94.238.103 - - [05/Jul/2010:00:54:49 -0700] "GET www.blackstardojo.org/shop/images/Pokeball.gif HTTP/1.1" 200 314 "http://poke-star.e-monsite.com/rubrique,historique,109935.html" "Mozilla/5.0 (Windows; U; Windows NT 5.1; fr; rv:1.9.2.3) Gecko/20100401 Firefox/3.6.3"
67.195.115.240 - - [05/Jul/2010:00:55:04 -0700] "GET blackstardojo.org/posting.php?mode=quote&p=51819 HTTP/1.0" 302 39 "-" "Mozilla/5.0 (compatible; Yahoo! Slurp/3.0; http://help.yahoo.com/help/us/ysearch/slurp)"
67.195.111.226 - - [05/Jul/2010:00:55:05 -0700] "GET www.blackstardojo.org/login.php?redirect=posting.php&mode=quote&p=51819&sid=88daa3876d5c4a0eb0c74c9e85fa7005 HTTP/1.0" 200 18916 "-" "Mozilla/5.0 (compatible; Yahoo! Slurp/3.0; http://help.yahoo.com/help/us/ysearch/slurp)"
67.195.115.240 - - [05/Jul/2010:00:55:38 -0700] "GET blackstardojo.org/viewtopic.php?t=1538&view=previous HTTP/1.0" 200 36418 "-" "Mozilla/5.0 (compatible; Yahoo! Slurp/3.0; http://help.yahoo.com/help/us/ysearch/slurp)"
115.64.38.230 - - [05/Jul/2010:00:57:29 -0700] "GET www.blackstardojo.org/shop/images/Pokeball.gif HTTP/1.1" 200 314 "http://fuckyeahpokememe.tumblr.com/" "Mozilla/5.0 (Windows; U; Windows NT 5.1; en-US; rv:1.9.1.9) Gecko/20100315 Firefox/3.5.9"
67.195.111.226 - - [05/Jul/2010:00:57:37 -0700] "GET www.blackstardojo.org/viewtopic.php?t=866 HTTP/1.0" 200 108256 "-" "Mozilla/5.0 (compatible; Yahoo! Slurp/3.0; http://help.yahoo.com/help/us/ysearch/slurp)"
85.105.177.174 - - [05/Jul/2010:00:58:19 -0700] "GET www.blackstardojo.org/shop/images/Bass.gif HTTP/1.0" 200 1607 "http://www.aquapena.com/forum.html" "Mozilla/5.0 (Windows; U; Windows NT 6.1; tr; rv:1.9.2.3) Gecko/20100401 Firefox/3.6.3"
67.195.115.240 - - [05/Jul/2010:00:58:33 -0700] "GET blackstardojo.org/viewtopic.php?t=1051&start=0&postdays=0&postorder=asc&highlight= HTTP/1.0" 200 51699 "-" "Mozilla/5.0 (compatible; Yahoo! Slurp/3.0; http://help.yahoo.com/help/us/ysearch/slurp)"
67.195.111.226 - - [05/Jul/2010:00:58:56 -0700] "GET www.blackstardojo.org/profile.php?mode=viewprofile&u=14 HTTP/1.0" 200 42252 "-" "Mozilla/5.0 (compatible; Yahoo! Slurp/3.0; http://help.yahoo.com/help/us/ysearch/slurp)"
61.247.204.35 - - [05/Jul/2010:00:59:26 -0700] "GET blackstardojo.org/wiki/index.php?printable=yes&title=User:yy4c_buy_fosamax_online_cheap HTTP/1.1" 200 19718 "-" "Yeti/1.0 (NHN Corp.; http://help.naver.com/robots/)"
193.47.80.40 - - [05/Jul/2010:00:59:32 -0700] "GET blackstardojo.org/wiki/index.php?title=User:Milesepatelw&diff=prev&oldid=4504 HTTP/1.1" 200 4170 "-" "Mozilla/5.0 (compatible; Exabot/3.0; +http://www.exabot.com/go/robot)"
89.183.5.172 - - [05/Jul/2010:01:00:17 -0700] "GET www.blackstardojo.org/shop/images/Pokeball.gif HTTP/1.1" 200 314 "http://fuckyeahpokememe.tumblr.com/" "Mozilla/5.0 (Windows; U; Windows NT 5.1; de; rv:1.9.2.6) Gecko/20100625 Firefox/3.6.6 (.NET CLR 3.5.30729)"
61.247.209.81 - - [05/Jul/2010:01:01:31 -0700] "GET blackstardojo.org/wiki/skins/common/commonPrint.css HTTP/1.1" 200 5095 "http://blackstardojo.org/wiki/index.php?printable=yes&title=User:yy4c_buy_fosamax_online_cheap" "Mozilla/5.0 (Windows; U; Windows NT 5.2; ko; rv:1.9.2.3) Gecko Firefox/3.6.3 IPMS/C815080A-14BD154E6A6-000000060855"
61.247.209.81 - - [05/Jul/2010:01:01:31 -0700] "GET blackstardojo.org/wiki/index.php?title=-&action=raw&gen=css&maxage=18000 HTTP/1.1" 200 110 "http://blackstardojo.org/wiki/index.php?printable=yes&title=User:yy4c_buy_fosamax_online_cheap" "Mozilla/5.0 (Windows; U; Windows NT 5.2; ko; rv:1.9.2.3) Gecko Firefox/3.6.3 IPMS/C815080A-14BD154E6A6-000000060855"
61.247.209.81 - - [05/Jul/2010:01:01:31 -0700] "GET blackstardojo.org/wiki/index.php?title=MediaWiki:Monobook.css&action=raw&ctype=text/css&smaxage=18000 HTTP/1.1" 200 98 "http://blackstardojo.org/wiki/index.php?printable=yes&title=User:yy4c_buy_fosamax_online_cheap" "Mozilla/5.0 (Windows; U; Windows NT 5.2; ko; rv:1.9.2.3) Gecko Firefox/3.6.3 IPMS/C815080A-14BD154E6A6-000000060855"
61.247.209.81 - - [05/Jul/2010:01:01:31 -0700] "GET blackstardojo.org/wiki/skins/monobook/main.css HTTP/1.1" 200 21092 "http://blackstardojo.org/wiki/index.php?printable=yes&title=User:yy4c_buy_fosamax_online_cheap" "Mozilla/5.0 (Windows; U; Windows NT 5.2; ko; rv:1.9.2.3) Gecko Firefox/3.6.3 IPMS/C815080A-14BD154E6A6-000000060855"
67.195.115.240 - - [05/Jul/2010:01:02:14 -0700] "GET blackstardojo.org/wiki/index.php?title=User:eobz_2_playaz_mp3_download&printable=yes HTTP/1.0" 200 3758 "-" "Mozilla/5.0 (compatible; Yahoo! Slurp/3.0; http://help.yahoo.com/help/us/ysearch/slurp)"
67.195.115.240 - - [05/Jul/2010:01:02:15 -0700] "GET blackstardojo.org/wiki/skins/monobook/main.css HTTP/1.0" 304 - "http://blackstardojo.org/wiki/index.php?title=User:eobz_2_playaz_mp3_download&printable=yes" "Mozilla/5.0 (compatible; Yahoo! Slurp/3.0; http://help.yahoo.com/help/us/ysearch/slurp)"
67.195.115.240 - - [05/Jul/2010:01:02:17 -0700] "GET blackstardojo.org/wiki/skins/common/commonPrint.css HTTP/1.0" 304 - "http://blackstardojo.org/wiki/index.php?title=User:eobz_2_playaz_mp3_download&printable=yes" "Mozilla/5.0 (compatible; Yahoo! Slurp/3.0; http://help.yahoo.com/help/us/ysearch/slurp)"
67.195.115.240 - - [05/Jul/2010:01:02:21 -0700] "GET blackstardojo.org/wiki/index.php?title=-&action=raw&gen=css&maxage=18000 HTTP/1.0" 200 98 "http://blackstardojo.org/wiki/index.php?title=User:eobz_2_playaz_mp3_download&printable=yes" "Mozilla/5.0 (compatible; Yahoo! Slurp/3.0; http://help.yahoo.com/help/us/ysearch/slurp)"
67.195.115.240 - - [05/Jul/2010:01:02:21 -0700] "GET blackstardojo.org/wiki/index.php?title=MediaWiki:Monobook.css&action=raw&ctype=text/css&smaxage=18000 HTTP/1.0" 200 86 "http://blackstardojo.org/wiki/index.php?title=User:eobz_2_playaz_mp3_download&printable=yes" "Mozilla/5.0 (compatible; Yahoo! Slurp/3.0; http://help.yahoo.com/help/us/ysearch/slurp)"
67.195.115.240 - - [05/Jul/2010:01:02:26 -0700] "GET blackstardojo.org/search.php?search_author=Panther385 HTTP/1.0" 200 42445 "-" "Mozilla/5.0 (compatible; Yahoo! Slurp/3.0; http://help.yahoo.com/help/us/ysearch/slurp)"
88.131.106.5 - - [05/Jul/2010:01:02:45 -0700] "GET www.blackstardojo.org/robots.txt HTTP/1.0" 404 1683 "-" "Mozilla/5.0 (Windows; U; Windows NT 5.1; en-US) Speedy Spider (http://www.entireweb.com/about/search_tech/speedy_spider/)"
88.131.106.3 - - [05/Jul/2010:01:02:48 -0700] "GET www.blackstardojo.org/ HTTP/1.0" 200 49296 "-" "Mozilla/5.0 (Windows; U; Windows NT 5.1; en-US) Speedy Spider (http://www.entireweb.com/about/search_tech/speedy_spider/)"
67.195.111.226 - - [05/Jul/2010:01:02:55 -0700] "GET www.blackstardojo.org/posting.php?mode=newtopic&f=6 HTTP/1.0" 302 39 "-" "Mozilla/5.0 (compatible; Yahoo! Slurp/3.0; http://help.yahoo.com/help/us/ysearch/slurp)"
67.195.111.226 - - [05/Jul/2010:01:02:56 -0700] "GET www.blackstardojo.org/login.php?redirect=posting.php&mode=newtopic&f=6&sid=2424ae2a09bc7c915909b30cf09b3c89 HTTP/1.0" 200 18915 "-" "Mozilla/5.0 (compatible; Yahoo! Slurp/3.0; http://help.yahoo.com/help/us/ysearch/slurp)"
82.32.233.130 - - [05/Jul/2010:01:03:02 -0700] "GET www.blackstardojo.org/shop/images/Pokeball.gif HTTP/1.1" 200 314 "http://fuckyeahpokememe.tumblr.com/post/762827916/weve-posted-this-in-pic-form-but-just-in-case" "Mozilla/5.0 (Windows; U; Windows NT 5.1; en-GB; rv:1.9.2.6) Gecko/20100625 Firefox/3.6.6 ( .NET CLR 3.5.30729)"
67.195.111.226 - - [05/Jul/2010:01:03:11 -0700] "GET www.blackstardojo.org/viewtopic.php?t=341&start=105 HTTP/1.0" 200 122893 "-" "Mozilla/5.0 (compatible; Yahoo! Slurp/3.0; http://help.yahoo.com/help/us/ysearch/slurp)"
207.46.199.184 - - [05/Jul/2010:01:03:13 -0700] "GET www.blackstardojo.org/robots.txt HTTP/1.1" 404 1695 "-" "msnbot/2.0b (+http://search.msn.com/msnbot.htm)"
67.195.115.240 - - [05/Jul/2010:01:03:14 -0700] "GET blackstardojo.org/viewtopic.php?t=1030&start=15 HTTP/1.0" 200 93932 "-" "Mozilla/5.0 (compatible; Yahoo! Slurp/3.0; http://help.yahoo.com/help/us/ysearch/slurp)"
67.195.111.226 - - [05/Jul/2010:01:03:30 -0700] "GET www.blackstardojo.org/wiki/index.php?title=Special:Whatlinkshere&target=Rin HTTP/1.0" 200 2160 "-" "Mozilla/5.0 (compatible; Yahoo! Slurp/3.0; http://help.yahoo.com/help/us/ysearch/slurp)"
203.34.13.12 - - [05/Jul/2010:01:04:09 -0700] "GET www.blackstardojo.org/shop/images/Pokeball.gif HTTP/1.1" 200 314 "http://fuckyeahpokememe.tumblr.com/" "Mozilla/4.0 (compatible; MSIE 8.0; Windows NT 5.1; Trident/4.0; GTB6.5; .NET CLR 1.1.4322; .NET CLR 2.0.50727; .NET CLR 3.0.4506.2152; .NET CLR 3.5.30729; OfficeLiveConnector.1.3; OfficeLivePatch.0.0)"
74.99.49.182 - - [05/Jul/2010:01:05:10 -0700] "GET www.blackstardojo.org/shop/images/Pokeball.gif HTTP/1.1" 200 314 "http://fuckyeahpokememe.tumblr.com/" "Mozilla/5.0 (Windows; U; Windows NT 6.1; en-US; rv:1.9.2.3) Gecko/20100401 Firefox/3.6.3"
67.195.115.240 - - [05/Jul/2010:01:05:32 -0700] "GET blackstardojo.org/privmsg.php?folder=inbox HTTP/1.0" 302 39 "-" "Mozilla/5.0 (compatible; Yahoo! Slurp/3.0; http://help.yahoo.com/help/us/ysearch/slurp)"
67.195.111.226 - - [05/Jul/2010:01:05:33 -0700] "GET www.blackstardojo.org/login.php?redirect=privmsg.php&folder=inbox&sid=cafedf1a24d6c5508a4dff74154a63a1 HTTP/1.0" 200 18910 "-" "Mozilla/5.0 (compatible; Yahoo! Slurp/3.0; http://help.yahoo.com/help/us/ysearch/slurp)"
124.182.106.151 - - [05/Jul/2010:01:06:05 -0700] "GET www.blackstardojo.org/shop/images/Pokeball.gif HTTP/1.1" 200 314 "http://fuckyeahpokememe.tumblr.com/" "Mozilla/5.0 (Windows; U; Windows NT 6.0; en-US; rv:1.9.0.19) Gecko/2010031422 Firefox/3.0.19 (.NET CLR 3.5.30729)"
67.195.115.240 - - [05/Jul/2010:01:06:36 -0700] "GET blackstardojo.org/viewtopic.php?p=24862 HTTP/1.0" 200 36352 "-" "Mozilla/5.0 (compatible; Yahoo! Slurp/3.0; http://help.yahoo.com/help/us/ysearch/slurp)"
70.81.242.96 - - [05/Jul/2010:01:07:29 -0700] "GET www.blackstardojo.org/shop/images/Pokeball.gif HTTP/1.1" 200 314 "http://fuckyeahpokememe.tumblr.com/" "Mozilla/5.0 (Windows; U; Windows NT 6.1; en-US; rv:1.9.2.6) Gecko/20100625 AskTbUT2V5/3.8.0.12304 Firefox/3.6.6"
216.129.119.45 - - [05/Jul/2010:01:08:11 -0700] "GET blackstardojo.org/viewtopic.php?t=2206&start=15 HTTP/1.1" 200 50167 "-" "Mozilla/5.0 (Twiceler-0.9 http://www.cuil.com/twiceler/robot.html)"
67.195.115.240 - - [05/Jul/2010:01:08:58 -0700] "GET blackstardojo.org/viewtopic.php?t=748 HTTP/1.0" 200 65368 "-" "Mozilla/5.0 (compatible; Yahoo! Slurp/3.0; http://help.yahoo.com/help/us/ysearch/slurp)"
67.195.111.226 - - [05/Jul/2010:01:09:21 -0700] "GET www.blackstardojo.org/wiki/index.php?title=Drunkard%27s_Rattler HTTP/1.0" 200 2725 "-" "Mozilla/5.0 (compatible; Yahoo! Slurp/3.0; http://help.yahoo.com/help/us/ysearch/slurp)"
81.213.118.171 - - [05/Jul/2010:01:09:35 -0700] "GET www.blackstardojo.org/shop/images/Bass.gif HTTP/1.1" 200 1607 "http://www.aquapena.com/Forum.asp?forum=oku&msgid=772&yenilik=5&alfom=&alfomad=1" "Mozilla/4.0 (compatible; MSIE 8.0; Windows NT 5.1; Trident/4.0; .NET CLR 2.0.50727; OfficeLiveConnector.1.3; OfficeLivePatch.0.0; .NET CLR 3.0.4506.2152; .NET CLR 3.5.30729)"
67.195.111.226 - - [05/Jul/2010:01:10:46 -0700] "GET www.blackstardojo.org/privmsg.php?mode=post&u=120 HTTP/1.0" 302 39 "-" "Mozilla/5.0 (compatible; Yahoo! Slurp/3.0; http://help.yahoo.com/help/us/ysearch/slurp)"
67.195.111.226 - - [05/Jul/2010:01:10:48 -0700] "GET www.blackstardojo.org/login.php?redirect=privmsg.php&folder=inbox&mode=post&u=120&sid=448ea359e5a82b869659259a3aba0be8 HTTP/1.0" 200 18926 "-" "Mozilla/5.0 (compatible; Yahoo! Slurp/3.0; http://help.yahoo.com/help/us/ysearch/slurp)"
67.195.115.240 - - [05/Jul/2010:01:11:46 -0700] "GET blackstardojo.org/viewtopic.php?t=1823&start=15 HTTP/1.0" 200 40027 "-" "Mozilla/5.0 (compatible; Yahoo! Slurp/3.0; http://help.yahoo.com/help/us/ysearch/slurp)"
218.186.15.10 - - [05/Jul/2010:01:13:09 -0700] "GET www.blackstardojo.org/shop/images/Pokeball.gif HTTP/1.1" 304 - "http://fuckyeahpokememe.tumblr.com/" "Mozilla/5.0 (Windows; U; Windows NT 5.1; en-US; rv:1.9.2.6) Gecko/20100625 Firefox/3.6.6"
24.108.208.50 - - [05/Jul/2010:01:13:27 -0700] "GET www.blackstardojo.org/shop/images/Pokeball.gif HTTP/1.1" 200 314 "http://fuckyeahpokememe.tumblr.com/" "Mozilla/5.0 (Windows; U; Windows NT 6.1; en-GB; rv:1.9.2.6) Gecko/20100625 Firefox/3.6.6"
66.249.68.235 - - [05/Jul/2010:01:13:31 -0700] "GET www.blackstardojo.org/viewtopic.php?p=52717&sid=1421ccd89942acb9c321d6bcd9744b52 HTTP/1.1" 200 148586 "-" "Mozilla/5.0 (compatible; Googlebot/2.1; +http://www.google.com/bot.html)"
99.150.239.231 - - [05/Jul/2010:01:13:51 -0700] "GET www.blackstardojo.org/shop/images/Pokeball.gif HTTP/1.1" 200 314 "http://fuckyeahpokememe.tumblr.com/" "Opera/9.80 (Windows NT 6.1; U; en) Presto/2.5.24 Version/10.53"
193.47.80.40 - - [05/Jul/2010:01:15:20 -0700] "GET blackstardojo.org/wiki/index.php?title=Special:Whatlinkshere/Image:MithrilSheet.gif HTTP/1.1" 200 2012 "-" "Mozilla/5.0 (compatible; Exabot/3.0; +http://www.exabot.com/go/robot)"
58.185.199.225 - - [05/Jul/2010:01:16:56 -0700] "GET www.blackstardojo.org/shop/images/Pokeball.gif HTTP/1.1" 200 314 "http://fuckyeahpokememe.tumblr.com/" "Mozilla/5.0 (Windows; U; Windows NT 6.1; en-US) AppleWebKit/533.16 (KHTML, like Gecko) Version/4.0.4 Safari/531.21.10"
65.26.39.119 - - [05/Jul/2010:01:17:18 -0700] "GET www.blackstardojo.org/shop/images/Pokeball.gif HTTP/1.1" 200 314 "http://fuckyeahpokememe.tumblr.com/" "Mozilla/5.0 (Windows; U; Windows NT 6.1; en-US; rv:1.9.2.6) Gecko/20100625 Firefox/3.6.6"
67.195.111.226 - - [05/Jul/2010:01:18:00 -0700] "GET www.blackstardojo.org/wiki/index.php?title=Special:Recentchangeslinked/Category:Desert_Oasis HTTP/1.0" 200 2219 "-" "Mozilla/5.0 (compatible; Yahoo! Slurp/3.0; http://help.yahoo.com/help/us/ysearch/slurp)"
193.47.80.40 - - [05/Jul/2010:01:18:28 -0700] "GET blackstardojo.org/wiki/index.php?title=User:0190_buy_carafate_online_cheap&action=history HTTP/1.1" 200 2571 "-" "Mozilla/5.0 (compatible; Exabot/3.0; +http://www.exabot.com/go/robot)"
67.195.111.226 - - [05/Jul/2010:01:19:22 -0700] "GET www.blackstardojo.org/wiki/index.php?title=Special:Recentchangeslinked&target=Template:Item_Info&hideminor=0&days=14&limit=50 HTTP/1.0" 200 2218 "-" "Mozilla/5.0 (compatible; Yahoo! Slurp/3.0; http://help.yahoo.com/help/us/ysearch/slurp)"
67.195.115.240 - - [05/Jul/2010:01:19:23 -0700] "GET blackstardojo.org/wiki/index.php?title=User:Bd90_buy_januvia_online_cheap&printable=yes&printable=yes HTTP/1.0" 200 5878 "-" "Mozilla/5.0 (compatible; Yahoo! Slurp/3.0; http://help.yahoo.com/help/us/ysearch/slurp)"
67.195.115.240 - - [05/Jul/2010:01:19:23 -0700] "GET blackstardojo.org/wiki/index.php?title=Special:Whatlinkshere&target=Template%3AMain_Page%2FLeft&limit=50&offset=0 HTTP/1.0" 200 2141 "-" "Mozilla/5.0 (compatible; Yahoo! Slurp/3.0; http://help.yahoo.com/help/us/ysearch/slurp)"
67.195.115.240 - - [05/Jul/2010:01:19:24 -0700] "GET blackstardojo.org/wiki/skins/monobook/main.css HTTP/1.0" 200 21092 "http://blackstardojo.org/wiki/index.php?title=User:Bd90_buy_januvia_online_cheap&printable=yes&printable=yes" "Mozilla/5.0 (compatible; Yahoo! Slurp/3.0; http://help.yahoo.com/help/us/ysearch/slurp)"
67.195.115.240 - - [05/Jul/2010:01:19:24 -0700] "GET blackstardojo.org/wiki/skins/common/commonPrint.css HTTP/1.0" 200 5095 "http://blackstardojo.org/wiki/index.php?title=User:Bd90_buy_januvia_online_cheap&printable=yes&printable=yes" "Mozilla/5.0 (compatible; Yahoo! Slurp/3.0; http://help.yahoo.com/help/us/ysearch/slurp)"
67.195.115.240 - - [05/Jul/2010:01:19:24 -0700] "GET blackstardojo.org/wiki/skins/monobook/main.css HTTP/1.0" 200 21092 "http://blackstardojo.org/wiki/index.php?title=Special:Whatlinkshere&target=Template%3AMain_Page%2FLeft&limit=50&offset=0" "Mozilla/5.0 (compatible; Yahoo! Slurp/3.0; http://help.yahoo.com/help/us/ysearch/slurp)"
67.195.115.240 - - [05/Jul/2010:01:19:24 -0700] "GET blackstardojo.org/wiki/index.php?title=-&action=raw&gen=css&maxage=18000 HTTP/1.0" 200 98 "http://blackstardojo.org/wiki/index.php?title=User:Bd90_buy_januvia_online_cheap&printable=yes&printable=yes" "Mozilla/5.0 (compatible; Yahoo! Slurp/3.0; http://help.yahoo.com/help/us/ysearch/slurp)"
67.195.115.240 - - [05/Jul/2010:01:19:24 -0700] "GET blackstardojo.org/wiki/index.php?title=MediaWiki:Monobook.css&action=raw&ctype=text/css&smaxage=18000 HTTP/1.0" 200 86 "http://blackstardojo.org/wiki/index.php?title=User:Bd90_buy_januvia_online_cheap&printable=yes&printable=yes" "Mozilla/5.0 (compatible; Yahoo! Slurp/3.0; http://help.yahoo.com/help/us/ysearch/slurp)"
67.195.115.240 - - [05/Jul/2010:01:19:25 -0700] "GET blackstardojo.org/wiki/skins/common/commonPrint.css HTTP/1.0" 200 5095 "http://blackstardojo.org/wiki/index.php?title=Special:Whatlinkshere&target=Template%3AMain_Page%2FLeft&limit=50&offset=0" "Mozilla/5.0 (compatible; Yahoo! Slurp/3.0; http://help.yahoo.com/help/us/ysearch/slurp)"
67.195.115.240 - - [05/Jul/2010:01:19:26 -0700] "GET blackstardojo.org/wiki/index.php?title=-&action=raw&gen=css&maxage=18000 HTTP/1.0" 200 98 "http://blackstardojo.org/wiki/index.php?title=Special:Whatlinkshere&target=Template%3AMain_Page%2FLeft&limit=50&offset=0" "Mozilla/5.0 (compatible; Yahoo! Slurp/3.0; http://help.yahoo.com/help/us/ysearch/slurp)"
67.195.115.240 - - [05/Jul/2010:01:19:26 -0700] "GET blackstardojo.org/wiki/index.php?title=MediaWiki:Monobook.css&action=raw&ctype=text/css&smaxage=18000 HTTP/1.0" 200 86 "http://blackstardojo.org/wiki/index.php?title=Special:Whatlinkshere&target=Template%3AMain_Page%2FLeft&limit=50&offset=0" "Mozilla/5.0 (compatible; Yahoo! Slurp/3.0; http://help.yahoo.com/help/us/ysearch/slurp)"
24.46.165.196 - - [05/Jul/2010:01:19:30 -0700] "GET www.blackstardojo.org/shop/images/Pokeball.gif HTTP/1.1" 200 314 "http://fuckyeahpokememe.tumblr.com/" "Mozilla/5.0 (Macintosh; U; Intel Mac OS X 10_6_3; en-us) AppleWebKit/531.21.11 (KHTML, like Gecko) Version/4.0.4 Safari/531.21.10"
67.195.115.240 - - [05/Jul/2010:01:19:30 -0700] "GET blackstardojo.org/wiki/index.php?title=Special:Whatlinkshere&target=Template%3AMain_Page%2FLeft&limit=20&offset=0 HTTP/1.0" 200 2142 "-" "Mozilla/5.0 (compatible; Yahoo! Slurp/3.0; http://help.yahoo.com/help/us/ysearch/slurp)"
67.195.115.240 - - [05/Jul/2010:01:19:39 -0700] "GET blackstardojo.org/wiki/index.php?title=Acid HTTP/1.0" 200 2846 "-" "Mozilla/5.0 (compatible; Yahoo! Slurp/3.0; http://help.yahoo.com/help/us/ysearch/slurp)"
67.195.115.240 - - [05/Jul/2010:01:19:42 -0700] "GET blackstardojo.org/wiki/skins/monobook/main.css HTTP/1.0" 200 21092 "http://blackstardojo.org/wiki/index.php?title=Special:Whatlinkshere&target=Template%3AMain_Page%2FLeft&limit=20&offset=0" "Mozilla/5.0 (compatible; Yahoo! Slurp/3.0; http://help.yahoo.com/help/us/ysearch/slurp)"
67.195.115.240 - - [05/Jul/2010:01:19:50 -0700] "GET blackstardojo.org/wiki/skins/monobook/main.css HTTP/1.0" 200 21092 "http://blackstardojo.org/wiki/index.php?title=Acid" "Mozilla/5.0 (compatible; Yahoo! Slurp/3.0; http://help.yahoo.com/help/us/ysearch/slurp)"
67.195.115.240 - - [05/Jul/2010:01:19:51 -0700] "GET blackstardojo.org/wiki/skins/common/commonPrint.css HTTP/1.0" 200 5095 "http://blackstardojo.org/wiki/index.php?title=Special:Whatlinkshere&target=Template%3AMain_Page%2FLeft&limit=20&offset=0" "Mozilla/5.0 (compatible; Yahoo! Slurp/3.0; http://help.yahoo.com/help/us/ysearch/slurp)"
67.195.115.240 - - [05/Jul/2010:01:19:51 -0700] "GET blackstardojo.org/wiki/index.php?title=Private_Messaging&redirect=no&printable=yes HTTP/1.0" 200 3492 "-" "Mozilla/5.0 (compatible; Yahoo! Slurp/3.0; http://help.yahoo.com/help/us/ysearch/slurp)"
67.195.111.226 - - [05/Jul/2010:01:19:52 -0700] "GET www.blackstardojo.org/lottery.php?sid=d2c2b48b0e55e21ebea404dc0a680d67 HTTP/1.0" 200 19713 "-" "Mozilla/5.0 (compatible; Yahoo! Slurp/3.0; http://help.yahoo.com/help/us/ysearch/slurp)"
67.195.115.240 - - [05/Jul/2010:01:19:55 -0700] "GET blackstardojo.org/wiki/index.php?title=MediaWiki:Monobook.css&action=raw&ctype=text/css&smaxage=18000 HTTP/1.0" 200 86 "http://blackstardojo.org/wiki/index.php?title=Special:Whatlinkshere&target=Template%3AMain_Page%2FLeft&limit=20&offset=0" "Mozilla/5.0 (compatible; Yahoo! Slurp/3.0; http://help.yahoo.com/help/us/ysearch/slurp)"
67.195.115.240 - - [05/Jul/2010:01:20:39 -0700] "GET blackstardojo.org/viewtopic.php?t=1573 HTTP/1.0" 200 124853 "-" "Mozilla/5.0 (compatible; Yahoo! Slurp/3.0; http://help.yahoo.com/help/us/ysearch/slurp)"
193.47.80.40 - - [05/Jul/2010:01:20:50 -0700] "GET blackstardojo.org/wiki/index.php?title=User:Merrillrbeardl&diff=prev&oldid=4547 HTTP/1.1" 200 5289 "-" "Mozilla/5.0 (compatible; Exabot/3.0; +http://www.exabot.com/go/robot)"
94.246.127.95 - - [05/Jul/2010:01:21:16 -0700] "GET www.blackstardojo.org/ HTTP/1.1" 200 49404 "-" "Opera/9.80 (J2ME/MIDP; Opera Mini/5.0.18741/19.752; U; en) Presto/2.6.25"
94.246.127.95 - - [05/Jul/2010:01:21:16 -0700] "GET www.blackstardojo.org/favicon.gif HTTP/1.1" 200 20142 "http://www.blackstardojo.org/" "Opera/9.80 (J2ME/MIDP; Opera Mini/5.0.18741/19.752; U; en) Presto/2.6.25"
94.246.127.95 - - [05/Jul/2010:01:21:16 -0700] "GET www.blackstardojo.org/templates/guildwars_tree/images/cellpic3.gif HTTP/1.1" 200 256 "http://www.blackstardojo.org/" "Opera/9.80 (J2ME/MIDP; Opera Mini/5.0.18741/19.752; U; en) Presto/2.6.25"
94.246.127.95 - - [05/Jul/2010:01:21:16 -0700] "GET www.blackstardojo.org/templates/guildwars_tree/images/temblem_li.gif HTTP/1.1" 200 601 "http://www.blackstardojo.org/" "Opera/9.80 (J2ME/MIDP; Opera Mini/5.0.18741/19.752; U; en) Presto/2.6.25"
94.246.127.95 - - [05/Jul/2010:01:21:16 -0700] "GET www.blackstardojo.org/templates/guildwars_tree/images/temblem_re.gif HTTP/1.1" 200 606 "http://www.blackstardojo.org/" "Opera/9.80 (J2ME/MIDP; Opera Mini/5.0.18741/19.752; U; en) Presto/2.6.25"
94.246.127.95 - - [05/Jul/2010:01:21:17 -0700] "GET www.blackstardojo.org/templates/guildwars_tree/images/header_logo_02.gif HTTP/1.1" 200 1050 "http://www.blackstardojo.org/" "Opera/9.80 (J2ME/MIDP; Opera Mini/5.0.18741/19.752; U; en) Presto/2.6.25"
94.246.127.95 - - [05/Jul/2010:01:21:17 -0700] "GET www.blackstardojo.org/templates/guildwars_tree/images/header_logo_04.gif HTTP/1.1" 200 1050 "http://www.blackstardojo.org/" "Opera/9.80 (J2ME/MIDP; Opera Mini/5.0.18741/19.752; U; en) Presto/2.6.25"
94.246.127.95 - - [05/Jul/2010:01:21:17 -0700] "GET www.blackstardojo.org/templates/guildwars_tree/images/cellpic1.gif HTTP/1.1" 200 281 "http://www.blackstardojo.org/" "Opera/9.80 (J2ME/MIDP; Opera Mini/5.0.18741/19.752; U; en) Presto/2.6.25"
94.246.127.95 - - [05/Jul/2010:01:21:17 -0700] "GET www.blackstardojo.org/templates/guildwars_tree/images/cellpic2.gif HTTP/1.1" 200 1161 "http://www.blackstardojo.org/" "Opera/9.80 (J2ME/MIDP; Opera Mini/5.0.18741/19.752; U; en) Presto/2.6.25"
94.246.127.95 - - [05/Jul/2010:01:21:17 -0700] "GET www.blackstardojo.org/forum_images/scroll.png HTTP/1.1" 200 3976 "http://www.blackstardojo.org/" "Opera/9.80 (J2ME/MIDP; Opera Mini/5.0.18741/19.752; U; en) Presto/2.6.25"
94.246.127.95 - - [05/Jul/2010:01:21:17 -0700] "GET www.blackstardojo.org/templates/guildwars_tree/images/icon_latest_reply.gif HTTP/1.1" 200 952 "http://www.blackstardojo.org/" "Opera/9.80 (J2ME/MIDP; Opera Mini/5.0.18741/19.752; U; en) Presto/2.6.25"
94.246.127.95 - - [05/Jul/2010:01:21:17 -0700] "GET www.blackstardojo.org/forum_images/pin.png HTTP/1.1" 200 2520 "http://www.blackstardojo.org/" "Opera/9.80 (J2ME/MIDP; Opera Mini/5.0.18741/19.752; U; en) Presto/2.6.25"
94.246.127.95 - - [05/Jul/2010:01:21:17 -0700] "GET www.blackstardojo.org/forum_images/ampitheater.png HTTP/1.1" 200 3639 "http://www.blackstardojo.org/" "Opera/9.80 (J2ME/MIDP; Opera Mini/5.0.18741/19.752; U; en) Presto/2.6.25"
94.246.127.95 - - [05/Jul/2010:01:21:17 -0700] "GET www.blackstardojo.org/templates/guildwars_tree/images/folder_locked_big.gif HTTP/1.1" 200 1209 "http://www.blackstardojo.org/" "Opera/9.80 (J2ME/MIDP; Opera Mini/5.0.18741/19.752; U; en) Presto/2.6.25"
94.246.127.95 - - [05/Jul/2010:01:21:17 -0700] "GET www.blackstardojo.org/templates/guildwars_tree/images/folder_new_big.gif HTTP/1.1" 200 1121 "http://www.blackstardojo.org/" "Opera/9.80 (J2ME/MIDP; Opera Mini/5.0.18741/19.752; U; en) Presto/2.6.25"
94.246.127.95 - - [05/Jul/2010:01:21:17 -0700] "GET www.blackstardojo.org/forum_images/bug.png HTTP/1.1" 200 2734 "http://www.blackstardojo.org/" "Opera/9.80 (J2ME/MIDP; Opera Mini/5.0.18741/19.752; U; en) Presto/2.6.25"
94.246.127.95 - - [05/Jul/2010:01:21:17 -0700] "GET www.blackstardojo.org/forum_images/dragon.png HTTP/1.1" 200 4520 "http://www.blackstardojo.org/" "Opera/9.80 (J2ME/MIDP; Opera Mini/5.0.18741/19.752; U; en) Presto/2.6.25"
94.246.127.95 - - [05/Jul/2010:01:21:17 -0700] "GET www.blackstardojo.org/forum_images/star.png HTTP/1.1" 200 2442 "http://www.blackstardojo.org/" "Opera/9.80 (J2ME/MIDP; Opera Mini/5.0.18741/19.752; U; en) Presto/2.6.25"
94.246.127.95 - - [05/Jul/2010:01:21:17 -0700] "GET www.blackstardojo.org/forum_images/chat.png HTTP/1.1" 200 3555 "http://www.blackstardojo.org/" "Opera/9.80 (J2ME/MIDP; Opera Mini/5.0.18741/19.752; U; en) Presto/2.6.25"
94.246.127.95 - - [05/Jul/2010:01:21:17 -0700] "GET www.blackstardojo.org/forum_images/training.png HTTP/1.1" 200 3129 "http://www.blackstardojo.org/" "Opera/9.80 (J2ME/MIDP; Opera Mini/5.0.18741/19.752; U; en) Presto/2.6.25"
94.246.127.95 - - [05/Jul/2010:01:21:17 -0700] "GET www.blackstardojo.org/forum_images/north.png HTTP/1.1" 200 4238 "http://www.blackstardojo.org/" "Opera/9.80 (J2ME/MIDP; Opera Mini/5.0.18741/19.752; U; en) Presto/2.6.25"
94.246.127.95 - - [05/Jul/2010:01:21:17 -0700] "GET www.blackstardojo.org/forum_images/wolf.png HTTP/1.1" 200 2819 "http://www.blackstardojo.org/" "Opera/9.80 (J2ME/MIDP; Opera Mini/5.0.18741/19.752; U; en) Presto/2.6.25"
94.246.127.95 - - [05/Jul/2010:01:21:17 -0700] "GET www.blackstardojo.org/forum_images/south.png HTTP/1.1" 200 2821 "http://www.blackstardojo.org/" "Opera/9.80 (J2ME/MIDP; Opera Mini/5.0.18741/19.752; U; en) Presto/2.6.25"
94.246.127.95 - - [05/Jul/2010:01:21:17 -0700] "GET www.blackstardojo.org/forum_images/arena.png HTTP/1.1" 200 4047 "http://www.blackstardojo.org/" "Opera/9.80 (J2ME/MIDP; Opera Mini/5.0.18741/19.752; U; en) Presto/2.6.25"
94.246.127.95 - - [05/Jul/2010:01:21:17 -0700] "GET www.blackstardojo.org/forum_images/art.png HTTP/1.1" 200 4214 "http://www.blackstardojo.org/" "Opera/9.80 (J2ME/MIDP; Opera Mini/5.0.18741/19.752; U; en) Presto/2.6.25"
94.246.127.95 - - [05/Jul/2010:01:21:17 -0700] "GET www.blackstardojo.org/forum_images/suggestion.png HTTP/1.1" 200 2959 "http://www.blackstardojo.org/" "Opera/9.80 (J2ME/MIDP; Opera Mini/5.0.18741/19.752; U; en) Presto/2.6.25"
94.246.127.95 - - [05/Jul/2010:01:21:17 -0700] "GET www.blackstardojo.org/forum_images/cave.png HTTP/1.1" 200 3899 "http://www.blackstardojo.org/" "Opera/9.80 (J2ME/MIDP; Opera Mini/5.0.18741/19.752; U; en) Presto/2.6.25"
94.246.127.95 - - [05/Jul/2010:01:21:17 -0700] "GET www.blackstardojo.org/forum_images/norn.png HTTP/1.1" 200 2834 "http://www.blackstardojo.org/" "Opera/9.80 (J2ME/MIDP; Opera Mini/5.0.18741/19.752; U; en) Presto/2.6.25"
94.246.127.95 - - [05/Jul/2010:01:21:17 -0700] "GET www.blackstardojo.org/templates/guildwars_tree/images/whosonline.gif HTTP/1.1" 200 6108 "http://www.blackstardojo.org/" "Opera/9.80 (J2ME/MIDP; Opera Mini/5.0.18741/19.752; U; en) Presto/2.6.25"
94.246.127.95 - - [05/Jul/2010:01:21:17 -0700] "GET www.blackstardojo.org/templates/guildwars_tree/images/header_logo_03.gif HTTP/1.1" 200 23856 "http://www.blackstardojo.org/" "Opera/9.80 (J2ME/MIDP; Opera Mini/5.0.18741/19.752; U; en) Presto/2.6.25"
94.246.127.95 - - [05/Jul/2010:01:21:17 -0700] "GET www.blackstardojo.org/templates/guildwars_tree/images/folder_big.gif HTTP/1.1" 200 713 "http://www.blackstardojo.org/" "Opera/9.80 (J2ME/MIDP; Opera Mini/5.0.18741/19.752; U; en) Presto/2.6.25"
94.246.127.95 - - [05/Jul/2010:01:21:17 -0700] "GET www.blackstardojo.org/forum_images/market.png HTTP/1.1" 200 3915 "http://www.blackstardojo.org/" "Opera/9.80 (J2ME/MIDP; Opera Mini/5.0.18741/19.752; U; en) Presto/2.6.25"
94.246.127.95 - - [05/Jul/2010:01:21:17 -0700] "GET www.blackstardojo.org/forum_images/art.png HTTP/1.1" 200 4214 "http://www.blackstardojo.org/" "Opera/9.80 (J2ME/MIDP; Opera Mini/5.0.18741/19.752; U; en) Presto/2.6.25"
94.246.127.95 - - [05/Jul/2010:01:21:17 -0700] "GET www.blackstardojo.org/forum_images/arena.png HTTP/1.1" 200 4047 "http://www.blackstardojo.org/" "Opera/9.80 (J2ME/MIDP; Opera Mini/5.0.18741/19.752; U; en) Presto/2.6.25"
94.246.127.95 - - [05/Jul/2010:01:21:17 -0700] "GET www.blackstardojo.org/templates/guildwars_tree/images/header_logo_01.gif HTTP/1.1" 200 26822 "http://www.blackstardojo.org/" "Opera/9.80 (J2ME/MIDP; Opera Mini/5.0.18741/19.752; U; en) Presto/2.6.25"
94.246.127.95 - - [05/Jul/2010:01:21:17 -0700] "GET www.blackstardojo.org/templates/guildwars_tree/images/icon_birthday.gif HTTP/1.1" 200 1795 "http://www.blackstardojo.org/" "Opera/9.80 (J2ME/MIDP; Opera Mini/5.0.18741/19.752; U; en) Presto/2.6.25"
94.246.127.95 - - [05/Jul/2010:01:21:17 -0700] "GET www.blackstardojo.org/templates/guildwars_tree/images/header_logo_05.gif HTTP/1.1" 200 26586 "http://www.blackstardojo.org/" "Opera/9.80 (J2ME/MIDP; Opera Mini/5.0.18741/19.752; U; en) Presto/2.6.25"
94.246.127.95 - - [05/Jul/2010:01:21:17 -0700] "GET www.blackstardojo.org/templates/guildwars_tree/images/icon_birthday.gif HTTP/1.1" 200 1795 "http://www.blackstardojo.org/" "Opera/9.80 (J2ME/MIDP; Opera Mini/5.0.18741/19.752; U; en) Presto/2.6.25"
94.246.127.95 - - [05/Jul/2010:01:21:17 -0700] "GET www.blackstardojo.org/templates/guildwars_tree/images/folder_big.gif HTTP/1.1" 200 713 "http://www.blackstardojo.org/" "Opera/9.80 (J2ME/MIDP; Opera Mini/5.0.18741/19.752; U; en) Presto/2.6.25"
67.195.115.240 - - [05/Jul/2010:01:21:57 -0700] "GET blackstardojo.org/wiki/index.php?title=MediaWiki:Info_short HTTP/1.0" 200 2145 "-" "Mozilla/5.0 (compatible; Yahoo! Slurp/3.0; http://help.yahoo.com/help/us/ysearch/slurp)"
77.229.103.142 - - [05/Jul/2010:01:22:12 -0700] "GET www.blackstardojo.org/shop/images/Pokeball.gif HTTP/1.1" 200 314 "http://fuckyeahpokememe.tumblr.com/" "Mozilla/5.0 (Windows; U; Windows NT 6.1; es-ES; rv:1.9.2.6) Gecko/20100625 Firefox/3.6.6"
76.247.107.219 - - [05/Jul/2010:01:22:12 -0700] "GET www.blackstardojo.org/shop/images/Pokeball.gif HTTP/1.1" 200 314 "http://fuckyeahpokememe.tumblr.com/" "Mozilla/5.0 (Windows; U; Windows NT 6.0; en-US; rv:1.9.2.2) Gecko/20100316 AskTbBT5/3.8.0.12304 desktopsmiley_2_3_77798328013793184_411_8 DS_juicyaccess Firefox/3.6.2 DS_juicyaccess GTB6.4 desktopsmiley_2_3_77798328013793184_411_8 (.NET CLR 3.5.30729)"
71.107.134.46 - - [05/Jul/2010:01:22:13 -0700] "GET www.blackstardojo.org/shop/images/Pokeball.gif HTTP/1.1" 200 314 "http://fuckyeahpokememe.tumblr.com/" "Mozilla/5.0 (Windows; U; Windows NT 6.0; en-US) AppleWebKit/533.4 (KHTML, like Gecko) Chrome/5.0.375.99 Safari/533.4"
67.195.115.240 - - [05/Jul/2010:01:23:16 -0700] "GET blackstardojo.org/wiki/index.php?title=Bookmakers&oldid=1565 HTTP/1.0" 200 2749 "-" "Mozilla/5.0 (compatible; Yahoo! Slurp/3.0; http://help.yahoo.com/help/us/ysearch/slurp)"
67.195.111.226 - - [05/Jul/2010:01:24:16 -0700] "GET www.blackstardojo.org/viewtopic.php?t=2084 HTTP/1.0" 200 78744 "-" "Mozilla/5.0 (compatible; Yahoo! Slurp/3.0; http://help.yahoo.com/help/us/ysearch/slurp)"
90.20.224.212 - - [05/Jul/2010:01:24:41 -0700] "GET www.blackstardojo.org/shop/images/Pokeball.gif HTTP/1.1" 200 314 "http://poke-star.e-monsite.com/" "Mozilla/4.0 (compatible; MSIE 7.0; Windows NT 5.1; Trident/4.0; .NET CLR 2.0.50727; .NET CLR 3.0.04506.30; InfoPath.2; InfoPath.1; .NET CLR 3.0.4506.2152; .NET CLR 3.5.30729)"
99.150.239.231 - - [05/Jul/2010:01:25:01 -0700] "GET www.blackstardojo.org/shop/images/Pokeball.gif HTTP/1.1" 304 - "http://fuckyeahpokememe.tumblr.com/" "Opera/9.80 (Windows NT 6.1; U; en) Presto/2.5.24 Version/10.53"
67.195.115.240 - - [05/Jul/2010:01:25:11 -0700] "GET blackstardojo.org/wiki/index.php?title=Special:Whatlinkshere&target=Spider&limit=500&offset=0 HTTP/1.0" 200 2172 "-" "Mozilla/5.0 (compatible; Yahoo! Slurp/3.0; http://help.yahoo.com/help/us/ysearch/slurp)"
125.60.241.119 - - [05/Jul/2010:01:25:27 -0700] "GET www.blackstardojo.org/shop/images/Pokeball.gif HTTP/1.1" 200 314 "http://fuckyeahpokememe.tumblr.com/" "Mozilla/5.0 (Windows; U; Windows NT 5.1; en-US; rv:1.9.0.19) Gecko/2010031422 Firefox/3.0.19 FBSMTWB"
67.195.111.226 - - [05/Jul/2010:01:26:55 -0700] "GET www.blackstardojo.org/wiki/index.php?title=Squid_Ink&action=history HTTP/1.0" 200 2504 "-" "Mozilla/5.0 (compatible; Yahoo! Slurp/3.0; http://help.yahoo.com/help/us/ysearch/slurp)"
87.216.59.89 - - [05/Jul/2010:01:27:23 -0700] "GET www.blackstardojo.org/shop/images/Ruby Talisman.gif HTTP/1.1" 200 2086 "http://fantasticworld.foros.ws/t102/novedades/" "Mozilla/5.0 (Windows; U; Windows NT 5.1; es-ES; rv:1.9.2.6) Gecko/20100625 Firefox/3.6.6 GTB7.0"
67.195.115.240 - - [05/Jul/2010:01:27:28 -0700] "GET blackstardojo.org/wiki/index.php?title=User&action=history HTTP/1.0" 200 2495 "-" "Mozilla/5.0 (compatible; Yahoo! Slurp/3.0; http://help.yahoo.com/help/us/ysearch/slurp)"
76.112.157.9 - - [05/Jul/2010:01:28:47 -0700] "GET www.blackstardojo.org/shop/images/Pokeball.gif HTTP/1.1" 200 314 "http://fuckyeahpokememe.tumblr.com/" "Mozilla/4.0 (compatible; MSIE 8.0; Windows NT 5.1; Trident/4.0; MathPlayer 2.20; .NET CLR 1.1.4322; .NET CLR 2.0.50727; .NET CLR 3.0.04506.30; .NET CLR 3.0.04506.648; .NET CLR 3.0.4506.2152; .NET CLR 3.5.30729; Zune 4.0; yie8)"
202.156.10.14 - - [05/Jul/2010:01:30:11 -0700] "GET www.blackstardojo.org/shop/images/Pokeball.gif HTTP/1.1" 304 - "http://fuckyeahpokememe.tumblr.com/post/599314619/thedailywhat-epicponyz" "Mozilla/4.0 (compatible; MSIE 8.0; Windows NT 5.1; Trident/4.0; GTB6.5; .NET CLR 1.1.4322; .NET CLR 2.0.50727; .NET CLR 3.0.04506.30; InfoPath.2; OfficeLiveConnector.1.3; OfficeLivePatch.0.0; .NET CLR 3.0.4506.2152; .NET CLR 3.5.30729)"
67.195.111.226 - - [05/Jul/2010:01:32:27 -0700] "GET www.blackstardojo.org/posting.php?mode=quote&p=13708 HTTP/1.0" 302 39 "-" "Mozilla/5.0 (compatible; Yahoo! Slurp/3.0; http://help.yahoo.com/help/us/ysearch/slurp)"
67.195.111.226 - - [05/Jul/2010:01:32:28 -0700] "GET www.blackstardojo.org/login.php?redirect=posting.php&mode=quote&p=13708&sid=e7101f01f38f90708f29e26ed52fe8d5 HTTP/1.0" 200 18916 "-" "Mozilla/5.0 (compatible; Yahoo! Slurp/3.0; http://help.yahoo.com/help/us/ysearch/slurp)"
67.195.111.226 - - [05/Jul/2010:01:32:35 -0700] "GET www.blackstardojo.org/wiki/index.php?title=Special:Recentchanges&from=20100630151024&days=14 HTTP/1.0" 200 3560 "-" "Mozilla/5.0 (compatible; Yahoo! Slurp/3.0; http://help.yahoo.com/help/us/ysearch/slurp)"
71.226.239.4 - - [05/Jul/2010:01:32:41 -0700] "GET www.blackstardojo.org/shop/images/Pokeball.gif HTTP/1.1" 200 314 "http://fuckyeahpokememe.tumblr.com/" "Mozilla/5.0 (Windows; U; Windows NT 6.0; en-US; rv:1.9.1.10) Gecko/20100504 Firefox/3.5.10 (.NET CLR 3.5.30729)"
24.17.98.180 - - [05/Jul/2010:01:32:49 -0700] "GET www.blackstardojo.org/shop/images/Pokeball.gif HTTP/1.1" 200 314 "http://fuckyeahpokememe.tumblr.com/" "Mozilla/5.0 (Windows; U; Windows NT 6.0; en-US; rv:1.9.2.6) Gecko/20100625 Firefox/3.6.6 ( .NET CLR 3.5.30729)"
76.254.1.161 - - [05/Jul/2010:01:33:54 -0700] "GET www.blackstardojo.org/shop/images/Pokeball.gif HTTP/1.1" 200 314 "http://fuckyeahpokememe.tumblr.com/" "Mozilla/5.0 (Macintosh; U; Intel Mac OS X 10_5_8; en-us) AppleWebKit/533.16 (KHTML, like Gecko) Version/5.0 Safari/533.16"
143.167.216.162 - - [05/Jul/2010:01:34:32 -0700] "GET www.blackstardojo.org/shop/images/Pokeball.gif HTTP/1.1" 304 - "http://fuckyeahpokememe.tumblr.com/" "Mozilla/4.0 (compatible; MSIE 8.0; Windows NT 6.0; Trident/4.0; SU 3.23; SLCC1; .NET CLR 2.0.50727; Media Center PC 5.0; eSobiSubscriber 2.0.4.16; .NET CLR 3.5.30729; .NET CLR 3.0.30729; .NET4.0C)"
67.195.115.240 - - [05/Jul/2010:01:34:50 -0700] "GET blackstardojo.org/viewtopic.php?t=110&start=0 HTTP/1.0" 302 39 "-" "Mozilla/5.0 (compatible; Yahoo! Slurp/3.0; http://help.yahoo.com/help/us/ysearch/slurp)"
67.195.111.226 - - [05/Jul/2010:01:34:51 -0700] "GET www.blackstardojo.org/login.php?redirect=viewtopic.php&t=110&sid=8626a5a408a023083b8981bf7f62314e HTTP/1.0" 200 18905 "-" "Mozilla/5.0 (compatible; Yahoo! Slurp/3.0; http://help.yahoo.com/help/us/ysearch/slurp)"
67.195.111.226 - - [05/Jul/2010:01:35:11 -0700] "GET www.blackstardojo.org/wiki/index.php?title=Special:Whatlinkshere/Category:Rockton_Mills HTTP/1.0" 200 2208 "-" "Mozilla/5.0 (compatible; Yahoo! Slurp/3.0; http://help.yahoo.com/help/us/ysearch/slurp)"
79.153.152.110 - - [05/Jul/2010:01:35:54 -0700] "GET www.blackstardojo.org/shop/images/Pokeball.gif HTTP/1.1" 304 - "http://forospokemonworld.foroactivo.net/index.htm" "Mozilla/5.0 (Windows; U; Windows NT 6.0; ca; rv:1.9.2.6) Gecko/20100625 Firefox/3.6.6 GTB7.0 ( .NET CLR 3.5.30729; .NET4.0C)"
66.249.68.68 - - [05/Jul/2010:01:36:29 -0700] "GET blackstardojo.org/profile.php?mode=viewprofile&u=26&sid=47c6f1b8e0c32370086221c894119e55 HTTP/1.1" 200 50597 "-" "Mozilla/5.0 (compatible; Googlebot/2.1; +http://www.google.com/bot.html)"
69.181.5.198 - - [05/Jul/2010:01:36:36 -0700] "GET www.blackstardojo.org/shop/images/Pokeball.gif HTTP/1.1" 200 314 "http://fuckyeahpokememe.tumblr.com/" "Mozilla/5.0 (Windows; U; Windows NT 5.1; en-US) AppleWebKit/533.4 (KHTML, like Gecko) Chrome/5.0.375.99 Safari/533.4"
193.47.80.40 - - [05/Jul/2010:01:36:44 -0700] "GET blackstardojo.org/wiki/index.php?title=User_talk:U444_buy_fosamax_online_cheap&action=edit HTTP/1.1" 200 2176 "-" "Mozilla/5.0 (compatible; Exabot/3.0; +http://www.exabot.com/go/robot)"
