90.202.156.95 - - [17/Jun/2010:01:01:51 -0700] "GET www.blackstardojo.org/forum_images/cave.png HTTP/1.1" 200 3899 "http://www.blackstardojo.org/" "Mozilla/5.0 (Windows; U; Windows NT 6.0; en-US) AppleWebKit/531.22.7 (KHTML, like Gecko) Version/4.0.5 Safari/531.22.7"
90.202.156.95 - - [17/Jun/2010:01:01:51 -0700] "GET www.blackstardojo.org/forum_images/suggestion.png HTTP/1.1" 200 2959 "http://www.blackstardojo.org/" "Mozilla/5.0 (Windows; U; Windows NT 6.0; en-US) AppleWebKit/531.22.7 (KHTML, like Gecko) Version/4.0.5 Safari/531.22.7"
90.202.156.95 - - [17/Jun/2010:01:01:51 -0700] "GET www.blackstardojo.org/forum_images/norn.png HTTP/1.1" 200 2834 "http://www.blackstardojo.org/" "Mozilla/5.0 (Windows; U; Windows NT 6.0; en-US) AppleWebKit/531.22.7 (KHTML, like Gecko) Version/4.0.5 Safari/531.22.7"
90.202.156.95 - - [17/Jun/2010:01:01:51 -0700] "GET www.blackstardojo.org/templates/guildwars_tree/images/whosonline.gif HTTP/1.1" 200 6108 "http://www.blackstardojo.org/" "Mozilla/5.0 (Windows; U; Windows NT 6.0; en-US) AppleWebKit/531.22.7 (KHTML, like Gecko) Version/4.0.5 Safari/531.22.7"
90.202.156.95 - - [17/Jun/2010:01:01:51 -0700] "GET www.blackstardojo.org/templates/guildwars_tree/images/icon_birthday.gif HTTP/1.1" 200 1795 "http://www.blackstardojo.org/" "Mozilla/5.0 (Windows; U; Windows NT 6.0; en-US) AppleWebKit/531.22.7 (KHTML, like Gecko) Version/4.0.5 Safari/531.22.7"
90.202.156.95 - - [17/Jun/2010:01:01:51 -0700] "GET www.blackstardojo.org/templates/guildwars_tree/images/folder_new_big.gif HTTP/1.1" 200 1121 "http://www.blackstardojo.org/" "Mozilla/5.0 (Windows; U; Windows NT 6.0; en-US) AppleWebKit/531.22.7 (KHTML, like Gecko) Version/4.0.5 Safari/531.22.7"
90.202.156.95 - - [17/Jun/2010:01:01:51 -0700] "GET www.blackstardojo.org/templates/guildwars_tree/images/folder_big.gif HTTP/1.1" 200 713 "http://www.blackstardojo.org/" "Mozilla/5.0 (Windows; U; Windows NT 6.0; en-US) AppleWebKit/531.22.7 (KHTML, like Gecko) Version/4.0.5 Safari/531.22.7"
90.202.156.95 - - [17/Jun/2010:01:01:51 -0700] "GET www.blackstardojo.org/templates/guildwars_tree/images/folder_locked_big.gif HTTP/1.1" 200 1209 "http://www.blackstardojo.org/" "Mozilla/5.0 (Windows; U; Windows NT 6.0; en-US) AppleWebKit/531.22.7 (KHTML, like Gecko) Version/4.0.5 Safari/531.22.7"
90.202.156.95 - - [17/Jun/2010:01:02:17 -0700] "GET www.blackstardojo.org/viewforum.php?f=5&sid=d1a7b8e94592f07c289b8725c97f771a HTTP/1.1" 200 86961 "http://www.blackstardojo.org/" "Mozilla/5.0 (Windows; U; Windows NT 6.0; en-US) AppleWebKit/531.22.7 (KHTML, like Gecko) Version/4.0.5 Safari/531.22.7"
90.202.156.95 - - [17/Jun/2010:01:02:17 -0700] "GET www.blackstardojo.org/templates/guildwars_tree/images/lang_english/post.gif HTTP/1.1" 200 1761 "http://www.blackstardojo.org/viewforum.php?f=5&sid=d1a7b8e94592f07c289b8725c97f771a" "Mozilla/5.0 (Windows; U; Windows NT 6.0; en-US) AppleWebKit/531.22.7 (KHTML, like Gecko) Version/4.0.5 Safari/531.22.7"
90.202.156.95 - - [17/Jun/2010:01:02:17 -0700] "GET www.blackstardojo.org/templates/guildwars_tree/images/folder_announce.gif HTTP/1.1" 200 364 "http://www.blackstardojo.org/viewforum.php?f=5&sid=d1a7b8e94592f07c289b8725c97f771a" "Mozilla/5.0 (Windows; U; Windows NT 6.0; en-US) AppleWebKit/531.22.7 (KHTML, like Gecko) Version/4.0.5 Safari/531.22.7"
90.202.156.95 - - [17/Jun/2010:01:02:17 -0700] "GET www.blackstardojo.org/templates/guildwars_tree/images/folder_hot.gif HTTP/1.1" 200 385 "http://www.blackstardojo.org/viewforum.php?f=5&sid=d1a7b8e94592f07c289b8725c97f771a" "Mozilla/5.0 (Windows; U; Windows NT 6.0; en-US) AppleWebKit/531.22.7 (KHTML, like Gecko) Version/4.0.5 Safari/531.22.7"
90.202.156.95 - - [17/Jun/2010:01:02:17 -0700] "GET www.blackstardojo.org/templates/guildwars_tree/images/icon_minipost.gif HTTP/1.1" 200 877 "http://www.blackstardojo.org/viewforum.php?f=5&sid=d1a7b8e94592f07c289b8725c97f771a" "Mozilla/5.0 (Windows; U; Windows NT 6.0; en-US) AppleWebKit/531.22.7 (KHTML, like Gecko) Version/4.0.5 Safari/531.22.7"
90.202.156.95 - - [17/Jun/2010:01:02:17 -0700] "GET www.blackstardojo.org/templates/guildwars_tree/images/folder.gif HTTP/1.1" 200 344 "http://www.blackstardojo.org/viewforum.php?f=5&sid=d1a7b8e94592f07c289b8725c97f771a" "Mozilla/5.0 (Windows; U; Windows NT 6.0; en-US) AppleWebKit/531.22.7 (KHTML, like Gecko) Version/4.0.5 Safari/531.22.7"
90.202.156.95 - - [17/Jun/2010:01:02:17 -0700] "GET www.blackstardojo.org/templates/guildwars_tree/images/folder_sticky.gif HTTP/1.1" 200 392 "http://www.blackstardojo.org/viewforum.php?f=5&sid=d1a7b8e94592f07c289b8725c97f771a" "Mozilla/5.0 (Windows; U; Windows NT 6.0; en-US) AppleWebKit/531.22.7 (KHTML, like Gecko) Version/4.0.5 Safari/531.22.7"
90.202.156.95 - - [17/Jun/2010:01:02:17 -0700] "GET www.blackstardojo.org/templates/guildwars_tree/images/folder_lock.gif HTTP/1.1" 200 590 "http://www.blackstardojo.org/viewforum.php?f=5&sid=d1a7b8e94592f07c289b8725c97f771a" "Mozilla/5.0 (Windows; U; Windows NT 6.0; en-US) AppleWebKit/531.22.7 (KHTML, like Gecko) Version/4.0.5 Safari/531.22.7"
90.202.156.95 - - [17/Jun/2010:01:02:17 -0700] "GET www.blackstardojo.org/images/icon_clip.gif HTTP/1.1" 200 71 "http://www.blackstardojo.org/viewforum.php?f=5&sid=d1a7b8e94592f07c289b8725c97f771a" "Mozilla/5.0 (Windows; U; Windows NT 6.0; en-US) AppleWebKit/531.22.7 (KHTML, like Gecko) Version/4.0.5 Safari/531.22.7"
90.202.156.95 - - [17/Jun/2010:01:02:17 -0700] "GET www.blackstardojo.org/templates/guildwars_tree/images/folder_new.gif HTTP/1.1" 200 348 "http://www.blackstardojo.org/viewforum.php?f=5&sid=d1a7b8e94592f07c289b8725c97f771a" "Mozilla/5.0 (Windows; U; Windows NT 6.0; en-US) AppleWebKit/531.22.7 (KHTML, like Gecko) Version/4.0.5 Safari/531.22.7"
90.202.156.95 - - [17/Jun/2010:01:02:17 -0700] "GET www.blackstardojo.org/templates/guildwars_tree/images/folder_new_hot.gif HTTP/1.1" 200 598 "http://www.blackstardojo.org/viewforum.php?f=5&sid=d1a7b8e94592f07c289b8725c97f771a" "Mozilla/5.0 (Windows; U; Windows NT 6.0; en-US) AppleWebKit/531.22.7 (KHTML, like Gecko) Version/4.0.5 Safari/531.22.7"
90.202.156.95 - - [17/Jun/2010:01:02:17 -0700] "GET www.blackstardojo.org/templates/guildwars_tree/images/folder_lock_new.gif HTTP/1.1" 200 591 "http://www.blackstardojo.org/viewforum.php?f=5&sid=d1a7b8e94592f07c289b8725c97f771a" "Mozilla/5.0 (Windows; U; Windows NT 6.0; en-US) AppleWebKit/531.22.7 (KHTML, like Gecko) Version/4.0.5 Safari/531.22.7"
90.202.156.95 - - [17/Jun/2010:01:02:30 -0700] "GET www.blackstardojo.org/templates/guildwars_tree/images/lang_english/reply.gif HTTP/1.1" 200 1756 "http://www.blackstardojo.org/viewtopic.php?t=2336" "Mozilla/5.0 (Windows; U; Windows NT 6.0; en-US) AppleWebKit/531.22.7 (KHTML, like Gecko) Version/4.0.5 Safari/531.22.7"
90.202.156.95 - - [17/Jun/2010:01:02:30 -0700] "GET www.blackstardojo.org/images/ranks/grove.png HTTP/1.1" 200 1745 "http://www.blackstardojo.org/viewtopic.php?t=2336" "Mozilla/5.0 (Windows; U; Windows NT 6.0; en-US) AppleWebKit/531.22.7 (KHTML, like Gecko) Version/4.0.5 Safari/531.22.7"
90.202.156.95 - - [17/Jun/2010:01:02:30 -0700] "GET www.blackstardojo.org/images/ranks/gameware.png HTTP/1.1" 200 2341 "http://www.blackstardojo.org/viewtopic.php?t=2336" "Mozilla/5.0 (Windows; U; Windows NT 6.0; en-US) AppleWebKit/531.22.7 (KHTML, like Gecko) Version/4.0.5 Safari/531.22.7"
90.202.156.95 - - [17/Jun/2010:01:02:30 -0700] "GET www.blackstardojo.org/images/ranks/blackstar.png HTTP/1.1" 200 1845 "http://www.blackstardojo.org/viewtopic.php?t=2336" "Mozilla/5.0 (Windows; U; Windows NT 6.0; en-US) AppleWebKit/531.22.7 (KHTML, like Gecko) Version/4.0.5 Safari/531.22.7"
90.202.156.95 - - [17/Jun/2010:01:02:30 -0700] "GET www.blackstardojo.org/images/ranks/newbelts/Fox/GreenFoxMod.png HTTP/1.1" 404 1695 "http://www.blackstardojo.org/viewtopic.php?t=2336" "Mozilla/5.0 (Windows; U; Windows NT 6.0; en-US) AppleWebKit/531.22.7 (KHTML, like Gecko) Version/4.0.5 Safari/531.22.7"
90.202.156.95 - - [17/Jun/2010:01:02:30 -0700] "GET www.blackstardojo.org/templates/guildwars_tree/images/rank6.gif HTTP/1.1" 200 1086 "http://www.blackstardojo.org/viewtopic.php?t=2336" "Mozilla/5.0 (Windows; U; Windows NT 6.0; en-US) AppleWebKit/531.22.7 (KHTML, like Gecko) Version/4.0.5 Safari/531.22.7"
90.202.156.95 - - [17/Jun/2010:01:02:30 -0700] "GET www.blackstardojo.org/viewtopic.php?t=2336 HTTP/1.1" 200 112717 "http://www.blackstardojo.org/viewforum.php?f=5&sid=d1a7b8e94592f07c289b8725c97f771a" "Mozilla/5.0 (Windows; U; Windows NT 6.0; en-US) AppleWebKit/531.22.7 (KHTML, like Gecko) Version/4.0.5 Safari/531.22.7"
90.202.156.95 - - [17/Jun/2010:01:02:30 -0700] "GET www.blackstardojo.org/medals/WiseMedal.png HTTP/1.1" 200 4657 "http://www.blackstardojo.org/viewtopic.php?t=2336" "Mozilla/5.0 (Windows; U; Windows NT 6.0; en-US) AppleWebKit/531.22.7 (KHTML, like Gecko) Version/4.0.5 Safari/531.22.7"
90.202.156.95 - - [17/Jun/2010:01:02:30 -0700] "GET www.blackstardojo.org/medals/BugCatcher.png HTTP/1.1" 200 3548 "http://www.blackstardojo.org/viewtopic.php?t=2336" "Mozilla/5.0 (Windows; U; Windows NT 6.0; en-US) AppleWebKit/531.22.7 (KHTML, like Gecko) Version/4.0.5 Safari/531.22.7"
90.202.156.95 - - [17/Jun/2010:01:02:30 -0700] "GET www.blackstardojo.org/medals/dojo_service.png HTTP/1.1" 200 2406 "http://www.blackstardojo.org/viewtopic.php?t=2336" "Mozilla/5.0 (Windows; U; Windows NT 6.0; en-US) AppleWebKit/531.22.7 (KHTML, like Gecko) Version/4.0.5 Safari/531.22.7"
90.202.156.95 - - [17/Jun/2010:01:02:30 -0700] "GET www.blackstardojo.org/medals/doagmedal_212.png HTTP/1.1" 200 1418 "http://www.blackstardojo.org/viewtopic.php?t=2336" "Mozilla/5.0 (Windows; U; Windows NT 6.0; en-US) AppleWebKit/531.22.7 (KHTML, like Gecko) Version/4.0.5 Safari/531.22.7"
90.202.156.95 - - [17/Jun/2010:01:02:30 -0700] "GET www.blackstardojo.org/medals/service.png HTTP/1.1" 200 2837 "http://www.blackstardojo.org/viewtopic.php?t=2336" "Mozilla/5.0 (Windows; U; Windows NT 6.0; en-US) AppleWebKit/531.22.7 (KHTML, like Gecko) Version/4.0.5 Safari/531.22.7"
90.202.156.95 - - [17/Jun/2010:01:02:30 -0700] "GET www.blackstardojo.org/medals/WikiMedal.png HTTP/1.1" 200 3803 "http://www.blackstardojo.org/viewtopic.php?t=2336" "Mozilla/5.0 (Windows; U; Windows NT 6.0; en-US) AppleWebKit/531.22.7 (KHTML, like Gecko) Version/4.0.5 Safari/531.22.7"
90.202.156.95 - - [17/Jun/2010:01:02:30 -0700] "GET www.blackstardojo.org/templates/guildwars_tree/images/lang_english/icon_quote.gif HTTP/1.1" 200 1139 "http://www.blackstardojo.org/viewtopic.php?t=2336" "Mozilla/5.0 (Windows; U; Windows NT 6.0; en-US) AppleWebKit/531.22.7 (KHTML, like Gecko) Version/4.0.5 Safari/531.22.7"
90.202.156.95 - - [17/Jun/2010:01:02:30 -0700] "GET www.blackstardojo.org/templates/guildwars_tree/images/lang_english/icon_pm.gif HTTP/1.1" 200 679 "http://www.blackstardojo.org/viewtopic.php?t=2336" "Mozilla/5.0 (Windows; U; Windows NT 6.0; en-US) AppleWebKit/531.22.7 (KHTML, like Gecko) Version/4.0.5 Safari/531.22.7"
90.202.156.95 - - [17/Jun/2010:01:02:30 -0700] "GET www.blackstardojo.org/templates/guildwars_tree/images/lang_english/icon_profile.gif HTTP/1.1" 200 736 "http://www.blackstardojo.org/viewtopic.php?t=2336" "Mozilla/5.0 (Windows; U; Windows NT 6.0; en-US) AppleWebKit/531.22.7 (KHTML, like Gecko) Version/4.0.5 Safari/531.22.7"
90.202.156.95 - - [17/Jun/2010:01:02:30 -0700] "GET www.blackstardojo.org/images/smiles/icon_sad.gif HTTP/1.1" 200 171 "http://www.blackstardojo.org/viewtopic.php?t=2336" "Mozilla/5.0 (Windows; U; Windows NT 6.0; en-US) AppleWebKit/531.22.7 (KHTML, like Gecko) Version/4.0.5 Safari/531.22.7"
90.202.156.95 - - [17/Jun/2010:01:02:31 -0700] "GET www.blackstardojo.org/templates/guildwars_tree/images/lang_english/icon_msnm.gif HTTP/1.1" 200 701 "http://www.blackstardojo.org/viewtopic.php?t=2336" "Mozilla/5.0 (Windows; U; Windows NT 6.0; en-US) AppleWebKit/531.22.7 (KHTML, like Gecko) Version/4.0.5 Safari/531.22.7"
90.202.156.95 - - [17/Jun/2010:01:02:31 -0700] "GET www.blackstardojo.org/templates/guildwars_tree/images/spacer.gif HTTP/1.1" 200 43 "http://www.blackstardojo.org/viewtopic.php?t=2336" "Mozilla/5.0 (Windows; U; Windows NT 6.0; en-US) AppleWebKit/531.22.7 (KHTML, like Gecko) Version/4.0.5 Safari/531.22.7"
90.202.156.95 - - [17/Jun/2010:01:02:31 -0700] "GET www.blackstardojo.org/images/ranks/weirdbelt.png HTTP/1.1" 200 6196 "http://www.blackstardojo.org/viewtopic.php?t=2336" "Mozilla/5.0 (Windows; U; Windows NT 6.0; en-US) AppleWebKit/531.22.7 (KHTML, like Gecko) Version/4.0.5 Safari/531.22.7"
90.202.156.95 - - [17/Jun/2010:01:02:31 -0700] "GET www.blackstardojo.org/images/ranks/powerapathy.png HTTP/1.1" 200 966 "http://www.blackstardojo.org/viewtopic.php?t=2336" "Mozilla/5.0 (Windows; U; Windows NT 6.0; en-US) AppleWebKit/531.22.7 (KHTML, like Gecko) Version/4.0.5 Safari/531.22.7"
90.202.156.95 - - [17/Jun/2010:01:02:31 -0700] "GET www.blackstardojo.org/medals/spambot.gif HTTP/1.1" 200 1783 "http://www.blackstardojo.org/viewtopic.php?t=2336" "Mozilla/5.0 (Windows; U; Windows NT 6.0; en-US) AppleWebKit/531.22.7 (KHTML, like Gecko) Version/4.0.5 Safari/531.22.7"
90.202.156.95 - - [17/Jun/2010:01:02:31 -0700] "GET www.blackstardojo.org/images/avatars/12541419624aaec8492d77d.png HTTP/1.1" 200 10522 "http://www.blackstardojo.org/viewtopic.php?t=2336" "Mozilla/5.0 (Windows; U; Windows NT 6.0; en-US) AppleWebKit/531.22.7 (KHTML, like Gecko) Version/4.0.5 Safari/531.22.7"
90.202.156.95 - - [17/Jun/2010:01:02:31 -0700] "GET www.blackstardojo.org/medals/imagination.png HTTP/1.1" 200 3402 "http://www.blackstardojo.org/viewtopic.php?t=2336" "Mozilla/5.0 (Windows; U; Windows NT 6.0; en-US) AppleWebKit/531.22.7 (KHTML, like Gecko) Version/4.0.5 Safari/531.22.7"
90.202.156.95 - - [17/Jun/2010:01:02:31 -0700] "GET www.blackstardojo.org/medals/bomb.png HTTP/1.1" 200 1251 "http://www.blackstardojo.org/viewtopic.php?t=2336" "Mozilla/5.0 (Windows; U; Windows NT 6.0; en-US) AppleWebKit/531.22.7 (KHTML, like Gecko) Version/4.0.5 Safari/531.22.7"
90.202.156.95 - - [17/Jun/2010:01:02:31 -0700] "GET www.blackstardojo.org/images/ranks/newbelts/Monkey/GreenMonkey.png HTTP/1.1" 200 4800 "http://www.blackstardojo.org/viewtopic.php?t=2336" "Mozilla/5.0 (Windows; U; Windows NT 6.0; en-US) AppleWebKit/531.22.7 (KHTML, like Gecko) Version/4.0.5 Safari/531.22.7"
90.202.156.95 - - [17/Jun/2010:01:02:31 -0700] "GET www.blackstardojo.org/images/ranks/ECRANK.PNG HTTP/1.1" 200 3312 "http://www.blackstardojo.org/viewtopic.php?t=2336" "Mozilla/5.0 (Windows; U; Windows NT 6.0; en-US) AppleWebKit/531.22.7 (KHTML, like Gecko) Version/4.0.5 Safari/531.22.7"
90.202.156.95 - - [17/Jun/2010:01:02:31 -0700] "GET www.blackstardojo.org/medals/gerbil.png HTTP/1.1" 200 3946 "http://www.blackstardojo.org/viewtopic.php?t=2336" "Mozilla/5.0 (Windows; U; Windows NT 6.0; en-US) AppleWebKit/531.22.7 (KHTML, like Gecko) Version/4.0.5 Safari/531.22.7"
90.202.156.95 - - [17/Jun/2010:01:02:31 -0700] "GET www.blackstardojo.org/images/avatars/1937447709448ec49dd1f70.gif HTTP/1.1" 200 2107 "http://www.blackstardojo.org/viewtopic.php?t=2336" "Mozilla/5.0 (Windows; U; Windows NT 6.0; en-US) AppleWebKit/531.22.7 (KHTML, like Gecko) Version/4.0.5 Safari/531.22.7"
90.202.156.95 - - [17/Jun/2010:01:02:31 -0700] "GET www.blackstardojo.org/medals/music.png HTTP/1.1" 200 2680 "http://www.blackstardojo.org/viewtopic.php?t=2336" "Mozilla/5.0 (Windows; U; Windows NT 6.0; en-US) AppleWebKit/531.22.7 (KHTML, like Gecko) Version/4.0.5 Safari/531.22.7"
90.202.156.95 - - [17/Jun/2010:01:02:31 -0700] "GET www.blackstardojo.org/medals/behave.png HTTP/1.1" 200 3769 "http://www.blackstardojo.org/viewtopic.php?t=2336" "Mozilla/5.0 (Windows; U; Windows NT 6.0; en-US) AppleWebKit/531.22.7 (KHTML, like Gecko) Version/4.0.5 Safari/531.22.7"
67.195.111.226 - - [17/Jun/2010:01:02:31 -0700] "GET www.blackstardojo.org/wiki/index.php?title=Guide HTTP/1.0" 200 3417 "-" "Mozilla/5.0 (compatible; Yahoo! Slurp/3.0; http://help.yahoo.com/help/us/ysearch/slurp)"
90.202.156.95 - - [17/Jun/2010:01:02:31 -0700] "GET www.blackstardojo.org/images/smiles/icon_razz.gif HTTP/1.1" 200 233 "http://www.blackstardojo.org/viewtopic.php?t=2336" "Mozilla/5.0 (Windows; U; Windows NT 6.0; en-US) AppleWebKit/531.22.7 (KHTML, like Gecko) Version/4.0.5 Safari/531.22.7"
90.202.156.95 - - [17/Jun/2010:01:02:31 -0700] "GET www.blackstardojo.org/images/ranks/newbelts/Fox/GreenFoxMod.png HTTP/1.1" 404 1695 "http://www.blackstardojo.org/viewtopic.php?t=2336" "Mozilla/5.0 (Windows; U; Windows NT 6.0; en-US) AppleWebKit/531.22.7 (KHTML, like Gecko) Version/4.0.5 Safari/531.22.7"
90.202.156.95 - - [17/Jun/2010:01:02:31 -0700] "GET www.blackstardojo.org/medals/BlobMedal.png HTTP/1.1" 200 4345 "http://www.blackstardojo.org/viewtopic.php?t=2336" "Mozilla/5.0 (Windows; U; Windows NT 6.0; en-US) AppleWebKit/531.22.7 (KHTML, like Gecko) Version/4.0.5 Safari/531.22.7"
90.202.156.95 - - [17/Jun/2010:01:02:31 -0700] "GET www.blackstardojo.org/medals/colonyRP.png HTTP/1.1" 200 3434 "http://www.blackstardojo.org/viewtopic.php?t=2336" "Mozilla/5.0 (Windows; U; Windows NT 6.0; en-US) AppleWebKit/531.22.7 (KHTML, like Gecko) Version/4.0.5 Safari/531.22.7"
90.202.156.95 - - [17/Jun/2010:01:02:31 -0700] "GET www.blackstardojo.org/images/smiles/icon_wink.gif HTTP/1.1" 200 170 "http://www.blackstardojo.org/viewtopic.php?t=2336" "Mozilla/5.0 (Windows; U; Windows NT 6.0; en-US) AppleWebKit/531.22.7 (KHTML, like Gecko) Version/4.0.5 Safari/531.22.7"
90.202.156.95 - - [17/Jun/2010:01:02:31 -0700] "GET www.blackstardojo.org/images/smiles/icon_biggrin.gif HTTP/1.1" 200 172 "http://www.blackstardojo.org/viewtopic.php?t=2336" "Mozilla/5.0 (Windows; U; Windows NT 6.0; en-US) AppleWebKit/531.22.7 (KHTML, like Gecko) Version/4.0.5 Safari/531.22.7"
90.202.156.95 - - [17/Jun/2010:01:02:31 -0700] "GET www.blackstardojo.org/images/ranks/newbelts/Mantis/GreenMantisMod.png HTTP/1.1" 200 8642 "http://www.blackstardojo.org/viewtopic.php?t=2336" "Mozilla/5.0 (Windows; U; Windows NT 6.0; en-US) AppleWebKit/531.22.7 (KHTML, like Gecko) Version/4.0.5 Safari/531.22.7"
90.202.156.95 - - [17/Jun/2010:01:02:31 -0700] "GET www.blackstardojo.org/images/avatars/86442633446eb7a6217d49.jpg HTTP/1.1" 404 1695 "http://www.blackstardojo.org/viewtopic.php?t=2336" "Mozilla/5.0 (Windows; U; Windows NT 6.0; en-US) AppleWebKit/531.22.7 (KHTML, like Gecko) Version/4.0.5 Safari/531.22.7"
90.202.156.95 - - [17/Jun/2010:01:02:31 -0700] "GET www.blackstardojo.org/images/ranks/newbelts/Chameleon/BlackChameleonMod.png HTTP/1.1" 200 8678 "http://www.blackstardojo.org/viewtopic.php?t=2336" "Mozilla/5.0 (Windows; U; Windows NT 6.0; en-US) AppleWebKit/531.22.7 (KHTML, like Gecko) Version/4.0.5 Safari/531.22.7"
90.202.156.95 - - [17/Jun/2010:01:02:31 -0700] "GET www.blackstardojo.org/medals/ConcordatMedal.png HTTP/1.1" 200 3047 "http://www.blackstardojo.org/viewtopic.php?t=2336" "Mozilla/5.0 (Windows; U; Windows NT 6.0; en-US) AppleWebKit/531.22.7 (KHTML, like Gecko) Version/4.0.5 Safari/531.22.7"
90.202.156.95 - - [17/Jun/2010:01:02:31 -0700] "GET www.blackstardojo.org/medals/LabyrinthMedal.png HTTP/1.1" 200 3591 "http://www.blackstardojo.org/viewtopic.php?t=2336" "Mozilla/5.0 (Windows; U; Windows NT 6.0; en-US) AppleWebKit/531.22.7 (KHTML, like Gecko) Version/4.0.5 Safari/531.22.7"
90.202.156.95 - - [17/Jun/2010:01:02:31 -0700] "GET www.blackstardojo.org/medals/challengemedalvy7.png HTTP/1.1" 200 4453 "http://www.blackstardojo.org/viewtopic.php?t=2336" "Mozilla/5.0 (Windows; U; Windows NT 6.0; en-US) AppleWebKit/531.22.7 (KHTML, like Gecko) Version/4.0.5 Safari/531.22.7"
76.91.20.209 - - [17/Jun/2010:01:02:56 -0700] "GET www.blackstardojo.org/shop/images/Pokeball.gif HTTP/1.1" 200 314 "http://fuckyeahpokememe.tumblr.com/" "Mozilla/5.0 (Windows; U; Windows NT 6.1; en-US; rv:1.9.1.9) Gecko/20100315 Firefox/3.5.9"
91.201.66.5 - - [17/Jun/2010:01:03:10 -0700] "GET www.blackstardojo.org/index.php++++++++++++++++++++++++++++Result:+captcha+decoded+(3+attempts);registered+(registering+only+mode+is+ON); HTTP/1.0" 404 1683 "http://www.blackstardojo.org/index.php++++++++++++++++++++++++++++Result:+captcha+decoded+%283+attempts%29;registered+%28registering+only+mode+is+ON%29;" "Mozilla/4.7 (compatible; OffByOne; Windows 2000) Webster Pro V3.4"
91.201.66.5 - - [17/Jun/2010:01:03:11 -0700] "GET www.blackstardojo.org/ HTTP/1.0" 200 52184 "http://www.blackstardojo.org/" "Mozilla/4.7 (compatible; OffByOne; Windows 2000) Webster Pro V3.4"
91.201.66.5 - - [17/Jun/2010:01:03:13 -0700] "GET www.blackstardojo.org/profile.php?mode=register&sid=bced3385e95f72011b4f63c588f91f62 HTTP/1.0" 200 22435 "http://www.blackstardojo.org/profile.php?mode=register&sid=bced3385e95f72011b4f63c588f91f62" "Mozilla/4.7 (compatible; OffByOne; Windows 2000) Webster Pro V3.4"
91.201.66.5 - - [17/Jun/2010:01:03:14 -0700] "GET www.blackstardojo.org/profile.php?mode=register&agreed=true HTTP/1.0" 200 32571 "http://www.blackstardojo.org/profile.php?mode=register&agreed=true" "Mozilla/4.7 (compatible; OffByOne; Windows 2000) Webster Pro V3.4"
91.201.66.5 - - [17/Jun/2010:01:03:16 -0700] "GET www.blackstardojo.org/profile.php?mode=confirm&id=c863bf14ec6b3c922ce9312595c6cea0 HTTP/1.0" 200 7411 "http://www.blackstardojo.org/profile.php?mode=register&agreed=true" "Mozilla/4.7 (compatible; OffByOne; Windows 2000) Webster Pro V3.4"
216.129.119.45 - - [17/Jun/2010:01:03:16 -0700] "GET blackstardojo.org/viewtopic.php?t=203&start=270 HTTP/1.1" 302 51 "-" "Mozilla/5.0 (Twiceler-0.9 http://www.cuil.com/twiceler/robot.html)"
67.195.115.240 - - [17/Jun/2010:01:03:22 -0700] "GET blackstardojo.org/posting.php?mode=newtopic&f=36 HTTP/1.0" 302 39 "-" "Mozilla/5.0 (compatible; Yahoo! Slurp/3.0; http://help.yahoo.com/help/us/ysearch/slurp)"
67.195.111.226 - - [17/Jun/2010:01:03:23 -0700] "GET www.blackstardojo.org/login.php?redirect=posting.php&mode=newtopic&f=36&sid=98d75f0286f16be1b2ae91d513f227a8 HTTP/1.0" 200 22242 "-" "Mozilla/5.0 (compatible; Yahoo! Slurp/3.0; http://help.yahoo.com/help/us/ysearch/slurp)"
193.47.80.40 - - [17/Jun/2010:01:03:47 -0700] "GET blackstardojo.org/wiki/index.php?title=User_talk:AL37&action=edit&section=new HTTP/1.1" 200 2142 "-" "Mozilla/5.0 (compatible; Exabot/3.0; +http://www.exabot.com/go/robot)"
91.201.66.5 - - [17/Jun/2010:01:03:58 -0700] "POST www.blackstardojo.org/profile.php HTTP/1.0" 200 33214 "http://www.blackstardojo.org/profile.php?mode=register&agreed=true" "Mozilla/4.7 (compatible; OffByOne; Windows 2000) Webster Pro V3.4"
91.201.66.5 - - [17/Jun/2010:01:03:59 -0700] "GET www.blackstardojo.org/profile.php?mode=confirm&id=92235bed49df6a424230e9aebdb0b04d HTTP/1.0" 200 8374 "http://www.blackstardojo.org/profile.php?mode=register&agreed=true" "Mozilla/4.7 (compatible; OffByOne; Windows 2000) Webster Pro V3.4"
91.201.66.5 - - [17/Jun/2010:01:04:44 -0700] "POST www.blackstardojo.org/profile.php HTTP/1.0" 200 33212 "http://www.blackstardojo.org/profile.php?mode=register&agreed=true" "Mozilla/4.7 (compatible; OffByOne; Windows 2000) Webster Pro V3.4"
91.201.66.5 - - [17/Jun/2010:01:04:45 -0700] "GET www.blackstardojo.org/profile.php?mode=confirm&id=574f61633ff9dc40961edd703dc40af6 HTTP/1.0" 200 7537 "http://www.blackstardojo.org/profile.php?mode=register&agreed=true" "Mozilla/4.7 (compatible; OffByOne; Windows 2000) Webster Pro V3.4"
74.173.235.2 - - [17/Jun/2010:01:04:55 -0700] "GET www.blackstardojo.org/shop/images/Pokeball.gif HTTP/1.1" 200 314 "http://fuckyeahpokememe.tumblr.com/search/oak/page/2" "Mozilla/5.0 (Windows; U; Windows NT 5.1; en-US; rv:1.9.1.9) Gecko/20100315 Firefox/3.5.9"
67.195.115.240 - - [17/Jun/2010:01:04:57 -0700] "GET blackstardojo.org/viewtopic.php?t=1503&start=60 HTTP/1.0" 302 39 "-" "Mozilla/5.0 (compatible; Yahoo! Slurp/3.0; http://help.yahoo.com/help/us/ysearch/slurp)"
67.195.111.226 - - [17/Jun/2010:01:04:58 -0700] "GET www.blackstardojo.org/login.php?redirect=viewtopic.php&t=1503&start=60&sid=11ef3d0e00477a5c113a4365e0addccb HTTP/1.0" 200 22241 "-" "Mozilla/5.0 (compatible; Yahoo! Slurp/3.0; http://help.yahoo.com/help/us/ysearch/slurp)"
91.201.66.5 - - [17/Jun/2010:01:05:29 -0700] "POST www.blackstardojo.org/profile.php HTTP/1.0" 200 33232 "http://www.blackstardojo.org/profile.php?mode=register&agreed=true" "Mozilla/4.7 (compatible; OffByOne; Windows 2000) Webster Pro V3.4"
91.201.66.5 - - [17/Jun/2010:01:05:30 -0700] "GET www.blackstardojo.org/profile.php?mode=confirm&id=2a662cf70a6045c7a0dbdf452c3fe70c HTTP/1.0" 200 8339 "http://www.blackstardojo.org/profile.php?mode=register&agreed=true" "Mozilla/4.7 (compatible; OffByOne; Windows 2000) Webster Pro V3.4"
71.118.206.87 - - [17/Jun/2010:01:06:06 -0700] "GET www.blackstardojo.org/shop/images/Pokeball.gif HTTP/1.1" 200 314 "http://fuckyeahpokememe.tumblr.com/" "Mozilla/5.0 (Windows; U; Windows NT 6.1; en-US; rv:1.9.1.9) Gecko/20100315 Firefox/3.5.9"
76.126.10.245 - - [17/Jun/2010:01:06:06 -0700] "GET www.blackstardojo.org/shop/images/Pokeball.gif HTTP/1.1" 200 314 "http://fuckyeahpokememe.tumblr.com/post/498418099/homfrog-bieberel" "Mozilla/5.0 (Windows; U; Windows NT 6.0; en-US) AppleWebKit/533.4 (KHTML, like Gecko) Chrome/5.0.375.70 Safari/533.4"
91.201.66.5 - - [17/Jun/2010:01:06:13 -0700] "POST www.blackstardojo.org/profile.php HTTP/1.0" 200 20407 "http://www.blackstardojo.org/profile.php?mode=register&agreed=true" "Mozilla/4.7 (compatible; OffByOne; Windows 2000) Webster Pro V3.4"
91.201.66.5 - - [17/Jun/2010:01:06:14 -0700] "GET www.blackstardojo.org/login.php HTTP/1.0" 200 21230 "http://www.blackstardojo.org/login.php" "Mozilla/4.7 (compatible; OffByOne; Windows 2000) Webster Pro V3.4"
91.201.66.5 - - [17/Jun/2010:01:06:15 -0700] "POST www.blackstardojo.org/login.php HTTP/1.0" 200 20582 "http://www.blackstardojo.org/login.php" "Mozilla/4.7 (compatible; OffByOne; Windows 2000) Webster Pro V3.4"
91.201.66.5 - - [17/Jun/2010:01:06:17 -0700] "GET www.blackstardojo.org/login.php?redirect= HTTP/1.0" 200 21230 "http://www.blackstardojo.org/login.php?redirect=" "Mozilla/4.7 (compatible; OffByOne; Windows 2000) Webster Pro V3.4"
91.201.66.5 - - [17/Jun/2010:01:06:17 -0700] "GET www.blackstardojo.org/profile.php?mode=editprofile HTTP/1.0" 302 39 "http://www.blackstardojo.org/profile.php?mode=editprofile" "Mozilla/4.7 (compatible; OffByOne; Windows 2000) Webster Pro V3.4"
66.249.68.77 - - [17/Jun/2010:01:07:18 -0700] "GET blackstardojo.org/wiki/index.php?title=User:F7r3_buy_tramaden_online_cheap&action=history HTTP/1.1" 200 2570 "-" "Mozilla/5.0 (compatible; Googlebot/2.1; +http://www.google.com/bot.html)"
67.195.115.240 - - [17/Jun/2010:01:07:19 -0700] "GET blackstardojo.org/viewtopic.php?t=1569&start=15 HTTP/1.0" 200 137470 "-" "Mozilla/5.0 (compatible; Yahoo! Slurp/3.0; http://help.yahoo.com/help/us/ysearch/slurp)"
67.195.111.226 - - [17/Jun/2010:01:07:31 -0700] "GET www.blackstardojo.org/wiki/index.php?title=Special:Whatlinkshere&target=The_Corporation&limit=100&offset=0 HTTP/1.0" 200 2163 "-" "Mozilla/5.0 (compatible; Yahoo! Slurp/3.0; http://help.yahoo.com/help/us/ysearch/slurp)"
97.103.53.247 - - [17/Jun/2010:01:07:32 -0700] "GET www.blackstardojo.org/shop/images/Pokeball.gif HTTP/1.1" 200 314 "http://fuckyeahpokememe.tumblr.com/" "Mozilla/5.0 (Windows; U; Windows NT 5.1; en-US) AppleWebKit/531.22.7 (KHTML, like Gecko) Version/4.0.4 Safari/531.21.10"
66.249.68.77 - - [17/Jun/2010:01:07:34 -0700] "GET blackstardojo.org/wiki/index.php?title=User:7sdc_buy_penisole_online_cheap&action=history HTTP/1.1" 200 2569 "-" "Mozilla/5.0 (compatible; Googlebot/2.1; +http://www.google.com/bot.html)"
151.51.4.49 - - [17/Jun/2010:01:07:59 -0700] "GET www.blackstardojo.org/shop/images/Pokeball.gif HTTP/1.1" 200 314 "http://fuckyeahpokememe.tumblr.com/" "Mozilla/5.0 (Windows; U; Windows NT 5.1; it; rv:1.9.1.9) Gecko/20100315 Firefox/3.5.9 GTB7.0 (.NET CLR 3.5.30729)"
220.255.4.28 - - [17/Jun/2010:01:08:05 -0700] "GET www.blackstardojo.org/shop/images/Pokeball.gif HTTP/1.1" 200 314 "http://fuckyeahpokememe.tumblr.com/" "Mozilla/5.0 (Windows; U; Windows NT 5.1; en-US; rv:1.9.1.9) Gecko/20100315 Firefox/3.5.9 ( .NET CLR 3.5.30729)"
67.195.111.226 - - [17/Jun/2010:01:08:12 -0700] "GET www.blackstardojo.org/viewtopic.php?t=1504 HTTP/1.0" 200 47057 "-" "Mozilla/5.0 (compatible; Yahoo! Slurp/3.0; http://help.yahoo.com/help/us/ysearch/slurp)"
66.249.68.154 - - [17/Jun/2010:01:09:10 -0700] "GET www.blackstardojo.org/shop.php?action=inventory&searchid=205&sid=1adaf105dd43ce2a75d3ac1ea98567a0 HTTP/1.1" 302 49211 "-" "Mozilla/5.0 (compatible; Googlebot/2.1; +http://www.google.com/bot.html)"
67.195.115.240 - - [17/Jun/2010:01:09:46 -0700] "GET blackstardojo.org/profile.php?mode=viewprofile&u=149 HTTP/1.0" 200 48962 "-" "Mozilla/5.0 (compatible; Yahoo! Slurp/3.0; http://help.yahoo.com/help/us/ysearch/slurp)"
67.195.115.240 - - [17/Jun/2010:01:09:53 -0700] "GET blackstardojo.org/wiki/index.php?title=Underground_Bunker HTTP/1.0" 200 2272 "-" "Mozilla/5.0 (compatible; Yahoo! Slurp/3.0; http://help.yahoo.com/help/us/ysearch/slurp)"
116.12.248.162 - - [17/Jun/2010:01:10:08 -0700] "GET www.blackstardojo.org/shop/images/Pokeball.gif HTTP/1.1" 200 314 "http://fuckyeahpokememe.tumblr.com/post/698816040" "Mozilla/4.0 (compatible; MSIE 7.0; Windows NT 5.1; .NET CLR 1.1.4322; .NET CLR 2.0.50727; .NET CLR 3.0.04506.648; .NET CLR 3.5.21022; .NET CLR 3.0.4506.2152; .NET CLR 3.5.30729; OfficeLiveConnector.1.3; OfficeLivePatch.0.0)"
116.12.248.162 - - [17/Jun/2010:01:10:19 -0700] "GET www.blackstardojo.org/shop/images/Pokeball.gif HTTP/1.1" 304 - "http://fuckyeahpokememe.tumblr.com/post/696629619/the-world-as-we-know-it-by-ian-omalley" "Mozilla/4.0 (compatible; MSIE 7.0; Windows NT 5.1; .NET CLR 1.1.4322; .NET CLR 2.0.50727; .NET CLR 3.0.04506.648; .NET CLR 3.5.21022; .NET CLR 3.0.4506.2152; .NET CLR 3.5.30729; OfficeLiveConnector.1.3; OfficeLivePatch.0.0)"
116.12.248.162 - - [17/Jun/2010:01:10:34 -0700] "GET www.blackstardojo.org/shop/images/Pokeball.gif HTTP/1.1" 304 - "http://fuckyeahpokememe.tumblr.com/post/695034634/frostloop" "Mozilla/4.0 (compatible; MSIE 7.0; Windows NT 5.1; .NET CLR 1.1.4322; .NET CLR 2.0.50727; .NET CLR 3.0.04506.648; .NET CLR 3.5.21022; .NET CLR 3.0.4506.2152; .NET CLR 3.5.30729; OfficeLiveConnector.1.3; OfficeLivePatch.0.0)"
116.12.248.162 - - [17/Jun/2010:01:10:45 -0700] "GET www.blackstardojo.org/shop/images/Pokeball.gif HTTP/1.1" 304 - "http://fuckyeahpokememe.tumblr.com/post/694945182/im-pretty-sure-its-a-nose-though" "Mozilla/4.0 (compatible; MSIE 7.0; Windows NT 5.1; .NET CLR 1.1.4322; .NET CLR 2.0.50727; .NET CLR 3.0.04506.648; .NET CLR 3.5.21022; .NET CLR 3.0.4506.2152; .NET CLR 3.5.30729; OfficeLiveConnector.1.3; OfficeLivePatch.0.0)"
67.195.111.226 - - [17/Jun/2010:01:11:17 -0700] "GET www.blackstardojo.org/shop.php?d=3 HTTP/1.0" 200 24489 "-" "Mozilla/5.0 (compatible; Yahoo! Slurp/3.0; http://help.yahoo.com/help/us/ysearch/slurp)"
67.195.115.240 - - [17/Jun/2010:01:11:23 -0700] "GET blackstardojo.org/viewtopic.php?p=5254 HTTP/1.0" 302 39 "-" "Mozilla/5.0 (compatible; Yahoo! Slurp/3.0; http://help.yahoo.com/help/us/ysearch/slurp)"
67.195.111.226 - - [17/Jun/2010:01:11:23 -0700] "GET www.blackstardojo.org/login.php?redirect=viewtopic.php&p=5254&sid=268d80fe6919f395d62190f09c623f81 HTTP/1.0" 200 22232 "-" "Mozilla/5.0 (compatible; Yahoo! Slurp/3.0; http://help.yahoo.com/help/us/ysearch/slurp)"
119.63.193.215 - - [17/Jun/2010:01:11:32 -0700] "GET www.blackstardojo.org/ HTTP/1.1" 200 52291 "-" "Mozilla/4.0 (compatible; MSIE 6.0; Windows NT 5.1)"
67.195.115.240 - - [17/Jun/2010:01:11:56 -0700] "GET blackstardojo.org/wiki/index.php?title=Black_Longblade HTTP/1.0" 200 2753 "-" "Mozilla/5.0 (compatible; Yahoo! Slurp/3.0; http://help.yahoo.com/help/us/ysearch/slurp)"
66.249.68.154 - - [17/Jun/2010:01:12:59 -0700] "GET www.blackstardojo.org/login.php?redirect=shop.php&action=inventory&searchid=205&sid=29356bc22e1a7267cc19ae6d8f44e47f HTTP/1.1" 200 22301 "-" "Mozilla/5.0 (compatible; Googlebot/2.1; +http://www.google.com/bot.html)"
67.208.53.237 - - [17/Jun/2010:01:14:26 -0700] "GET www.blackstardojo.org/shop/images/Pokeball.gif HTTP/1.1" 200 314 "http://fuckyeahpokememe.tumblr.com/" "Mozilla/5.0 (Windows; U; Windows NT 6.0; en-US; rv:1.9.1.9) Gecko/20100315 Firefox/3.5.9 (.NET CLR 3.5.30729)"
80.25.115.48 - - [17/Jun/2010:01:15:08 -0700] "GET www.blackstardojo.org/shop/images/Pokeball.gif HTTP/1.1" 200 314 "http://fuckyeahpokememe.tumblr.com/page/121" "Mozilla/5.0 (Windows; U; Windows NT 6.0; es-ES; rv:1.9.2.3) Gecko/20100401 Firefox/3.6.3 ( .NET CLR 3.5.30729)"
77.88.28.247 - - [17/Jun/2010:01:16:18 -0700] "GET www.blackstardojo.org/viewtopic.php?p=43386&sid=42510b6c624592ed3c7db4d31da30b90 HTTP/1.1" 200 121985 "-" "Yandex/1.01.001 (compatible; Win16; I)"
67.195.111.226 - - [17/Jun/2010:01:18:23 -0700] "GET www.blackstardojo.org/viewtopic.php?p=52074 HTTP/1.0" 200 37888 "-" "Mozilla/5.0 (compatible; Yahoo! Slurp/3.0; http://help.yahoo.com/help/us/ysearch/slurp)"
67.195.111.226 - - [17/Jun/2010:01:18:44 -0700] "GET www.blackstardojo.org/viewtopic.php?p=40752 HTTP/1.0" 200 55327 "-" "Mozilla/5.0 (compatible; Yahoo! Slurp/3.0; http://help.yahoo.com/help/us/ysearch/slurp)"
67.195.111.226 - - [17/Jun/2010:01:19:14 -0700] "GET www.blackstardojo.org/viewtopic.php?p=49760 HTTP/1.0" 200 54287 "-" "Mozilla/5.0 (compatible; Yahoo! Slurp/3.0; http://help.yahoo.com/help/us/ysearch/slurp)"
67.195.111.226 - - [17/Jun/2010:01:19:32 -0700] "GET www.blackstardojo.org/search.php?search_author=No+Cookie+Four+You HTTP/1.0" 200 25257 "-" "Mozilla/5.0 (compatible; Yahoo! Slurp/3.0; http://help.yahoo.com/help/us/ysearch/slurp)"
68.12.241.199 - - [17/Jun/2010:01:20:21 -0700] "GET www.blackstardojo.org/images/senseibar.png HTTP/1.1" 200 2009 "http://ctopia.treesprite.com/viewtopic.php?f=9&t=1244" "Mozilla/5.0 (Windows; U; Windows NT 6.0; en-US; rv:1.9.1.9) Gecko/20100315 Firefox/3.5.9 (.NET CLR 3.5.30729)"
68.12.241.199 - - [17/Jun/2010:01:20:21 -0700] "GET www.blackstardojo.org/files/BlackstarBanner1.gif HTTP/1.1" 200 8065 "http://ctopia.treesprite.com/viewtopic.php?f=9&t=1244" "Mozilla/5.0 (Windows; U; Windows NT 6.0; en-US; rv:1.9.1.9) Gecko/20100315 Firefox/3.5.9 (.NET CLR 3.5.30729)"
68.12.241.199 - - [17/Jun/2010:01:20:21 -0700] "GET thecave.blackstardojo.org/images/avatars/15430718694754259ae5d1b.png HTTP/1.1" 200 7951 "http://ctopia.treesprite.com/viewtopic.php?f=9&t=1244" "Mozilla/5.0 (Windows; U; Windows NT 6.0; en-US; rv:1.9.1.9) Gecko/20100315 Firefox/3.5.9 (.NET CLR 3.5.30729)"
67.195.111.226 - - [17/Jun/2010:01:21:23 -0700] "GET www.blackstardojo.org/viewtopic.php?p=48383 HTTP/1.0" 302 39 "-" "Mozilla/5.0 (compatible; Yahoo! Slurp/3.0; http://help.yahoo.com/help/us/ysearch/slurp)"
67.195.111.226 - - [17/Jun/2010:01:21:24 -0700] "GET www.blackstardojo.org/login.php?redirect=viewtopic.php&p=48383&sid=8d43f5fe683a23f6f2f22f2338d8a9c1 HTTP/1.0" 200 22233 "-" "Mozilla/5.0 (compatible; Yahoo! Slurp/3.0; http://help.yahoo.com/help/us/ysearch/slurp)"
94.68.161.83 - - [17/Jun/2010:01:21:25 -0700] "GET www.blackstardojo.org/forum_images/suggestion.png HTTP/1.1" 200 2959 "http://gointhrough.all-up.com/" "Mozilla/4.0 (compatible; MSIE 8.0; Windows NT 6.0; Trident/4.0; SLCC1; .NET CLR 2.0.50727; InfoPath.2; .NET CLR 3.5.30729; .NET CLR 3.0.30618)"
60.52.43.118 - - [17/Jun/2010:01:21:27 -0700] "GET www.blackstardojo.org/shop/images/Pokeball.gif HTTP/1.1" 200 314 "http://fuckyeahpokememe.tumblr.com/post/695034634/frostloop" "Mozilla/5.0 (Windows; U; Windows NT 6.0; en-US) AppleWebKit/532.5 (KHTML, like Gecko) Chrome/4.1.249.1064 Safari/532.5"
67.195.111.226 - - [17/Jun/2010:01:21:42 -0700] "GET www.blackstardojo.org/wiki/index.php?title=Special:Whatlinkshere/Account_Creation HTTP/1.0" 200 2139 "-" "Mozilla/5.0 (compatible; Yahoo! Slurp/3.0; http://help.yahoo.com/help/us/ysearch/slurp)"
99.139.49.190 - - [17/Jun/2010:01:22:14 -0700] "GET www.blackstardojo.org/shop/images/Pokeball.gif HTTP/1.1" 200 314 "http://fuckyeahpokememe.tumblr.com/" "Mozilla/5.0 (Macintosh; U; Intel Mac OS X 10_5_8; en-us) AppleWebKit/533.16 (KHTML, like Gecko) Version/5.0 Safari/533.16"
94.68.161.83 - - [17/Jun/2010:01:22:57 -0700] "GET www.blackstardojo.org/forum_images/suggestion.png HTTP/1.1" 304 - "http://gointhrough.all-up.com/" "Mozilla/4.0 (compatible; MSIE 8.0; Windows NT 6.0; Trident/4.0; SLCC1; .NET CLR 2.0.50727; InfoPath.2; .NET CLR 3.5.30729; .NET CLR 3.0.30618)"
67.195.111.226 - - [17/Jun/2010:01:23:10 -0700] "GET www.blackstardojo.org/viewtopic.php?p=36562 HTTP/1.0" 200 56852 "-" "Mozilla/5.0 (compatible; Yahoo! Slurp/3.0; http://help.yahoo.com/help/us/ysearch/slurp)"
67.195.111.226 - - [17/Jun/2010:01:24:06 -0700] "GET www.blackstardojo.org/wiki/index.php?title=Special:Recentchanges&days=7&limit=500&feed=atom HTTP/1.0" 200 357 "-" "Mozilla/5.0 (compatible; Yahoo! Slurp/3.0; http://help.yahoo.com/help/us/ysearch/slurp)"
67.195.115.240 - - [17/Jun/2010:01:24:07 -0700] "GET blackstardojo.org/wiki/skins/common/feed.css HTTP/1.0" 304 - "http://www.blackstardojo.org/wiki/index.php?title=Special:Recentchanges&days=7&limit=500&feed=atom" "Mozilla/5.0 (compatible; Yahoo! Slurp/3.0; http://help.yahoo.com/help/us/ysearch/slurp)"
75.132.27.156 - - [17/Jun/2010:01:25:03 -0700] "GET www.blackstardojo.org/shop/images/Pokeball.gif HTTP/1.1" 200 314 "http://fuckyeahpokememe.tumblr.com/" "Mozilla/5.0 (Windows; U; Windows NT 5.1; en-GB; rv:1.9.2.3) Gecko/20100401 Firefox/3.6.3"
67.195.115.240 - - [17/Jun/2010:01:25:08 -0700] "GET blackstardojo.org/wiki/index.php?title=Special:Recentchangeslinked&target=Dojo_Manual&hideminor=1&days=14&limit=500 HTTP/1.0" 200 2210 "-" "Mozilla/5.0 (compatible; Yahoo! Slurp/3.0; http://help.yahoo.com/help/us/ysearch/slurp)"
75.10.106.116 - - [17/Jun/2010:01:25:21 -0700] "GET www.blackstardojo.org/shop/images/Pokeball.gif HTTP/1.1" 200 314 "http://fuckyeahpokememe.tumblr.com/" "Mozilla/5.0 (Windows; U; Windows NT 6.0; en-US; rv:1.9.1.9) Gecko/20100315 Firefox/3.5.9 (.NET CLR 3.5.30729)"
67.195.115.240 - - [17/Jun/2010:01:25:38 -0700] "GET blackstardojo.org/wiki/index.php?title=Petition_to_Organize&printable=yes&printable=yes HTTP/1.0" 200 3134 "-" "Mozilla/5.0 (compatible; Yahoo! Slurp/3.0; http://help.yahoo.com/help/us/ysearch/slurp)"
67.195.111.226 - - [17/Jun/2010:01:25:53 -0700] "GET www.blackstardojo.org/wiki/index.php?title=MDude HTTP/1.0" 200 2676 "-" "Mozilla/5.0 (compatible; Yahoo! Slurp/3.0; http://help.yahoo.com/help/us/ysearch/slurp)"
130.88.85.181 - - [17/Jun/2010:01:26:31 -0700] "GET www.blackstardojo.org/shop/images/Pokeball.gif HTTP/1.1" 200 314 "http://fuckyeahpokememe.tumblr.com/post/464187361/gary-oak-was-the-nice-guy-all-along" "Mozilla/5.0 (Windows; U; Windows NT 6.0; en-GB; rv:1.9.1.9) Gecko/20100315 Firefox/3.5.9 GTB7.1 (.NET CLR 3.5.30729)"
83.160.75.118 - - [17/Jun/2010:01:26:37 -0700] "GET www.blackstardojo.org/profile.php?mode=viewprofile&u=149 HTTP/1.1" 200 49061 "http://www.google.nl/imgres?imgurl=http://www.blackstardojo.org/shop/images/Squid.gif&imgrefurl=http://www.blackstardojo.org/profile.php%3Fmode%3Dviewprofile%26u%3D149&usg=__SlkS57XeYqvfy7YX698bkGWALig=&h=40&w=40&sz=2&hl=nl&start=321&um=1&itbs=1&tbnid=7A3OatpaD-_20M:&tbnh=40&tbnw=40&prev=/images%3Fq%3Dsquid%26start%3D306%26um%3D1%26hl%3Dnl%26safe%3Doff%26client%3Dfirefox-a%26sa%3DN%26rls%3Dcom.ubuntu:en-US:official%26ndsp%3D18%26tbs%3Disch:1,isz:i" "Mozilla/5.0 (X11; U; Linux i686; en-US; rv:1.9.1.9) Gecko/20100401 Ubuntu/9.10 (karmic) Firefox/3.5.9"
83.160.75.118 - - [17/Jun/2010:01:26:37 -0700] "GET www.blackstardojo.org/images/avatars/77941562546c8aa869beaf.jpg HTTP/1.1" 404 1695 "http://www.blackstardojo.org/profile.php?mode=viewprofile&u=149" "Mozilla/5.0 (X11; U; Linux i686; en-US; rv:1.9.1.9) Gecko/20100401 Ubuntu/9.10 (karmic) Firefox/3.5.9"
83.160.75.118 - - [17/Jun/2010:01:26:37 -0700] "GET www.blackstardojo.org/templates/guildwars_tree/images/header_logo_02.gif HTTP/1.1" 200 1050 "http://www.blackstardojo.org/profile.php?mode=viewprofile&u=149" "Mozilla/5.0 (X11; U; Linux i686; en-US; rv:1.9.1.9) Gecko/20100401 Ubuntu/9.10 (karmic) Firefox/3.5.9"
83.160.75.118 - - [17/Jun/2010:01:26:37 -0700] "GET www.blackstardojo.org/templates/guildwars_tree/images/header_logo_04.gif HTTP/1.1" 200 1050 "http://www.blackstardojo.org/profile.php?mode=viewprofile&u=149" "Mozilla/5.0 (X11; U; Linux i686; en-US; rv:1.9.1.9) Gecko/20100401 Ubuntu/9.10 (karmic) Firefox/3.5.9"
83.160.75.118 - - [17/Jun/2010:01:26:37 -0700] "GET www.blackstardojo.org/templates/guildwars_tree/images/rank6.gif HTTP/1.1" 200 1086 "http://www.blackstardojo.org/profile.php?mode=viewprofile&u=149" "Mozilla/5.0 (X11; U; Linux i686; en-US; rv:1.9.1.9) Gecko/20100401 Ubuntu/9.10 (karmic) Firefox/3.5.9"
83.160.75.118 - - [17/Jun/2010:01:26:37 -0700] "GET www.blackstardojo.org/images/ranks/newbelts/Spider/GreenSpider.png HTTP/1.1" 404 1695 "http://www.blackstardojo.org/profile.php?mode=viewprofile&u=149" "Mozilla/5.0 (X11; U; Linux i686; en-US; rv:1.9.1.9) Gecko/20100401 Ubuntu/9.10 (karmic) Firefox/3.5.9"
83.160.75.118 - - [17/Jun/2010:01:26:37 -0700] "GET www.blackstardojo.org/medals/Guardian.gif HTTP/1.1" 200 2528 "http://www.blackstardojo.org/profile.php?mode=viewprofile&u=149" "Mozilla/5.0 (X11; U; Linux i686; en-US; rv:1.9.1.9) Gecko/20100401 Ubuntu/9.10 (karmic) Firefox/3.5.9"
83.160.75.118 - - [17/Jun/2010:01:26:37 -0700] "GET www.blackstardojo.org/images/ranks/ECRANK.PNG HTTP/1.1" 200 3312 "http://www.blackstardojo.org/profile.php?mode=viewprofile&u=149" "Mozilla/5.0 (X11; U; Linux i686; en-US; rv:1.9.1.9) Gecko/20100401 Ubuntu/9.10 (karmic) Firefox/3.5.9"
83.160.75.118 - - [17/Jun/2010:01:26:38 -0700] "GET www.blackstardojo.org/templates/guildwars_tree/images/header_logo_01.gif HTTP/1.1" 200 26822 "http://www.blackstardojo.org/profile.php?mode=viewprofile&u=149" "Mozilla/5.0 (X11; U; Linux i686; en-US; rv:1.9.1.9) Gecko/20100401 Ubuntu/9.10 (karmic) Firefox/3.5.9"
83.160.75.118 - - [17/Jun/2010:01:26:38 -0700] "GET www.blackstardojo.org/templates/guildwars_tree/images/header_logo_03.gif HTTP/1.1" 200 23856 "http://www.blackstardojo.org/profile.php?mode=viewprofile&u=149" "Mozilla/5.0 (X11; U; Linux i686; en-US; rv:1.9.1.9) Gecko/20100401 Ubuntu/9.10 (karmic) Firefox/3.5.9"
83.160.75.118 - - [17/Jun/2010:01:26:38 -0700] "GET www.blackstardojo.org/templates/guildwars_tree/images/header_logo_05.gif HTTP/1.1" 200 26586 "http://www.blackstardojo.org/profile.php?mode=viewprofile&u=149" "Mozilla/5.0 (X11; U; Linux i686; en-US; rv:1.9.1.9) Gecko/20100401 Ubuntu/9.10 (karmic) Firefox/3.5.9"
83.160.75.118 - - [17/Jun/2010:01:26:38 -0700] "GET www.blackstardojo.org/shop/images/Raw Crystal.gif HTTP/1.1" 200 1902 "http://www.blackstardojo.org/profile.php?mode=viewprofile&u=149" "Mozilla/5.0 (X11; U; Linux i686; en-US; rv:1.9.1.9) Gecko/20100401 Ubuntu/9.10 (karmic) Firefox/3.5.9"
83.160.75.118 - - [17/Jun/2010:01:26:38 -0700] "GET www.blackstardojo.org/shop/images/Black Walnut Bow.gif HTTP/1.1" 200 785 "http://www.blackstardojo.org/profile.php?mode=viewprofile&u=149" "Mozilla/5.0 (X11; U; Linux i686; en-US; rv:1.9.1.9) Gecko/20100401 Ubuntu/9.10 (karmic) Firefox/3.5.9"
83.160.75.118 - - [17/Jun/2010:01:26:38 -0700] "GET www.blackstardojo.org/shop/images/Bones.gif HTTP/1.1" 200 1415 "http://www.blackstardojo.org/profile.php?mode=viewprofile&u=149" "Mozilla/5.0 (X11; U; Linux i686; en-US; rv:1.9.1.9) Gecko/20100401 Ubuntu/9.10 (karmic) Firefox/3.5.9"
83.160.75.118 - - [17/Jun/2010:01:26:38 -0700] "GET www.blackstardojo.org/shop/images/Nuclear Waste.gif HTTP/1.1" 200 1905 "http://www.blackstardojo.org/profile.php?mode=viewprofile&u=149" "Mozilla/5.0 (X11; U; Linux i686; en-US; rv:1.9.1.9) Gecko/20100401 Ubuntu/9.10 (karmic) Firefox/3.5.9"
83.160.75.118 - - [17/Jun/2010:01:26:38 -0700] "GET www.blackstardojo.org/shop/images/Warpstone.gif HTTP/1.1" 200 6323 "http://www.blackstardojo.org/profile.php?mode=viewprofile&u=149" "Mozilla/5.0 (X11; U; Linux i686; en-US; rv:1.9.1.9) Gecko/20100401 Ubuntu/9.10 (karmic) Firefox/3.5.9"
83.160.75.118 - - [17/Jun/2010:01:26:38 -0700] "GET www.blackstardojo.org/shop/images/Azurite.gif HTTP/1.1" 200 1652 "http://www.blackstardojo.org/profile.php?mode=viewprofile&u=149" "Mozilla/5.0 (X11; U; Linux i686; en-US; rv:1.9.1.9) Gecko/20100401 Ubuntu/9.10 (karmic) Firefox/3.5.9"
83.160.75.118 - - [17/Jun/2010:01:26:38 -0700] "GET www.blackstardojo.org/shop/images/Cassiterite.gif HTTP/1.1" 200 1380 "http://www.blackstardojo.org/profile.php?mode=viewprofile&u=149" "Mozilla/5.0 (X11; U; Linux i686; en-US; rv:1.9.1.9) Gecko/20100401 Ubuntu/9.10 (karmic) Firefox/3.5.9"
83.160.75.118 - - [17/Jun/2010:01:26:38 -0700] "GET www.blackstardojo.org/shop/images/Ilmenite.gif HTTP/1.1" 200 1603 "http://www.blackstardojo.org/profile.php?mode=viewprofile&u=149" "Mozilla/5.0 (X11; U; Linux i686; en-US; rv:1.9.1.9) Gecko/20100401 Ubuntu/9.10 (karmic) Firefox/3.5.9"
83.160.75.118 - - [17/Jun/2010:01:26:38 -0700] "GET www.blackstardojo.org/shop/images/Platinum Ore.gif HTTP/1.1" 200 1729 "http://www.blackstardojo.org/profile.php?mode=viewprofile&u=149" "Mozilla/5.0 (X11; U; Linux i686; en-US; rv:1.9.1.9) Gecko/20100401 Ubuntu/9.10 (karmic) Firefox/3.5.9"
83.160.75.118 - - [17/Jun/2010:01:26:38 -0700] "GET www.blackstardojo.org/shop/images/Rutile.gif HTTP/1.1" 200 1776 "http://www.blackstardojo.org/profile.php?mode=viewprofile&u=149" "Mozilla/5.0 (X11; U; Linux i686; en-US; rv:1.9.1.9) Gecko/20100401 Ubuntu/9.10 (karmic) Firefox/3.5.9"
83.160.75.118 - - [17/Jun/2010:01:26:38 -0700] "GET www.blackstardojo.org/shop/images/Seashell.gif HTTP/1.1" 200 1528 "http://www.blackstardojo.org/profile.php?mode=viewprofile&u=149" "Mozilla/5.0 (X11; U; Linux i686; en-US; rv:1.9.1.9) Gecko/20100401 Ubuntu/9.10 (karmic) Firefox/3.5.9"
83.160.75.118 - - [17/Jun/2010:01:26:38 -0700] "GET www.blackstardojo.org/shop/images/Silk.gif HTTP/1.1" 200 1453 "http://www.blackstardojo.org/profile.php?mode=viewprofile&u=149" "Mozilla/5.0 (X11; U; Linux i686; en-US; rv:1.9.1.9) Gecko/20100401 Ubuntu/9.10 (karmic) Firefox/3.5.9"
83.160.75.118 - - [17/Jun/2010:01:26:38 -0700] "GET www.blackstardojo.org/shop/images/Poisoned Throwing Dagger.gif HTTP/1.1" 200 415 "http://www.blackstardojo.org/profile.php?mode=viewprofile&u=149" "Mozilla/5.0 (X11; U; Linux i686; en-US; rv:1.9.1.9) Gecko/20100401 Ubuntu/9.10 (karmic) Firefox/3.5.9"
83.160.75.118 - - [17/Jun/2010:01:26:38 -0700] "GET www.blackstardojo.org/shop/images/Mithril Arrows.gif HTTP/1.1" 200 425 "http://www.blackstardojo.org/profile.php?mode=viewprofile&u=149" "Mozilla/5.0 (X11; U; Linux i686; en-US; rv:1.9.1.9) Gecko/20100401 Ubuntu/9.10 (karmic) Firefox/3.5.9"
83.160.75.118 - - [17/Jun/2010:01:26:38 -0700] "GET www.blackstardojo.org/shop/images/Red Ice.gif HTTP/1.1" 200 1599 "http://www.blackstardojo.org/profile.php?mode=viewprofile&u=149" "Mozilla/5.0 (X11; U; Linux i686; en-US; rv:1.9.1.9) Gecko/20100401 Ubuntu/9.10 (karmic) Firefox/3.5.9"
83.160.75.118 - - [17/Jun/2010:01:26:38 -0700] "GET www.blackstardojo.org/shop/images/Wool.gif HTTP/1.1" 200 1561 "http://www.blackstardojo.org/profile.php?mode=viewprofile&u=149" "Mozilla/5.0 (X11; U; Linux i686; en-US; rv:1.9.1.9) Gecko/20100401 Ubuntu/9.10 (karmic) Firefox/3.5.9"
83.160.75.118 - - [17/Jun/2010:01:26:38 -0700] "GET www.blackstardojo.org/shop/images/Coral.gif HTTP/1.1" 200 1520 "http://www.blackstardojo.org/profile.php?mode=viewprofile&u=149" "Mozilla/5.0 (X11; U; Linux i686; en-US; rv:1.9.1.9) Gecko/20100401 Ubuntu/9.10 (karmic) Firefox/3.5.9"
83.160.75.118 - - [17/Jun/2010:01:26:38 -0700] "GET www.blackstardojo.org/shop/images/Lizard Skin.gif HTTP/1.1" 200 1777 "http://www.blackstardojo.org/profile.php?mode=viewprofile&u=149" "Mozilla/5.0 (X11; U; Linux i686; en-US; rv:1.9.1.9) Gecko/20100401 Ubuntu/9.10 (karmic) Firefox/3.5.9"
83.160.75.118 - - [17/Jun/2010:01:26:38 -0700] "GET www.blackstardojo.org/shop/images/Sunfish.gif HTTP/1.1" 200 1662 "http://www.blackstardojo.org/profile.php?mode=viewprofile&u=149" "Mozilla/5.0 (X11; U; Linux i686; en-US; rv:1.9.1.9) Gecko/20100401 Ubuntu/9.10 (karmic) Firefox/3.5.9"
83.160.75.118 - - [17/Jun/2010:01:26:38 -0700] "GET www.blackstardojo.org/shop/images/Mithril Ore.gif HTTP/1.1" 200 1727 "http://www.blackstardojo.org/profile.php?mode=viewprofile&u=149" "Mozilla/5.0 (X11; U; Linux i686; en-US; rv:1.9.1.9) Gecko/20100401 Ubuntu/9.10 (karmic) Firefox/3.5.9"
83.160.75.118 - - [17/Jun/2010:01:26:38 -0700] "GET www.blackstardojo.org/shop/images/Gold Ore.gif HTTP/1.1" 200 1642 "http://www.blackstardojo.org/profile.php?mode=viewprofile&u=149" "Mozilla/5.0 (X11; U; Linux i686; en-US; rv:1.9.1.9) Gecko/20100401 Ubuntu/9.10 (karmic) Firefox/3.5.9"
83.160.75.118 - - [17/Jun/2010:01:26:38 -0700] "GET www.blackstardojo.org/shop/images/Lime.gif HTTP/1.1" 200 1395 "http://www.blackstardojo.org/profile.php?mode=viewprofile&u=149" "Mozilla/5.0 (X11; U; Linux i686; en-US; rv:1.9.1.9) Gecko/20100401 Ubuntu/9.10 (karmic) Firefox/3.5.9"
83.160.75.118 - - [17/Jun/2010:01:26:38 -0700] "GET www.blackstardojo.org/shop/images/Vanilla Beans.gif HTTP/1.1" 200 1550 "http://www.blackstardojo.org/profile.php?mode=viewprofile&u=149" "Mozilla/5.0 (X11; U; Linux i686; en-US; rv:1.9.1.9) Gecko/20100401 Ubuntu/9.10 (karmic) Firefox/3.5.9"
83.160.75.118 - - [17/Jun/2010:01:26:38 -0700] "GET www.blackstardojo.org/shop/images/Toad.gif HTTP/1.1" 200 1722 "http://www.blackstardojo.org/profile.php?mode=viewprofile&u=149" "Mozilla/5.0 (X11; U; Linux i686; en-US; rv:1.9.1.9) Gecko/20100401 Ubuntu/9.10 (karmic) Firefox/3.5.9"
83.160.75.118 - - [17/Jun/2010:01:26:38 -0700] "GET www.blackstardojo.org/shop/images/Beam Sword Attachment.gif HTTP/1.1" 200 1672 "http://www.blackstardojo.org/profile.php?mode=viewprofile&u=149" "Mozilla/5.0 (X11; U; Linux i686; en-US; rv:1.9.1.9) Gecko/20100401 Ubuntu/9.10 (karmic) Firefox/3.5.9"
83.160.75.118 - - [17/Jun/2010:01:26:38 -0700] "GET www.blackstardojo.org/shop/images/GORON Wrist Console.gif HTTP/1.1" 200 1505 "http://www.blackstardojo.org/profile.php?mode=viewprofile&u=149" "Mozilla/5.0 (X11; U; Linux i686; en-US; rv:1.9.1.9) Gecko/20100401 Ubuntu/9.10 (karmic) Firefox/3.5.9"
