67.195.111.226 - - [05/Jul/2010:03:56:01 -0700] "GET www.blackstardojo.org/wiki/skins/common/commonPrint.css HTTP/1.0" 304 - "http://www.blackstardojo.org/wiki/index.php?title=Category:Psychotopia_City" "Mozilla/5.0 (compatible; Yahoo! Slurp/3.0; http://help.yahoo.com/help/us/ysearch/slurp)"
67.195.111.226 - - [05/Jul/2010:03:56:03 -0700] "GET www.blackstardojo.org/wiki/index.php?title=-&action=raw&gen=css&maxage=18000 HTTP/1.0" 200 98 "http://www.blackstardojo.org/wiki/index.php?title=Category:Psychotopia_City" "Mozilla/5.0 (compatible; Yahoo! Slurp/3.0; http://help.yahoo.com/help/us/ysearch/slurp)"
67.195.111.226 - - [05/Jul/2010:03:56:03 -0700] "GET www.blackstardojo.org/wiki/index.php?title=MediaWiki:Monobook.css&action=raw&ctype=text/css&smaxage=18000 HTTP/1.0" 200 86 "http://www.blackstardojo.org/wiki/index.php?title=Category:Psychotopia_City" "Mozilla/5.0 (compatible; Yahoo! Slurp/3.0; http://help.yahoo.com/help/us/ysearch/slurp)"
174.57.124.248 - - [05/Jul/2010:03:56:19 -0700] "GET www.blackstardojo.org/shop/images/Pokeball.gif HTTP/1.1" 304 - "http://fuckyeahpokememe.tumblr.com/page/141" "Mozilla/5.0 (Macintosh; U; Intel Mac OS X 10_5_8; en-us) AppleWebKit/530.19.2 (KHTML, like Gecko) Version/4.0.2 Safari/530.19"
67.195.111.226 - - [05/Jul/2010:03:57:25 -0700] "GET www.blackstardojo.org/viewtopic.php?t=2095 HTTP/1.0" 200 56788 "-" "Mozilla/5.0 (compatible; Yahoo! Slurp/3.0; http://help.yahoo.com/help/us/ysearch/slurp)"
67.195.111.226 - - [05/Jul/2010:03:58:06 -0700] "GET www.blackstardojo.org/profile.php?mode=miniprofile&u=120 HTTP/1.0" 200 12215 "-" "Mozilla/5.0 (compatible; Yahoo! Slurp/3.0; http://help.yahoo.com/help/us/ysearch/slurp)"
67.195.111.226 - - [05/Jul/2010:03:58:41 -0700] "GET www.blackstardojo.org/viewtopic.php?t=1746&view=next HTTP/1.0" 200 43035 "-" "Mozilla/5.0 (compatible; Yahoo! Slurp/3.0; http://help.yahoo.com/help/us/ysearch/slurp)"
67.195.111.226 - - [05/Jul/2010:03:58:51 -0700] "GET www.blackstardojo.org/viewtopic.php?p=49881 HTTP/1.0" 200 17928 "-" "Mozilla/5.0 (compatible; Yahoo! Slurp/3.0; http://help.yahoo.com/help/us/ysearch/slurp)"
67.195.115.240 - - [05/Jul/2010:04:01:09 -0700] "GET blackstardojo.org/wiki/index.php?title=Special:Recentchanges&hidebots=0&limit=250&feed=atom HTTP/1.0" 200 3488 "-" "Mozilla/5.0 (compatible; Yahoo! Slurp/3.0; http://help.yahoo.com/help/us/ysearch/slurp)"
67.195.115.240 - - [05/Jul/2010:04:01:09 -0700] "GET blackstardojo.org/wiki/skins/common/feed.css HTTP/1.0" 304 - "http://blackstardojo.org/wiki/index.php?title=Special:Recentchanges&hidebots=0&limit=250&feed=atom" "Mozilla/5.0 (compatible; Yahoo! Slurp/3.0; http://help.yahoo.com/help/us/ysearch/slurp)"
67.195.111.226 - - [05/Jul/2010:04:01:43 -0700] "GET www.blackstardojo.org/viewtopic.php?t=710&start=15 HTTP/1.0" 200 73810 "-" "Mozilla/5.0 (compatible; Yahoo! Slurp/3.0; http://help.yahoo.com/help/us/ysearch/slurp)"
67.195.111.226 - - [05/Jul/2010:04:02:21 -0700] "GET www.blackstardojo.org/viewtopic.php?t=636&start=0 HTTP/1.0" 200 127557 "-" "Mozilla/5.0 (compatible; Yahoo! Slurp/3.0; http://help.yahoo.com/help/us/ysearch/slurp)"
67.195.111.226 - - [05/Jul/2010:04:03:25 -0700] "GET www.blackstardojo.org/viewtopic.php?p=16520 HTTP/1.0" 200 32646 "-" "Mozilla/5.0 (compatible; Yahoo! Slurp/3.0; http://help.yahoo.com/help/us/ysearch/slurp)"
67.195.115.240 - - [05/Jul/2010:04:03:26 -0700] "GET blackstardojo.org/viewtopic.php?t=955&start=30 HTTP/1.0" 200 34709 "-" "Mozilla/5.0 (compatible; Yahoo! Slurp/3.0; http://help.yahoo.com/help/us/ysearch/slurp)"
88.230.192.48 - - [05/Jul/2010:04:03:36 -0700] "GET www.blackstardojo.org/medals/VilePlottingMedal.gif HTTP/1.1" 200 1706 "http://www.google.com.tr/imgres?imgurl=http://www.blackstardojo.org/medals/VilePlottingMedal.gif&imgrefurl=http://www.blackstardojo.org/profile.php%3Fmode%3Dviewprofile%26u%3D3&usg=__fvavUHdiP3ynRyth47X5pSRR77I=&h=43&w=27&sz=2&hl=tr&start=154&sig2=lKJdvDePWulgvpryiiR67w&um=1&itbs=1&tbnid=bR1JsnLmVc0ChM:&tbnh=43&tbnw=27&prev=/images%3Fq%3Dmadalya%26start%3D140%26um%3D1%26hl%3Dtr%26sa%3DN%26ndsp%3D20%26tbs%3Disch:1,isz:i&ei=_rsxTN3hGdm5jAe87MjDBQ" "Mozilla/5.0 (Windows; U; Windows NT 5.1; en-US) AppleWebKit/533.4 (KHTML, like Gecko) Chrome/5.0.375.99 Safari/533.4"
88.230.192.48 - - [05/Jul/2010:04:03:36 -0700] "GET www.blackstardojo.org/favicon.ico HTTP/1.1" 200 3638 "-" "Mozilla/5.0 (Windows; U; Windows NT 5.1; en-US) AppleWebKit/533.4 (KHTML, like Gecko) Chrome/5.0.375.99 Safari/533.4"
88.230.192.48 - - [05/Jul/2010:04:03:37 -0700] "GET www.blackstardojo.org/profile.php?mode=viewprofile&u=3 HTTP/1.1" 200 16560 "http://www.google.com.tr/imgres?imgurl=http://www.blackstardojo.org/medals/VilePlottingMedal.gif&imgrefurl=http://www.blackstardojo.org/profile.php%3Fmode%3Dviewprofile%26u%3D3&usg=__fvavUHdiP3ynRyth47X5pSRR77I=&h=43&w=27&sz=2&hl=tr&start=154&sig2=lKJdvDePWulgvpryiiR67w&um=1&itbs=1&tbnid=bR1JsnLmVc0ChM:&tbnh=43&tbnw=27&prev=/images%3Fq%3Dmadalya%26start%3D140%26um%3D1%26hl%3Dtr%26sa%3DN%26ndsp%3D20%26tbs%3Disch:1,isz:i&ei=_rsxTN3hGdm5jAe87MjDBQ" "Mozilla/5.0 (Windows; U; Windows NT 5.1; en-US) AppleWebKit/533.4 (KHTML, like Gecko) Chrome/5.0.375.99 Safari/533.4"
88.230.192.48 - - [05/Jul/2010:04:03:41 -0700] "GET www.blackstardojo.org/profile.php?mode=viewprofile&u=3 HTTP/1.1" 200 23189 "http://www.google.com.tr/imgres?imgurl=http://www.blackstardojo.org/medals/VilePlottingMedal.gif&imgrefurl=http://www.blackstardojo.org/profile.php%3Fmode%3Dviewprofile%26u%3D3&usg=__fvavUHdiP3ynRyth47X5pSRR77I=&h=43&w=27&sz=2&hl=tr&start=154&sig2=lKJdvDePWulgvpryiiR67w&um=1&itbs=1&tbnid=bR1JsnLmVc0ChM:&tbnh=43&tbnw=27&prev=/images%3Fq%3Dmadalya%26start%3D140%26um%3D1%26hl%3Dtr%26sa%3DN%26ndsp%3D20%26tbs%3Disch:1,isz:i&ei=_rsxTN3hGdm5jAe87MjDBQ" "Mozilla/5.0 (Windows; U; Windows NT 5.1; en-US) AppleWebKit/533.4 (KHTML, like Gecko) Chrome/5.0.375.99 Safari/533.4"
67.195.115.240 - - [05/Jul/2010:04:03:55 -0700] "GET blackstardojo.org/viewtopic.php?t=1767 HTTP/1.0" 200 77776 "-" "Mozilla/5.0 (compatible; Yahoo! Slurp/3.0; http://help.yahoo.com/help/us/ysearch/slurp)"
67.195.111.226 - - [05/Jul/2010:04:04:04 -0700] "GET www.blackstardojo.org/viewtopic.php?p=18507 HTTP/1.0" 200 68094 "-" "Mozilla/5.0 (compatible; Yahoo! Slurp/3.0; http://help.yahoo.com/help/us/ysearch/slurp)"
67.195.111.226 - - [05/Jul/2010:04:04:32 -0700] "GET www.blackstardojo.org/wiki/index.php?title=Angel&action=edit&section=4 HTTP/1.0" 200 2097 "-" "Mozilla/5.0 (compatible; Yahoo! Slurp/3.0; http://help.yahoo.com/help/us/ysearch/slurp)"
75.61.119.218 - - [05/Jul/2010:04:04:51 -0700] "GET www.blackstardojo.org/shop/images/Pokeball.gif HTTP/1.1" 200 314 "http://fuckyeahpokememe.tumblr.com/post/198674592" "Mozilla/5.0 (Windows; U; Windows NT 6.0; en-US; rv:1.9.2.6) Gecko/20100625 Firefox/3.6.6 (.NET CLR 3.5.30729)"
67.195.111.226 - - [05/Jul/2010:04:05:54 -0700] "GET www.blackstardojo.org/viewtopic.php?p=44641 HTTP/1.0" 200 33140 "-" "Mozilla/5.0 (compatible; Yahoo! Slurp/3.0; http://help.yahoo.com/help/us/ysearch/slurp)"
67.195.111.226 - - [05/Jul/2010:04:06:28 -0700] "GET www.blackstardojo.org/viewtopic.php?t=1663&start=45 HTTP/1.0" 200 47961 "-" "Mozilla/5.0 (compatible; Yahoo! Slurp/3.0; http://help.yahoo.com/help/us/ysearch/slurp)"
189.77.212.140 - - [05/Jul/2010:04:07:48 -0700] "GET www.blackstardojo.org/shop/images/Pokeball.gif HTTP/1.1" 200 314 "http://fuckyeahpokememe.tumblr.com/" "Mozilla/5.0 (Windows; U; Windows NT 5.1; pt-BR; rv:1.9.1.7) Gecko/20091221 Firefox/3.5.7 ( .NET CLR 3.5.30729)"
67.195.115.240 - - [05/Jul/2010:04:07:55 -0700] "GET blackstardojo.org/viewtopic.php?t=1928 HTTP/1.0" 200 146524 "-" "Mozilla/5.0 (compatible; Yahoo! Slurp/3.0; http://help.yahoo.com/help/us/ysearch/slurp)"
67.195.115.240 - - [05/Jul/2010:04:08:48 -0700] "GET blackstardojo.org/viewtopic.php?t=2038 HTTP/1.0" 200 126436 "-" "Mozilla/5.0 (compatible; Yahoo! Slurp/3.0; http://help.yahoo.com/help/us/ysearch/slurp)"
66.249.68.235 - - [05/Jul/2010:04:08:59 -0700] "GET www.blackstardojo.org/viewtopic.php?p=52869&sid=1421ccd89942acb9c321d6bcd9744b52 HTTP/1.1" 200 148585 "-" "Mozilla/5.0 (compatible; Googlebot/2.1; +http://www.google.com/bot.html)"
67.195.111.226 - - [05/Jul/2010:04:09:10 -0700] "GET www.blackstardojo.org/posting.php?mode=quote&p=36200 HTTP/1.0" 302 39 "-" "Mozilla/5.0 (compatible; Yahoo! Slurp/3.0; http://help.yahoo.com/help/us/ysearch/slurp)"
67.195.111.226 - - [05/Jul/2010:04:09:10 -0700] "GET www.blackstardojo.org/login.php?redirect=posting.php&mode=quote&p=36200&sid=71c3a9eb4d8d8a040cf32a2f55bd9c43 HTTP/1.0" 200 18916 "-" "Mozilla/5.0 (compatible; Yahoo! Slurp/3.0; http://help.yahoo.com/help/us/ysearch/slurp)"
67.195.115.240 - - [05/Jul/2010:04:10:28 -0700] "GET blackstardojo.org/wiki/index.php?title=Diamond_Heart_of_the_Dojo HTTP/1.0" 200 2822 "-" "Mozilla/5.0 (compatible; Yahoo! Slurp/3.0; http://help.yahoo.com/help/us/ysearch/slurp)"
67.195.115.240 - - [05/Jul/2010:04:10:38 -0700] "GET blackstardojo.org/wiki/index.php?title=Special:Userlogin&returnto=User:Rwyv_buy_hytrin_online_cheap HTTP/1.0" 200 2617 "-" "Mozilla/5.0 (compatible; Yahoo! Slurp/3.0; http://help.yahoo.com/help/us/ysearch/slurp)"
114.176.18.53 - - [05/Jul/2010:04:11:06 -0700] "GET www.blackstardojo.org/shop/images/Pokeball.gif HTTP/1.1" 304 - "http://fuckyeahpokememe.tumblr.com/page/1" "Mozilla/5.0 (Windows; U; Windows NT 6.1; en-US) AppleWebKit/533.4 (KHTML, like Gecko) Chrome/5.0.375.70 Safari/533.4"
67.195.115.240 - - [05/Jul/2010:04:11:25 -0700] "GET blackstardojo.org/viewtopic.php?p=34179 HTTP/1.0" 200 77510 "-" "Mozilla/5.0 (compatible; Yahoo! Slurp/3.0; http://help.yahoo.com/help/us/ysearch/slurp)"
216.129.119.45 - - [05/Jul/2010:04:11:26 -0700] "GET blackstardojo.org/viewtopic.php?t=1365&start=0 HTTP/1.1" 302 51 "-" "Mozilla/5.0 (Twiceler-0.9 http://www.cuil.com/twiceler/robot.html)"
67.195.115.240 - - [05/Jul/2010:04:11:28 -0700] "GET blackstardojo.org/viewtopic.php?t=1675&start=0 HTTP/1.0" 200 126660 "-" "Mozilla/5.0 (compatible; Yahoo! Slurp/3.0; http://help.yahoo.com/help/us/ysearch/slurp)"
67.195.111.226 - - [05/Jul/2010:04:12:40 -0700] "GET www.blackstardojo.org/privmsg.php?mode=post&u=40 HTTP/1.0" 302 39 "-" "Mozilla/5.0 (compatible; Yahoo! Slurp/3.0; http://help.yahoo.com/help/us/ysearch/slurp)"
67.195.111.226 - - [05/Jul/2010:04:12:42 -0700] "GET www.blackstardojo.org/login.php?redirect=privmsg.php&folder=inbox&mode=post&u=40&sid=2aed81fc456e4ada617349a246a41d29 HTTP/1.0" 200 18925 "-" "Mozilla/5.0 (compatible; Yahoo! Slurp/3.0; http://help.yahoo.com/help/us/ysearch/slurp)"
98.209.20.188 - - [05/Jul/2010:04:13:17 -0700] "GET www.blackstardojo.org/shop/images/Pokeball.gif HTTP/1.1" 200 314 "http://fuckyeahpokememe.tumblr.com/search/slowpoke/page/3" "Mozilla/5.0 (Macintosh; U; Intel Mac OS X 10_5_8; en-us) AppleWebKit/531.22.7 (KHTML, like Gecko) Version/4.0.5 Safari/531.22.7"
67.195.115.240 - - [05/Jul/2010:04:13:53 -0700] "GET blackstardojo.org/wiki/index.php?title=Special:Categories&article=Item HTTP/1.0" 200 3084 "-" "Mozilla/5.0 (compatible; Yahoo! Slurp/3.0; http://help.yahoo.com/help/us/ysearch/slurp)"
67.195.115.240 - - [05/Jul/2010:04:14:43 -0700] "GET blackstardojo.org/wiki/index.php?title=Category:Items&from=Jade+Mantis+Talisman HTTP/1.0" 200 5544 "-" "Mozilla/5.0 (compatible; Yahoo! Slurp/3.0; http://help.yahoo.com/help/us/ysearch/slurp)"
67.195.115.240 - - [05/Jul/2010:04:15:43 -0700] "GET blackstardojo.org/viewtopic.php?t=2384&start=0&postdays=0&postorder=asc&highlight= HTTP/1.0" 200 32641 "-" "Mozilla/5.0 (compatible; Yahoo! Slurp/3.0; http://help.yahoo.com/help/us/ysearch/slurp)"
67.195.111.226 - - [05/Jul/2010:04:15:57 -0700] "GET www.blackstardojo.org/shop.php?action=inventory&searchid=2 HTTP/1.0" 302 43712 "-" "Mozilla/5.0 (compatible; Yahoo! Slurp/3.0; http://help.yahoo.com/help/us/ysearch/slurp)"
67.195.111.226 - - [05/Jul/2010:04:15:58 -0700] "GET www.blackstardojo.org/login.php?redirect=shop.php&action=inventory&searchid=2&sid=f7ad46a7a536df6c9e62a59df8ef622d HTTP/1.0" 200 18922 "-" "Mozilla/5.0 (compatible; Yahoo! Slurp/3.0; http://help.yahoo.com/help/us/ysearch/slurp)"
67.195.115.240 - - [05/Jul/2010:04:16:42 -0700] "GET blackstardojo.org/viewtopic.php?t=1608&start=255 HTTP/1.0" 200 129987 "-" "Mozilla/5.0 (compatible; Yahoo! Slurp/3.0; http://help.yahoo.com/help/us/ysearch/slurp)"
67.195.115.240 - - [05/Jul/2010:04:18:19 -0700] "GET blackstardojo.org/wiki/index.php?title=Category:McBob%27s_Meat_Emporium&action=edit HTTP/1.0" 200 2106 "-" "Mozilla/5.0 (compatible; Yahoo! Slurp/3.0; http://help.yahoo.com/help/us/ysearch/slurp)"
67.195.115.240 - - [05/Jul/2010:04:19:18 -0700] "GET blackstardojo.org/viewtopic.php?t=2029&start=75 HTTP/1.0" 200 111403 "-" "Mozilla/5.0 (compatible; Yahoo! Slurp/3.0; http://help.yahoo.com/help/us/ysearch/slurp)"
67.195.111.226 - - [05/Jul/2010:04:19:39 -0700] "GET www.blackstardojo.org/viewtopic.php?t=2175&view=next HTTP/1.0" 200 32276 "-" "Mozilla/5.0 (compatible; Yahoo! Slurp/3.0; http://help.yahoo.com/help/us/ysearch/slurp)"
211.30.141.73 - - [05/Jul/2010:04:19:44 -0700] "GET www.blackstardojo.org/shop/images/Pokeball.gif HTTP/1.1" 200 314 "http://fuckyeahpokememe.tumblr.com/" "Mozilla/5.0 (Windows; U; Windows NT 6.0; en-US; rv:1.9.2.6) Gecko/20100625 Firefox/3.6.6 (.NET CLR 3.5.30729)"
67.195.111.226 - - [05/Jul/2010:04:20:31 -0700] "GET www.blackstardojo.org/viewtopic.php?t=2226 HTTP/1.0" 200 156235 "-" "Mozilla/5.0 (compatible; Yahoo! Slurp/3.0; http://help.yahoo.com/help/us/ysearch/slurp)"
66.249.68.235 - - [05/Jul/2010:04:21:52 -0700] "GET www.blackstardojo.org/store.php?mode=itemdescript&id=&amp;sid=116f002447edb359b35bdc59b6c8354a218 HTTP/1.1" 200 18302 "-" "Mozilla/5.0 (compatible; Googlebot/2.1; +http://www.google.com/bot.html)"
81.62.234.144 - - [05/Jul/2010:04:22:12 -0700] "GET www.blackstardojo.org/shop/images/Pokeball.gif HTTP/1.1" 200 314 "-" "Mozilla/4.0 (compatible; MSIE 7.0; Windows NT 6.0; SLCC1; .NET CLR 2.0.50727; .NET CLR 3.5.30729; .NET CLR 3.0.30729)"
67.195.111.226 - - [05/Jul/2010:04:23:33 -0700] "GET www.blackstardojo.org/profile.php?mode=viewprofile&u=235 HTTP/1.0" 200 32960 "-" "Mozilla/5.0 (compatible; Yahoo! Slurp/3.0; http://help.yahoo.com/help/us/ysearch/slurp)"
67.195.111.226 - - [05/Jul/2010:04:25:11 -0700] "GET www.blackstardojo.org/wiki/index.php?title=User:19gn_buy_breast_enhancement_online_cheap HTTP/1.0" 200 6409 "-" "Mozilla/5.0 (compatible; Yahoo! Slurp/3.0; http://help.yahoo.com/help/us/ysearch/slurp)"
216.129.119.45 - - [05/Jul/2010:04:25:18 -0700] "GET blackstardojo.org/viewtopic.php?t=417 HTTP/1.1" 302 51 "-" "Mozilla/5.0 (Twiceler-0.9 http://www.cuil.com/twiceler/robot.html)"
111.125.80.52 - - [05/Jul/2010:04:25:20 -0700] "GET www.blackstardojo.org/shop/images/Pokeball.gif HTTP/1.1" 200 314 "http://fuckyeahpokememe.tumblr.com/" "Mozilla/5.0 (Windows; U; Windows NT 5.1; en-US) AppleWebKit/533.4 (KHTML, like Gecko) Chrome/5.0.375.99 Safari/533.4"
67.195.115.240 - - [05/Jul/2010:04:26:20 -0700] "GET blackstardojo.org/search.php?search_author=MDude HTTP/1.0" 200 42692 "-" "Mozilla/5.0 (compatible; Yahoo! Slurp/3.0; http://help.yahoo.com/help/us/ysearch/slurp)"
67.195.115.240 - - [05/Jul/2010:04:27:23 -0700] "GET blackstardojo.org/wiki/index.php?title=Image:Wheat.gif HTTP/1.0" 200 2756 "-" "Mozilla/5.0 (compatible; Yahoo! Slurp/3.0; http://help.yahoo.com/help/us/ysearch/slurp)"
67.195.111.226 - - [05/Jul/2010:04:28:45 -0700] "GET www.blackstardojo.org/cash.php?sid=6c1b648e302b805df10dc72089250050 HTTP/1.0" 302 39 "-" "Mozilla/5.0 (compatible; Yahoo! Slurp/3.0; http://help.yahoo.com/help/us/ysearch/slurp)"
67.195.111.226 - - [05/Jul/2010:04:28:48 -0700] "GET www.blackstardojo.org/login.php?redirect=cash.php&sid=f84e1ebae07d0c18f0b7a84efa100375 HTTP/1.0" 200 18895 "-" "Mozilla/5.0 (compatible; Yahoo! Slurp/3.0; http://help.yahoo.com/help/us/ysearch/slurp)"
67.195.111.226 - - [05/Jul/2010:04:28:59 -0700] "GET www.blackstardojo.org/groupcp.php?sid=f6613ef82d80549b5df9ed9ba4486e8f HTTP/1.0" 200 21400 "-" "Mozilla/5.0 (compatible; Yahoo! Slurp/3.0; http://help.yahoo.com/help/us/ysearch/slurp)"
2.81.68.90 - - [05/Jul/2010:04:29:05 -0700] "GET www.blackstardojo.org/shop/images/Greatball.gif HTTP/1.1" 200 352 "http://pokemonbatlearena.forumeiros.com/" "Mozilla/5.0 (Windows; U; Windows NT 6.0; en-US) AppleWebKit/533.4 (KHTML, like Gecko) Chrome/5.0.375.99 Safari/533.4"
2.81.68.90 - - [05/Jul/2010:04:29:05 -0700] "GET www.blackstardojo.org/shop/images/Ultraball.gif HTTP/1.1" 200 353 "http://pokemonbatlearena.forumeiros.com/" "Mozilla/5.0 (Windows; U; Windows NT 6.0; en-US) AppleWebKit/533.4 (KHTML, like Gecko) Chrome/5.0.375.99 Safari/533.4"
24.102.161.29 - - [05/Jul/2010:04:29:13 -0700] "GET www.blackstardojo.org/shop/images/Pokeball.gif HTTP/1.1" 200 314 "http://fuckyeahpokememe.tumblr.com/" "Mozilla/5.0 (Windows; U; Windows NT 6.1; en-US; rv:1.9.2.6) Gecko/20100625 Firefox/3.6.6 GTB7.0"
119.63.198.54 - - [05/Jul/2010:04:29:32 -0700] "GET blackstardojo.org/robots.txt HTTP/1.1" 404 1695 "-" "Baiduspider+(+http://www.baidu.com/search/spider.htm)"
67.195.111.226 - - [05/Jul/2010:04:29:49 -0700] "GET www.blackstardojo.org/profile.php?mode=viewprofile&u=3 HTTP/1.0" 200 42192 "-" "Mozilla/5.0 (compatible; Yahoo! Slurp/3.0; http://help.yahoo.com/help/us/ysearch/slurp)"
86.4.196.135 - - [05/Jul/2010:04:30:39 -0700] "GET www.blackstardojo.org/shop/images/Pokeball.gif HTTP/1.1" 200 314 "http://fuckyeahpokememe.tumblr.com/" "Mozilla/5.0 (Windows; U; Windows NT 5.1; en-US; rv:1.9.2.7) Gecko/20100701 Firefox/3.6.7 ( .NET CLR 3.5.30729)"
67.195.115.240 - - [05/Jul/2010:04:31:05 -0700] "GET blackstardojo.org/viewtopic.php?t=1914&start=0 HTTP/1.0" 200 114222 "-" "Mozilla/5.0 (compatible; Yahoo! Slurp/3.0; http://help.yahoo.com/help/us/ysearch/slurp)"
99.241.202.253 - - [05/Jul/2010:04:32:03 -0700] "GET www.blackstardojo.org/shop/images/Pokeball.gif HTTP/1.1" 200 314 "http://fuckyeahpokememe.tumblr.com/" "Mozilla/5.0 (Windows; U; Windows NT 5.1; en-US; rv:1.9.1.10) Gecko/20100504 Firefox/3.5.10"
66.249.68.235 - - [05/Jul/2010:04:32:06 -0700] "GET www.blackstardojo.org/viewtopic.php?p=6911&sid=84fb9633d4918c41d1e87f4633f96994 HTTP/1.1" 200 108200 "-" "Mozilla/5.0 (compatible; Googlebot/2.1; +http://www.google.com/bot.html)"
67.195.115.240 - - [05/Jul/2010:04:32:24 -0700] "GET blackstardojo.org/wiki/index.php?title=User:1qp0_buy_l_tryptophan_online_cheap&printable=yes HTTP/1.0" 200 5801 "-" "Mozilla/5.0 (compatible; Yahoo! Slurp/3.0; http://help.yahoo.com/help/us/ysearch/slurp)"
67.195.111.226 - - [05/Jul/2010:04:33:02 -0700] "GET www.blackstardojo.org/viewtopic.php?p=26299 HTTP/1.0" 200 56395 "-" "Mozilla/5.0 (compatible; Yahoo! Slurp/3.0; http://help.yahoo.com/help/us/ysearch/slurp)"
67.195.111.226 - - [05/Jul/2010:04:34:11 -0700] "GET www.blackstardojo.org/wiki/index.php?title=Special:Recentchangeslinked&target=Category:Notable_Threads&hideminor=0&days=14&limit=50 HTTP/1.0" 200 2222 "-" "Mozilla/5.0 (compatible; Yahoo! Slurp/3.0; http://help.yahoo.com/help/us/ysearch/slurp)"
67.195.115.240 - - [05/Jul/2010:04:34:28 -0700] "GET blackstardojo.org/viewtopic.php?p=45713 HTTP/1.0" 200 34483 "-" "Mozilla/5.0 (compatible; Yahoo! Slurp/3.0; http://help.yahoo.com/help/us/ysearch/slurp)"
90.47.161.185 - - [05/Jul/2010:04:35:05 -0700] "GET www.blackstardojo.org/shop/images/Pokeball.gif HTTP/1.1" 200 314 "http://poke-star.e-monsite.com/" "Mozilla/4.0 (compatible; MSIE 8.0; Windows NT 6.0; Trident/4.0; GTB6; SLCC1; .NET CLR 2.0.50727; .NET CLR 3.5.30729; .NET CLR 3.0.30729; OfficeLiveConnector.1.5; OfficeLivePatch.1.3; .NET4.0C; Orange 8.0)"
67.195.111.226 - - [05/Jul/2010:04:35:05 -0700] "GET www.blackstardojo.org/search.php?search_author=Laura HTTP/1.0" 200 35436 "-" "Mozilla/5.0 (compatible; Yahoo! Slurp/3.0; http://help.yahoo.com/help/us/ysearch/slurp)"
76.95.156.206 - - [05/Jul/2010:04:36:16 -0700] "GET www.blackstardojo.org/shop/images/Pokeball.gif HTTP/1.1" 200 314 "http://fuckyeahpokememe.tumblr.com/" "Mozilla/5.0 (Windows; U; Windows NT 6.0; en-US; rv:1.9.2.6) Gecko/20100625 Firefox/3.6.6"
67.195.111.226 - - [05/Jul/2010:04:37:04 -0700] "GET www.blackstardojo.org/shop.php?sid=0bf6c6df8627da5b6e057525b42b6cef HTTP/1.0" 200 21163 "-" "Mozilla/5.0 (compatible; Yahoo! Slurp/3.0; http://help.yahoo.com/help/us/ysearch/slurp)"
79.77.14.205 - - [05/Jul/2010:04:37:20 -0700] "GET www.blackstardojo.org/profile.php?mode=viewprofile&u=10 HTTP/1.1" 200 66638 "http://www.google.co.uk/imgres?imgurl=http://www.blackstardojo.org/shop/images/Uncut%2520Emerald.gif&imgrefurl=http://www.blackstardojo.org/profile.php%3Fmode%3Dviewprofile%26u%3D10&usg=__cZg_ESJUwXndsJ6BHwykSyEvlSU=&h=40&w=40&sz=2&hl=en&start=2&itbs=1&tbnid=2NIqSP9RHWcRrM:&tbnh=40&tbnw=40&prev=/images%3Fq%3Duncut%2Bemerald%26hl%3Den%26sa%3DG%26gbv%3D2%26tbs%3Disch:1,itp:clipart" "Mozilla/5.0 (Windows; U; Windows NT 5.1; en-GB; rv:1.9.2.6) Gecko/20100625 Firefox/3.6.6"
79.77.14.205 - - [05/Jul/2010:04:37:21 -0700] "GET www.blackstardojo.org/templates/guildwars_tree/images/header_logo_02.gif HTTP/1.1" 200 1050 "http://www.blackstardojo.org/profile.php?mode=viewprofile&u=10" "Mozilla/5.0 (Windows; U; Windows NT 5.1; en-GB; rv:1.9.2.6) Gecko/20100625 Firefox/3.6.6"
79.77.14.205 - - [05/Jul/2010:04:37:21 -0700] "GET www.blackstardojo.org/templates/guildwars_tree/images/header_logo_04.gif HTTP/1.1" 200 1050 "http://www.blackstardojo.org/profile.php?mode=viewprofile&u=10" "Mozilla/5.0 (Windows; U; Windows NT 5.1; en-GB; rv:1.9.2.6) Gecko/20100625 Firefox/3.6.6"
79.77.14.205 - - [05/Jul/2010:04:37:21 -0700] "GET www.blackstardojo.org/images/avatars/11181213684a2b62bfb42f2.png HTTP/1.1" 200 7220 "http://www.blackstardojo.org/profile.php?mode=viewprofile&u=10" "Mozilla/5.0 (Windows; U; Windows NT 5.1; en-GB; rv:1.9.2.6) Gecko/20100625 Firefox/3.6.6"
79.77.14.205 - - [05/Jul/2010:04:37:21 -0700] "GET www.blackstardojo.org/images/ranks/newbelts/Mantis/BlackMantisMod.png HTTP/1.1" 200 5202 "http://www.blackstardojo.org/profile.php?mode=viewprofile&u=10" "Mozilla/5.0 (Windows; U; Windows NT 5.1; en-GB; rv:1.9.2.6) Gecko/20100625 Firefox/3.6.6"
82.193.101.5 - - [05/Jul/2010:04:37:22 -0700] "GET www.blackstardojo.org/index.php HTTP/1.0" 200 49296 "http://www.blackstardojo.org/index.php" "Mozilla/5.0 (Windows NT 5.1; U; en) Opera 8.01"
79.77.14.205 - - [05/Jul/2010:04:37:22 -0700] "GET www.blackstardojo.org/templates/guildwars_tree/images/cellpic3.gif HTTP/1.1" 200 256 "http://www.blackstardojo.org/profile.php?mode=viewprofile&u=10" "Mozilla/5.0 (Windows; U; Windows NT 5.1; en-GB; rv:1.9.2.6) Gecko/20100625 Firefox/3.6.6"
79.77.14.205 - - [05/Jul/2010:04:37:22 -0700] "GET www.blackstardojo.org/templates/guildwars_tree/images/cellpic1.gif HTTP/1.1" 200 281 "http://www.blackstardojo.org/profile.php?mode=viewprofile&u=10" "Mozilla/5.0 (Windows; U; Windows NT 5.1; en-GB; rv:1.9.2.6) Gecko/20100625 Firefox/3.6.6"
79.77.14.205 - - [05/Jul/2010:04:37:22 -0700] "GET www.blackstardojo.org/templates/guildwars_tree/images/header_logo_01.gif HTTP/1.1" 200 26822 "http://www.blackstardojo.org/profile.php?mode=viewprofile&u=10" "Mozilla/5.0 (Windows; U; Windows NT 5.1; en-GB; rv:1.9.2.6) Gecko/20100625 Firefox/3.6.6"
79.77.14.205 - - [05/Jul/2010:04:37:22 -0700] "GET www.blackstardojo.org/templates/guildwars_tree/images/header_logo_03.gif HTTP/1.1" 200 23856 "http://www.blackstardojo.org/profile.php?mode=viewprofile&u=10" "Mozilla/5.0 (Windows; U; Windows NT 5.1; en-GB; rv:1.9.2.6) Gecko/20100625 Firefox/3.6.6"
79.77.14.205 - - [05/Jul/2010:04:37:23 -0700] "GET www.blackstardojo.org/images/ranks/newbelts/Spider/GreenSpiderMod.png HTTP/1.1" 200 5837 "http://www.blackstardojo.org/profile.php?mode=viewprofile&u=10" "Mozilla/5.0 (Windows; U; Windows NT 5.1; en-GB; rv:1.9.2.6) Gecko/20100625 Firefox/3.6.6"
79.77.14.205 - - [05/Jul/2010:04:37:23 -0700] "GET www.blackstardojo.org/images/ranks/ECRANK.PNG HTTP/1.1" 200 3312 "http://www.blackstardojo.org/profile.php?mode=viewprofile&u=10" "Mozilla/5.0 (Windows; U; Windows NT 5.1; en-GB; rv:1.9.2.6) Gecko/20100625 Firefox/3.6.6"
79.77.14.205 - - [05/Jul/2010:04:37:23 -0700] "GET www.blackstardojo.org/templates/guildwars_tree/images/header_logo_05.gif HTTP/1.1" 200 26586 "http://www.blackstardojo.org/profile.php?mode=viewprofile&u=10" "Mozilla/5.0 (Windows; U; Windows NT 5.1; en-GB; rv:1.9.2.6) Gecko/20100625 Firefox/3.6.6"
79.77.14.205 - - [05/Jul/2010:04:37:23 -0700] "GET www.blackstardojo.org/images/ranks/blackstar.png HTTP/1.1" 200 1845 "http://www.blackstardojo.org/profile.php?mode=viewprofile&u=10" "Mozilla/5.0 (Windows; U; Windows NT 5.1; en-GB; rv:1.9.2.6) Gecko/20100625 Firefox/3.6.6"
82.193.101.5 - - [05/Jul/2010:04:37:23 -0700] "GET www.blackstardojo.org/index.php HTTP/1.0" 200 44464 "http://www.blackstardojo.org/index.php" "Mozilla/5.0 (Windows NT 5.1; U; en) Opera 8.01"
79.77.14.205 - - [05/Jul/2010:04:37:23 -0700] "GET www.blackstardojo.org/templates/guildwars_tree/images/rank6.gif HTTP/1.1" 200 1086 "http://www.blackstardojo.org/profile.php?mode=viewprofile&u=10" "Mozilla/5.0 (Windows; U; Windows NT 5.1; en-GB; rv:1.9.2.6) Gecko/20100625 Firefox/3.6.6"
79.77.14.205 - - [05/Jul/2010:04:37:24 -0700] "GET www.blackstardojo.org/shop/images/Ruby Dagger.png HTTP/1.1" 200 6987 "http://www.blackstardojo.org/profile.php?mode=viewprofile&u=10" "Mozilla/5.0 (Windows; U; Windows NT 5.1; en-GB; rv:1.9.2.6) Gecko/20100625 Firefox/3.6.6"
79.77.14.205 - - [05/Jul/2010:04:37:24 -0700] "GET www.blackstardojo.org/shop/images/Turquoise.gif HTTP/1.1" 200 1412 "http://www.blackstardojo.org/profile.php?mode=viewprofile&u=10" "Mozilla/5.0 (Windows; U; Windows NT 5.1; en-GB; rv:1.9.2.6) Gecko/20100625 Firefox/3.6.6"
79.77.14.205 - - [05/Jul/2010:04:37:24 -0700] "GET www.blackstardojo.org/shop/images/Black Walnut Plank.gif HTTP/1.1" 200 1466 "http://www.blackstardojo.org/profile.php?mode=viewprofile&u=10" "Mozilla/5.0 (Windows; U; Windows NT 5.1; en-GB; rv:1.9.2.6) Gecko/20100625 Firefox/3.6.6"
79.77.14.205 - - [05/Jul/2010:04:37:24 -0700] "GET www.blackstardojo.org/shop/images/Oak Plank.gif HTTP/1.1" 200 1573 "http://www.blackstardojo.org/profile.php?mode=viewprofile&u=10" "Mozilla/5.0 (Windows; U; Windows NT 5.1; en-GB; rv:1.9.2.6) Gecko/20100625 Firefox/3.6.6"
79.77.14.205 - - [05/Jul/2010:04:37:24 -0700] "GET www.blackstardojo.org/shop/images/Sandalpine Plank.gif HTTP/1.1" 200 1584 "http://www.blackstardojo.org/profile.php?mode=viewprofile&u=10" "Mozilla/5.0 (Windows; U; Windows NT 5.1; en-GB; rv:1.9.2.6) Gecko/20100625 Firefox/3.6.6"
79.77.14.205 - - [05/Jul/2010:04:37:24 -0700] "GET www.blackstardojo.org/shop/images/Fire Opal.gif HTTP/1.1" 200 1869 "http://www.blackstardojo.org/profile.php?mode=viewprofile&u=10" "Mozilla/5.0 (Windows; U; Windows NT 5.1; en-GB; rv:1.9.2.6) Gecko/20100625 Firefox/3.6.6"
79.77.14.205 - - [05/Jul/2010:04:37:24 -0700] "GET www.blackstardojo.org/shop/images/Opal.gif HTTP/1.1" 200 1403 "http://www.blackstardojo.org/profile.php?mode=viewprofile&u=10" "Mozilla/5.0 (Windows; U; Windows NT 5.1; en-GB; rv:1.9.2.6) Gecko/20100625 Firefox/3.6.6"
79.77.14.205 - - [05/Jul/2010:04:37:24 -0700] "GET www.blackstardojo.org/shop/images/Animal Horn.gif HTTP/1.1" 200 1416 "http://www.blackstardojo.org/profile.php?mode=viewprofile&u=10" "Mozilla/5.0 (Windows; U; Windows NT 5.1; en-GB; rv:1.9.2.6) Gecko/20100625 Firefox/3.6.6"
79.77.14.205 - - [05/Jul/2010:04:37:24 -0700] "GET www.blackstardojo.org/shop/images/Black Walnut Bow.gif HTTP/1.1" 200 785 "http://www.blackstardojo.org/profile.php?mode=viewprofile&u=10" "Mozilla/5.0 (Windows; U; Windows NT 5.1; en-GB; rv:1.9.2.6) Gecko/20100625 Firefox/3.6.6"
82.193.101.5 - - [05/Jul/2010:04:37:24 -0700] "GET www.blackstardojo.org/profile.php?mode=register HTTP/1.0" 200 19068 "http://www.blackstardojo.org/profile.php?mode=register" "Mozilla/5.0 (Windows NT 5.1; U; en) Opera 8.01"
79.77.14.205 - - [05/Jul/2010:04:37:24 -0700] "GET www.blackstardojo.org/shop/images/Kalamari.gif HTTP/1.1" 200 1557 "http://www.blackstardojo.org/profile.php?mode=viewprofile&u=10" "Mozilla/5.0 (Windows; U; Windows NT 5.1; en-GB; rv:1.9.2.6) Gecko/20100625 Firefox/3.6.6"
79.77.14.205 - - [05/Jul/2010:04:37:24 -0700] "GET www.blackstardojo.org/shop/images/Copper Sheet.gif HTTP/1.1" 200 1833 "http://www.blackstardojo.org/profile.php?mode=viewprofile&u=10" "Mozilla/5.0 (Windows; U; Windows NT 5.1; en-GB; rv:1.9.2.6) Gecko/20100625 Firefox/3.6.6"
79.77.14.205 - - [05/Jul/2010:04:37:24 -0700] "GET www.blackstardojo.org/shop/images/Bronze Shortblade.gif HTTP/1.1" 200 644 "http://www.blackstardojo.org/profile.php?mode=viewprofile&u=10" "Mozilla/5.0 (Windows; U; Windows NT 5.1; en-GB; rv:1.9.2.6) Gecko/20100625 Firefox/3.6.6"
79.77.14.205 - - [05/Jul/2010:04:37:24 -0700] "GET www.blackstardojo.org/shop/images/Demonic Bow.gif HTTP/1.1" 200 1206 "http://www.blackstardojo.org/profile.php?mode=viewprofile&u=10" "Mozilla/5.0 (Windows; U; Windows NT 5.1; en-GB; rv:1.9.2.6) Gecko/20100625 Firefox/3.6.6"
79.77.14.205 - - [05/Jul/2010:04:37:25 -0700] "GET www.blackstardojo.org/shop/images/Beech Bow.gif HTTP/1.1" 200 1206 "http://www.blackstardojo.org/profile.php?mode=viewprofile&u=10" "Mozilla/5.0 (Windows; U; Windows NT 5.1; en-GB; rv:1.9.2.6) Gecko/20100625 Firefox/3.6.6"
79.77.14.205 - - [05/Jul/2010:04:37:25 -0700] "GET www.blackstardojo.org/shop/images/Coffee.gif HTTP/1.1" 200 1596 "http://www.blackstardojo.org/profile.php?mode=viewprofile&u=10" "Mozilla/5.0 (Windows; U; Windows NT 5.1; en-GB; rv:1.9.2.6) Gecko/20100625 Firefox/3.6.6"
79.77.14.205 - - [05/Jul/2010:04:37:25 -0700] "GET www.blackstardojo.org/shop/images/Silver Shortblade.gif HTTP/1.1" 200 645 "http://www.blackstardojo.org/profile.php?mode=viewprofile&u=10" "Mozilla/5.0 (Windows; U; Windows NT 5.1; en-GB; rv:1.9.2.6) Gecko/20100625 Firefox/3.6.6"
79.77.14.205 - - [05/Jul/2010:04:37:25 -0700] "GET www.blackstardojo.org/shop/images/Lizard Skin.gif HTTP/1.1" 200 1777 "http://www.blackstardojo.org/profile.php?mode=viewprofile&u=10" "Mozilla/5.0 (Windows; U; Windows NT 5.1; en-GB; rv:1.9.2.6) Gecko/20100625 Firefox/3.6.6"
79.77.14.205 - - [05/Jul/2010:04:37:25 -0700] "GET www.blackstardojo.org/shop/images/Glue.gif HTTP/1.1" 200 1430 "http://www.blackstardojo.org/profile.php?mode=viewprofile&u=10" "Mozilla/5.0 (Windows; U; Windows NT 5.1; en-GB; rv:1.9.2.6) Gecko/20100625 Firefox/3.6.6"
79.77.14.205 - - [05/Jul/2010:04:37:25 -0700] "GET www.blackstardojo.org/shop/images/Paper.gif HTTP/1.1" 200 1781 "http://www.blackstardojo.org/profile.php?mode=viewprofile&u=10" "Mozilla/5.0 (Windows; U; Windows NT 5.1; en-GB; rv:1.9.2.6) Gecko/20100625 Firefox/3.6.6"
79.77.14.205 - - [05/Jul/2010:04:37:25 -0700] "GET www.blackstardojo.org/shop/images/Tubafur.gif HTTP/1.1" 200 1481 "http://www.blackstardojo.org/profile.php?mode=viewprofile&u=10" "Mozilla/5.0 (Windows; U; Windows NT 5.1; en-GB; rv:1.9.2.6) Gecko/20100625 Firefox/3.6.6"
79.77.14.205 - - [05/Jul/2010:04:37:25 -0700] "GET www.blackstardojo.org/shop/images/Adamantium Arrows.gif HTTP/1.1" 200 425 "http://www.blackstardojo.org/profile.php?mode=viewprofile&u=10" "Mozilla/5.0 (Windows; U; Windows NT 5.1; en-GB; rv:1.9.2.6) Gecko/20100625 Firefox/3.6.6"
79.77.14.205 - - [05/Jul/2010:04:37:25 -0700] "GET www.blackstardojo.org/shop/images/Crystal Orb.gif HTTP/1.1" 200 1607 "http://www.blackstardojo.org/profile.php?mode=viewprofile&u=10" "Mozilla/5.0 (Windows; U; Windows NT 5.1; en-GB; rv:1.9.2.6) Gecko/20100625 Firefox/3.6.6"
79.77.14.205 - - [05/Jul/2010:04:37:25 -0700] "GET www.blackstardojo.org/shop/images/Plains Warp Portal.gif HTTP/1.1" 200 1954 "http://www.blackstardojo.org/profile.php?mode=viewprofile&u=10" "Mozilla/5.0 (Windows; U; Windows NT 5.1; en-GB; rv:1.9.2.6) Gecko/20100625 Firefox/3.6.6"
79.77.14.205 - - [05/Jul/2010:04:37:25 -0700] "GET www.blackstardojo.org/shop/images/Napalm Grenade.gif HTTP/1.1" 200 1545 "http://www.blackstardojo.org/profile.php?mode=viewprofile&u=10" "Mozilla/5.0 (Windows; U; Windows NT 5.1; en-GB; rv:1.9.2.6) Gecko/20100625 Firefox/3.6.6"
79.77.14.205 - - [05/Jul/2010:04:37:25 -0700] "GET www.blackstardojo.org/shop/images/Fades Poison Jar.gif HTTP/1.1" 200 1727 "http://www.blackstardojo.org/profile.php?mode=viewprofile&u=10" "Mozilla/5.0 (Windows; U; Windows NT 5.1; en-GB; rv:1.9.2.6) Gecko/20100625 Firefox/3.6.6"
79.77.14.205 - - [05/Jul/2010:04:37:25 -0700] "GET www.blackstardojo.org/shop/images/Silver Shrapnel Grenade.gif HTTP/1.1" 200 1538 "http://www.blackstardojo.org/profile.php?mode=viewprofile&u=10" "Mozilla/5.0 (Windows; U; Windows NT 5.1; en-GB; rv:1.9.2.6) Gecko/20100625 Firefox/3.6.6"
79.77.14.205 - - [05/Jul/2010:04:37:25 -0700] "GET www.blackstardojo.org/shop/images/Importation License.gif HTTP/1.1" 200 1511 "http://www.blackstardojo.org/profile.php?mode=viewprofile&u=10" "Mozilla/5.0 (Windows; U; Windows NT 5.1; en-GB; rv:1.9.2.6) Gecko/20100625 Firefox/3.6.6"
79.77.14.205 - - [05/Jul/2010:04:37:25 -0700] "GET www.blackstardojo.org/shop/images/GORON Wrist Console.gif HTTP/1.1" 200 1505 "http://www.blackstardojo.org/profile.php?mode=viewprofile&u=10" "Mozilla/5.0 (Windows; U; Windows NT 5.1; en-GB; rv:1.9.2.6) Gecko/20100625 Firefox/3.6.6"
79.77.14.205 - - [05/Jul/2010:04:37:25 -0700] "GET www.blackstardojo.org/shop/images/Shield Generator Attachment.gif HTTP/1.1" 200 1672 "http://www.blackstardojo.org/profile.php?mode=viewprofile&u=10" "Mozilla/5.0 (Windows; U; Windows NT 5.1; en-GB; rv:1.9.2.6) Gecko/20100625 Firefox/3.6.6"
79.77.14.205 - - [05/Jul/2010:04:37:25 -0700] "GET www.blackstardojo.org/shop/images/Satellite Mapper Attachment.gif HTTP/1.1" 200 1671 "http://www.blackstardojo.org/profile.php?mode=viewprofile&u=10" "Mozilla/5.0 (Windows; U; Windows NT 5.1; en-GB; rv:1.9.2.6) Gecko/20100625 Firefox/3.6.6"
79.77.14.205 - - [05/Jul/2010:04:37:25 -0700] "GET www.blackstardojo.org/shop/images/EMP Cannon.gif HTTP/1.1" 200 1661 "http://www.blackstardojo.org/profile.php?mode=viewprofile&u=10" "Mozilla/5.0 (Windows; U; Windows NT 5.1; en-GB; rv:1.9.2.6) Gecko/20100625 Firefox/3.6.6"
79.77.14.205 - - [05/Jul/2010:04:37:25 -0700] "GET www.blackstardojo.org/shop/images/Beam Sword Attachment.gif HTTP/1.1" 200 1672 "http://www.blackstardojo.org/profile.php?mode=viewprofile&u=10" "Mozilla/5.0 (Windows; U; Windows NT 5.1; en-GB; rv:1.9.2.6) Gecko/20100625 Firefox/3.6.6"
79.77.14.205 - - [05/Jul/2010:04:37:25 -0700] "GET www.blackstardojo.org/shop/images/AI Construct.gif HTTP/1.1" 200 1673 "http://www.blackstardojo.org/profile.php?mode=viewprofile&u=10" "Mozilla/5.0 (Windows; U; Windows NT 5.1; en-GB; rv:1.9.2.6) Gecko/20100625 Firefox/3.6.6"
79.77.14.205 - - [05/Jul/2010:04:37:25 -0700] "GET www.blackstardojo.org/shop/images/Vial of Rage.gif HTTP/1.1" 200 1207 "http://www.blackstardojo.org/profile.php?mode=viewprofile&u=10" "Mozilla/5.0 (Windows; U; Windows NT 5.1; en-GB; rv:1.9.2.6) Gecko/20100625 Firefox/3.6.6"
79.77.14.205 - - [05/Jul/2010:04:37:25 -0700] "GET www.blackstardojo.org/shop/images/Petition to Organize.png HTTP/1.1" 200 2131 "http://www.blackstardojo.org/profile.php?mode=viewprofile&u=10" "Mozilla/5.0 (Windows; U; Windows NT 5.1; en-GB; rv:1.9.2.6) Gecko/20100625 Firefox/3.6.6"
79.77.14.205 - - [05/Jul/2010:04:37:25 -0700] "GET www.blackstardojo.org/shop/images/Property Deed.png HTTP/1.1" 200 2131 "http://www.blackstardojo.org/profile.php?mode=viewprofile&u=10" "Mozilla/5.0 (Windows; U; Windows NT 5.1; en-GB; rv:1.9.2.6) Gecko/20100625 Firefox/3.6.6"
79.77.14.205 - - [05/Jul/2010:04:37:25 -0700] "GET www.blackstardojo.org/shop/images/Importation License Gold.gif HTTP/1.1" 200 1506 "http://www.blackstardojo.org/profile.php?mode=viewprofile&u=10" "Mozilla/5.0 (Windows; U; Windows NT 5.1; en-GB; rv:1.9.2.6) Gecko/20100625 Firefox/3.6.6"
79.77.14.205 - - [05/Jul/2010:04:37:25 -0700] "GET www.blackstardojo.org/shop/images/Elixir of Healing.png HTTP/1.1" 200 3580 "http://www.blackstardojo.org/profile.php?mode=viewprofile&u=10" "Mozilla/5.0 (Windows; U; Windows NT 5.1; en-GB; rv:1.9.2.6) Gecko/20100625 Firefox/3.6.6"
79.77.14.205 - - [05/Jul/2010:04:37:26 -0700] "GET www.blackstardojo.org/shop/images/Greatball.gif HTTP/1.1" 200 352 "http://www.blackstardojo.org/profile.php?mode=viewprofile&u=10" "Mozilla/5.0 (Windows; U; Windows NT 5.1; en-GB; rv:1.9.2.6) Gecko/20100625 Firefox/3.6.6"
82.193.101.5 - - [05/Jul/2010:04:37:26 -0700] "GET www.blackstardojo.org/profile.php?mode=register&agreed=true HTTP/1.0" 200 29204 "http://www.blackstardojo.org/profile.php?mode=register&agreed=true" "Mozilla/5.0 (Windows NT 5.1; U; en) Opera 8.01"
82.193.101.5 - - [05/Jul/2010:04:37:26 -0700] "GET www.blackstardojo.org/profile.php?mode=confirm&id=57fa6078335d4fe470df4405a65c79db HTTP/1.0" 200 7813 "http://www.blackstardojo.org/profile.php?mode=register&agreed=true" "Mozilla/5.0 (Windows NT 5.1; U; en) Opera 8.01"
82.193.101.5 - - [05/Jul/2010:04:37:28 -0700] "POST www.blackstardojo.org/profile.php HTTP/1.0" 200 29753 "http://www.blackstardojo.org/profile.php?mode=register&agreed=true" "Mozilla/5.0 (Windows NT 5.1; U; en) Opera 8.01"
82.193.101.5 - - [05/Jul/2010:04:37:29 -0700] "GET www.blackstardojo.org/profile.php?mode=confirm&id=0b26b7b79fffb6c73ca63621a2e788cc HTTP/1.0" 200 6952 "http://www.blackstardojo.org/profile.php?mode=register&agreed=true" "Mozilla/5.0 (Windows NT 5.1; U; en) Opera 8.01"
82.193.101.5 - - [05/Jul/2010:04:37:31 -0700] "POST www.blackstardojo.org/profile.php HTTP/1.0" 200 29753 "http://www.blackstardojo.org/profile.php?mode=register&agreed=true" "Mozilla/5.0 (Windows NT 5.1; U; en) Opera 8.01"
82.193.101.5 - - [05/Jul/2010:04:37:31 -0700] "GET www.blackstardojo.org/profile.php?mode=confirm&id=5685dc661fcc4d306928a045fb1325fc HTTP/1.0" 200 7548 "http://www.blackstardojo.org/profile.php?mode=register&agreed=true" "Mozilla/5.0 (Windows NT 5.1; U; en) Opera 8.01"
82.193.101.5 - - [05/Jul/2010:04:37:33 -0700] "POST www.blackstardojo.org/profile.php HTTP/1.0" 200 29753 "http://www.blackstardojo.org/profile.php?mode=register&agreed=true" "Mozilla/5.0 (Windows NT 5.1; U; en) Opera 8.01"
82.193.101.5 - - [05/Jul/2010:04:37:34 -0700] "GET www.blackstardojo.org/profile.php?mode=confirm&id=6ee1a23ac4ffb62b306bd8b225891ecd HTTP/1.0" 200 7156 "http://www.blackstardojo.org/profile.php?mode=register&agreed=true" "Mozilla/5.0 (Windows NT 5.1; U; en) Opera 8.01"
82.193.101.5 - - [05/Jul/2010:04:37:36 -0700] "POST www.blackstardojo.org/profile.php HTTP/1.0" 200 17040 "http://www.blackstardojo.org/profile.php?mode=register&agreed=true" "Mozilla/5.0 (Windows NT 5.1; U; en) Opera 8.01"
82.193.101.5 - - [05/Jul/2010:04:37:37 -0700] "GET www.blackstardojo.org/login.php HTTP/1.0" 200 17863 "http://www.blackstardojo.org/login.php" "Mozilla/5.0 (Windows NT 5.1; U; en) Opera 8.01"
82.193.101.5 - - [05/Jul/2010:04:37:38 -0700] "POST www.blackstardojo.org/login.php HTTP/1.0" 200 17215 "http://www.blackstardojo.org/login.php" "Mozilla/5.0 (Windows NT 5.1; U; en) Opera 8.01"
82.193.101.5 - - [05/Jul/2010:04:37:39 -0700] "GET www.blackstardojo.org/login.php?redirect= HTTP/1.0" 200 17863 "http://www.blackstardojo.org/login.php?redirect=" "Mozilla/5.0 (Windows NT 5.1; U; en) Opera 8.01"
82.193.101.5 - - [05/Jul/2010:04:37:40 -0700] "GET www.blackstardojo.org/profile.php?mode=editprofile HTTP/1.0" 302 39 "http://www.blackstardojo.org/profile.php?mode=editprofile" "Mozilla/5.0 (Windows NT 5.1; U; en) Opera 8.01"
82.193.101.5 - - [05/Jul/2010:04:37:41 -0700] "GET www.blackstardojo.org/index.php HTTP/1.0" 200 44464 "http://www.blackstardojo.org/index.php" "Mozilla/5.0 (Windows NT 5.1; U; en) Opera 8.01"
82.193.101.5 - - [05/Jul/2010:04:37:44 -0700] "GET www.blackstardojo.org/viewforum.php?f=5 HTTP/1.0" 200 83774 "http://www.blackstardojo.org/viewforum.php?f=5" "Mozilla/5.0 (Windows NT 5.1; U; en) Opera 8.01"
82.193.101.5 - - [05/Jul/2010:04:37:45 -0700] "GET www.blackstardojo.org/posting.php?mode=newtopic&f=5 HTTP/1.0" 302 39 "http://www.blackstardojo.org/posting.php?mode=newtopic&f=5" "Mozilla/5.0 (Windows NT 5.1; U; en) Opera 8.01"
82.193.101.5 - - [05/Jul/2010:04:37:46 -0700] "GET www.blackstardojo.org/login.php?redirect=posting.php&mode=newtopic&f=5 HTTP/1.0" 200 17892 "http://www.blackstardojo.org/login.php?redirect=posting.php&mode=newtopic&f=5" "Mozilla/5.0 (Windows NT 5.1; U; en) Opera 8.01"
82.193.101.5 - - [05/Jul/2010:04:37:47 -0700] "GET www.blackstardojo.org/posting.php?mode=newtopic&f=5 HTTP/1.0" 302 39 "http://www.blackstardojo.org/posting.php?mode=newtopic&f=5" "Mozilla/5.0 (Windows NT 5.1; U; en) Opera 8.01"
82.193.101.5 - - [05/Jul/2010:04:37:48 -0700] "GET www.blackstardojo.org/login.php?redirect=posting.php&mode=newtopic&f=5 HTTP/1.0" 200 17892 "http://www.blackstardojo.org/login.php?redirect=posting.php&mode=newtopic&f=5" "Mozilla/5.0 (Windows NT 5.1; U; en) Opera 8.01"
67.195.111.226 - - [05/Jul/2010:04:38:16 -0700] "GET www.blackstardojo.org/groupcp.php?sid=80006e957aef8273cc3ba531048926d6 HTTP/1.0" 200 21400 "-" "Mozilla/5.0 (compatible; Yahoo! Slurp/3.0; http://help.yahoo.com/help/us/ysearch/slurp)"
67.195.111.226 - - [05/Jul/2010:04:38:19 -0700] "GET www.blackstardojo.org/viewtopic.php?p=53050 HTTP/1.0" 200 69715 "-" "Mozilla/5.0 (compatible; Yahoo! Slurp/3.0; http://help.yahoo.com/help/us/ysearch/slurp)"
67.195.111.226 - - [05/Jul/2010:04:38:23 -0700] "GET www.blackstardojo.org/viewtopic.php?t=954 HTTP/1.0" 200 69497 "-" "Mozilla/5.0 (compatible; Yahoo! Slurp/3.0; http://help.yahoo.com/help/us/ysearch/slurp)"
94.159.185.71 - - [05/Jul/2010:04:39:17 -0700] "GET www.blackstardojo.org/shop/images/Pokeball.gif HTTP/1.1" 200 314 "http://fuckyeahpokememe.tumblr.com/" "Mozilla/5.0 (Windows; U; Windows NT 6.1; en-US; rv:1.9.2.6) Gecko/20100625 Firefox/3.6.6 ( .NET CLR 3.5.30729; .NET4.0C)"
67.195.111.226 - - [05/Jul/2010:04:41:46 -0700] "GET www.blackstardojo.org/posting.php?mode=quote&p=53099 HTTP/1.0" 302 39 "-" "Mozilla/5.0 (compatible; Yahoo! Slurp/3.0; http://help.yahoo.com/help/us/ysearch/slurp)"
67.195.111.226 - - [05/Jul/2010:04:41:48 -0700] "GET www.blackstardojo.org/login.php?redirect=posting.php&mode=quote&p=53099&sid=767b2dee99dde0598c8bf5e44c5058f6 HTTP/1.0" 200 18916 "-" "Mozilla/5.0 (compatible; Yahoo! Slurp/3.0; http://help.yahoo.com/help/us/ysearch/slurp)"
67.195.111.226 - - [05/Jul/2010:04:43:36 -0700] "GET www.blackstardojo.org/viewtopic.php?t=1072&postdays=0&postorder=asc&start=30 HTTP/1.0" 200 119404 "-" "Mozilla/5.0 (compatible; Yahoo! Slurp/3.0; http://help.yahoo.com/help/us/ysearch/slurp)"
67.195.115.240 - - [05/Jul/2010:04:44:09 -0700] "GET blackstardojo.org/shop.php?action=inventory&searchid=167 HTTP/1.0" 302 21667 "-" "Mozilla/5.0 (compatible; Yahoo! Slurp/3.0; http://help.yahoo.com/help/us/ysearch/slurp)"
67.195.115.240 - - [05/Jul/2010:04:44:10 -0700] "GET blackstardojo.org/login.php?redirect=shop.php&action=inventory&searchid=167&sid=6838f57c5be6a0a41a4fe4cb35ed3338 HTTP/1.0" 200 18924 "-" "Mozilla/5.0 (compatible; Yahoo! Slurp/3.0; http://help.yahoo.com/help/us/ysearch/slurp)"
67.195.111.226 - - [05/Jul/2010:04:44:18 -0700] "GET www.blackstardojo.org/viewtopic.php?t=2029&start=105 HTTP/1.0" 200 51184 "-" "Mozilla/5.0 (compatible; Yahoo! Slurp/3.0; http://help.yahoo.com/help/us/ysearch/slurp)"
67.195.111.226 - - [05/Jul/2010:04:45:04 -0700] "GET www.blackstardojo.org/viewtopic.php?p=52982 HTTP/1.0" 200 69715 "-" "Mozilla/5.0 (compatible; Yahoo! Slurp/3.0; http://help.yahoo.com/help/us/ysearch/slurp)"
67.195.111.226 - - [05/Jul/2010:04:45:16 -0700] "GET www.blackstardojo.org/profile.php?mode=viewprofile&u=228 HTTP/1.0" 200 34975 "-" "Mozilla/5.0 (compatible; Yahoo! Slurp/3.0; http://help.yahoo.com/help/us/ysearch/slurp)"
203.166.84.253 - - [05/Jul/2010:04:46:09 -0700] "GET www.blackstardojo.org/index.php HTTP/1.1" 200 60981 "-" "Mozilla/5.0 (Windows; U; Windows NT 6.1; en-GB; rv:1.9.2.6) Gecko/20100625 Firefox/3.6.6"
203.166.84.253 - - [05/Jul/2010:04:46:09 -0700] "GET www.blackstardojo.org/forum_images/scroll_new.png HTTP/1.1" 200 4198 "http://www.blackstardojo.org/index.php" "Mozilla/5.0 (Windows; U; Windows NT 6.1; en-GB; rv:1.9.2.6) Gecko/20100625 Firefox/3.6.6"
203.166.84.253 - - [05/Jul/2010:04:46:09 -0700] "GET www.blackstardojo.org/forum_images/chat_new.png HTTP/1.1" 200 4047 "http://www.blackstardojo.org/index.php" "Mozilla/5.0 (Windows; U; Windows NT 6.1; en-GB; rv:1.9.2.6) Gecko/20100625 Firefox/3.6.6"
203.166.84.253 - - [05/Jul/2010:04:46:10 -0700] "GET www.blackstardojo.org/forum_images/wolf_new.png HTTP/1.1" 200 3304 "http://www.blackstardojo.org/index.php" "Mozilla/5.0 (Windows; U; Windows NT 6.1; en-GB; rv:1.9.2.6) Gecko/20100625 Firefox/3.6.6"
203.166.84.253 - - [05/Jul/2010:04:46:10 -0700] "GET www.blackstardojo.org/forum_images/arena_new.png HTTP/1.1" 200 4386 "http://www.blackstardojo.org/index.php" "Mozilla/5.0 (Windows; U; Windows NT 6.1; en-GB; rv:1.9.2.6) Gecko/20100625 Firefox/3.6.6"
203.166.84.253 - - [05/Jul/2010:04:46:10 -0700] "GET www.blackstardojo.org/forum_images/ampitheater_new.png HTTP/1.1" 200 4175 "http://www.blackstardojo.org/index.php" "Mozilla/5.0 (Windows; U; Windows NT 6.1; en-GB; rv:1.9.2.6) Gecko/20100625 Firefox/3.6.6"
99.164.38.210 - - [05/Jul/2010:04:46:16 -0700] "GET www.blackstardojo.org/shop/images/Pokeball.gif HTTP/1.1" 200 314 "http://fuckyeahpokememe.tumblr.com/" "Mozilla/5.0 (Windows; U; Windows NT 6.0; en-US) AppleWebKit/533.4 (KHTML, like Gecko) Chrome/5.0.375.99 Safari/533.4"
67.195.115.240 - - [05/Jul/2010:04:46:34 -0700] "GET blackstardojo.org/viewtopic.php?p=49906 HTTP/1.0" 200 37223 "-" "Mozilla/5.0 (compatible; Yahoo! Slurp/3.0; http://help.yahoo.com/help/us/ysearch/slurp)"
67.195.111.226 - - [05/Jul/2010:04:47:21 -0700] "GET www.blackstardojo.org/viewtopic.php?t=566&start=15 HTTP/1.0" 200 98434 "-" "Mozilla/5.0 (compatible; Yahoo! Slurp/3.0; http://help.yahoo.com/help/us/ysearch/slurp)"
67.218.116.167 - - [05/Jul/2010:04:47:21 -0700] "GET blackstardojo.org/viewtopic.php?t=2274 HTTP/1.1" 200 38226 "-" "Mozilla/5.0 (Twiceler-0.9 http://www.cuil.com/twiceler/robot.html)"
119.63.193.215 - - [05/Jul/2010:04:47:38 -0700] "GET www.blackstardojo.org/ HTTP/1.1" 200 49524 "-" "Mozilla/4.0 (compatible; MSIE 6.0; Windows NT 5.1)"
121.91.96.71 - - [05/Jul/2010:04:48:06 -0700] "GET www.blackstardojo.org/shop/images/Pokeball.gif HTTP/1.1" 200 314 "http://fuckyeahpokememe.tumblr.com/" "Mozilla/5.0 (Windows; U; Windows NT 6.0; en-US; rv:1.9.2.3) Gecko/20100401 Firefox/3.6.3 (.NET CLR 3.5.30729)"
193.47.80.40 - - [05/Jul/2010:04:50:15 -0700] "GET blackstardojo.org/wiki/index.php?title=Talk:Wild_Honeycomb&action=edit HTTP/1.1" 200 2130 "-" "Mozilla/5.0 (compatible; Exabot/3.0; +http://www.exabot.com/go/robot)"
193.47.80.40 - - [05/Jul/2010:04:50:31 -0700] "GET blackstardojo.org/wiki/index.php?title=Whispering_Woods&redirect=no HTTP/1.1" 200 2297 "-" "Mozilla/5.0 (compatible; Exabot/3.0; +http://www.exabot.com/go/robot)"
96.228.167.240 - - [05/Jul/2010:04:51:16 -0700] "GET www.blackstardojo.org/wiki/index.php?title=Category:Items&from=Jade+Spider+Talisman HTTP/1.1" 200 5563 "-" "Mozilla/5.0 (Macintosh; U; Intel Mac OS X 10_6; en-us) AppleWebKit/531.9 (KHTML, like Gecko) Version/4.0.3 Safari/531.9"
96.228.167.240 - - [05/Jul/2010:04:51:16 -0700] "GET www.blackstardojo.org/wiki/skins/common/commonPrint.css HTTP/1.1" 200 5095 "http://www.blackstardojo.org/wiki/index.php?title=Category:Items&from=Jade+Spider+Talisman" "Mozilla/5.0 (Macintosh; U; Intel Mac OS X 10_6; en-us) AppleWebKit/531.9 (KHTML, like Gecko) Version/4.0.3 Safari/531.9"
96.228.167.240 - - [05/Jul/2010:04:51:17 -0700] "GET www.blackstardojo.org/wiki/index.php?title=-&action=raw&gen=js HTTP/1.1" 200 1112 "http://www.blackstardojo.org/wiki/index.php?title=Category:Items&from=Jade+Spider+Talisman" "Mozilla/5.0 (Macintosh; U; Intel Mac OS X 10_6; en-us) AppleWebKit/531.9 (KHTML, like Gecko) Version/4.0.3 Safari/531.9"
96.228.167.240 - - [05/Jul/2010:04:51:17 -0700] "GET www.blackstardojo.org/wiki/index.php?title=-&action=raw&gen=css&maxage=18000 HTTP/1.1" 200 110 "http://www.blackstardojo.org/wiki/index.php?title=Category:Items&from=Jade+Spider+Talisman" "Mozilla/5.0 (Macintosh; U; Intel Mac OS X 10_6; en-us) AppleWebKit/531.9 (KHTML, like Gecko) Version/4.0.3 Safari/531.9"
96.228.167.240 - - [05/Jul/2010:04:51:17 -0700] "GET www.blackstardojo.org/wiki/index.php?title=MediaWiki:Monobook.css&action=raw&ctype=text/css&smaxage=18000 HTTP/1.1" 200 98 "http://www.blackstardojo.org/wiki/index.php?title=Category:Items&from=Jade+Spider+Talisman" "Mozilla/5.0 (Macintosh; U; Intel Mac OS X 10_6; en-us) AppleWebKit/531.9 (KHTML, like Gecko) Version/4.0.3 Safari/531.9"
96.228.167.240 - - [05/Jul/2010:04:51:17 -0700] "GET www.blackstardojo.org/wiki/skins/common/wikibits.js HTTP/1.1" 200 17349 "http://www.blackstardojo.org/wiki/index.php?title=Category:Items&from=Jade+Spider+Talisman" "Mozilla/5.0 (Macintosh; U; Intel Mac OS X 10_6; en-us) AppleWebKit/531.9 (KHTML, like Gecko) Version/4.0.3 Safari/531.9"
96.228.167.240 - - [05/Jul/2010:04:51:17 -0700] "GET www.blackstardojo.org/wiki/skins/monobook/main.css HTTP/1.1" 200 21092 "http://www.blackstardojo.org/wiki/index.php?title=Category:Items&from=Jade+Spider+Talisman" "Mozilla/5.0 (Macintosh; U; Intel Mac OS X 10_6; en-us) AppleWebKit/531.9 (KHTML, like Gecko) Version/4.0.3 Safari/531.9"
96.228.167.240 - - [05/Jul/2010:04:51:17 -0700] "GET www.blackstardojo.org/wiki/skins/monobook/KHTMLFixes.css HTTP/1.1" 200 107 "http://www.blackstardojo.org/wiki/index.php?title=Category:Items&from=Jade+Spider+Talisman" "Mozilla/5.0 (Macintosh; U; Intel Mac OS X 10_6; en-us) AppleWebKit/531.9 (KHTML, like Gecko) Version/4.0.3 Safari/531.9"
96.228.167.240 - - [05/Jul/2010:04:51:17 -0700] "GET www.blackstardojo.org/wiki/skins/common/images/poweredby_mediawiki_88x31.png HTTP/1.1" 200 1933 "http://www.blackstardojo.org/wiki/index.php?title=Category:Items&from=Jade+Spider+Talisman" "Mozilla/5.0 (Macintosh; U; Intel Mac OS X 10_6; en-us) AppleWebKit/531.9 (KHTML, like Gecko) Version/4.0.3 Safari/531.9"
